DKMS make.log for amdgpu-5.6.5.24-1109583 for kernel 5.11.0-27-generic (x86_64)
Ne 29. srpna 2021, 18:39:59 CEST
make: Entering directory '/usr/src/linux-headers-5.11.0-27-generic'
  CC [M]  /var/lib/dkms/amdgpu/5.6.5.24-1109583/build/scheduler/sched_main.o
  CC [M]  /var/lib/dkms/amdgpu/5.6.5.24-1109583/build/scheduler/sched_fence.o
  CC [M]  /var/lib/dkms/amdgpu/5.6.5.24-1109583/build/scheduler/sched_entity.o
  CC [M]  /var/lib/dkms/amdgpu/5.6.5.24-1109583/build/ttm/ttm_memory.o
  CC [M]  /var/lib/dkms/amdgpu/5.6.5.24-1109583/build/ttm/ttm_bo.o
  CC [M]  /var/lib/dkms/amdgpu/5.6.5.24-1109583/build/amd/amdkcl/main.o
  CC [M]  /var/lib/dkms/amdgpu/5.6.5.24-1109583/build/ttm/ttm_tt.o
  CC [M]  /var/lib/dkms/amdgpu/5.6.5.24-1109583/build/amd/amdgpu/amdgpu_drv.o
In file included from /var/lib/dkms/amdgpu/5.6.5.24-1109583/build/include/kcl/backport/kcl_fence_backport.h:4,
                 from /var/lib/dkms/amdgpu/5.6.5.24-1109583/build/amd/backport/backport.h:11,
                 from <command-line>:
/var/lib/dkms/amdgpu/5.6.5.24-1109583/build/include/kcl/kcl_fence.h:138:20: error: redefinition of ‘dma_fence_set_error’
  138 | static inline void dma_fence_set_error(struct dma_fence *fence,
      |                    ^~~~~~~~~~~~~~~~~~~
In file included from /var/lib/dkms/amdgpu/5.6.5.24-1109583/build/include/kcl/kcl_fence.h:11,
                 from /var/lib/dkms/amdgpu/5.6.5.24-1109583/build/include/kcl/backport/kcl_fence_backport.h:4,
                 from /var/lib/dkms/amdgpu/5.6.5.24-1109583/build/amd/backport/backport.h:11,
                 from <command-line>:
./include/linux/dma-fence.h:542:20: note: previous definition of ‘dma_fence_set_error’ was here
  542 | static inline void dma_fence_set_error(struct dma_fence *fence,
      |                    ^~~~~~~~~~~~~~~~~~~
In file included from /var/lib/dkms/amdgpu/5.6.5.24-1109583/build/include/kcl/backport/kcl_fence_backport.h:4,
                 from /var/lib/dkms/amdgpu/5.6.5.24-1109583/build/amd/backport/backport.h:11,
                 from <command-line>:
/var/lib/dkms/amdgpu/5.6.5.24-1109583/build/include/kcl/kcl_fence.h: In function ‘dma_fence_set_error’:
/var/lib/dkms/amdgpu/5.6.5.24-1109583/build/include/kcl/kcl_fence.h:144:7: error: ‘struct dma_fence’ has no member named ‘status’
  144 |  fence->status = error;
      |       ^~
/var/lib/dkms/amdgpu/5.6.5.24-1109583/build/include/kcl/kcl_fence.h: At top level:
/var/lib/dkms/amdgpu/5.6.5.24-1109583/build/include/kcl/kcl_fence.h:161:33: error: static declaration of ‘dma_fence_get_stub’ follows non-static declaration
  161 | static inline struct dma_fence *dma_fence_get_stub(void)
      |                                 ^~~~~~~~~~~~~~~~~~
In file included from /var/lib/dkms/amdgpu/5.6.5.24-1109583/build/include/kcl/kcl_fence.h:11,
                 from /var/lib/dkms/amdgpu/5.6.5.24-1109583/build/include/kcl/backport/kcl_fence_backport.h:4,
                 from /var/lib/dkms/amdgpu/5.6.5.24-1109583/build/amd/backport/backport.h:11,
                 from <command-line>:
./include/linux/dma-fence.h:586:19: note: previous declaration of ‘dma_fence_get_stub’ was here
  586 | struct dma_fence *dma_fence_get_stub(void);
      |                   ^~~~~~~~~~~~~~~~~~
  CC [M]  /var/lib/dkms/amdgpu/5.6.5.24-1109583/build/amd/amdkcl/symbols.o
  CC [M]  /var/lib/dkms/amdgpu/5.6.5.24-1109583/build/amd/amdkcl/kcl_mn.o
In file included from /var/lib/dkms/amdgpu/5.6.5.24-1109583/build/ttm/backport/backport.h:7,
                 from <command-line>:
/var/lib/dkms/amdgpu/5.6.5.24-1109583/build/include/kcl/backport/kcl_drm_vma_manager_backport.h: In function ‘_kcl_drm_vma_node_verify_access’:
/var/lib/dkms/amdgpu/5.6.5.24-1109583/build/include/kcl/backport/kcl_drm_vma_manager_backport.h:44:45: error: dereferencing pointer to incomplete type ‘struct drm_file’
   44 |  return drm_vma_node_verify_access(node, tag->filp);
      |                                             ^~
In file included from /var/lib/dkms/amdgpu/5.6.5.24-1109583/build/ttm/backport/backport.h:7,
                 from <command-line>:
/var/lib/dkms/amdgpu/5.6.5.24-1109583/build/include/kcl/backport/kcl_drm_vma_manager_backport.h: In function ‘_kcl_drm_vma_node_verify_access’:
/var/lib/dkms/amdgpu/5.6.5.24-1109583/build/include/kcl/backport/kcl_drm_vma_manager_backport.h:44:45: error: dereferencing pointer to incomplete type ‘struct drm_file’
   44 |  return drm_vma_node_verify_access(node, tag->filp);
      |                                             ^~
In file included from /var/lib/dkms/amdgpu/5.6.5.24-1109583/build/ttm/backport/backport.h:7,
                 from <command-line>:
/var/lib/dkms/amdgpu/5.6.5.24-1109583/build/include/kcl/backport/kcl_drm_vma_manager_backport.h: In function ‘_kcl_drm_vma_node_verify_access’:
/var/lib/dkms/amdgpu/5.6.5.24-1109583/build/include/kcl/backport/kcl_drm_vma_manager_backport.h:44:45: error: dereferencing pointer to incomplete type ‘struct drm_file’
   44 |  return drm_vma_node_verify_access(node, tag->filp);
      |                                             ^~
In file included from /var/lib/dkms/amdgpu/5.6.5.24-1109583/build/include/kcl/backport/kcl_fence_backport.h:4,
                 from /var/lib/dkms/amdgpu/5.6.5.24-1109583/build/include/kcl/backport/kcl_reservation_backport.h:8,
                 from /var/lib/dkms/amdgpu/5.6.5.24-1109583/build/include/linux/dma-resv.h:40,
                 from ./include/drm/drm_gem.h:38,
                 from /var/lib/dkms/amdgpu/5.6.5.24-1109583/build/include/kcl/backport/kcl_drm_backport.h:11,
                 from /var/lib/dkms/amdgpu/5.6.5.24-1109583/build/scheduler/backport/backport.h:6,
                 from <command-line>:
/var/lib/dkms/amdgpu/5.6.5.24-1109583/build/include/kcl/kcl_fence.h:138:20: error: redefinition of ‘dma_fence_set_error’
  138 | static inline void dma_fence_set_error(struct dma_fence *fence,
      |                    ^~~~~~~~~~~~~~~~~~~
In file included from /var/lib/dkms/amdgpu/5.6.5.24-1109583/build/include/kcl/kcl_fence.h:11,
                 from /var/lib/dkms/amdgpu/5.6.5.24-1109583/build/include/kcl/backport/kcl_fence_backport.h:4,
                 from /var/lib/dkms/amdgpu/5.6.5.24-1109583/build/include/kcl/backport/kcl_reservation_backport.h:8,
                 from /var/lib/dkms/amdgpu/5.6.5.24-1109583/build/include/linux/dma-resv.h:40,
                 from ./include/drm/drm_gem.h:38,
                 from /var/lib/dkms/amdgpu/5.6.5.24-1109583/build/include/kcl/backport/kcl_drm_backport.h:11,
                 from /var/lib/dkms/amdgpu/5.6.5.24-1109583/build/scheduler/backport/backport.h:6,
                 from <command-line>:
./include/linux/dma-fence.h:542:20: note: previous definition of ‘dma_fence_set_error’ was here
  542 | static inline void dma_fence_set_error(struct dma_fence *fence,
      |                    ^~~~~~~~~~~~~~~~~~~
In file included from /var/lib/dkms/amdgpu/5.6.5.24-1109583/build/include/kcl/backport/kcl_fence_backport.h:4,
                 from /var/lib/dkms/amdgpu/5.6.5.24-1109583/build/include/kcl/backport/kcl_reservation_backport.h:8,
                 from /var/lib/dkms/amdgpu/5.6.5.24-1109583/build/include/linux/dma-resv.h:40,
                 from ./include/drm/drm_gem.h:38,
                 from /var/lib/dkms/amdgpu/5.6.5.24-1109583/build/include/kcl/backport/kcl_drm_backport.h:11,
                 from /var/lib/dkms/amdgpu/5.6.5.24-1109583/build/scheduler/backport/backport.h:6,
                 from <command-line>:
/var/lib/dkms/amdgpu/5.6.5.24-1109583/build/include/kcl/kcl_fence.h: In function ‘dma_fence_set_error’:
/var/lib/dkms/amdgpu/5.6.5.24-1109583/build/include/kcl/kcl_fence.h:144:7: error: ‘struct dma_fence’ has no member named ‘status’
  144 |  fence->status = error;
      |       ^~
/var/lib/dkms/amdgpu/5.6.5.24-1109583/build/include/kcl/kcl_fence.h: At top level:
/var/lib/dkms/amdgpu/5.6.5.24-1109583/build/include/kcl/kcl_fence.h:161:33: error: static declaration of ‘dma_fence_get_stub’ follows non-static declaration
  161 | static inline struct dma_fence *dma_fence_get_stub(void)
      |                                 ^~~~~~~~~~~~~~~~~~
In file included from /var/lib/dkms/amdgpu/5.6.5.24-1109583/build/include/kcl/kcl_fence.h:11,
                 from /var/lib/dkms/amdgpu/5.6.5.24-1109583/build/include/kcl/backport/kcl_fence_backport.h:4,
                 from /var/lib/dkms/amdgpu/5.6.5.24-1109583/build/include/kcl/backport/kcl_reservation_backport.h:8,
                 from /var/lib/dkms/amdgpu/5.6.5.24-1109583/build/include/linux/dma-resv.h:40,
                 from ./include/drm/drm_gem.h:38,
                 from /var/lib/dkms/amdgpu/5.6.5.24-1109583/build/include/kcl/backport/kcl_drm_backport.h:11,
                 from /var/lib/dkms/amdgpu/5.6.5.24-1109583/build/scheduler/backport/backport.h:6,
                 from <command-line>:
./include/linux/dma-fence.h:586:19: note: previous declaration of ‘dma_fence_get_stub’ was here
  586 | struct dma_fence *dma_fence_get_stub(void);
      |                   ^~~~~~~~~~~~~~~~~~
In file included from /var/lib/dkms/amdgpu/5.6.5.24-1109583/build/include/kcl/backport/kcl_drm_backport.h:16,
                 from /var/lib/dkms/amdgpu/5.6.5.24-1109583/build/scheduler/backport/backport.h:6,
                 from <command-line>:
/var/lib/dkms/amdgpu/5.6.5.24-1109583/build/include/kcl/kcl_drm.h:156:1: error: static declaration of ‘drm_crtc_from_index’ follows non-static declaration
  156 | drm_crtc_from_index(struct drm_device *dev, int idx)
      | ^~~~~~~~~~~~~~~~~~~
In file included from /var/lib/dkms/amdgpu/5.6.5.24-1109583/build/include/kcl/backport/kcl_drm_backport.h:5,
                 from /var/lib/dkms/amdgpu/5.6.5.24-1109583/build/scheduler/backport/backport.h:6,
                 from <command-line>:
./include/drm/drm_crtc.h:1251:18: note: previous declaration of ‘drm_crtc_from_index’ was here
 1251 | struct drm_crtc *drm_crtc_from_index(struct drm_device *dev, int idx);
      |                  ^~~~~~~~~~~~~~~~~~~
In file included from /var/lib/dkms/amdgpu/5.6.5.24-1109583/build/include/kcl/backport/kcl_fence_backport.h:4,
                 from /var/lib/dkms/amdgpu/5.6.5.24-1109583/build/include/kcl/backport/kcl_reservation_backport.h:8,
                 from /var/lib/dkms/amdgpu/5.6.5.24-1109583/build/include/linux/dma-resv.h:40,
                 from ./include/drm/drm_gem.h:38,
                 from /var/lib/dkms/amdgpu/5.6.5.24-1109583/build/include/kcl/backport/kcl_drm_backport.h:11,
                 from /var/lib/dkms/amdgpu/5.6.5.24-1109583/build/ttm/backport/backport.h:9,
                 from <command-line>:
/var/lib/dkms/amdgpu/5.6.5.24-1109583/build/include/kcl/kcl_fence.h: At top level:
/var/lib/dkms/amdgpu/5.6.5.24-1109583/build/include/kcl/kcl_fence.h:138:20: error: redefinition of ‘dma_fence_set_error’
  138 | static inline void dma_fence_set_error(struct dma_fence *fence,
      |                    ^~~~~~~~~~~~~~~~~~~
In file included from /var/lib/dkms/amdgpu/5.6.5.24-1109583/build/include/kcl/kcl_fence.h:11,
                 from /var/lib/dkms/amdgpu/5.6.5.24-1109583/build/include/kcl/backport/kcl_fence_backport.h:4,
                 from /var/lib/dkms/amdgpu/5.6.5.24-1109583/build/include/kcl/backport/kcl_reservation_backport.h:8,
                 from /var/lib/dkms/amdgpu/5.6.5.24-1109583/build/include/linux/dma-resv.h:40,
                 from ./include/drm/drm_gem.h:38,
                 from /var/lib/dkms/amdgpu/5.6.5.24-1109583/build/include/kcl/backport/kcl_drm_backport.h:11,
                 from /var/lib/dkms/amdgpu/5.6.5.24-1109583/build/ttm/backport/backport.h:9,
                 from <command-line>:
./include/linux/dma-fence.h:542:20: note: previous definition of ‘dma_fence_set_error’ was here
  542 | static inline void dma_fence_set_error(struct dma_fence *fence,
      |                    ^~~~~~~~~~~~~~~~~~~
In file included from /var/lib/dkms/amdgpu/5.6.5.24-1109583/build/include/kcl/backport/kcl_fence_backport.h:4,
                 from /var/lib/dkms/amdgpu/5.6.5.24-1109583/build/include/kcl/backport/kcl_reservation_backport.h:8,
                 from /var/lib/dkms/amdgpu/5.6.5.24-1109583/build/include/linux/dma-resv.h:40,
                 from ./include/drm/drm_gem.h:38,
                 from /var/lib/dkms/amdgpu/5.6.5.24-1109583/build/include/kcl/backport/kcl_drm_backport.h:11,
                 from /var/lib/dkms/amdgpu/5.6.5.24-1109583/build/ttm/backport/backport.h:9,
                 from <command-line>:
/var/lib/dkms/amdgpu/5.6.5.24-1109583/build/include/kcl/kcl_fence.h: In function ‘dma_fence_set_error’:
/var/lib/dkms/amdgpu/5.6.5.24-1109583/build/include/kcl/kcl_fence.h:144:7: error: ‘struct dma_fence’ has no member named ‘status’
  144 |  fence->status = error;
      |       ^~
/var/lib/dkms/amdgpu/5.6.5.24-1109583/build/include/kcl/kcl_fence.h: At top level:
/var/lib/dkms/amdgpu/5.6.5.24-1109583/build/include/kcl/kcl_fence.h:161:33: error: static declaration of ‘dma_fence_get_stub’ follows non-static declaration
  161 | static inline struct dma_fence *dma_fence_get_stub(void)
      |                                 ^~~~~~~~~~~~~~~~~~
In file included from /var/lib/dkms/amdgpu/5.6.5.24-1109583/build/include/kcl/kcl_fence.h:11,
                 from /var/lib/dkms/amdgpu/5.6.5.24-1109583/build/include/kcl/backport/kcl_fence_backport.h:4,
                 from /var/lib/dkms/amdgpu/5.6.5.24-1109583/build/include/kcl/backport/kcl_reservation_backport.h:8,
                 from /var/lib/dkms/amdgpu/5.6.5.24-1109583/build/include/linux/dma-resv.h:40,
                 from ./include/drm/drm_gem.h:38,
                 from /var/lib/dkms/amdgpu/5.6.5.24-1109583/build/include/kcl/backport/kcl_drm_backport.h:11,
                 from /var/lib/dkms/amdgpu/5.6.5.24-1109583/build/ttm/backport/backport.h:9,
                 from <command-line>:
./include/linux/dma-fence.h:586:19: note: previous declaration of ‘dma_fence_get_stub’ was here
  586 | struct dma_fence *dma_fence_get_stub(void);
      |                   ^~~~~~~~~~~~~~~~~~
In file included from /var/lib/dkms/amdgpu/5.6.5.24-1109583/build/include/kcl/backport/kcl_fence_backport.h:4,
                 from /var/lib/dkms/amdgpu/5.6.5.24-1109583/build/include/kcl/backport/kcl_reservation_backport.h:8,
                 from /var/lib/dkms/amdgpu/5.6.5.24-1109583/build/include/linux/dma-resv.h:40,
                 from ./include/drm/drm_gem.h:38,
                 from /var/lib/dkms/amdgpu/5.6.5.24-1109583/build/include/kcl/backport/kcl_drm_backport.h:11,
                 from /var/lib/dkms/amdgpu/5.6.5.24-1109583/build/ttm/backport/backport.h:9,
                 from <command-line>:
/var/lib/dkms/amdgpu/5.6.5.24-1109583/build/include/kcl/kcl_fence.h: At top level:
/var/lib/dkms/amdgpu/5.6.5.24-1109583/build/include/kcl/kcl_fence.h:138:20: error: redefinition of ‘dma_fence_set_error’
  138 | static inline void dma_fence_set_error(struct dma_fence *fence,
      |                    ^~~~~~~~~~~~~~~~~~~
In file included from /var/lib/dkms/amdgpu/5.6.5.24-1109583/build/include/kcl/kcl_fence.h:11,
                 from /var/lib/dkms/amdgpu/5.6.5.24-1109583/build/include/kcl/backport/kcl_fence_backport.h:4,
                 from /var/lib/dkms/amdgpu/5.6.5.24-1109583/build/include/kcl/backport/kcl_reservation_backport.h:8,
                 from /var/lib/dkms/amdgpu/5.6.5.24-1109583/build/include/linux/dma-resv.h:40,
                 from ./include/drm/drm_gem.h:38,
                 from /var/lib/dkms/amdgpu/5.6.5.24-1109583/build/include/kcl/backport/kcl_drm_backport.h:11,
                 from /var/lib/dkms/amdgpu/5.6.5.24-1109583/build/ttm/backport/backport.h:9,
                 from <command-line>:
./include/linux/dma-fence.h:542:20: note: previous definition of ‘dma_fence_set_error’ was here
  542 | static inline void dma_fence_set_error(struct dma_fence *fence,
      |                    ^~~~~~~~~~~~~~~~~~~
In file included from /var/lib/dkms/amdgpu/5.6.5.24-1109583/build/include/kcl/backport/kcl_fence_backport.h:4,
                 from /var/lib/dkms/amdgpu/5.6.5.24-1109583/build/include/kcl/backport/kcl_reservation_backport.h:8,
                 from /var/lib/dkms/amdgpu/5.6.5.24-1109583/build/include/linux/dma-resv.h:40,
                 from ./include/drm/drm_gem.h:38,
                 from /var/lib/dkms/amdgpu/5.6.5.24-1109583/build/include/kcl/backport/kcl_drm_backport.h:11,
                 from /var/lib/dkms/amdgpu/5.6.5.24-1109583/build/ttm/backport/backport.h:9,
                 from <command-line>:
/var/lib/dkms/amdgpu/5.6.5.24-1109583/build/include/kcl/kcl_fence.h: In function ‘dma_fence_set_error’:
/var/lib/dkms/amdgpu/5.6.5.24-1109583/build/include/kcl/kcl_fence.h:144:7: error: ‘struct dma_fence’ has no member named ‘status’
  144 |  fence->status = error;
      |       ^~
/var/lib/dkms/amdgpu/5.6.5.24-1109583/build/include/kcl/kcl_fence.h: At top level:
/var/lib/dkms/amdgpu/5.6.5.24-1109583/build/include/kcl/kcl_fence.h:161:33: error: static declaration of ‘dma_fence_get_stub’ follows non-static declaration
  161 | static inline struct dma_fence *dma_fence_get_stub(void)
      |                                 ^~~~~~~~~~~~~~~~~~
In file included from /var/lib/dkms/amdgpu/5.6.5.24-1109583/build/include/kcl/kcl_fence.h:11,
                 from /var/lib/dkms/amdgpu/5.6.5.24-1109583/build/include/kcl/backport/kcl_fence_backport.h:4,
                 from /var/lib/dkms/amdgpu/5.6.5.24-1109583/build/include/kcl/backport/kcl_reservation_backport.h:8,
                 from /var/lib/dkms/amdgpu/5.6.5.24-1109583/build/include/linux/dma-resv.h:40,
                 from ./include/drm/drm_gem.h:38,
                 from /var/lib/dkms/amdgpu/5.6.5.24-1109583/build/include/kcl/backport/kcl_drm_backport.h:11,
                 from /var/lib/dkms/amdgpu/5.6.5.24-1109583/build/ttm/backport/backport.h:9,
                 from <command-line>:
./include/linux/dma-fence.h:586:19: note: previous declaration of ‘dma_fence_get_stub’ was here
  586 | struct dma_fence *dma_fence_get_stub(void);
      |                   ^~~~~~~~~~~~~~~~~~
In file included from /var/lib/dkms/amdgpu/5.6.5.24-1109583/build/include/kcl/backport/kcl_fence_backport.h:4,
                 from /var/lib/dkms/amdgpu/5.6.5.24-1109583/build/include/kcl/backport/kcl_reservation_backport.h:8,
                 from /var/lib/dkms/amdgpu/5.6.5.24-1109583/build/include/linux/dma-resv.h:40,
                 from ./include/drm/drm_gem.h:38,
                 from /var/lib/dkms/amdgpu/5.6.5.24-1109583/build/include/kcl/backport/kcl_drm_backport.h:11,
                 from /var/lib/dkms/amdgpu/5.6.5.24-1109583/build/scheduler/backport/backport.h:6,
                 from <command-line>:
/var/lib/dkms/amdgpu/5.6.5.24-1109583/build/include/kcl/kcl_fence.h:138:20: error: redefinition of ‘dma_fence_set_error’
  138 | static inline void dma_fence_set_error(struct dma_fence *fence,
      |                    ^~~~~~~~~~~~~~~~~~~
In file included from /var/lib/dkms/amdgpu/5.6.5.24-1109583/build/include/kcl/kcl_fence.h:11,
                 from /var/lib/dkms/amdgpu/5.6.5.24-1109583/build/include/kcl/backport/kcl_fence_backport.h:4,
                 from /var/lib/dkms/amdgpu/5.6.5.24-1109583/build/include/kcl/backport/kcl_reservation_backport.h:8,
                 from /var/lib/dkms/amdgpu/5.6.5.24-1109583/build/include/linux/dma-resv.h:40,
                 from ./include/drm/drm_gem.h:38,
                 from /var/lib/dkms/amdgpu/5.6.5.24-1109583/build/include/kcl/backport/kcl_drm_backport.h:11,
                 from /var/lib/dkms/amdgpu/5.6.5.24-1109583/build/scheduler/backport/backport.h:6,
                 from <command-line>:
./include/linux/dma-fence.h:542:20: note: previous definition of ‘dma_fence_set_error’ was here
  542 | static inline void dma_fence_set_error(struct dma_fence *fence,
      |                    ^~~~~~~~~~~~~~~~~~~
In file included from /var/lib/dkms/amdgpu/5.6.5.24-1109583/build/include/kcl/backport/kcl_fence_backport.h:4,
                 from /var/lib/dkms/amdgpu/5.6.5.24-1109583/build/include/kcl/backport/kcl_reservation_backport.h:8,
                 from /var/lib/dkms/amdgpu/5.6.5.24-1109583/build/include/linux/dma-resv.h:40,
                 from ./include/drm/drm_gem.h:38,
                 from /var/lib/dkms/amdgpu/5.6.5.24-1109583/build/include/kcl/backport/kcl_drm_backport.h:11,
                 from /var/lib/dkms/amdgpu/5.6.5.24-1109583/build/scheduler/backport/backport.h:6,
                 from <command-line>:
/var/lib/dkms/amdgpu/5.6.5.24-1109583/build/include/kcl/kcl_fence.h: In function ‘dma_fence_set_error’:
/var/lib/dkms/amdgpu/5.6.5.24-1109583/build/include/kcl/kcl_fence.h:144:7: error: ‘struct dma_fence’ has no member named ‘status’
  144 |  fence->status = error;
      |       ^~
/var/lib/dkms/amdgpu/5.6.5.24-1109583/build/include/kcl/kcl_fence.h: At top level:
/var/lib/dkms/amdgpu/5.6.5.24-1109583/build/include/kcl/kcl_fence.h:161:33: error: static declaration of ‘dma_fence_get_stub’ follows non-static declaration
  161 | static inline struct dma_fence *dma_fence_get_stub(void)
      |                                 ^~~~~~~~~~~~~~~~~~
In file included from /var/lib/dkms/amdgpu/5.6.5.24-1109583/build/include/kcl/kcl_fence.h:11,
                 from /var/lib/dkms/amdgpu/5.6.5.24-1109583/build/include/kcl/backport/kcl_fence_backport.h:4,
                 from /var/lib/dkms/amdgpu/5.6.5.24-1109583/build/include/kcl/backport/kcl_reservation_backport.h:8,
                 from /var/lib/dkms/amdgpu/5.6.5.24-1109583/build/include/linux/dma-resv.h:40,
                 from ./include/drm/drm_gem.h:38,
                 from /var/lib/dkms/amdgpu/5.6.5.24-1109583/build/include/kcl/backport/kcl_drm_backport.h:11,
                 from /var/lib/dkms/amdgpu/5.6.5.24-1109583/build/scheduler/backport/backport.h:6,
                 from <command-line>:
./include/linux/dma-fence.h:586:19: note: previous declaration of ‘dma_fence_get_stub’ was here
  586 | struct dma_fence *dma_fence_get_stub(void);
      |                   ^~~~~~~~~~~~~~~~~~
In file included from /var/lib/dkms/amdgpu/5.6.5.24-1109583/build/include/kcl/backport/kcl_drm_backport.h:16,
                 from /var/lib/dkms/amdgpu/5.6.5.24-1109583/build/ttm/backport/backport.h:9,
                 from <command-line>:
/var/lib/dkms/amdgpu/5.6.5.24-1109583/build/include/kcl/kcl_drm.h:156:1: error: static declaration of ‘drm_crtc_from_index’ follows non-static declaration
  156 | drm_crtc_from_index(struct drm_device *dev, int idx)
      | ^~~~~~~~~~~~~~~~~~~
In file included from /var/lib/dkms/amdgpu/5.6.5.24-1109583/build/include/kcl/backport/kcl_drm_backport.h:5,
                 from /var/lib/dkms/amdgpu/5.6.5.24-1109583/build/ttm/backport/backport.h:9,
                 from <command-line>:
./include/drm/drm_crtc.h:1251:18: note: previous declaration of ‘drm_crtc_from_index’ was here
 1251 | struct drm_crtc *drm_crtc_from_index(struct drm_device *dev, int idx);
      |                  ^~~~~~~~~~~~~~~~~~~
In file included from /var/lib/dkms/amdgpu/5.6.5.24-1109583/build/include/kcl/backport/kcl_drm_backport.h:16,
                 from /var/lib/dkms/amdgpu/5.6.5.24-1109583/build/ttm/backport/backport.h:9,
                 from <command-line>:
/var/lib/dkms/amdgpu/5.6.5.24-1109583/build/include/kcl/kcl_drm.h:156:1: error: static declaration of ‘drm_crtc_from_index’ follows non-static declaration
  156 | drm_crtc_from_index(struct drm_device *dev, int idx)
      | ^~~~~~~~~~~~~~~~~~~
In file included from /var/lib/dkms/amdgpu/5.6.5.24-1109583/build/include/kcl/backport/kcl_drm_backport.h:5,
                 from /var/lib/dkms/amdgpu/5.6.5.24-1109583/build/ttm/backport/backport.h:9,
                 from <command-line>:
./include/drm/drm_crtc.h:1251:18: note: previous declaration of ‘drm_crtc_from_index’ was here
 1251 | struct drm_crtc *drm_crtc_from_index(struct drm_device *dev, int idx);
      |                  ^~~~~~~~~~~~~~~~~~~
In file included from /var/lib/dkms/amdgpu/5.6.5.24-1109583/build/include/kcl/backport/kcl_drm_backport.h:16,
                 from /var/lib/dkms/amdgpu/5.6.5.24-1109583/build/scheduler/backport/backport.h:6,
                 from <command-line>:
/var/lib/dkms/amdgpu/5.6.5.24-1109583/build/include/kcl/kcl_drm.h:156:1: error: static declaration of ‘drm_crtc_from_index’ follows non-static declaration
  156 | drm_crtc_from_index(struct drm_device *dev, int idx)
      | ^~~~~~~~~~~~~~~~~~~
In file included from /var/lib/dkms/amdgpu/5.6.5.24-1109583/build/include/kcl/backport/kcl_drm_backport.h:5,
                 from /var/lib/dkms/amdgpu/5.6.5.24-1109583/build/scheduler/backport/backport.h:6,
                 from <command-line>:
./include/drm/drm_crtc.h:1251:18: note: previous declaration of ‘drm_crtc_from_index’ was here
 1251 | struct drm_crtc *drm_crtc_from_index(struct drm_device *dev, int idx);
      |                  ^~~~~~~~~~~~~~~~~~~
In file included from /var/lib/dkms/amdgpu/5.6.5.24-1109583/build/include/kcl/backport/kcl_fence_backport.h:4,
                 from /var/lib/dkms/amdgpu/5.6.5.24-1109583/build/include/kcl/backport/kcl_reservation_backport.h:8,
                 from /var/lib/dkms/amdgpu/5.6.5.24-1109583/build/include/linux/dma-resv.h:40,
                 from ./include/drm/drm_gem.h:38,
                 from /var/lib/dkms/amdgpu/5.6.5.24-1109583/build/include/kcl/backport/kcl_drm_backport.h:11,
                 from /var/lib/dkms/amdgpu/5.6.5.24-1109583/build/scheduler/backport/backport.h:6,
                 from <command-line>:
/var/lib/dkms/amdgpu/5.6.5.24-1109583/build/include/kcl/kcl_fence.h:138:20: error: redefinition of ‘dma_fence_set_error’
  138 | static inline void dma_fence_set_error(struct dma_fence *fence,
      |                    ^~~~~~~~~~~~~~~~~~~
In file included from /var/lib/dkms/amdgpu/5.6.5.24-1109583/build/include/kcl/kcl_fence.h:11,
                 from /var/lib/dkms/amdgpu/5.6.5.24-1109583/build/include/kcl/backport/kcl_fence_backport.h:4,
                 from /var/lib/dkms/amdgpu/5.6.5.24-1109583/build/include/kcl/backport/kcl_reservation_backport.h:8,
                 from /var/lib/dkms/amdgpu/5.6.5.24-1109583/build/include/linux/dma-resv.h:40,
                 from ./include/drm/drm_gem.h:38,
                 from /var/lib/dkms/amdgpu/5.6.5.24-1109583/build/include/kcl/backport/kcl_drm_backport.h:11,
                 from /var/lib/dkms/amdgpu/5.6.5.24-1109583/build/scheduler/backport/backport.h:6,
                 from <command-line>:
./include/linux/dma-fence.h:542:20: note: previous definition of ‘dma_fence_set_error’ was here
  542 | static inline void dma_fence_set_error(struct dma_fence *fence,
      |                    ^~~~~~~~~~~~~~~~~~~
In file included from /var/lib/dkms/amdgpu/5.6.5.24-1109583/build/include/kcl/backport/kcl_fence_backport.h:4,
                 from /var/lib/dkms/amdgpu/5.6.5.24-1109583/build/include/kcl/backport/kcl_reservation_backport.h:8,
                 from /var/lib/dkms/amdgpu/5.6.5.24-1109583/build/include/linux/dma-resv.h:40,
                 from ./include/drm/drm_gem.h:38,
                 from /var/lib/dkms/amdgpu/5.6.5.24-1109583/build/include/kcl/backport/kcl_drm_backport.h:11,
                 from /var/lib/dkms/amdgpu/5.6.5.24-1109583/build/scheduler/backport/backport.h:6,
                 from <command-line>:
/var/lib/dkms/amdgpu/5.6.5.24-1109583/build/include/kcl/kcl_fence.h: In function ‘dma_fence_set_error’:
/var/lib/dkms/amdgpu/5.6.5.24-1109583/build/include/kcl/kcl_fence.h:144:7: error: ‘struct dma_fence’ has no member named ‘status’
  144 |  fence->status = error;
      |       ^~
/var/lib/dkms/amdgpu/5.6.5.24-1109583/build/include/kcl/kcl_fence.h: At top level:
/var/lib/dkms/amdgpu/5.6.5.24-1109583/build/include/kcl/kcl_fence.h:161:33: error: static declaration of ‘dma_fence_get_stub’ follows non-static declaration
  161 | static inline struct dma_fence *dma_fence_get_stub(void)
      |                                 ^~~~~~~~~~~~~~~~~~
In file included from /var/lib/dkms/amdgpu/5.6.5.24-1109583/build/include/kcl/kcl_fence.h:11,
                 from /var/lib/dkms/amdgpu/5.6.5.24-1109583/build/include/kcl/backport/kcl_fence_backport.h:4,
                 from /var/lib/dkms/amdgpu/5.6.5.24-1109583/build/include/kcl/backport/kcl_reservation_backport.h:8,
                 from /var/lib/dkms/amdgpu/5.6.5.24-1109583/build/include/linux/dma-resv.h:40,
                 from ./include/drm/drm_gem.h:38,
                 from /var/lib/dkms/amdgpu/5.6.5.24-1109583/build/include/kcl/backport/kcl_drm_backport.h:11,
                 from /var/lib/dkms/amdgpu/5.6.5.24-1109583/build/scheduler/backport/backport.h:6,
                 from <command-line>:
./include/linux/dma-fence.h:586:19: note: previous declaration of ‘dma_fence_get_stub’ was here
  586 | struct dma_fence *dma_fence_get_stub(void);
      |                   ^~~~~~~~~~~~~~~~~~
In file included from /var/lib/dkms/amdgpu/5.6.5.24-1109583/build/include/kcl/backport/kcl_drm_backport.h:16,
                 from /var/lib/dkms/amdgpu/5.6.5.24-1109583/build/scheduler/backport/backport.h:6,
                 from <command-line>:
/var/lib/dkms/amdgpu/5.6.5.24-1109583/build/include/kcl/kcl_drm.h: In function ‘drm_gem_object_put_unlocked’:
/var/lib/dkms/amdgpu/5.6.5.24-1109583/build/include/kcl/kcl_drm.h:208:9: error: implicit declaration of function ‘drm_gem_object_unreference_unlocked’; did you mean ‘drm_gem_object_put_unlocked’? [-Werror=implicit-function-declaration]
  208 |  return drm_gem_object_unreference_unlocked(obj);
      |         ^~~~~~~~~~~~~~~~~~~~~~~~~~~~~~~~~~~
      |         drm_gem_object_put_unlocked
/var/lib/dkms/amdgpu/5.6.5.24-1109583/build/include/kcl/kcl_drm.h:208:9: error: ‘return’ with a value, in function returning void [-Werror=return-type]
  208 |  return drm_gem_object_unreference_unlocked(obj);
      |         ^~~~~~~~~~~~~~~~~~~~~~~~~~~~~~~~~~~~~~~~
/var/lib/dkms/amdgpu/5.6.5.24-1109583/build/include/kcl/kcl_drm.h:206:1: note: declared here
  206 | drm_gem_object_put_unlocked(struct drm_gem_object *obj)
      | ^~~~~~~~~~~~~~~~~~~~~~~~~~~
/var/lib/dkms/amdgpu/5.6.5.24-1109583/build/include/kcl/kcl_drm.h: At top level:
/var/lib/dkms/amdgpu/5.6.5.24-1109583/build/include/kcl/kcl_drm.h:212:1: error: redefinition of ‘drm_gem_object_get’
  212 | drm_gem_object_get(struct drm_gem_object *obj)
      | ^~~~~~~~~~~~~~~~~~
In file included from /var/lib/dkms/amdgpu/5.6.5.24-1109583/build/include/kcl/backport/kcl_drm_backport.h:11,
                 from /var/lib/dkms/amdgpu/5.6.5.24-1109583/build/scheduler/backport/backport.h:6,
                 from <command-line>:
./include/drm/drm_gem.h:362:20: note: previous definition of ‘drm_gem_object_get’ was here
  362 | static inline void drm_gem_object_get(struct drm_gem_object *obj)
      |                    ^~~~~~~~~~~~~~~~~~
In file included from /var/lib/dkms/amdgpu/5.6.5.24-1109583/build/include/kcl/backport/kcl_drm_backport.h:16,
                 from /var/lib/dkms/amdgpu/5.6.5.24-1109583/build/scheduler/backport/backport.h:6,
                 from <command-line>:
/var/lib/dkms/amdgpu/5.6.5.24-1109583/build/include/kcl/kcl_drm.h:261:20: error: static declaration of ‘drm_dev_get’ follows non-static declaration
  261 | static inline void drm_dev_get(struct drm_device *dev)
      |                    ^~~~~~~~~~~
In file included from /var/lib/dkms/amdgpu/5.6.5.24-1109583/build/include/kcl/header/kcl_drm_drv_h.h:6,
                 from /var/lib/dkms/amdgpu/5.6.5.24-1109583/build/include/kcl/kcl_drm.h:24,
                 from /var/lib/dkms/amdgpu/5.6.5.24-1109583/build/include/kcl/backport/kcl_drm_backport.h:16,
                 from /var/lib/dkms/amdgpu/5.6.5.24-1109583/build/scheduler/backport/backport.h:6,
                 from <command-line>:
./include/drm/drm_drv.h:555:6: note: previous declaration of ‘drm_dev_get’ was here
  555 | void drm_dev_get(struct drm_device *dev);
      |      ^~~~~~~~~~~
In file included from /var/lib/dkms/amdgpu/5.6.5.24-1109583/build/include/kcl/backport/kcl_drm_backport.h:16,
                 from /var/lib/dkms/amdgpu/5.6.5.24-1109583/build/scheduler/backport/backport.h:6,
                 from <command-line>:
/var/lib/dkms/amdgpu/5.6.5.24-1109583/build/include/kcl/kcl_drm.h:156:1: error: static declaration of ‘drm_crtc_from_index’ follows non-static declaration
  156 | drm_crtc_from_index(struct drm_device *dev, int idx)
      | ^~~~~~~~~~~~~~~~~~~
In file included from /var/lib/dkms/amdgpu/5.6.5.24-1109583/build/include/kcl/backport/kcl_drm_backport.h:5,
                 from /var/lib/dkms/amdgpu/5.6.5.24-1109583/build/scheduler/backport/backport.h:6,
                 from <command-line>:
./include/drm/drm_crtc.h:1251:18: note: previous declaration of ‘drm_crtc_from_index’ was here
 1251 | struct drm_crtc *drm_crtc_from_index(struct drm_device *dev, int idx);
      |                  ^~~~~~~~~~~~~~~~~~~
In file included from /var/lib/dkms/amdgpu/5.6.5.24-1109583/build/include/kcl/backport/kcl_drm_backport.h:16,
                 from /var/lib/dkms/amdgpu/5.6.5.24-1109583/build/amd/backport/backport.h:12,
                 from <command-line>:
/var/lib/dkms/amdgpu/5.6.5.24-1109583/build/include/kcl/kcl_drm.h:156:1: error: static declaration of ‘drm_crtc_from_index’ follows non-static declaration
  156 | drm_crtc_from_index(struct drm_device *dev, int idx)
      | ^~~~~~~~~~~~~~~~~~~
In file included from /var/lib/dkms/amdgpu/5.6.5.24-1109583/build/include/kcl/backport/kcl_drm_backport.h:5,
                 from /var/lib/dkms/amdgpu/5.6.5.24-1109583/build/amd/backport/backport.h:12,
                 from <command-line>:
./include/drm/drm_crtc.h:1251:18: note: previous declaration of ‘drm_crtc_from_index’ was here
 1251 | struct drm_crtc *drm_crtc_from_index(struct drm_device *dev, int idx);
      |                  ^~~~~~~~~~~~~~~~~~~
In file included from /var/lib/dkms/amdgpu/5.6.5.24-1109583/build/include/kcl/backport/kcl_drm_backport.h:16,
                 from /var/lib/dkms/amdgpu/5.6.5.24-1109583/build/scheduler/backport/backport.h:6,
                 from <command-line>:
/var/lib/dkms/amdgpu/5.6.5.24-1109583/build/include/kcl/kcl_drm.h: In function ‘drm_dev_get’:
/var/lib/dkms/amdgpu/5.6.5.24-1109583/build/include/kcl/kcl_drm.h:263:2: error: implicit declaration of function ‘drm_dev_ref’; did you mean ‘drm_dev_get’? [-Werror=implicit-function-declaration]
  263 |  drm_dev_ref(dev);
      |  ^~~~~~~~~~~
      |  drm_dev_get
/var/lib/dkms/amdgpu/5.6.5.24-1109583/build/include/kcl/kcl_drm.h: At top level:
/var/lib/dkms/amdgpu/5.6.5.24-1109583/build/include/kcl/kcl_drm.h:266:20: error: static declaration of ‘drm_dev_put’ follows non-static declaration
  266 | static inline void drm_dev_put(struct drm_device *dev)
      |                    ^~~~~~~~~~~
In file included from /var/lib/dkms/amdgpu/5.6.5.24-1109583/build/include/kcl/header/kcl_drm_drv_h.h:6,
                 from /var/lib/dkms/amdgpu/5.6.5.24-1109583/build/include/kcl/kcl_drm.h:24,
                 from /var/lib/dkms/amdgpu/5.6.5.24-1109583/build/include/kcl/backport/kcl_drm_backport.h:16,
                 from /var/lib/dkms/amdgpu/5.6.5.24-1109583/build/scheduler/backport/backport.h:6,
                 from <command-line>:
./include/drm/drm_drv.h:556:6: note: previous declaration of ‘drm_dev_put’ was here
  556 | void drm_dev_put(struct drm_device *dev);
      |      ^~~~~~~~~~~
In file included from /var/lib/dkms/amdgpu/5.6.5.24-1109583/build/include/kcl/backport/kcl_fence_backport.h:4,
                 from /var/lib/dkms/amdgpu/5.6.5.24-1109583/build/include/kcl/backport/kcl_reservation_backport.h:8,
                 from /var/lib/dkms/amdgpu/5.6.5.24-1109583/build/include/linux/dma-resv.h:40,
                 from ./include/drm/drm_gem.h:38,
                 from /var/lib/dkms/amdgpu/5.6.5.24-1109583/build/include/kcl/backport/kcl_drm_backport.h:11,
                 from /var/lib/dkms/amdgpu/5.6.5.24-1109583/build/ttm/backport/backport.h:9,
                 from <command-line>:
/var/lib/dkms/amdgpu/5.6.5.24-1109583/build/include/kcl/kcl_fence.h: At top level:
/var/lib/dkms/amdgpu/5.6.5.24-1109583/build/include/kcl/kcl_fence.h:138:20: error: redefinition of ‘dma_fence_set_error’
  138 | static inline void dma_fence_set_error(struct dma_fence *fence,
      |                    ^~~~~~~~~~~~~~~~~~~
In file included from /var/lib/dkms/amdgpu/5.6.5.24-1109583/build/include/kcl/kcl_fence.h:11,
                 from /var/lib/dkms/amdgpu/5.6.5.24-1109583/build/include/kcl/backport/kcl_fence_backport.h:4,
                 from /var/lib/dkms/amdgpu/5.6.5.24-1109583/build/include/kcl/backport/kcl_reservation_backport.h:8,
                 from /var/lib/dkms/amdgpu/5.6.5.24-1109583/build/include/linux/dma-resv.h:40,
                 from ./include/drm/drm_gem.h:38,
                 from /var/lib/dkms/amdgpu/5.6.5.24-1109583/build/include/kcl/backport/kcl_drm_backport.h:11,
                 from /var/lib/dkms/amdgpu/5.6.5.24-1109583/build/ttm/backport/backport.h:9,
                 from <command-line>:
./include/linux/dma-fence.h:542:20: note: previous definition of ‘dma_fence_set_error’ was here
  542 | static inline void dma_fence_set_error(struct dma_fence *fence,
      |                    ^~~~~~~~~~~~~~~~~~~
In file included from /var/lib/dkms/amdgpu/5.6.5.24-1109583/build/include/kcl/backport/kcl_fence_backport.h:4,
                 from /var/lib/dkms/amdgpu/5.6.5.24-1109583/build/include/kcl/backport/kcl_reservation_backport.h:8,
                 from /var/lib/dkms/amdgpu/5.6.5.24-1109583/build/include/linux/dma-resv.h:40,
                 from ./include/drm/drm_gem.h:38,
                 from /var/lib/dkms/amdgpu/5.6.5.24-1109583/build/include/kcl/backport/kcl_drm_backport.h:11,
                 from /var/lib/dkms/amdgpu/5.6.5.24-1109583/build/ttm/backport/backport.h:9,
                 from <command-line>:
/var/lib/dkms/amdgpu/5.6.5.24-1109583/build/include/kcl/kcl_fence.h: In function ‘dma_fence_set_error’:
/var/lib/dkms/amdgpu/5.6.5.24-1109583/build/include/kcl/kcl_fence.h:144:7: error: ‘struct dma_fence’ has no member named ‘status’
  144 |  fence->status = error;
      |       ^~
/var/lib/dkms/amdgpu/5.6.5.24-1109583/build/include/kcl/kcl_fence.h: At top level:
/var/lib/dkms/amdgpu/5.6.5.24-1109583/build/include/kcl/kcl_fence.h:161:33: error: static declaration of ‘dma_fence_get_stub’ follows non-static declaration
  161 | static inline struct dma_fence *dma_fence_get_stub(void)
      |                                 ^~~~~~~~~~~~~~~~~~
In file included from /var/lib/dkms/amdgpu/5.6.5.24-1109583/build/include/kcl/kcl_fence.h:11,
                 from /var/lib/dkms/amdgpu/5.6.5.24-1109583/build/include/kcl/backport/kcl_fence_backport.h:4,
                 from /var/lib/dkms/amdgpu/5.6.5.24-1109583/build/include/kcl/backport/kcl_reservation_backport.h:8,
                 from /var/lib/dkms/amdgpu/5.6.5.24-1109583/build/include/linux/dma-resv.h:40,
                 from ./include/drm/drm_gem.h:38,
                 from /var/lib/dkms/amdgpu/5.6.5.24-1109583/build/include/kcl/backport/kcl_drm_backport.h:11,
                 from /var/lib/dkms/amdgpu/5.6.5.24-1109583/build/ttm/backport/backport.h:9,
                 from <command-line>:
./include/linux/dma-fence.h:586:19: note: previous declaration of ‘dma_fence_get_stub’ was here
  586 | struct dma_fence *dma_fence_get_stub(void);
      |                   ^~~~~~~~~~~~~~~~~~
In file included from /var/lib/dkms/amdgpu/5.6.5.24-1109583/build/include/kcl/backport/kcl_drm_backport.h:16,
                 from /var/lib/dkms/amdgpu/5.6.5.24-1109583/build/scheduler/backport/backport.h:6,
                 from <command-line>:
/var/lib/dkms/amdgpu/5.6.5.24-1109583/build/include/kcl/kcl_drm.h: In function ‘drm_dev_put’:
/var/lib/dkms/amdgpu/5.6.5.24-1109583/build/include/kcl/kcl_drm.h:268:9: error: implicit declaration of function ‘drm_dev_unref’; did you mean ‘drm_dev_enter’? [-Werror=implicit-function-declaration]
  268 |  return drm_dev_unref(dev);
      |         ^~~~~~~~~~~~~
      |         drm_dev_enter
/var/lib/dkms/amdgpu/5.6.5.24-1109583/build/include/kcl/kcl_drm.h:268:9: error: ‘return’ with a value, in function returning void [-Werror=return-type]
  268 |  return drm_dev_unref(dev);
      |         ^~~~~~~~~~~~~~~~~~
/var/lib/dkms/amdgpu/5.6.5.24-1109583/build/include/kcl/kcl_drm.h:266:20: note: declared here
  266 | static inline void drm_dev_put(struct drm_device *dev)
      |                    ^~~~~~~~~~~
/var/lib/dkms/amdgpu/5.6.5.24-1109583/build/include/kcl/kcl_drm.h: At top level:
/var/lib/dkms/amdgpu/5.6.5.24-1109583/build/include/kcl/kcl_drm.h:282:34: error: redefinition of ‘drm_debug_printer’
  282 | static inline struct drm_printer drm_debug_printer(const char *prefix)
      |                                  ^~~~~~~~~~~~~~~~~
In file included from ./include/drm/drm_mm.h:49,
                 from ./include/drm/drm_vma_manager.h:26,
                 from ./include/drm/drm_gem.h:40,
                 from /var/lib/dkms/amdgpu/5.6.5.24-1109583/build/include/kcl/backport/kcl_drm_backport.h:11,
                 from /var/lib/dkms/amdgpu/5.6.5.24-1109583/build/scheduler/backport/backport.h:6,
                 from <command-line>:
./include/drm/drm_print.h:227:34: note: previous definition of ‘drm_debug_printer’ was here
  227 | static inline struct drm_printer drm_debug_printer(const char *prefix)
      |                                  ^~~~~~~~~~~~~~~~~
In file included from /var/lib/dkms/amdgpu/5.6.5.24-1109583/build/include/kcl/backport/kcl_drm_backport.h:16,
                 from /var/lib/dkms/amdgpu/5.6.5.24-1109583/build/ttm/backport/backport.h:9,
                 from <command-line>:
/var/lib/dkms/amdgpu/5.6.5.24-1109583/build/include/kcl/kcl_drm.h: In function ‘drm_gem_object_put_unlocked’:
/var/lib/dkms/amdgpu/5.6.5.24-1109583/build/include/kcl/kcl_drm.h:208:9: error: implicit declaration of function ‘drm_gem_object_unreference_unlocked’; did you mean ‘drm_gem_object_put_unlocked’? [-Werror=implicit-function-declaration]
  208 |  return drm_gem_object_unreference_unlocked(obj);
      |         ^~~~~~~~~~~~~~~~~~~~~~~~~~~~~~~~~~~
      |         drm_gem_object_put_unlocked
/var/lib/dkms/amdgpu/5.6.5.24-1109583/build/include/kcl/kcl_drm.h:208:9: error: ‘return’ with a value, in function returning void [-Werror=return-type]
  208 |  return drm_gem_object_unreference_unlocked(obj);
      |         ^~~~~~~~~~~~~~~~~~~~~~~~~~~~~~~~~~~~~~~~
/var/lib/dkms/amdgpu/5.6.5.24-1109583/build/include/kcl/kcl_drm.h:206:1: note: declared here
  206 | drm_gem_object_put_unlocked(struct drm_gem_object *obj)
      | ^~~~~~~~~~~~~~~~~~~~~~~~~~~
/var/lib/dkms/amdgpu/5.6.5.24-1109583/build/include/kcl/kcl_drm.h: At top level:
/var/lib/dkms/amdgpu/5.6.5.24-1109583/build/include/kcl/kcl_drm.h:212:1: error: redefinition of ‘drm_gem_object_get’
  212 | drm_gem_object_get(struct drm_gem_object *obj)
      | ^~~~~~~~~~~~~~~~~~
In file included from /var/lib/dkms/amdgpu/5.6.5.24-1109583/build/include/kcl/backport/kcl_drm_backport.h:11,
                 from /var/lib/dkms/amdgpu/5.6.5.24-1109583/build/ttm/backport/backport.h:9,
                 from <command-line>:
./include/drm/drm_gem.h:362:20: note: previous definition of ‘drm_gem_object_get’ was here
  362 | static inline void drm_gem_object_get(struct drm_gem_object *obj)
      |                    ^~~~~~~~~~~~~~~~~~
In file included from /var/lib/dkms/amdgpu/5.6.5.24-1109583/build/include/kcl/backport/kcl_drm_backport.h:16,
                 from /var/lib/dkms/amdgpu/5.6.5.24-1109583/build/ttm/backport/backport.h:9,
                 from <command-line>:
/var/lib/dkms/amdgpu/5.6.5.24-1109583/build/include/kcl/kcl_drm.h:261:20: error: static declaration of ‘drm_dev_get’ follows non-static declaration
  261 | static inline void drm_dev_get(struct drm_device *dev)
      |                    ^~~~~~~~~~~
In file included from /var/lib/dkms/amdgpu/5.6.5.24-1109583/build/include/kcl/backport/kcl_drm_backport.h:16,
                 from /var/lib/dkms/amdgpu/5.6.5.24-1109583/build/ttm/backport/backport.h:9,
                 from <command-line>:
/var/lib/dkms/amdgpu/5.6.5.24-1109583/build/include/kcl/kcl_drm.h:156:1: error: static declaration of ‘drm_crtc_from_index’ follows non-static declaration
  156 | drm_crtc_from_index(struct drm_device *dev, int idx)
      | ^~~~~~~~~~~~~~~~~~~
In file included from /var/lib/dkms/amdgpu/5.6.5.24-1109583/build/include/kcl/header/kcl_drm_drv_h.h:6,
                 from /var/lib/dkms/amdgpu/5.6.5.24-1109583/build/include/kcl/kcl_drm.h:24,
                 from /var/lib/dkms/amdgpu/5.6.5.24-1109583/build/include/kcl/backport/kcl_drm_backport.h:16,
                 from /var/lib/dkms/amdgpu/5.6.5.24-1109583/build/ttm/backport/backport.h:9,
                 from <command-line>:
./include/drm/drm_drv.h:555:6: note: previous declaration of ‘drm_dev_get’ was here
  555 | void drm_dev_get(struct drm_device *dev);
      |      ^~~~~~~~~~~
In file included from /var/lib/dkms/amdgpu/5.6.5.24-1109583/build/include/kcl/backport/kcl_drm_backport.h:5,
                 from /var/lib/dkms/amdgpu/5.6.5.24-1109583/build/ttm/backport/backport.h:9,
                 from <command-line>:
./include/drm/drm_crtc.h:1251:18: note: previous declaration of ‘drm_crtc_from_index’ was here
 1251 | struct drm_crtc *drm_crtc_from_index(struct drm_device *dev, int idx);
      |                  ^~~~~~~~~~~~~~~~~~~
In file included from /var/lib/dkms/amdgpu/5.6.5.24-1109583/build/include/kcl/backport/kcl_drm_backport.h:16,
                 from /var/lib/dkms/amdgpu/5.6.5.24-1109583/build/ttm/backport/backport.h:9,
                 from <command-line>:
/var/lib/dkms/amdgpu/5.6.5.24-1109583/build/include/kcl/kcl_drm.h: In function ‘drm_gem_object_put_unlocked’:
/var/lib/dkms/amdgpu/5.6.5.24-1109583/build/include/kcl/kcl_drm.h:208:9: error: implicit declaration of function ‘drm_gem_object_unreference_unlocked’; did you mean ‘drm_gem_object_put_unlocked’? [-Werror=implicit-function-declaration]
  208 |  return drm_gem_object_unreference_unlocked(obj);
      |         ^~~~~~~~~~~~~~~~~~~~~~~~~~~~~~~~~~~
      |         drm_gem_object_put_unlocked
/var/lib/dkms/amdgpu/5.6.5.24-1109583/build/include/kcl/kcl_drm.h:208:9: error: ‘return’ with a value, in function returning void [-Werror=return-type]
  208 |  return drm_gem_object_unreference_unlocked(obj);
      |         ^~~~~~~~~~~~~~~~~~~~~~~~~~~~~~~~~~~~~~~~
/var/lib/dkms/amdgpu/5.6.5.24-1109583/build/include/kcl/kcl_drm.h:206:1: note: declared here
  206 | drm_gem_object_put_unlocked(struct drm_gem_object *obj)
      | ^~~~~~~~~~~~~~~~~~~~~~~~~~~
/var/lib/dkms/amdgpu/5.6.5.24-1109583/build/include/kcl/kcl_drm.h: At top level:
/var/lib/dkms/amdgpu/5.6.5.24-1109583/build/include/kcl/kcl_drm.h:212:1: error: redefinition of ‘drm_gem_object_get’
  212 | drm_gem_object_get(struct drm_gem_object *obj)
      | ^~~~~~~~~~~~~~~~~~
In file included from /var/lib/dkms/amdgpu/5.6.5.24-1109583/build/include/kcl/backport/kcl_drm_backport.h:11,
                 from /var/lib/dkms/amdgpu/5.6.5.24-1109583/build/ttm/backport/backport.h:9,
                 from <command-line>:
./include/drm/drm_gem.h:362:20: note: previous definition of ‘drm_gem_object_get’ was here
  362 | static inline void drm_gem_object_get(struct drm_gem_object *obj)
      |                    ^~~~~~~~~~~~~~~~~~
In file included from /var/lib/dkms/amdgpu/5.6.5.24-1109583/build/include/kcl/backport/kcl_drm_backport.h:16,
                 from /var/lib/dkms/amdgpu/5.6.5.24-1109583/build/ttm/backport/backport.h:9,
                 from <command-line>:
/var/lib/dkms/amdgpu/5.6.5.24-1109583/build/include/kcl/kcl_drm.h:261:20: error: static declaration of ‘drm_dev_get’ follows non-static declaration
  261 | static inline void drm_dev_get(struct drm_device *dev)
      |                    ^~~~~~~~~~~
In file included from /var/lib/dkms/amdgpu/5.6.5.24-1109583/build/include/kcl/header/kcl_drm_drv_h.h:6,
                 from /var/lib/dkms/amdgpu/5.6.5.24-1109583/build/include/kcl/kcl_drm.h:24,
                 from /var/lib/dkms/amdgpu/5.6.5.24-1109583/build/include/kcl/backport/kcl_drm_backport.h:16,
                 from /var/lib/dkms/amdgpu/5.6.5.24-1109583/build/ttm/backport/backport.h:9,
                 from <command-line>:
./include/drm/drm_drv.h:555:6: note: previous declaration of ‘drm_dev_get’ was here
  555 | void drm_dev_get(struct drm_device *dev);
      |      ^~~~~~~~~~~
In file included from /var/lib/dkms/amdgpu/5.6.5.24-1109583/build/include/kcl/backport/kcl_drm_backport.h:16,
                 from /var/lib/dkms/amdgpu/5.6.5.24-1109583/build/ttm/backport/backport.h:9,
                 from <command-line>:
/var/lib/dkms/amdgpu/5.6.5.24-1109583/build/include/kcl/kcl_drm.h: In function ‘drm_dev_get’:
/var/lib/dkms/amdgpu/5.6.5.24-1109583/build/include/kcl/kcl_drm.h:263:2: error: implicit declaration of function ‘drm_dev_ref’; did you mean ‘drm_dev_get’? [-Werror=implicit-function-declaration]
  263 |  drm_dev_ref(dev);
      |  ^~~~~~~~~~~
      |  drm_dev_get
/var/lib/dkms/amdgpu/5.6.5.24-1109583/build/include/kcl/kcl_drm.h: At top level:
/var/lib/dkms/amdgpu/5.6.5.24-1109583/build/include/kcl/kcl_drm.h:266:20: error: static declaration of ‘drm_dev_put’ follows non-static declaration
  266 | static inline void drm_dev_put(struct drm_device *dev)
      |                    ^~~~~~~~~~~
In file included from /var/lib/dkms/amdgpu/5.6.5.24-1109583/build/include/kcl/header/kcl_drm_drv_h.h:6,
                 from /var/lib/dkms/amdgpu/5.6.5.24-1109583/build/include/kcl/kcl_drm.h:24,
                 from /var/lib/dkms/amdgpu/5.6.5.24-1109583/build/include/kcl/backport/kcl_drm_backport.h:16,
                 from /var/lib/dkms/amdgpu/5.6.5.24-1109583/build/ttm/backport/backport.h:9,
                 from <command-line>:
./include/drm/drm_drv.h:556:6: note: previous declaration of ‘drm_dev_put’ was here
  556 | void drm_dev_put(struct drm_device *dev);
      |      ^~~~~~~~~~~
In file included from /var/lib/dkms/amdgpu/5.6.5.24-1109583/build/include/kcl/backport/kcl_drm_backport.h:16,
                 from /var/lib/dkms/amdgpu/5.6.5.24-1109583/build/scheduler/backport/backport.h:6,
                 from <command-line>:
/var/lib/dkms/amdgpu/5.6.5.24-1109583/build/include/kcl/kcl_drm.h: In function ‘drm_gem_object_put_unlocked’:
/var/lib/dkms/amdgpu/5.6.5.24-1109583/build/include/kcl/kcl_drm.h:208:9: error: implicit declaration of function ‘drm_gem_object_unreference_unlocked’; did you mean ‘drm_gem_object_put_unlocked’? [-Werror=implicit-function-declaration]
  208 |  return drm_gem_object_unreference_unlocked(obj);
      |         ^~~~~~~~~~~~~~~~~~~~~~~~~~~~~~~~~~~
      |         drm_gem_object_put_unlocked
/var/lib/dkms/amdgpu/5.6.5.24-1109583/build/include/kcl/kcl_drm.h:208:9: error: ‘return’ with a value, in function returning void [-Werror=return-type]
  208 |  return drm_gem_object_unreference_unlocked(obj);
      |         ^~~~~~~~~~~~~~~~~~~~~~~~~~~~~~~~~~~~~~~~
/var/lib/dkms/amdgpu/5.6.5.24-1109583/build/include/kcl/kcl_drm.h:206:1: note: declared here
  206 | drm_gem_object_put_unlocked(struct drm_gem_object *obj)
      | ^~~~~~~~~~~~~~~~~~~~~~~~~~~
/var/lib/dkms/amdgpu/5.6.5.24-1109583/build/include/kcl/kcl_drm.h: At top level:
/var/lib/dkms/amdgpu/5.6.5.24-1109583/build/include/kcl/kcl_drm.h:212:1: error: redefinition of ‘drm_gem_object_get’
  212 | drm_gem_object_get(struct drm_gem_object *obj)
      | ^~~~~~~~~~~~~~~~~~
In file included from /var/lib/dkms/amdgpu/5.6.5.24-1109583/build/include/kcl/backport/kcl_drm_backport.h:11,
                 from /var/lib/dkms/amdgpu/5.6.5.24-1109583/build/scheduler/backport/backport.h:6,
                 from <command-line>:
./include/drm/drm_gem.h:362:20: note: previous definition of ‘drm_gem_object_get’ was here
  362 | static inline void drm_gem_object_get(struct drm_gem_object *obj)
      |                    ^~~~~~~~~~~~~~~~~~
In file included from /var/lib/dkms/amdgpu/5.6.5.24-1109583/build/include/kcl/backport/kcl_drm_backport.h:16,
                 from /var/lib/dkms/amdgpu/5.6.5.24-1109583/build/scheduler/backport/backport.h:6,
                 from <command-line>:
/var/lib/dkms/amdgpu/5.6.5.24-1109583/build/include/kcl/kcl_drm.h:261:20: error: static declaration of ‘drm_dev_get’ follows non-static declaration
  261 | static inline void drm_dev_get(struct drm_device *dev)
      |                    ^~~~~~~~~~~
In file included from /var/lib/dkms/amdgpu/5.6.5.24-1109583/build/include/kcl/header/kcl_drm_drv_h.h:6,
                 from /var/lib/dkms/amdgpu/5.6.5.24-1109583/build/include/kcl/kcl_drm.h:24,
                 from /var/lib/dkms/amdgpu/5.6.5.24-1109583/build/include/kcl/backport/kcl_drm_backport.h:16,
                 from /var/lib/dkms/amdgpu/5.6.5.24-1109583/build/scheduler/backport/backport.h:6,
                 from <command-line>:
./include/drm/drm_drv.h:555:6: note: previous declaration of ‘drm_dev_get’ was here
  555 | void drm_dev_get(struct drm_device *dev);
      |      ^~~~~~~~~~~
In file included from /var/lib/dkms/amdgpu/5.6.5.24-1109583/build/include/kcl/backport/kcl_drm_backport.h:16,
                 from /var/lib/dkms/amdgpu/5.6.5.24-1109583/build/ttm/backport/backport.h:9,
                 from <command-line>:
/var/lib/dkms/amdgpu/5.6.5.24-1109583/build/include/kcl/kcl_drm.h: In function ‘drm_dev_get’:
/var/lib/dkms/amdgpu/5.6.5.24-1109583/build/include/kcl/kcl_drm.h:263:2: error: implicit declaration of function ‘drm_dev_ref’; did you mean ‘drm_dev_get’? [-Werror=implicit-function-declaration]
  263 |  drm_dev_ref(dev);
      |  ^~~~~~~~~~~
      |  drm_dev_get
/var/lib/dkms/amdgpu/5.6.5.24-1109583/build/include/kcl/kcl_drm.h: At top level:
/var/lib/dkms/amdgpu/5.6.5.24-1109583/build/include/kcl/kcl_drm.h:266:20: error: static declaration of ‘drm_dev_put’ follows non-static declaration
  266 | static inline void drm_dev_put(struct drm_device *dev)
      |                    ^~~~~~~~~~~
In file included from /var/lib/dkms/amdgpu/5.6.5.24-1109583/build/include/kcl/header/kcl_drm_drv_h.h:6,
                 from /var/lib/dkms/amdgpu/5.6.5.24-1109583/build/include/kcl/kcl_drm.h:24,
                 from /var/lib/dkms/amdgpu/5.6.5.24-1109583/build/include/kcl/backport/kcl_drm_backport.h:16,
                 from /var/lib/dkms/amdgpu/5.6.5.24-1109583/build/ttm/backport/backport.h:9,
                 from <command-line>:
./include/drm/drm_drv.h:556:6: note: previous declaration of ‘drm_dev_put’ was here
  556 | void drm_dev_put(struct drm_device *dev);
      |      ^~~~~~~~~~~
In file included from /var/lib/dkms/amdgpu/5.6.5.24-1109583/build/include/kcl/backport/kcl_drm_backport.h:16,
                 from /var/lib/dkms/amdgpu/5.6.5.24-1109583/build/scheduler/backport/backport.h:6,
                 from <command-line>:
/var/lib/dkms/amdgpu/5.6.5.24-1109583/build/include/kcl/kcl_drm.h: In function ‘drm_dev_get’:
/var/lib/dkms/amdgpu/5.6.5.24-1109583/build/include/kcl/kcl_drm.h:263:2: error: implicit declaration of function ‘drm_dev_ref’; did you mean ‘drm_dev_get’? [-Werror=implicit-function-declaration]
  263 |  drm_dev_ref(dev);
      |  ^~~~~~~~~~~
      |  drm_dev_get
/var/lib/dkms/amdgpu/5.6.5.24-1109583/build/include/kcl/kcl_drm.h: At top level:
/var/lib/dkms/amdgpu/5.6.5.24-1109583/build/include/kcl/kcl_drm.h:266:20: error: static declaration of ‘drm_dev_put’ follows non-static declaration
  266 | static inline void drm_dev_put(struct drm_device *dev)
      |                    ^~~~~~~~~~~
In file included from /var/lib/dkms/amdgpu/5.6.5.24-1109583/build/include/kcl/header/kcl_drm_drv_h.h:6,
                 from /var/lib/dkms/amdgpu/5.6.5.24-1109583/build/include/kcl/kcl_drm.h:24,
                 from /var/lib/dkms/amdgpu/5.6.5.24-1109583/build/include/kcl/backport/kcl_drm_backport.h:16,
                 from /var/lib/dkms/amdgpu/5.6.5.24-1109583/build/scheduler/backport/backport.h:6,
                 from <command-line>:
./include/drm/drm_drv.h:556:6: note: previous declaration of ‘drm_dev_put’ was here
  556 | void drm_dev_put(struct drm_device *dev);
      |      ^~~~~~~~~~~
In file included from /var/lib/dkms/amdgpu/5.6.5.24-1109583/build/include/kcl/backport/kcl_drm_backport.h:16,
                 from /var/lib/dkms/amdgpu/5.6.5.24-1109583/build/ttm/backport/backport.h:9,
                 from <command-line>:
/var/lib/dkms/amdgpu/5.6.5.24-1109583/build/include/kcl/kcl_drm.h: In function ‘drm_dev_put’:
/var/lib/dkms/amdgpu/5.6.5.24-1109583/build/include/kcl/kcl_drm.h:268:9: error: implicit declaration of function ‘drm_dev_unref’; did you mean ‘drm_dev_enter’? [-Werror=implicit-function-declaration]
  268 |  return drm_dev_unref(dev);
      |         ^~~~~~~~~~~~~
      |         drm_dev_enter
/var/lib/dkms/amdgpu/5.6.5.24-1109583/build/include/kcl/kcl_drm.h:268:9: error: ‘return’ with a value, in function returning void [-Werror=return-type]
  268 |  return drm_dev_unref(dev);
      |         ^~~~~~~~~~~~~~~~~~
/var/lib/dkms/amdgpu/5.6.5.24-1109583/build/include/kcl/kcl_drm.h:266:20: note: declared here
  266 | static inline void drm_dev_put(struct drm_device *dev)
      |                    ^~~~~~~~~~~
/var/lib/dkms/amdgpu/5.6.5.24-1109583/build/include/kcl/kcl_drm.h: At top level:
/var/lib/dkms/amdgpu/5.6.5.24-1109583/build/include/kcl/kcl_drm.h:282:34: error: redefinition of ‘drm_debug_printer’
  282 | static inline struct drm_printer drm_debug_printer(const char *prefix)
      |                                  ^~~~~~~~~~~~~~~~~
In file included from ./include/drm/drm_mm.h:49,
                 from ./include/drm/drm_vma_manager.h:26,
                 from /var/lib/dkms/amdgpu/5.6.5.24-1109583/build/include/kcl/backport/kcl_drm_vma_manager_backport.h:9,
                 from /var/lib/dkms/amdgpu/5.6.5.24-1109583/build/ttm/backport/backport.h:7,
                 from <command-line>:
./include/drm/drm_print.h:227:34: note: previous definition of ‘drm_debug_printer’ was here
  227 | static inline struct drm_printer drm_debug_printer(const char *prefix)
      |                                  ^~~~~~~~~~~~~~~~~
In file included from /var/lib/dkms/amdgpu/5.6.5.24-1109583/build/include/kcl/backport/kcl_drm_backport.h:16,
                 from /var/lib/dkms/amdgpu/5.6.5.24-1109583/build/ttm/backport/backport.h:9,
                 from <command-line>:
/var/lib/dkms/amdgpu/5.6.5.24-1109583/build/include/kcl/kcl_drm.h: In function ‘drm_dev_put’:
/var/lib/dkms/amdgpu/5.6.5.24-1109583/build/include/kcl/kcl_drm.h:268:9: error: implicit declaration of function ‘drm_dev_unref’; did you mean ‘drm_dev_enter’? [-Werror=implicit-function-declaration]
  268 |  return drm_dev_unref(dev);
      |         ^~~~~~~~~~~~~
      |         drm_dev_enter
/var/lib/dkms/amdgpu/5.6.5.24-1109583/build/include/kcl/kcl_drm.h:268:9: error: ‘return’ with a value, in function returning void [-Werror=return-type]
  268 |  return drm_dev_unref(dev);
      |         ^~~~~~~~~~~~~~~~~~
/var/lib/dkms/amdgpu/5.6.5.24-1109583/build/include/kcl/kcl_drm.h:266:20: note: declared here
  266 | static inline void drm_dev_put(struct drm_device *dev)
      |                    ^~~~~~~~~~~
/var/lib/dkms/amdgpu/5.6.5.24-1109583/build/include/kcl/kcl_drm.h: At top level:
/var/lib/dkms/amdgpu/5.6.5.24-1109583/build/include/kcl/kcl_drm.h:282:34: error: redefinition of ‘drm_debug_printer’
  282 | static inline struct drm_printer drm_debug_printer(const char *prefix)
      |                                  ^~~~~~~~~~~~~~~~~
In file included from ./include/drm/drm_mm.h:49,
                 from ./include/drm/drm_vma_manager.h:26,
                 from /var/lib/dkms/amdgpu/5.6.5.24-1109583/build/include/kcl/backport/kcl_drm_vma_manager_backport.h:9,
                 from /var/lib/dkms/amdgpu/5.6.5.24-1109583/build/ttm/backport/backport.h:7,
                 from <command-line>:
./include/drm/drm_print.h:227:34: note: previous definition of ‘drm_debug_printer’ was here
  227 | static inline struct drm_printer drm_debug_printer(const char *prefix)
      |                                  ^~~~~~~~~~~~~~~~~
In file included from /var/lib/dkms/amdgpu/5.6.5.24-1109583/build/include/kcl/backport/kcl_drm_backport.h:16,
                 from /var/lib/dkms/amdgpu/5.6.5.24-1109583/build/scheduler/backport/backport.h:6,
                 from <command-line>:
/var/lib/dkms/amdgpu/5.6.5.24-1109583/build/include/kcl/kcl_drm.h: In function ‘drm_dev_put’:
/var/lib/dkms/amdgpu/5.6.5.24-1109583/build/include/kcl/kcl_drm.h:268:9: error: implicit declaration of function ‘drm_dev_unref’; did you mean ‘drm_dev_enter’? [-Werror=implicit-function-declaration]
  268 |  return drm_dev_unref(dev);
      |         ^~~~~~~~~~~~~
      |         drm_dev_enter
/var/lib/dkms/amdgpu/5.6.5.24-1109583/build/include/kcl/kcl_drm.h:268:9: error: ‘return’ with a value, in function returning void [-Werror=return-type]
  268 |  return drm_dev_unref(dev);
      |         ^~~~~~~~~~~~~~~~~~
/var/lib/dkms/amdgpu/5.6.5.24-1109583/build/include/kcl/kcl_drm.h:266:20: note: declared here
  266 | static inline void drm_dev_put(struct drm_device *dev)
      |                    ^~~~~~~~~~~
/var/lib/dkms/amdgpu/5.6.5.24-1109583/build/include/kcl/kcl_drm.h: At top level:
/var/lib/dkms/amdgpu/5.6.5.24-1109583/build/include/kcl/kcl_drm.h:282:34: error: redefinition of ‘drm_debug_printer’
  282 | static inline struct drm_printer drm_debug_printer(const char *prefix)
      |                                  ^~~~~~~~~~~~~~~~~
In file included from ./include/drm/drm_mm.h:49,
                 from ./include/drm/drm_vma_manager.h:26,
                 from ./include/drm/drm_gem.h:40,
                 from /var/lib/dkms/amdgpu/5.6.5.24-1109583/build/include/kcl/backport/kcl_drm_backport.h:11,
                 from /var/lib/dkms/amdgpu/5.6.5.24-1109583/build/scheduler/backport/backport.h:6,
                 from <command-line>:
./include/drm/drm_print.h:227:34: note: previous definition of ‘drm_debug_printer’ was here
  227 | static inline struct drm_printer drm_debug_printer(const char *prefix)
      |                                  ^~~~~~~~~~~~~~~~~
In file included from /var/lib/dkms/amdgpu/5.6.5.24-1109583/build/include/kcl/backport/kcl_drm_backport.h:16,
                 from /var/lib/dkms/amdgpu/5.6.5.24-1109583/build/amd/backport/backport.h:12,
                 from <command-line>:
/var/lib/dkms/amdgpu/5.6.5.24-1109583/build/include/kcl/kcl_drm.h: In function ‘drm_gem_object_put_unlocked’:
/var/lib/dkms/amdgpu/5.6.5.24-1109583/build/include/kcl/kcl_drm.h:208:9: error: implicit declaration of function ‘drm_gem_object_unreference_unlocked’; did you mean ‘drm_gem_object_put_unlocked’? [-Werror=implicit-function-declaration]
  208 |  return drm_gem_object_unreference_unlocked(obj);
      |         ^~~~~~~~~~~~~~~~~~~~~~~~~~~~~~~~~~~
      |         drm_gem_object_put_unlocked
/var/lib/dkms/amdgpu/5.6.5.24-1109583/build/include/kcl/kcl_drm.h:208:9: error: ‘return’ with a value, in function returning void [-Werror=return-type]
  208 |  return drm_gem_object_unreference_unlocked(obj);
      |         ^~~~~~~~~~~~~~~~~~~~~~~~~~~~~~~~~~~~~~~~
/var/lib/dkms/amdgpu/5.6.5.24-1109583/build/include/kcl/kcl_drm.h:206:1: note: declared here
  206 | drm_gem_object_put_unlocked(struct drm_gem_object *obj)
      | ^~~~~~~~~~~~~~~~~~~~~~~~~~~
/var/lib/dkms/amdgpu/5.6.5.24-1109583/build/include/kcl/kcl_drm.h: At top level:
/var/lib/dkms/amdgpu/5.6.5.24-1109583/build/include/kcl/kcl_drm.h:212:1: error: redefinition of ‘drm_gem_object_get’
  212 | drm_gem_object_get(struct drm_gem_object *obj)
      | ^~~~~~~~~~~~~~~~~~
In file included from /var/lib/dkms/amdgpu/5.6.5.24-1109583/build/include/kcl/backport/kcl_drm_backport.h:11,
                 from /var/lib/dkms/amdgpu/5.6.5.24-1109583/build/amd/backport/backport.h:12,
                 from <command-line>:
./include/drm/drm_gem.h:362:20: note: previous definition of ‘drm_gem_object_get’ was here
  362 | static inline void drm_gem_object_get(struct drm_gem_object *obj)
      |                    ^~~~~~~~~~~~~~~~~~
In file included from /var/lib/dkms/amdgpu/5.6.5.24-1109583/build/include/kcl/backport/kcl_drm_backport.h:16,
                 from /var/lib/dkms/amdgpu/5.6.5.24-1109583/build/amd/backport/backport.h:12,
                 from <command-line>:
/var/lib/dkms/amdgpu/5.6.5.24-1109583/build/include/kcl/kcl_drm.h:261:20: error: static declaration of ‘drm_dev_get’ follows non-static declaration
  261 | static inline void drm_dev_get(struct drm_device *dev)
      |                    ^~~~~~~~~~~
In file included from /var/lib/dkms/amdgpu/5.6.5.24-1109583/build/include/kcl/header/kcl_drm_drv_h.h:6,
                 from /var/lib/dkms/amdgpu/5.6.5.24-1109583/build/include/kcl/kcl_drm.h:24,
                 from /var/lib/dkms/amdgpu/5.6.5.24-1109583/build/include/kcl/backport/kcl_drm_backport.h:16,
                 from /var/lib/dkms/amdgpu/5.6.5.24-1109583/build/amd/backport/backport.h:12,
                 from <command-line>:
./include/drm/drm_drv.h:555:6: note: previous declaration of ‘drm_dev_get’ was here
  555 | void drm_dev_get(struct drm_device *dev);
      |      ^~~~~~~~~~~
In file included from /var/lib/dkms/amdgpu/5.6.5.24-1109583/build/include/kcl/backport/kcl_drm_backport.h:16,
                 from /var/lib/dkms/amdgpu/5.6.5.24-1109583/build/scheduler/backport/backport.h:6,
                 from <command-line>:
/var/lib/dkms/amdgpu/5.6.5.24-1109583/build/include/kcl/kcl_drm.h: In function ‘drm_crtc_accurate_vblank_count’:
/var/lib/dkms/amdgpu/5.6.5.24-1109583/build/include/kcl/kcl_drm.h:357:9: error: implicit declaration of function ‘drm_accurate_vblank_count’; did you mean ‘drm_crtc_accurate_vblank_count’? [-Werror=implicit-function-declaration]
  357 |  return drm_accurate_vblank_count(crtc);
      |         ^~~~~~~~~~~~~~~~~~~~~~~~~
      |         drm_crtc_accurate_vblank_count
In file included from /var/lib/dkms/amdgpu/5.6.5.24-1109583/build/scheduler/backport/backport.h:6,
                 from <command-line>:
/var/lib/dkms/amdgpu/5.6.5.24-1109583/build/include/kcl/backport/kcl_drm_backport.h: In function ‘_kcl_drm_crtc_init_with_planes’:
/var/lib/dkms/amdgpu/5.6.5.24-1109583/build/include/kcl/backport/kcl_drm_backport.h:65:9: error: too few arguments to function ‘drm_crtc_init_with_planes’
   65 |  return drm_crtc_init_with_planes(dev, crtc, primary, cursor, funcs);
      |         ^~~~~~~~~~~~~~~~~~~~~~~~~
In file included from /var/lib/dkms/amdgpu/5.6.5.24-1109583/build/include/kcl/backport/kcl_drm_backport.h:5,
                 from /var/lib/dkms/amdgpu/5.6.5.24-1109583/build/scheduler/backport/backport.h:6,
                 from <command-line>:
./include/drm/drm_crtc.h:1218:5: note: declared here
 1218 | int drm_crtc_init_with_planes(struct drm_device *dev,
      |     ^~~~~~~~~~~~~~~~~~~~~~~~~
In file included from /var/lib/dkms/amdgpu/5.6.5.24-1109583/build/scheduler/backport/backport.h:6,
                 from <command-line>:
/var/lib/dkms/amdgpu/5.6.5.24-1109583/build/include/kcl/backport/kcl_drm_backport.h: In function ‘_kcl_drm_universal_plane_init’:
/var/lib/dkms/amdgpu/5.6.5.24-1109583/build/include/kcl/backport/kcl_drm_backport.h:84:28: error: incompatible type for argument 7 of ‘drm_universal_plane_init’
   84 |     formats, format_count, type);
      |                            ^~~~
      |                            |
      |                            enum drm_plane_type
In file included from ./include/drm/drm_crtc.h:45,
                 from /var/lib/dkms/amdgpu/5.6.5.24-1109583/build/include/kcl/backport/kcl_drm_backport.h:5,
                 from /var/lib/dkms/amdgpu/5.6.5.24-1109583/build/scheduler/backport/backport.h:6,
                 from <command-line>:
./include/drm/drm_plane.h:756:25: note: expected ‘const uint64_t *’ {aka ‘const long long unsigned int *’} but argument is of type ‘enum drm_plane_type’
  756 |         const uint64_t *format_modifiers,
      |         ~~~~~~~~~~~~~~~~^~~~~~~~~~~~~~~~
In file included from /var/lib/dkms/amdgpu/5.6.5.24-1109583/build/scheduler/backport/backport.h:6,
                 from <command-line>:
/var/lib/dkms/amdgpu/5.6.5.24-1109583/build/include/kcl/backport/kcl_drm_backport.h:83:9: error: too few arguments to function ‘drm_universal_plane_init’
   83 |  return drm_universal_plane_init(dev, plane, possible_crtcs, funcs,
      |         ^~~~~~~~~~~~~~~~~~~~~~~~
In file included from ./include/drm/drm_crtc.h:45,
                 from /var/lib/dkms/amdgpu/5.6.5.24-1109583/build/include/kcl/backport/kcl_drm_backport.h:5,
                 from /var/lib/dkms/amdgpu/5.6.5.24-1109583/build/scheduler/backport/backport.h:6,
                 from <command-line>:
./include/drm/drm_plane.h:750:5: note: declared here
  750 | int drm_universal_plane_init(struct drm_device *dev,
      |     ^~~~~~~~~~~~~~~~~~~~~~~~
In file included from /var/lib/dkms/amdgpu/5.6.5.24-1109583/build/scheduler/backport/backport.h:6,
                 from <command-line>:
/var/lib/dkms/amdgpu/5.6.5.24-1109583/build/include/kcl/backport/kcl_drm_backport.h: At top level:
/var/lib/dkms/amdgpu/5.6.5.24-1109583/build/include/kcl/backport/kcl_drm_backport.h:95:8: error: redefinition of ‘struct drm_format_name_buf’
   95 | struct drm_format_name_buf {
      |        ^~~~~~~~~~~~~~~~~~~
In file included from /var/lib/dkms/amdgpu/5.6.5.24-1109583/build/include/kcl/kcl_drm.h:15,
                 from /var/lib/dkms/amdgpu/5.6.5.24-1109583/build/include/kcl/backport/kcl_drm_backport.h:16,
                 from /var/lib/dkms/amdgpu/5.6.5.24-1109583/build/scheduler/backport/backport.h:6,
                 from <command-line>:
./include/drm/drm_fourcc.h:142:8: note: originally defined here
  142 | struct drm_format_name_buf {
      |        ^~~~~~~~~~~~~~~~~~~
In file included from /var/lib/dkms/amdgpu/5.6.5.24-1109583/build/scheduler/backport/backport.h:6,
                 from <command-line>:
/var/lib/dkms/amdgpu/5.6.5.24-1109583/build/include/kcl/backport/kcl_drm_backport.h: In function ‘_kcl_drm_gem_object_lookup’:
/var/lib/dkms/amdgpu/5.6.5.24-1109583/build/include/kcl/backport/kcl_drm_backport.h:161:35: error: dereferencing pointer to incomplete type ‘struct drm_file’
  161 |  return drm_gem_object_lookup(filp->minor->dev, filp, handle);
      |                                   ^~
/var/lib/dkms/amdgpu/5.6.5.24-1109583/build/include/kcl/backport/kcl_drm_backport.h:161:49: warning: passing argument 2 of ‘drm_gem_object_lookup’ makes integer from pointer without a cast [-Wint-conversion]
  161 |  return drm_gem_object_lookup(filp->minor->dev, filp, handle);
      |                                                 ^~~~
      |                                                 |
      |                                                 struct drm_file *
In file included from /var/lib/dkms/amdgpu/5.6.5.24-1109583/build/include/kcl/backport/kcl_drm_backport.h:11,
                 from /var/lib/dkms/amdgpu/5.6.5.24-1109583/build/scheduler/backport/backport.h:6,
                 from <command-line>:
./include/drm/drm_gem.h:405:24: note: expected ‘u32’ {aka ‘unsigned int’} but argument is of type ‘struct drm_file *’
  405 | struct drm_gem_object *drm_gem_object_lookup(struct drm_file *filp, u32 handle);
      |                        ^~~~~~~~~~~~~~~~~~~~~
In file included from /var/lib/dkms/amdgpu/5.6.5.24-1109583/build/scheduler/backport/backport.h:6,
                 from <command-line>:
/var/lib/dkms/amdgpu/5.6.5.24-1109583/build/include/kcl/backport/kcl_drm_backport.h:161:9: error: too many arguments to function ‘drm_gem_object_lookup’
  161 |  return drm_gem_object_lookup(filp->minor->dev, filp, handle);
      |         ^~~~~~~~~~~~~~~~~~~~~
In file included from /var/lib/dkms/amdgpu/5.6.5.24-1109583/build/include/kcl/backport/kcl_drm_backport.h:11,
                 from /var/lib/dkms/amdgpu/5.6.5.24-1109583/build/scheduler/backport/backport.h:6,
                 from <command-line>:
./include/drm/drm_gem.h:405:24: note: declared here
  405 | struct drm_gem_object *drm_gem_object_lookup(struct drm_file *filp, u32 handle);
      |                        ^~~~~~~~~~~~~~~~~~~~~
In file included from /var/lib/dkms/amdgpu/5.6.5.24-1109583/build/include/kcl/backport/kcl_drm_backport.h:16,
                 from /var/lib/dkms/amdgpu/5.6.5.24-1109583/build/amd/backport/backport.h:12,
                 from <command-line>:
/var/lib/dkms/amdgpu/5.6.5.24-1109583/build/include/kcl/kcl_drm.h: In function ‘drm_dev_get’:
/var/lib/dkms/amdgpu/5.6.5.24-1109583/build/include/kcl/kcl_drm.h:263:2: error: implicit declaration of function ‘drm_dev_ref’; did you mean ‘drm_dev_get’? [-Werror=implicit-function-declaration]
  263 |  drm_dev_ref(dev);
      |  ^~~~~~~~~~~
      |  drm_dev_get
/var/lib/dkms/amdgpu/5.6.5.24-1109583/build/include/kcl/kcl_drm.h: At top level:
/var/lib/dkms/amdgpu/5.6.5.24-1109583/build/include/kcl/kcl_drm.h:266:20: error: static declaration of ‘drm_dev_put’ follows non-static declaration
  266 | static inline void drm_dev_put(struct drm_device *dev)
      |                    ^~~~~~~~~~~
In file included from /var/lib/dkms/amdgpu/5.6.5.24-1109583/build/include/kcl/header/kcl_drm_drv_h.h:6,
                 from /var/lib/dkms/amdgpu/5.6.5.24-1109583/build/include/kcl/kcl_drm.h:24,
                 from /var/lib/dkms/amdgpu/5.6.5.24-1109583/build/include/kcl/backport/kcl_drm_backport.h:16,
                 from /var/lib/dkms/amdgpu/5.6.5.24-1109583/build/amd/backport/backport.h:12,
                 from <command-line>:
./include/drm/drm_drv.h:556:6: note: previous declaration of ‘drm_dev_put’ was here
  556 | void drm_dev_put(struct drm_device *dev);
      |      ^~~~~~~~~~~
In file included from /var/lib/dkms/amdgpu/5.6.5.24-1109583/build/include/kcl/backport/kcl_drm_backport.h:16,
                 from /var/lib/dkms/amdgpu/5.6.5.24-1109583/build/scheduler/backport/backport.h:6,
                 from <command-line>:
/var/lib/dkms/amdgpu/5.6.5.24-1109583/build/include/kcl/kcl_drm.h: In function ‘drm_gem_object_put_unlocked’:
/var/lib/dkms/amdgpu/5.6.5.24-1109583/build/include/kcl/kcl_drm.h:208:9: error: implicit declaration of function ‘drm_gem_object_unreference_unlocked’; did you mean ‘drm_gem_object_put_unlocked’? [-Werror=implicit-function-declaration]
  208 |  return drm_gem_object_unreference_unlocked(obj);
      |         ^~~~~~~~~~~~~~~~~~~~~~~~~~~~~~~~~~~
      |         drm_gem_object_put_unlocked
/var/lib/dkms/amdgpu/5.6.5.24-1109583/build/include/kcl/kcl_drm.h:208:9: error: ‘return’ with a value, in function returning void [-Werror=return-type]
  208 |  return drm_gem_object_unreference_unlocked(obj);
      |         ^~~~~~~~~~~~~~~~~~~~~~~~~~~~~~~~~~~~~~~~
/var/lib/dkms/amdgpu/5.6.5.24-1109583/build/include/kcl/kcl_drm.h:206:1: note: declared here
  206 | drm_gem_object_put_unlocked(struct drm_gem_object *obj)
      | ^~~~~~~~~~~~~~~~~~~~~~~~~~~
/var/lib/dkms/amdgpu/5.6.5.24-1109583/build/include/kcl/kcl_drm.h: At top level:
/var/lib/dkms/amdgpu/5.6.5.24-1109583/build/include/kcl/kcl_drm.h:212:1: error: redefinition of ‘drm_gem_object_get’
  212 | drm_gem_object_get(struct drm_gem_object *obj)
      | ^~~~~~~~~~~~~~~~~~
In file included from /var/lib/dkms/amdgpu/5.6.5.24-1109583/build/include/kcl/backport/kcl_drm_backport.h:11,
                 from /var/lib/dkms/amdgpu/5.6.5.24-1109583/build/scheduler/backport/backport.h:6,
                 from <command-line>:
./include/drm/drm_gem.h:362:20: note: previous definition of ‘drm_gem_object_get’ was here
  362 | static inline void drm_gem_object_get(struct drm_gem_object *obj)
      |                    ^~~~~~~~~~~~~~~~~~
In file included from /var/lib/dkms/amdgpu/5.6.5.24-1109583/build/include/kcl/backport/kcl_drm_backport.h:16,
                 from /var/lib/dkms/amdgpu/5.6.5.24-1109583/build/scheduler/backport/backport.h:6,
                 from <command-line>:
/var/lib/dkms/amdgpu/5.6.5.24-1109583/build/include/kcl/kcl_drm.h:261:20: error: static declaration of ‘drm_dev_get’ follows non-static declaration
  261 | static inline void drm_dev_get(struct drm_device *dev)
      |                    ^~~~~~~~~~~
In file included from /var/lib/dkms/amdgpu/5.6.5.24-1109583/build/include/kcl/header/kcl_drm_drv_h.h:6,
                 from /var/lib/dkms/amdgpu/5.6.5.24-1109583/build/include/kcl/kcl_drm.h:24,
                 from /var/lib/dkms/amdgpu/5.6.5.24-1109583/build/include/kcl/backport/kcl_drm_backport.h:16,
                 from /var/lib/dkms/amdgpu/5.6.5.24-1109583/build/scheduler/backport/backport.h:6,
                 from <command-line>:
./include/drm/drm_drv.h:555:6: note: previous declaration of ‘drm_dev_get’ was here
  555 | void drm_dev_get(struct drm_device *dev);
      |      ^~~~~~~~~~~
In file included from /var/lib/dkms/amdgpu/5.6.5.24-1109583/build/include/kcl/backport/kcl_drm_backport.h:16,
                 from /var/lib/dkms/amdgpu/5.6.5.24-1109583/build/ttm/backport/backport.h:9,
                 from <command-line>:
/var/lib/dkms/amdgpu/5.6.5.24-1109583/build/include/kcl/kcl_drm.h: In function ‘drm_gem_object_put_unlocked’:
/var/lib/dkms/amdgpu/5.6.5.24-1109583/build/include/kcl/kcl_drm.h:208:9: error: implicit declaration of function ‘drm_gem_object_unreference_unlocked’; did you mean ‘drm_gem_object_put_unlocked’? [-Werror=implicit-function-declaration]
  208 |  return drm_gem_object_unreference_unlocked(obj);
      |         ^~~~~~~~~~~~~~~~~~~~~~~~~~~~~~~~~~~
      |         drm_gem_object_put_unlocked
/var/lib/dkms/amdgpu/5.6.5.24-1109583/build/include/kcl/kcl_drm.h:208:9: error: ‘return’ with a value, in function returning void [-Werror=return-type]
  208 |  return drm_gem_object_unreference_unlocked(obj);
      |         ^~~~~~~~~~~~~~~~~~~~~~~~~~~~~~~~~~~~~~~~
/var/lib/dkms/amdgpu/5.6.5.24-1109583/build/include/kcl/kcl_drm.h:206:1: note: declared here
  206 | drm_gem_object_put_unlocked(struct drm_gem_object *obj)
      | ^~~~~~~~~~~~~~~~~~~~~~~~~~~
/var/lib/dkms/amdgpu/5.6.5.24-1109583/build/include/kcl/kcl_drm.h: At top level:
/var/lib/dkms/amdgpu/5.6.5.24-1109583/build/include/kcl/kcl_drm.h:212:1: error: redefinition of ‘drm_gem_object_get’
  212 | drm_gem_object_get(struct drm_gem_object *obj)
      | ^~~~~~~~~~~~~~~~~~
In file included from /var/lib/dkms/amdgpu/5.6.5.24-1109583/build/include/kcl/backport/kcl_drm_backport.h:11,
                 from /var/lib/dkms/amdgpu/5.6.5.24-1109583/build/ttm/backport/backport.h:9,
                 from <command-line>:
./include/drm/drm_gem.h:362:20: note: previous definition of ‘drm_gem_object_get’ was here
  362 | static inline void drm_gem_object_get(struct drm_gem_object *obj)
      |                    ^~~~~~~~~~~~~~~~~~
In file included from /var/lib/dkms/amdgpu/5.6.5.24-1109583/build/include/kcl/backport/kcl_drm_backport.h:16,
                 from /var/lib/dkms/amdgpu/5.6.5.24-1109583/build/ttm/backport/backport.h:9,
                 from <command-line>:
/var/lib/dkms/amdgpu/5.6.5.24-1109583/build/include/kcl/kcl_drm.h:261:20: error: static declaration of ‘drm_dev_get’ follows non-static declaration
  261 | static inline void drm_dev_get(struct drm_device *dev)
      |                    ^~~~~~~~~~~
In file included from /var/lib/dkms/amdgpu/5.6.5.24-1109583/build/include/kcl/header/kcl_drm_drv_h.h:6,
                 from /var/lib/dkms/amdgpu/5.6.5.24-1109583/build/include/kcl/kcl_drm.h:24,
                 from /var/lib/dkms/amdgpu/5.6.5.24-1109583/build/include/kcl/backport/kcl_drm_backport.h:16,
                 from /var/lib/dkms/amdgpu/5.6.5.24-1109583/build/ttm/backport/backport.h:9,
                 from <command-line>:
./include/drm/drm_drv.h:555:6: note: previous declaration of ‘drm_dev_get’ was here
  555 | void drm_dev_get(struct drm_device *dev);
      |      ^~~~~~~~~~~
In file included from /var/lib/dkms/amdgpu/5.6.5.24-1109583/build/include/kcl/backport/kcl_drm_backport.h:16,
                 from /var/lib/dkms/amdgpu/5.6.5.24-1109583/build/scheduler/backport/backport.h:6,
                 from <command-line>:
/var/lib/dkms/amdgpu/5.6.5.24-1109583/build/include/kcl/kcl_drm.h: In function ‘drm_dev_get’:
/var/lib/dkms/amdgpu/5.6.5.24-1109583/build/include/kcl/kcl_drm.h:263:2: error: implicit declaration of function ‘drm_dev_ref’; did you mean ‘drm_dev_get’? [-Werror=implicit-function-declaration]
  263 |  drm_dev_ref(dev);
      |  ^~~~~~~~~~~
      |  drm_dev_get
/var/lib/dkms/amdgpu/5.6.5.24-1109583/build/include/kcl/kcl_drm.h: At top level:
/var/lib/dkms/amdgpu/5.6.5.24-1109583/build/include/kcl/kcl_drm.h:266:20: error: static declaration of ‘drm_dev_put’ follows non-static declaration
  266 | static inline void drm_dev_put(struct drm_device *dev)
      |                    ^~~~~~~~~~~
In file included from /var/lib/dkms/amdgpu/5.6.5.24-1109583/build/include/kcl/header/kcl_drm_drv_h.h:6,
                 from /var/lib/dkms/amdgpu/5.6.5.24-1109583/build/include/kcl/kcl_drm.h:24,
                 from /var/lib/dkms/amdgpu/5.6.5.24-1109583/build/include/kcl/backport/kcl_drm_backport.h:16,
                 from /var/lib/dkms/amdgpu/5.6.5.24-1109583/build/scheduler/backport/backport.h:6,
                 from <command-line>:
./include/drm/drm_drv.h:556:6: note: previous declaration of ‘drm_dev_put’ was here
  556 | void drm_dev_put(struct drm_device *dev);
      |      ^~~~~~~~~~~
In file included from /var/lib/dkms/amdgpu/5.6.5.24-1109583/build/include/kcl/backport/kcl_drm_backport.h:16,
                 from /var/lib/dkms/amdgpu/5.6.5.24-1109583/build/amd/backport/backport.h:12,
                 from <command-line>:
/var/lib/dkms/amdgpu/5.6.5.24-1109583/build/include/kcl/kcl_drm.h: In function ‘drm_dev_put’:
/var/lib/dkms/amdgpu/5.6.5.24-1109583/build/include/kcl/kcl_drm.h:268:9: error: implicit declaration of function ‘drm_dev_unref’; did you mean ‘drm_dev_enter’? [-Werror=implicit-function-declaration]
  268 |  return drm_dev_unref(dev);
      |         ^~~~~~~~~~~~~
      |         drm_dev_enter
/var/lib/dkms/amdgpu/5.6.5.24-1109583/build/include/kcl/kcl_drm.h:268:9: error: ‘return’ with a value, in function returning void [-Werror=return-type]
  268 |  return drm_dev_unref(dev);
      |         ^~~~~~~~~~~~~~~~~~
/var/lib/dkms/amdgpu/5.6.5.24-1109583/build/include/kcl/kcl_drm.h:266:20: note: declared here
  266 | static inline void drm_dev_put(struct drm_device *dev)
      |                    ^~~~~~~~~~~
/var/lib/dkms/amdgpu/5.6.5.24-1109583/build/include/kcl/kcl_drm.h: At top level:
/var/lib/dkms/amdgpu/5.6.5.24-1109583/build/include/kcl/kcl_drm.h:282:34: error: redefinition of ‘drm_debug_printer’
  282 | static inline struct drm_printer drm_debug_printer(const char *prefix)
      |                                  ^~~~~~~~~~~~~~~~~
In file included from ./include/drm/drm_mm.h:49,
                 from ./include/drm/drm_vma_manager.h:26,
                 from ./include/drm/drm_gem.h:40,
                 from /var/lib/dkms/amdgpu/5.6.5.24-1109583/build/include/kcl/backport/kcl_drm_backport.h:11,
                 from /var/lib/dkms/amdgpu/5.6.5.24-1109583/build/amd/backport/backport.h:12,
                 from <command-line>:
./include/drm/drm_print.h:227:34: note: previous definition of ‘drm_debug_printer’ was here
  227 | static inline struct drm_printer drm_debug_printer(const char *prefix)
      |                                  ^~~~~~~~~~~~~~~~~
In file included from /var/lib/dkms/amdgpu/5.6.5.24-1109583/build/include/kcl/backport/kcl_drm_backport.h:16,
                 from /var/lib/dkms/amdgpu/5.6.5.24-1109583/build/ttm/backport/backport.h:9,
                 from <command-line>:
/var/lib/dkms/amdgpu/5.6.5.24-1109583/build/include/kcl/kcl_drm.h: In function ‘drm_crtc_accurate_vblank_count’:
/var/lib/dkms/amdgpu/5.6.5.24-1109583/build/include/kcl/kcl_drm.h:357:9: error: implicit declaration of function ‘drm_accurate_vblank_count’; did you mean ‘drm_crtc_accurate_vblank_count’? [-Werror=implicit-function-declaration]
  357 |  return drm_accurate_vblank_count(crtc);
      |         ^~~~~~~~~~~~~~~~~~~~~~~~~
      |         drm_crtc_accurate_vblank_count
In file included from /var/lib/dkms/amdgpu/5.6.5.24-1109583/build/ttm/backport/backport.h:9,
                 from <command-line>:
/var/lib/dkms/amdgpu/5.6.5.24-1109583/build/include/kcl/backport/kcl_drm_backport.h: In function ‘_kcl_drm_crtc_init_with_planes’:
/var/lib/dkms/amdgpu/5.6.5.24-1109583/build/include/kcl/backport/kcl_drm_backport.h:65:9: error: too few arguments to function ‘drm_crtc_init_with_planes’
   65 |  return drm_crtc_init_with_planes(dev, crtc, primary, cursor, funcs);
      |         ^~~~~~~~~~~~~~~~~~~~~~~~~
In file included from /var/lib/dkms/amdgpu/5.6.5.24-1109583/build/include/kcl/backport/kcl_drm_backport.h:5,
                 from /var/lib/dkms/amdgpu/5.6.5.24-1109583/build/ttm/backport/backport.h:9,
                 from <command-line>:
./include/drm/drm_crtc.h:1218:5: note: declared here
 1218 | int drm_crtc_init_with_planes(struct drm_device *dev,
      |     ^~~~~~~~~~~~~~~~~~~~~~~~~
In file included from /var/lib/dkms/amdgpu/5.6.5.24-1109583/build/ttm/backport/backport.h:9,
                 from <command-line>:
/var/lib/dkms/amdgpu/5.6.5.24-1109583/build/include/kcl/backport/kcl_drm_backport.h: In function ‘_kcl_drm_universal_plane_init’:
/var/lib/dkms/amdgpu/5.6.5.24-1109583/build/include/kcl/backport/kcl_drm_backport.h:84:28: error: incompatible type for argument 7 of ‘drm_universal_plane_init’
   84 |     formats, format_count, type);
      |                            ^~~~
      |                            |
      |                            enum drm_plane_type
In file included from ./include/drm/drm_crtc.h:45,
                 from /var/lib/dkms/amdgpu/5.6.5.24-1109583/build/include/kcl/backport/kcl_drm_backport.h:5,
                 from /var/lib/dkms/amdgpu/5.6.5.24-1109583/build/ttm/backport/backport.h:9,
                 from <command-line>:
./include/drm/drm_plane.h:756:25: note: expected ‘const uint64_t *’ {aka ‘const long long unsigned int *’} but argument is of type ‘enum drm_plane_type’
  756 |         const uint64_t *format_modifiers,
      |         ~~~~~~~~~~~~~~~~^~~~~~~~~~~~~~~~
In file included from /var/lib/dkms/amdgpu/5.6.5.24-1109583/build/ttm/backport/backport.h:9,
                 from <command-line>:
/var/lib/dkms/amdgpu/5.6.5.24-1109583/build/include/kcl/backport/kcl_drm_backport.h:83:9: error: too few arguments to function ‘drm_universal_plane_init’
   83 |  return drm_universal_plane_init(dev, plane, possible_crtcs, funcs,
      |         ^~~~~~~~~~~~~~~~~~~~~~~~
In file included from ./include/drm/drm_crtc.h:45,
                 from /var/lib/dkms/amdgpu/5.6.5.24-1109583/build/include/kcl/backport/kcl_drm_backport.h:5,
                 from /var/lib/dkms/amdgpu/5.6.5.24-1109583/build/ttm/backport/backport.h:9,
                 from <command-line>:
./include/drm/drm_plane.h:750:5: note: declared here
  750 | int drm_universal_plane_init(struct drm_device *dev,
      |     ^~~~~~~~~~~~~~~~~~~~~~~~
In file included from /var/lib/dkms/amdgpu/5.6.5.24-1109583/build/ttm/backport/backport.h:9,
                 from <command-line>:
/var/lib/dkms/amdgpu/5.6.5.24-1109583/build/include/kcl/backport/kcl_drm_backport.h: At top level:
/var/lib/dkms/amdgpu/5.6.5.24-1109583/build/include/kcl/backport/kcl_drm_backport.h:95:8: error: redefinition of ‘struct drm_format_name_buf’
   95 | struct drm_format_name_buf {
      |        ^~~~~~~~~~~~~~~~~~~
In file included from /var/lib/dkms/amdgpu/5.6.5.24-1109583/build/include/kcl/kcl_drm.h:15,
                 from /var/lib/dkms/amdgpu/5.6.5.24-1109583/build/include/kcl/backport/kcl_drm_backport.h:16,
                 from /var/lib/dkms/amdgpu/5.6.5.24-1109583/build/ttm/backport/backport.h:9,
                 from <command-line>:
./include/drm/drm_fourcc.h:142:8: note: originally defined here
  142 | struct drm_format_name_buf {
      |        ^~~~~~~~~~~~~~~~~~~
In file included from /var/lib/dkms/amdgpu/5.6.5.24-1109583/build/ttm/backport/backport.h:9,
                 from <command-line>:
/var/lib/dkms/amdgpu/5.6.5.24-1109583/build/include/kcl/backport/kcl_drm_backport.h: In function ‘_kcl_drm_gem_object_lookup’:
/var/lib/dkms/amdgpu/5.6.5.24-1109583/build/include/kcl/backport/kcl_drm_backport.h:161:49: warning: passing argument 2 of ‘drm_gem_object_lookup’ makes integer from pointer without a cast [-Wint-conversion]
  161 |  return drm_gem_object_lookup(filp->minor->dev, filp, handle);
      |                                                 ^~~~
      |                                                 |
      |                                                 struct drm_file *
In file included from /var/lib/dkms/amdgpu/5.6.5.24-1109583/build/include/kcl/backport/kcl_drm_backport.h:11,
                 from /var/lib/dkms/amdgpu/5.6.5.24-1109583/build/ttm/backport/backport.h:9,
                 from <command-line>:
./include/drm/drm_gem.h:405:24: note: expected ‘u32’ {aka ‘unsigned int’} but argument is of type ‘struct drm_file *’
  405 | struct drm_gem_object *drm_gem_object_lookup(struct drm_file *filp, u32 handle);
      |                        ^~~~~~~~~~~~~~~~~~~~~
In file included from /var/lib/dkms/amdgpu/5.6.5.24-1109583/build/ttm/backport/backport.h:9,
                 from <command-line>:
/var/lib/dkms/amdgpu/5.6.5.24-1109583/build/include/kcl/backport/kcl_drm_backport.h:161:9: error: too many arguments to function ‘drm_gem_object_lookup’
  161 |  return drm_gem_object_lookup(filp->minor->dev, filp, handle);
      |         ^~~~~~~~~~~~~~~~~~~~~
In file included from /var/lib/dkms/amdgpu/5.6.5.24-1109583/build/include/kcl/backport/kcl_drm_backport.h:11,
                 from /var/lib/dkms/amdgpu/5.6.5.24-1109583/build/ttm/backport/backport.h:9,
                 from <command-line>:
./include/drm/drm_gem.h:405:24: note: declared here
  405 | struct drm_gem_object *drm_gem_object_lookup(struct drm_file *filp, u32 handle);
      |                        ^~~~~~~~~~~~~~~~~~~~~
In file included from /var/lib/dkms/amdgpu/5.6.5.24-1109583/build/include/kcl/backport/kcl_drm_backport.h:16,
                 from /var/lib/dkms/amdgpu/5.6.5.24-1109583/build/ttm/backport/backport.h:9,
                 from <command-line>:
/var/lib/dkms/amdgpu/5.6.5.24-1109583/build/include/kcl/kcl_drm.h: In function ‘drm_dev_get’:
/var/lib/dkms/amdgpu/5.6.5.24-1109583/build/include/kcl/kcl_drm.h:263:2: error: implicit declaration of function ‘drm_dev_ref’; did you mean ‘drm_dev_get’? [-Werror=implicit-function-declaration]
  263 |  drm_dev_ref(dev);
      |  ^~~~~~~~~~~
      |  drm_dev_get
/var/lib/dkms/amdgpu/5.6.5.24-1109583/build/include/kcl/kcl_drm.h: At top level:
/var/lib/dkms/amdgpu/5.6.5.24-1109583/build/include/kcl/kcl_drm.h:266:20: error: static declaration of ‘drm_dev_put’ follows non-static declaration
  266 | static inline void drm_dev_put(struct drm_device *dev)
      |                    ^~~~~~~~~~~
In file included from /var/lib/dkms/amdgpu/5.6.5.24-1109583/build/include/kcl/header/kcl_drm_drv_h.h:6,
                 from /var/lib/dkms/amdgpu/5.6.5.24-1109583/build/include/kcl/kcl_drm.h:24,
                 from /var/lib/dkms/amdgpu/5.6.5.24-1109583/build/include/kcl/backport/kcl_drm_backport.h:16,
                 from /var/lib/dkms/amdgpu/5.6.5.24-1109583/build/ttm/backport/backport.h:9,
                 from <command-line>:
./include/drm/drm_drv.h:556:6: note: previous declaration of ‘drm_dev_put’ was here
  556 | void drm_dev_put(struct drm_device *dev);
      |      ^~~~~~~~~~~
In file included from /var/lib/dkms/amdgpu/5.6.5.24-1109583/build/ttm/backport/backport.h:11,
                 from <command-line>:
/var/lib/dkms/amdgpu/5.6.5.24-1109583/build/include/kcl/backport/kcl_highmem_backport.h: In function ‘_kcl_kmap_atomic’:
/var/lib/dkms/amdgpu/5.6.5.24-1109583/build/include/kcl/backport/kcl_highmem_backport.h:10:27: error: ‘KM_USER0’ undeclared (first use in this function)
   10 |  return kmap_atomic(page, KM_USER0);
      |                           ^~~~~~~~
/var/lib/dkms/amdgpu/5.6.5.24-1109583/build/include/kcl/backport/kcl_highmem_backport.h:10:27: note: each undeclared identifier is reported only once for each function it appears in
/var/lib/dkms/amdgpu/5.6.5.24-1109583/build/include/kcl/backport/kcl_highmem_backport.h:10:9: error: too many arguments to function ‘kmap_atomic’
   10 |  return kmap_atomic(page, KM_USER0);
      |         ^~~~~~~~~~~
In file included from ./include/linux/highmem.h:14,
                 from /var/lib/dkms/amdgpu/5.6.5.24-1109583/build/include/kcl/backport/kcl_highmem_backport.h:5,
                 from /var/lib/dkms/amdgpu/5.6.5.24-1109583/build/ttm/backport/backport.h:11,
                 from <command-line>:
./include/linux/highmem-internal.h:185:21: note: declared here
  185 | static inline void *kmap_atomic(struct page *page)
      |                     ^~~~~~~~~~~
In file included from /var/lib/dkms/amdgpu/5.6.5.24-1109583/build/include/kcl/backport/kcl_drm_backport.h:16,
                 from /var/lib/dkms/amdgpu/5.6.5.24-1109583/build/ttm/backport/backport.h:9,
                 from <command-line>:
/var/lib/dkms/amdgpu/5.6.5.24-1109583/build/include/kcl/kcl_drm.h: In function ‘drm_crtc_accurate_vblank_count’:
In file included from /var/lib/dkms/amdgpu/5.6.5.24-1109583/build/include/kcl/backport/kcl_drm_backport.h:16,
                 from /var/lib/dkms/amdgpu/5.6.5.24-1109583/build/scheduler/backport/backport.h:6,
                 from <command-line>:
/var/lib/dkms/amdgpu/5.6.5.24-1109583/build/include/kcl/kcl_drm.h: In function ‘drm_dev_put’:
In file included from /var/lib/dkms/amdgpu/5.6.5.24-1109583/build/ttm/backport/backport.h:11,
                 from <command-line>:
/var/lib/dkms/amdgpu/5.6.5.24-1109583/build/include/kcl/backport/kcl_highmem_backport.h: In function ‘_kcl_kunmap_atomic’:
/var/lib/dkms/amdgpu/5.6.5.24-1109583/build/include/kcl/kcl_drm.h:357:9: error: implicit declaration of function ‘drm_accurate_vblank_count’; did you mean ‘drm_crtc_accurate_vblank_count’? [-Werror=implicit-function-declaration]
  357 |  return drm_accurate_vblank_count(crtc);
      |         ^~~~~~~~~~~~~~~~~~~~~~~~~
      |         drm_crtc_accurate_vblank_count
/var/lib/dkms/amdgpu/5.6.5.24-1109583/build/include/kcl/backport/kcl_highmem_backport.h:14:30: error: macro "kunmap_atomic" passed 2 arguments, but takes just 1
   14 |  kunmap_atomic(addr, KM_USER0);
      |                              ^
/var/lib/dkms/amdgpu/5.6.5.24-1109583/build/include/kcl/kcl_drm.h:268:9: error: implicit declaration of function ‘drm_dev_unref’; did you mean ‘drm_dev_enter’? [-Werror=implicit-function-declaration]
  268 |  return drm_dev_unref(dev);
      |         ^~~~~~~~~~~~~
      |         drm_dev_enter
In file included from ./include/linux/highmem.h:14,
                 from /var/lib/dkms/amdgpu/5.6.5.24-1109583/build/include/kcl/backport/kcl_highmem_backport.h:5,
                 from /var/lib/dkms/amdgpu/5.6.5.24-1109583/build/ttm/backport/backport.h:11,
                 from <command-line>:
./include/linux/highmem-internal.h:220: note: macro "kunmap_atomic" defined here
  220 | #define kunmap_atomic(__addr)     \
      | 
/var/lib/dkms/amdgpu/5.6.5.24-1109583/build/include/kcl/kcl_drm.h:268:9: error: ‘return’ with a value, in function returning void [-Werror=return-type]
  268 |  return drm_dev_unref(dev);
      |         ^~~~~~~~~~~~~~~~~~
/var/lib/dkms/amdgpu/5.6.5.24-1109583/build/include/kcl/kcl_drm.h:266:20: note: declared here
  266 | static inline void drm_dev_put(struct drm_device *dev)
      |                    ^~~~~~~~~~~
/var/lib/dkms/amdgpu/5.6.5.24-1109583/build/include/kcl/kcl_drm.h: At top level:
/var/lib/dkms/amdgpu/5.6.5.24-1109583/build/include/kcl/kcl_drm.h:282:34: error: redefinition of ‘drm_debug_printer’
  282 | static inline struct drm_printer drm_debug_printer(const char *prefix)
      |                                  ^~~~~~~~~~~~~~~~~
In file included from ./include/drm/drm_mm.h:49,
                 from ./include/drm/drm_vma_manager.h:26,
                 from ./include/drm/drm_gem.h:40,
                 from /var/lib/dkms/amdgpu/5.6.5.24-1109583/build/include/kcl/backport/kcl_drm_backport.h:11,
                 from /var/lib/dkms/amdgpu/5.6.5.24-1109583/build/scheduler/backport/backport.h:6,
                 from <command-line>:
./include/drm/drm_print.h:227:34: note: previous definition of ‘drm_debug_printer’ was here
  227 | static inline struct drm_printer drm_debug_printer(const char *prefix)
      |                                  ^~~~~~~~~~~~~~~~~
In file included from /var/lib/dkms/amdgpu/5.6.5.24-1109583/build/ttm/backport/backport.h:9,
                 from <command-line>:
/var/lib/dkms/amdgpu/5.6.5.24-1109583/build/include/kcl/backport/kcl_drm_backport.h: In function ‘_kcl_drm_crtc_init_with_planes’:
/var/lib/dkms/amdgpu/5.6.5.24-1109583/build/include/kcl/backport/kcl_drm_backport.h:65:9: error: too few arguments to function ‘drm_crtc_init_with_planes’
   65 |  return drm_crtc_init_with_planes(dev, crtc, primary, cursor, funcs);
      |         ^~~~~~~~~~~~~~~~~~~~~~~~~
In file included from /var/lib/dkms/amdgpu/5.6.5.24-1109583/build/include/kcl/backport/kcl_drm_backport.h:5,
                 from /var/lib/dkms/amdgpu/5.6.5.24-1109583/build/ttm/backport/backport.h:9,
                 from <command-line>:
./include/drm/drm_crtc.h:1218:5: note: declared here
 1218 | int drm_crtc_init_with_planes(struct drm_device *dev,
      |     ^~~~~~~~~~~~~~~~~~~~~~~~~
In file included from /var/lib/dkms/amdgpu/5.6.5.24-1109583/build/ttm/backport/backport.h:9,
                 from <command-line>:
/var/lib/dkms/amdgpu/5.6.5.24-1109583/build/include/kcl/backport/kcl_drm_backport.h: In function ‘_kcl_drm_universal_plane_init’:
/var/lib/dkms/amdgpu/5.6.5.24-1109583/build/include/kcl/backport/kcl_drm_backport.h:84:28: error: incompatible type for argument 7 of ‘drm_universal_plane_init’
   84 |     formats, format_count, type);
      |                            ^~~~
      |                            |
      |                            enum drm_plane_type
In file included from ./include/drm/drm_crtc.h:45,
                 from /var/lib/dkms/amdgpu/5.6.5.24-1109583/build/include/kcl/backport/kcl_drm_backport.h:5,
                 from /var/lib/dkms/amdgpu/5.6.5.24-1109583/build/ttm/backport/backport.h:9,
                 from <command-line>:
./include/drm/drm_plane.h:756:25: note: expected ‘const uint64_t *’ {aka ‘const long long unsigned int *’} but argument is of type ‘enum drm_plane_type’
  756 |         const uint64_t *format_modifiers,
      |         ~~~~~~~~~~~~~~~~^~~~~~~~~~~~~~~~
In file included from /var/lib/dkms/amdgpu/5.6.5.24-1109583/build/ttm/backport/backport.h:9,
                 from <command-line>:
/var/lib/dkms/amdgpu/5.6.5.24-1109583/build/include/kcl/backport/kcl_drm_backport.h:83:9: error: too few arguments to function ‘drm_universal_plane_init’
   83 |  return drm_universal_plane_init(dev, plane, possible_crtcs, funcs,
      |         ^~~~~~~~~~~~~~~~~~~~~~~~
In file included from ./include/drm/drm_crtc.h:45,
                 from /var/lib/dkms/amdgpu/5.6.5.24-1109583/build/include/kcl/backport/kcl_drm_backport.h:5,
                 from /var/lib/dkms/amdgpu/5.6.5.24-1109583/build/ttm/backport/backport.h:9,
                 from <command-line>:
./include/drm/drm_plane.h:750:5: note: declared here
  750 | int drm_universal_plane_init(struct drm_device *dev,
      |     ^~~~~~~~~~~~~~~~~~~~~~~~
In file included from /var/lib/dkms/amdgpu/5.6.5.24-1109583/build/ttm/backport/backport.h:9,
                 from <command-line>:
/var/lib/dkms/amdgpu/5.6.5.24-1109583/build/include/kcl/backport/kcl_drm_backport.h: At top level:
/var/lib/dkms/amdgpu/5.6.5.24-1109583/build/include/kcl/backport/kcl_drm_backport.h:95:8: error: redefinition of ‘struct drm_format_name_buf’
   95 | struct drm_format_name_buf {
      |        ^~~~~~~~~~~~~~~~~~~
In file included from /var/lib/dkms/amdgpu/5.6.5.24-1109583/build/include/kcl/kcl_drm.h:15,
                 from /var/lib/dkms/amdgpu/5.6.5.24-1109583/build/include/kcl/backport/kcl_drm_backport.h:16,
                 from /var/lib/dkms/amdgpu/5.6.5.24-1109583/build/ttm/backport/backport.h:9,
                 from <command-line>:
./include/drm/drm_fourcc.h:142:8: note: originally defined here
  142 | struct drm_format_name_buf {
      |        ^~~~~~~~~~~~~~~~~~~
In file included from /var/lib/dkms/amdgpu/5.6.5.24-1109583/build/include/kcl/backport/kcl_drm_backport.h:16,
                 from /var/lib/dkms/amdgpu/5.6.5.24-1109583/build/scheduler/backport/backport.h:6,
                 from <command-line>:
/var/lib/dkms/amdgpu/5.6.5.24-1109583/build/include/kcl/kcl_drm.h: In function ‘drm_crtc_accurate_vblank_count’:
/var/lib/dkms/amdgpu/5.6.5.24-1109583/build/include/kcl/kcl_drm.h:357:9: error: implicit declaration of function ‘drm_accurate_vblank_count’; did you mean ‘drm_crtc_accurate_vblank_count’? [-Werror=implicit-function-declaration]
  357 |  return drm_accurate_vblank_count(crtc);
      |         ^~~~~~~~~~~~~~~~~~~~~~~~~
      |         drm_crtc_accurate_vblank_count
In file included from /var/lib/dkms/amdgpu/5.6.5.24-1109583/build/ttm/backport/backport.h:9,
                 from <command-line>:
/var/lib/dkms/amdgpu/5.6.5.24-1109583/build/include/kcl/backport/kcl_drm_backport.h: In function ‘_kcl_drm_gem_object_lookup’:
/var/lib/dkms/amdgpu/5.6.5.24-1109583/build/include/kcl/backport/kcl_drm_backport.h:161:49: warning: passing argument 2 of ‘drm_gem_object_lookup’ makes integer from pointer without a cast [-Wint-conversion]
  161 |  return drm_gem_object_lookup(filp->minor->dev, filp, handle);
      |                                                 ^~~~
      |                                                 |
      |                                                 struct drm_file *
In file included from /var/lib/dkms/amdgpu/5.6.5.24-1109583/build/include/kcl/backport/kcl_drm_backport.h:11,
                 from /var/lib/dkms/amdgpu/5.6.5.24-1109583/build/ttm/backport/backport.h:9,
                 from <command-line>:
./include/drm/drm_gem.h:405:24: note: expected ‘u32’ {aka ‘unsigned int’} but argument is of type ‘struct drm_file *’
  405 | struct drm_gem_object *drm_gem_object_lookup(struct drm_file *filp, u32 handle);
      |                        ^~~~~~~~~~~~~~~~~~~~~
In file included from /var/lib/dkms/amdgpu/5.6.5.24-1109583/build/scheduler/backport/backport.h:6,
                 from <command-line>:
/var/lib/dkms/amdgpu/5.6.5.24-1109583/build/include/kcl/backport/kcl_drm_backport.h: In function ‘_kcl_drm_crtc_init_with_planes’:
In file included from /var/lib/dkms/amdgpu/5.6.5.24-1109583/build/ttm/backport/backport.h:9,
                 from <command-line>:
/var/lib/dkms/amdgpu/5.6.5.24-1109583/build/include/kcl/backport/kcl_drm_backport.h:161:9: error: too many arguments to function ‘drm_gem_object_lookup’
  161 |  return drm_gem_object_lookup(filp->minor->dev, filp, handle);
      |         ^~~~~~~~~~~~~~~~~~~~~
/var/lib/dkms/amdgpu/5.6.5.24-1109583/build/include/kcl/backport/kcl_drm_backport.h:65:9: error: too few arguments to function ‘drm_crtc_init_with_planes’
   65 |  return drm_crtc_init_with_planes(dev, crtc, primary, cursor, funcs);
      |         ^~~~~~~~~~~~~~~~~~~~~~~~~
In file included from /var/lib/dkms/amdgpu/5.6.5.24-1109583/build/include/kcl/backport/kcl_drm_backport.h:11,
                 from /var/lib/dkms/amdgpu/5.6.5.24-1109583/build/ttm/backport/backport.h:9,
                 from <command-line>:
./include/drm/drm_gem.h:405:24: note: declared here
  405 | struct drm_gem_object *drm_gem_object_lookup(struct drm_file *filp, u32 handle);
      |                        ^~~~~~~~~~~~~~~~~~~~~
In file included from /var/lib/dkms/amdgpu/5.6.5.24-1109583/build/include/kcl/backport/kcl_drm_backport.h:5,
                 from /var/lib/dkms/amdgpu/5.6.5.24-1109583/build/scheduler/backport/backport.h:6,
                 from <command-line>:
./include/drm/drm_crtc.h:1218:5: note: declared here
 1218 | int drm_crtc_init_with_planes(struct drm_device *dev,
      |     ^~~~~~~~~~~~~~~~~~~~~~~~~
In file included from /var/lib/dkms/amdgpu/5.6.5.24-1109583/build/scheduler/backport/backport.h:6,
                 from <command-line>:
/var/lib/dkms/amdgpu/5.6.5.24-1109583/build/include/kcl/backport/kcl_drm_backport.h: In function ‘_kcl_drm_universal_plane_init’:
/var/lib/dkms/amdgpu/5.6.5.24-1109583/build/include/kcl/backport/kcl_drm_backport.h:84:28: error: incompatible type for argument 7 of ‘drm_universal_plane_init’
   84 |     formats, format_count, type);
      |                            ^~~~
      |                            |
      |                            enum drm_plane_type
In file included from ./include/drm/drm_crtc.h:45,
                 from /var/lib/dkms/amdgpu/5.6.5.24-1109583/build/include/kcl/backport/kcl_drm_backport.h:5,
                 from /var/lib/dkms/amdgpu/5.6.5.24-1109583/build/scheduler/backport/backport.h:6,
                 from <command-line>:
./include/drm/drm_plane.h:756:25: note: expected ‘const uint64_t *’ {aka ‘const long long unsigned int *’} but argument is of type ‘enum drm_plane_type’
  756 |         const uint64_t *format_modifiers,
      |         ~~~~~~~~~~~~~~~~^~~~~~~~~~~~~~~~
In file included from /var/lib/dkms/amdgpu/5.6.5.24-1109583/build/scheduler/backport/backport.h:6,
                 from <command-line>:
/var/lib/dkms/amdgpu/5.6.5.24-1109583/build/include/kcl/backport/kcl_drm_backport.h:83:9: error: too few arguments to function ‘drm_universal_plane_init’
   83 |  return drm_universal_plane_init(dev, plane, possible_crtcs, funcs,
      |         ^~~~~~~~~~~~~~~~~~~~~~~~
In file included from ./include/drm/drm_crtc.h:45,
                 from /var/lib/dkms/amdgpu/5.6.5.24-1109583/build/include/kcl/backport/kcl_drm_backport.h:5,
                 from /var/lib/dkms/amdgpu/5.6.5.24-1109583/build/scheduler/backport/backport.h:6,
                 from <command-line>:
./include/drm/drm_plane.h:750:5: note: declared here
  750 | int drm_universal_plane_init(struct drm_device *dev,
      |     ^~~~~~~~~~~~~~~~~~~~~~~~
In file included from /var/lib/dkms/amdgpu/5.6.5.24-1109583/build/scheduler/backport/backport.h:6,
                 from <command-line>:
/var/lib/dkms/amdgpu/5.6.5.24-1109583/build/include/kcl/backport/kcl_drm_backport.h: At top level:
/var/lib/dkms/amdgpu/5.6.5.24-1109583/build/include/kcl/backport/kcl_drm_backport.h:95:8: error: redefinition of ‘struct drm_format_name_buf’
   95 | struct drm_format_name_buf {
      |        ^~~~~~~~~~~~~~~~~~~
In file included from /var/lib/dkms/amdgpu/5.6.5.24-1109583/build/include/kcl/kcl_drm.h:15,
                 from /var/lib/dkms/amdgpu/5.6.5.24-1109583/build/include/kcl/backport/kcl_drm_backport.h:16,
                 from /var/lib/dkms/amdgpu/5.6.5.24-1109583/build/scheduler/backport/backport.h:6,
                 from <command-line>:
./include/drm/drm_fourcc.h:142:8: note: originally defined here
  142 | struct drm_format_name_buf {
      |        ^~~~~~~~~~~~~~~~~~~
In file included from /var/lib/dkms/amdgpu/5.6.5.24-1109583/build/scheduler/backport/backport.h:6,
                 from <command-line>:
/var/lib/dkms/amdgpu/5.6.5.24-1109583/build/include/kcl/backport/kcl_drm_backport.h: In function ‘_kcl_drm_gem_object_lookup’:
/var/lib/dkms/amdgpu/5.6.5.24-1109583/build/include/kcl/backport/kcl_drm_backport.h:161:35: error: dereferencing pointer to incomplete type ‘struct drm_file’
  161 |  return drm_gem_object_lookup(filp->minor->dev, filp, handle);
      |                                   ^~
/var/lib/dkms/amdgpu/5.6.5.24-1109583/build/include/kcl/backport/kcl_drm_backport.h:161:49: warning: passing argument 2 of ‘drm_gem_object_lookup’ makes integer from pointer without a cast [-Wint-conversion]
  161 |  return drm_gem_object_lookup(filp->minor->dev, filp, handle);
      |                                                 ^~~~
      |                                                 |
      |                                                 struct drm_file *
In file included from /var/lib/dkms/amdgpu/5.6.5.24-1109583/build/include/kcl/backport/kcl_drm_backport.h:11,
                 from /var/lib/dkms/amdgpu/5.6.5.24-1109583/build/scheduler/backport/backport.h:6,
                 from <command-line>:
./include/drm/drm_gem.h:405:24: note: expected ‘u32’ {aka ‘unsigned int’} but argument is of type ‘struct drm_file *’
  405 | struct drm_gem_object *drm_gem_object_lookup(struct drm_file *filp, u32 handle);
      |                        ^~~~~~~~~~~~~~~~~~~~~
In file included from /var/lib/dkms/amdgpu/5.6.5.24-1109583/build/scheduler/backport/backport.h:6,
                 from <command-line>:
/var/lib/dkms/amdgpu/5.6.5.24-1109583/build/include/kcl/backport/kcl_drm_backport.h:161:9: error: too many arguments to function ‘drm_gem_object_lookup’
  161 |  return drm_gem_object_lookup(filp->minor->dev, filp, handle);
      |         ^~~~~~~~~~~~~~~~~~~~~
In file included from /var/lib/dkms/amdgpu/5.6.5.24-1109583/build/include/kcl/backport/kcl_drm_backport.h:11,
                 from /var/lib/dkms/amdgpu/5.6.5.24-1109583/build/scheduler/backport/backport.h:6,
                 from <command-line>:
./include/drm/drm_gem.h:405:24: note: declared here
  405 | struct drm_gem_object *drm_gem_object_lookup(struct drm_file *filp, u32 handle);
      |                        ^~~~~~~~~~~~~~~~~~~~~
In file included from /var/lib/dkms/amdgpu/5.6.5.24-1109583/build/include/kcl/backport/kcl_drm_backport.h:16,
                 from /var/lib/dkms/amdgpu/5.6.5.24-1109583/build/ttm/backport/backport.h:9,
                 from <command-line>:
/var/lib/dkms/amdgpu/5.6.5.24-1109583/build/include/kcl/kcl_drm.h: In function ‘drm_dev_put’:
/var/lib/dkms/amdgpu/5.6.5.24-1109583/build/include/kcl/kcl_drm.h:268:9: error: implicit declaration of function ‘drm_dev_unref’; did you mean ‘drm_dev_enter’? [-Werror=implicit-function-declaration]
  268 |  return drm_dev_unref(dev);
      |         ^~~~~~~~~~~~~
      |         drm_dev_enter
/var/lib/dkms/amdgpu/5.6.5.24-1109583/build/include/kcl/kcl_drm.h:268:9: error: ‘return’ with a value, in function returning void [-Werror=return-type]
  268 |  return drm_dev_unref(dev);
      |         ^~~~~~~~~~~~~~~~~~
/var/lib/dkms/amdgpu/5.6.5.24-1109583/build/include/kcl/kcl_drm.h:266:20: note: declared here
  266 | static inline void drm_dev_put(struct drm_device *dev)
      |                    ^~~~~~~~~~~
/var/lib/dkms/amdgpu/5.6.5.24-1109583/build/include/kcl/kcl_drm.h: At top level:
/var/lib/dkms/amdgpu/5.6.5.24-1109583/build/include/kcl/kcl_drm.h:282:34: error: redefinition of ‘drm_debug_printer’
  282 | static inline struct drm_printer drm_debug_printer(const char *prefix)
      |                                  ^~~~~~~~~~~~~~~~~
In file included from ./include/drm/drm_mm.h:49,
                 from ./include/drm/drm_vma_manager.h:26,
                 from /var/lib/dkms/amdgpu/5.6.5.24-1109583/build/include/kcl/backport/kcl_drm_vma_manager_backport.h:9,
                 from /var/lib/dkms/amdgpu/5.6.5.24-1109583/build/ttm/backport/backport.h:7,
                 from <command-line>:
./include/drm/drm_print.h:227:34: note: previous definition of ‘drm_debug_printer’ was here
  227 | static inline struct drm_printer drm_debug_printer(const char *prefix)
      |                                  ^~~~~~~~~~~~~~~~~
In file included from /var/lib/dkms/amdgpu/5.6.5.24-1109583/build/ttm/backport/backport.h:11,
                 from <command-line>:
/var/lib/dkms/amdgpu/5.6.5.24-1109583/build/include/kcl/backport/kcl_highmem_backport.h:14:2: error: ‘kunmap_atomic’ undeclared (first use in this function); did you mean ‘kmap_atomic’?
   14 |  kunmap_atomic(addr, KM_USER0);
      |  ^~~~~~~~~~~~~
      |  kmap_atomic
In file included from /var/lib/dkms/amdgpu/5.6.5.24-1109583/build/ttm/backport/backport.h:13,
                 from <command-line>:
/var/lib/dkms/amdgpu/5.6.5.24-1109583/build/include/kcl/kcl_kref.h: At top level:
/var/lib/dkms/amdgpu/5.6.5.24-1109583/build/include/kcl/kcl_kref.h:8:28: error: redefinition of ‘kref_read’
    8 | static inline unsigned int kref_read(const struct kref *kref)
      |                            ^~~~~~~~~
In file included from ./include/linux/kobject.h:23,
                 from ./include/linux/energy_model.h:7,
                 from ./include/linux/device.h:16,
                 from ./include/drm/drm_print.h:32,
                 from ./include/drm/drm_mm.h:49,
                 from ./include/drm/drm_vma_manager.h:26,
                 from /var/lib/dkms/amdgpu/5.6.5.24-1109583/build/include/kcl/backport/kcl_drm_vma_manager_backport.h:9,
                 from /var/lib/dkms/amdgpu/5.6.5.24-1109583/build/ttm/backport/backport.h:7,
                 from <command-line>:
./include/linux/kref.h:34:28: note: previous definition of ‘kref_read’ was here
   34 | static inline unsigned int kref_read(const struct kref *kref)
      |                            ^~~~~~~~~
In file included from /var/lib/dkms/amdgpu/5.6.5.24-1109583/build/ttm/backport/backport.h:13,
                 from <command-line>:
/var/lib/dkms/amdgpu/5.6.5.24-1109583/build/include/kcl/kcl_kref.h: In function ‘kref_read’:
/var/lib/dkms/amdgpu/5.6.5.24-1109583/build/include/kcl/kcl_kref.h:10:21: error: passing argument 1 of ‘atomic_read’ from incompatible pointer type [-Werror=incompatible-pointer-types]
   10 |  return atomic_read(&kref->refcount);
      |                     ^~~~~~~~~~~~~~~
      |                     |
      |                     const refcount_t * {aka const struct refcount_struct *}
In file included from ./include/linux/atomic.h:82,
                 from ./include/linux/rcupdate.h:25,
                 from ./include/linux/rbtree.h:22,
                 from ./include/drm/drm_mm.h:41,
                 from ./include/drm/drm_vma_manager.h:26,
                 from /var/lib/dkms/amdgpu/5.6.5.24-1109583/build/include/kcl/backport/kcl_drm_vma_manager_backport.h:9,
                 from /var/lib/dkms/amdgpu/5.6.5.24-1109583/build/ttm/backport/backport.h:7,
                 from <command-line>:
./include/asm-generic/atomic-instrumented.h:25:29: note: expected ‘const atomic_t *’ {aka ‘const struct <anonymous> *’} but argument is of type ‘const refcount_t *’ {aka ‘const struct refcount_struct *’}
   25 | atomic_read(const atomic_t *v)
      |             ~~~~~~~~~~~~~~~~^
In file included from /var/lib/dkms/amdgpu/5.6.5.24-1109583/build/ttm/backport/backport.h:14,
                 from <command-line>:
/var/lib/dkms/amdgpu/5.6.5.24-1109583/build/include/kcl/kcl_list.h: At top level:
/var/lib/dkms/amdgpu/5.6.5.24-1109583/build/include/kcl/kcl_list.h:7:20: error: redefinition of ‘list_bulk_move_tail’
    7 | static inline void list_bulk_move_tail(struct list_head *head,
      |                    ^~~~~~~~~~~~~~~~~~~
In file included from ./include/linux/preempt.h:11,
                 from ./include/linux/rcupdate.h:27,
                 from ./include/linux/rbtree.h:22,
                 from ./include/drm/drm_mm.h:41,
                 from ./include/drm/drm_vma_manager.h:26,
                 from /var/lib/dkms/amdgpu/5.6.5.24-1109583/build/include/kcl/backport/kcl_drm_vma_manager_backport.h:9,
                 from /var/lib/dkms/amdgpu/5.6.5.24-1109583/build/ttm/backport/backport.h:7,
                 from <command-line>:
./include/linux/list.h:240:20: note: previous definition of ‘list_bulk_move_tail’ was here
  240 | static inline void list_bulk_move_tail(struct list_head *head,
      |                    ^~~~~~~~~~~~~~~~~~~
In file included from /var/lib/dkms/amdgpu/5.6.5.24-1109583/build/ttm/backport/backport.h:14,
                 from <command-line>:
/var/lib/dkms/amdgpu/5.6.5.24-1109583/build/include/kcl/kcl_list.h:24:20: error: redefinition of ‘list_rotate_to_front’
   24 | static inline void list_rotate_to_front(struct list_head *list,
      |                    ^~~~~~~~~~~~~~~~~~~~
In file included from ./include/linux/preempt.h:11,
                 from ./include/linux/rcupdate.h:27,
                 from ./include/linux/rbtree.h:22,
                 from ./include/drm/drm_mm.h:41,
                 from ./include/drm/drm_vma_manager.h:26,
                 from /var/lib/dkms/amdgpu/5.6.5.24-1109583/build/include/kcl/backport/kcl_drm_vma_manager_backport.h:9,
                 from /var/lib/dkms/amdgpu/5.6.5.24-1109583/build/ttm/backport/backport.h:7,
                 from <command-line>:
./include/linux/list.h:343:20: note: previous definition of ‘list_rotate_to_front’ was here
  343 | static inline void list_rotate_to_front(struct list_head *list,
      |                    ^~~~~~~~~~~~~~~~~~~~
In file included from /var/lib/dkms/amdgpu/5.6.5.24-1109583/build/ttm/backport/backport.h:14,
                 from <command-line>:
/var/lib/dkms/amdgpu/5.6.5.24-1109583/build/include/kcl/kcl_list.h:33:19: error: redefinition of ‘list_is_first’
   33 | static inline int list_is_first(const struct list_head *list,
      |                   ^~~~~~~~~~~~~
In file included from ./include/linux/preempt.h:11,
                 from ./include/linux/rcupdate.h:27,
                 from ./include/linux/rbtree.h:22,
                 from ./include/drm/drm_mm.h:41,
                 from ./include/drm/drm_vma_manager.h:26,
                 from /var/lib/dkms/amdgpu/5.6.5.24-1109583/build/include/kcl/backport/kcl_drm_vma_manager_backport.h:9,
                 from /var/lib/dkms/amdgpu/5.6.5.24-1109583/build/ttm/backport/backport.h:7,
                 from <command-line>:
./include/linux/list.h:259:19: note: previous definition of ‘list_is_first’ was here
  259 | static inline int list_is_first(const struct list_head *list,
      |                   ^~~~~~~~~~~~~
In file included from /var/lib/dkms/amdgpu/5.6.5.24-1109583/build/ttm/backport/backport.h:11,
                 from <command-line>:
/var/lib/dkms/amdgpu/5.6.5.24-1109583/build/include/kcl/backport/kcl_highmem_backport.h: In function ‘_kcl_kmap_atomic’:
/var/lib/dkms/amdgpu/5.6.5.24-1109583/build/include/kcl/backport/kcl_highmem_backport.h:10:27: error: ‘KM_USER0’ undeclared (first use in this function)
   10 |  return kmap_atomic(page, KM_USER0);
      |                           ^~~~~~~~
/var/lib/dkms/amdgpu/5.6.5.24-1109583/build/include/kcl/backport/kcl_highmem_backport.h:10:27: note: each undeclared identifier is reported only once for each function it appears in
/var/lib/dkms/amdgpu/5.6.5.24-1109583/build/include/kcl/backport/kcl_highmem_backport.h:10:9: error: too many arguments to function ‘kmap_atomic’
   10 |  return kmap_atomic(page, KM_USER0);
      |         ^~~~~~~~~~~
In file included from ./include/linux/highmem.h:14,
                 from /var/lib/dkms/amdgpu/5.6.5.24-1109583/build/include/kcl/backport/kcl_highmem_backport.h:5,
                 from /var/lib/dkms/amdgpu/5.6.5.24-1109583/build/ttm/backport/backport.h:11,
                 from <command-line>:
./include/linux/highmem-internal.h:185:21: note: declared here
  185 | static inline void *kmap_atomic(struct page *page)
      |                     ^~~~~~~~~~~
In file included from /var/lib/dkms/amdgpu/5.6.5.24-1109583/build/ttm/backport/backport.h:11,
                 from <command-line>:
/var/lib/dkms/amdgpu/5.6.5.24-1109583/build/include/kcl/backport/kcl_highmem_backport.h: In function ‘_kcl_kunmap_atomic’:
/var/lib/dkms/amdgpu/5.6.5.24-1109583/build/include/kcl/backport/kcl_highmem_backport.h:14:30: error: macro "kunmap_atomic" passed 2 arguments, but takes just 1
   14 |  kunmap_atomic(addr, KM_USER0);
      |                              ^
In file included from ./include/linux/highmem.h:14,
                 from /var/lib/dkms/amdgpu/5.6.5.24-1109583/build/include/kcl/backport/kcl_highmem_backport.h:5,
                 from /var/lib/dkms/amdgpu/5.6.5.24-1109583/build/ttm/backport/backport.h:11,
                 from <command-line>:
./include/linux/highmem-internal.h:220: note: macro "kunmap_atomic" defined here
  220 | #define kunmap_atomic(__addr)     \
      | 
In file included from /var/lib/dkms/amdgpu/5.6.5.24-1109583/build/include/kcl/kcl_mm.h:15,
                 from /var/lib/dkms/amdgpu/5.6.5.24-1109583/build/include/kcl/backport/kcl_mm_backport.h:4,
                 from /var/lib/dkms/amdgpu/5.6.5.24-1109583/build/ttm/backport/backport.h:15,
                 from <command-line>:
/var/lib/dkms/amdgpu/5.6.5.24-1109583/build/include/kcl/kcl_mm_types.h:11:3: error: conflicting types for ‘pfn_t’
   11 | } pfn_t;
      |   ^~~~~
In file included from ./include/asm-generic/memory_model.h:5,
                 from ./arch/x86/include/asm/page.h:76,
                 from ./arch/x86/include/asm/thread_info.h:12,
                 from ./include/linux/thread_info.h:59,
                 from ./arch/x86/include/asm/preempt.h:7,
                 from ./include/linux/preempt.h:78,
                 from ./include/linux/rcupdate.h:27,
                 from ./include/linux/rbtree.h:22,
                 from ./include/drm/drm_mm.h:41,
                 from ./include/drm/drm_vma_manager.h:26,
                 from /var/lib/dkms/amdgpu/5.6.5.24-1109583/build/include/kcl/backport/kcl_drm_vma_manager_backport.h:9,
                 from /var/lib/dkms/amdgpu/5.6.5.24-1109583/build/ttm/backport/backport.h:7,
                 from <command-line>:
./include/linux/pfn.h:15:3: note: previous declaration of ‘pfn_t’ was here
   15 | } pfn_t;
      |   ^~~~~
In file included from /var/lib/dkms/amdgpu/5.6.5.24-1109583/build/include/kcl/kcl_mm.h:15,
                 from /var/lib/dkms/amdgpu/5.6.5.24-1109583/build/include/kcl/backport/kcl_mm_backport.h:4,
                 from /var/lib/dkms/amdgpu/5.6.5.24-1109583/build/ttm/backport/backport.h:15,
                 from <command-line>:
/var/lib/dkms/amdgpu/5.6.5.24-1109583/build/include/kcl/kcl_mm_types.h:34:13: error: conflicting types for ‘vm_fault_t’
   34 | typedef int vm_fault_t;
      |             ^~~~~~~~~~
In file included from ./include/drm/drm_mm.h:43,
                 from ./include/drm/drm_vma_manager.h:26,
                 from /var/lib/dkms/amdgpu/5.6.5.24-1109583/build/include/kcl/backport/kcl_drm_vma_manager_backport.h:9,
                 from /var/lib/dkms/amdgpu/5.6.5.24-1109583/build/ttm/backport/backport.h:7,
                 from <command-line>:
./include/linux/mm_types.h:690:32: note: previous declaration of ‘vm_fault_t’ was here
  690 | typedef __bitwise unsigned int vm_fault_t;
      |                                ^~~~~~~~~~
In file included from /var/lib/dkms/amdgpu/5.6.5.24-1109583/build/include/kcl/backport/kcl_mm_backport.h:4,
                 from /var/lib/dkms/amdgpu/5.6.5.24-1109583/build/ttm/backport/backport.h:15,
                 from <command-line>:
/var/lib/dkms/amdgpu/5.6.5.24-1109583/build/include/kcl/kcl_mm.h:22:21: error: redefinition of ‘kvmalloc’
   22 | static inline void *kvmalloc(size_t size, gfp_t flags)
      |                     ^~~~~~~~
In file included from ./include/drm/drm_vma_manager.h:27,
                 from /var/lib/dkms/amdgpu/5.6.5.24-1109583/build/include/kcl/backport/kcl_drm_vma_manager_backport.h:9,
                 from /var/lib/dkms/amdgpu/5.6.5.24-1109583/build/ttm/backport/backport.h:7,
                 from <command-line>:
./include/linux/mm.h:779:21: note: previous definition of ‘kvmalloc’ was here
  779 | static inline void *kvmalloc(size_t size, gfp_t flags)
      |                     ^~~~~~~~
In file included from /var/lib/dkms/amdgpu/5.6.5.24-1109583/build/include/kcl/backport/kcl_mm_backport.h:4,
                 from /var/lib/dkms/amdgpu/5.6.5.24-1109583/build/ttm/backport/backport.h:15,
                 from <command-line>:
/var/lib/dkms/amdgpu/5.6.5.24-1109583/build/include/kcl/kcl_mm.h: In function ‘kvmalloc’:
/var/lib/dkms/amdgpu/5.6.5.24-1109583/build/include/kcl/kcl_mm.h:27:9: error: too many arguments to function ‘__vmalloc’
   27 |   out = __vmalloc(size, flags, PAGE_KERNEL);
      |         ^~~~~~~~~
In file included from ./include/asm-generic/io.h:911,
                 from ./arch/x86/include/asm/io.h:375,
                 from ./include/linux/scatterlist.h:9,
                 from ./include/linux/dma-mapping.h:10,
                 from /var/lib/dkms/amdgpu/5.6.5.24-1109583/build/include/kcl/kcl_dma_mapping.h:5,
                 from /var/lib/dkms/amdgpu/5.6.5.24-1109583/build/ttm/backport/backport.h:8,
                 from <command-line>:
./include/linux/vmalloc.h:105:14: note: declared here
  105 | extern void *__vmalloc(unsigned long size, gfp_t gfp_mask);
      |              ^~~~~~~~~
In file included from /var/lib/dkms/amdgpu/5.6.5.24-1109583/build/include/kcl/backport/kcl_mm_backport.h:4,
                 from /var/lib/dkms/amdgpu/5.6.5.24-1109583/build/ttm/backport/backport.h:15,
                 from <command-line>:
/var/lib/dkms/amdgpu/5.6.5.24-1109583/build/include/kcl/kcl_mm.h: At top level:
/var/lib/dkms/amdgpu/5.6.5.24-1109583/build/include/kcl/kcl_mm.h:32:21: error: redefinition of ‘kvzalloc’
   32 | static inline void *kvzalloc(size_t size, gfp_t flags)
      |                     ^~~~~~~~
In file included from ./include/drm/drm_vma_manager.h:27,
                 from /var/lib/dkms/amdgpu/5.6.5.24-1109583/build/include/kcl/backport/kcl_drm_vma_manager_backport.h:9,
                 from /var/lib/dkms/amdgpu/5.6.5.24-1109583/build/ttm/backport/backport.h:7,
                 from <command-line>:
./include/linux/mm.h:787:21: note: previous definition of ‘kvzalloc’ was here
  787 | static inline void *kvzalloc(size_t size, gfp_t flags)
      |                     ^~~~~~~~
In file included from /var/lib/dkms/amdgpu/5.6.5.24-1109583/build/include/kcl/backport/kcl_mm_backport.h:4,
                 from /var/lib/dkms/amdgpu/5.6.5.24-1109583/build/ttm/backport/backport.h:15,
                 from <command-line>:
/var/lib/dkms/amdgpu/5.6.5.24-1109583/build/include/kcl/kcl_mm.h:45:20: error: static declaration of ‘kvfree’ follows non-static declaration
   45 | static inline void kvfree(const void *addr)
      |                    ^~~~~~
In file included from ./include/drm/drm_vma_manager.h:27,
                 from /var/lib/dkms/amdgpu/5.6.5.24-1109583/build/include/kcl/backport/kcl_drm_vma_manager_backport.h:9,
                 from /var/lib/dkms/amdgpu/5.6.5.24-1109583/build/ttm/backport/backport.h:7,
                 from <command-line>:
./include/linux/mm.h:807:13: note: previous declaration of ‘kvfree’ was here
  807 | extern void kvfree(const void *addr);
      |             ^~~~~~
In file included from /var/lib/dkms/amdgpu/5.6.5.24-1109583/build/include/kcl/backport/kcl_mm_backport.h:4,
                 from /var/lib/dkms/amdgpu/5.6.5.24-1109583/build/ttm/backport/backport.h:15,
                 from <command-line>:
/var/lib/dkms/amdgpu/5.6.5.24-1109583/build/include/kcl/kcl_mm.h:65:21: error: redefinition of ‘kvmalloc_array’
   65 | static inline void *kvmalloc_array(size_t n, size_t size, gfp_t flags)
      |                     ^~~~~~~~~~~~~~
In file included from ./include/drm/drm_vma_manager.h:27,
                 from /var/lib/dkms/amdgpu/5.6.5.24-1109583/build/include/kcl/backport/kcl_drm_vma_manager_backport.h:9,
                 from /var/lib/dkms/amdgpu/5.6.5.24-1109583/build/ttm/backport/backport.h:7,
                 from <command-line>:
./include/linux/mm.h:792:21: note: previous definition of ‘kvmalloc_array’ was here
  792 | static inline void *kvmalloc_array(size_t n, size_t size, gfp_t flags)
      |                     ^~~~~~~~~~~~~~
In file included from /var/lib/dkms/amdgpu/5.6.5.24-1109583/build/include/kcl/backport/kcl_mm_backport.h:4,
                 from /var/lib/dkms/amdgpu/5.6.5.24-1109583/build/ttm/backport/backport.h:15,
                 from <command-line>:
/var/lib/dkms/amdgpu/5.6.5.24-1109583/build/include/kcl/kcl_mm.h:78:21: error: redefinition of ‘kvcalloc’
   78 | static inline void *kvcalloc(size_t n, size_t size, gfp_t flags)
      |                     ^~~~~~~~
In file included from ./include/drm/drm_vma_manager.h:27,
                 from /var/lib/dkms/amdgpu/5.6.5.24-1109583/build/include/kcl/backport/kcl_drm_vma_manager_backport.h:9,
                 from /var/lib/dkms/amdgpu/5.6.5.24-1109583/build/ttm/backport/backport.h:7,
                 from <command-line>:
./include/linux/mm.h:802:21: note: previous definition of ‘kvcalloc’ was here
  802 | static inline void *kvcalloc(size_t n, size_t size, gfp_t flags)
      |                     ^~~~~~~~
In file included from /var/lib/dkms/amdgpu/5.6.5.24-1109583/build/include/kcl/backport/kcl_mm_backport.h:4,
                 from /var/lib/dkms/amdgpu/5.6.5.24-1109583/build/ttm/backport/backport.h:15,
                 from <command-line>:
/var/lib/dkms/amdgpu/5.6.5.24-1109583/build/include/kcl/kcl_mm.h:85:20: error: redefinition of ‘mmgrab’
   85 | static inline void mmgrab(struct mm_struct *mm)
      |                    ^~~~~~
In file included from /var/lib/dkms/amdgpu/5.6.5.24-1109583/build/include/kcl/header/kcl_sched_mm_h.h:6,
                 from /var/lib/dkms/amdgpu/5.6.5.24-1109583/build/include/kcl/kcl_mm.h:5,
                 from /var/lib/dkms/amdgpu/5.6.5.24-1109583/build/include/kcl/backport/kcl_mm_backport.h:4,
                 from /var/lib/dkms/amdgpu/5.6.5.24-1109583/build/ttm/backport/backport.h:15,
                 from <command-line>:
./include/linux/sched/mm.h:34:20: note: previous definition of ‘mmgrab’ was here
   34 | static inline void mmgrab(struct mm_struct *mm)
      |                    ^~~~~~
In file included from /var/lib/dkms/amdgpu/5.6.5.24-1109583/build/include/kcl/backport/kcl_mm_backport.h:4,
                 from /var/lib/dkms/amdgpu/5.6.5.24-1109583/build/ttm/backport/backport.h:15,
                 from <command-line>:
/var/lib/dkms/amdgpu/5.6.5.24-1109583/build/include/kcl/kcl_mm.h:96:28: error: redefinition of ‘memalloc_nofs_save’
   96 | static inline unsigned int memalloc_nofs_save(void)
      |                            ^~~~~~~~~~~~~~~~~~
In file included from /var/lib/dkms/amdgpu/5.6.5.24-1109583/build/include/kcl/header/kcl_sched_mm_h.h:6,
                 from /var/lib/dkms/amdgpu/5.6.5.24-1109583/build/include/kcl/kcl_mm.h:5,
                 from /var/lib/dkms/amdgpu/5.6.5.24-1109583/build/include/kcl/backport/kcl_mm_backport.h:4,
                 from /var/lib/dkms/amdgpu/5.6.5.24-1109583/build/ttm/backport/backport.h:15,
                 from <command-line>:
./include/linux/sched/mm.h:242:28: note: previous definition of ‘memalloc_nofs_save’ was here
  242 | static inline unsigned int memalloc_nofs_save(void)
      |                            ^~~~~~~~~~~~~~~~~~
In file included from /var/lib/dkms/amdgpu/5.6.5.24-1109583/build/include/kcl/backport/kcl_mm_backport.h:4,
                 from /var/lib/dkms/amdgpu/5.6.5.24-1109583/build/ttm/backport/backport.h:15,
                 from <command-line>:
/var/lib/dkms/amdgpu/5.6.5.24-1109583/build/include/kcl/kcl_mm.h:101:20: error: redefinition of ‘memalloc_nofs_restore’
  101 | static inline void memalloc_nofs_restore(unsigned int flags)
      |                    ^~~~~~~~~~~~~~~~~~~~~
In file included from /var/lib/dkms/amdgpu/5.6.5.24-1109583/build/include/kcl/header/kcl_sched_mm_h.h:6,
                 from /var/lib/dkms/amdgpu/5.6.5.24-1109583/build/include/kcl/kcl_mm.h:5,
                 from /var/lib/dkms/amdgpu/5.6.5.24-1109583/build/include/kcl/backport/kcl_mm_backport.h:4,
                 from /var/lib/dkms/amdgpu/5.6.5.24-1109583/build/ttm/backport/backport.h:15,
                 from <command-line>:
./include/linux/sched/mm.h:257:20: note: previous definition of ‘memalloc_nofs_restore’ was here
  257 | static inline void memalloc_nofs_restore(unsigned int flags)
      |                    ^~~~~~~~~~~~~~~~~~~~~
In file included from /var/lib/dkms/amdgpu/5.6.5.24-1109583/build/include/kcl/backport/kcl_mm_backport.h:4,
                 from /var/lib/dkms/amdgpu/5.6.5.24-1109583/build/ttm/backport/backport.h:15,
                 from <command-line>:
/var/lib/dkms/amdgpu/5.6.5.24-1109583/build/include/kcl/kcl_mm.h: In function ‘kcl_get_user_pages’:
/var/lib/dkms/amdgpu/5.6.5.24-1109583/build/include/kcl/kcl_mm.h:136:24: warning: passing argument 1 of ‘get_user_pages’ makes integer from pointer without a cast [-Wint-conversion]
  136 |  return get_user_pages(tsk, mm, start, nr_pages,
      |                        ^~~
      |                        |
      |                        struct task_struct *
In file included from ./include/drm/drm_vma_manager.h:27,
                 from /var/lib/dkms/amdgpu/5.6.5.24-1109583/build/include/kcl/backport/kcl_drm_vma_manager_backport.h:9,
                 from /var/lib/dkms/amdgpu/5.6.5.24-1109583/build/ttm/backport/backport.h:7,
                 from <command-line>:
./include/linux/mm.h:1769:35: note: expected ‘long unsigned int’ but argument is of type ‘struct task_struct *’
 1769 | long get_user_pages(unsigned long start, unsigned long nr_pages,
      |                     ~~~~~~~~~~~~~~^~~~~
In file included from /var/lib/dkms/amdgpu/5.6.5.24-1109583/build/include/kcl/backport/kcl_mm_backport.h:4,
                 from /var/lib/dkms/amdgpu/5.6.5.24-1109583/build/ttm/backport/backport.h:15,
                 from <command-line>:
/var/lib/dkms/amdgpu/5.6.5.24-1109583/build/include/kcl/kcl_mm.h:136:29: warning: passing argument 2 of ‘get_user_pages’ makes integer from pointer without a cast [-Wint-conversion]
  136 |  return get_user_pages(tsk, mm, start, nr_pages,
      |                             ^~
      |                             |
      |                             struct mm_struct *
In file included from ./include/drm/drm_vma_manager.h:27,
                 from /var/lib/dkms/amdgpu/5.6.5.24-1109583/build/include/kcl/backport/kcl_drm_vma_manager_backport.h:9,
                 from /var/lib/dkms/amdgpu/5.6.5.24-1109583/build/ttm/backport/backport.h:7,
                 from <command-line>:
./include/linux/mm.h:1769:56: note: expected ‘long unsigned int’ but argument is of type ‘struct mm_struct *’
 1769 | long get_user_pages(unsigned long start, unsigned long nr_pages,
      |                                          ~~~~~~~~~~~~~~^~~~~~~~
In file included from /var/lib/dkms/amdgpu/5.6.5.24-1109583/build/include/kcl/backport/kcl_mm_backport.h:4,
                 from /var/lib/dkms/amdgpu/5.6.5.24-1109583/build/ttm/backport/backport.h:15,
                 from <command-line>:
/var/lib/dkms/amdgpu/5.6.5.24-1109583/build/include/kcl/kcl_mm.h:136:40: warning: passing argument 4 of ‘get_user_pages’ makes pointer from integer without a cast [-Wint-conversion]
  136 |  return get_user_pages(tsk, mm, start, nr_pages,
      |                                        ^~~~~~~~
      |                                        |
      |                                        long unsigned int
In file included from ./include/drm/drm_vma_manager.h:27,
                 from /var/lib/dkms/amdgpu/5.6.5.24-1109583/build/include/kcl/backport/kcl_drm_vma_manager_backport.h:9,
                 from /var/lib/dkms/amdgpu/5.6.5.24-1109583/build/ttm/backport/backport.h:7,
                 from <command-line>:
./include/linux/mm.h:1770:46: note: expected ‘struct page **’ but argument is of type ‘long unsigned int’
 1770 |        unsigned int gup_flags, struct page **pages,
      |                                ~~~~~~~~~~~~~~^~~~~
In file included from /var/lib/dkms/amdgpu/5.6.5.24-1109583/build/include/kcl/backport/kcl_mm_backport.h:4,
                 from /var/lib/dkms/amdgpu/5.6.5.24-1109583/build/ttm/backport/backport.h:15,
                 from <command-line>:
/var/lib/dkms/amdgpu/5.6.5.24-1109583/build/include/kcl/kcl_mm.h:137:4: warning: passing argument 5 of ‘get_user_pages’ makes pointer from integer without a cast [-Wint-conversion]
  137 |    write, force, pages, vmas);
      |    ^~~~~
      |    |
      |    int
In file included from ./include/drm/drm_vma_manager.h:27,
                 from /var/lib/dkms/amdgpu/5.6.5.24-1109583/build/include/kcl/backport/kcl_drm_vma_manager_backport.h:9,
                 from /var/lib/dkms/amdgpu/5.6.5.24-1109583/build/ttm/backport/backport.h:7,
                 from <command-line>:
./include/linux/mm.h:1771:32: note: expected ‘struct vm_area_struct **’ but argument is of type ‘int’
 1771 |        struct vm_area_struct **vmas);
      |        ~~~~~~~~~~~~~~~~~~~~~~~~^~~~
In file included from /var/lib/dkms/amdgpu/5.6.5.24-1109583/build/include/kcl/backport/kcl_mm_backport.h:4,
                 from /var/lib/dkms/amdgpu/5.6.5.24-1109583/build/ttm/backport/backport.h:15,
                 from <command-line>:
/var/lib/dkms/amdgpu/5.6.5.24-1109583/build/include/kcl/kcl_mm.h:136:9: error: too many arguments to function ‘get_user_pages’
  136 |  return get_user_pages(tsk, mm, start, nr_pages,
      |         ^~~~~~~~~~~~~~
In file included from ./include/drm/drm_vma_manager.h:27,
                 from /var/lib/dkms/amdgpu/5.6.5.24-1109583/build/include/kcl/backport/kcl_drm_vma_manager_backport.h:9,
                 from /var/lib/dkms/amdgpu/5.6.5.24-1109583/build/ttm/backport/backport.h:7,
                 from <command-line>:
./include/linux/mm.h:1769:6: note: declared here
 1769 | long get_user_pages(unsigned long start, unsigned long nr_pages,
      |      ^~~~~~~~~~~~~~
In file included from /var/lib/dkms/amdgpu/5.6.5.24-1109583/build/include/kcl/backport/kcl_mm_backport.h:4,
                 from /var/lib/dkms/amdgpu/5.6.5.24-1109583/build/ttm/backport/backport.h:15,
                 from <command-line>:
/var/lib/dkms/amdgpu/5.6.5.24-1109583/build/include/kcl/kcl_mm.h: At top level:
/var/lib/dkms/amdgpu/5.6.5.24-1109583/build/include/kcl/kcl_mm.h:142:29: error: redefinition of ‘zone_managed_pages’
  142 | static inline unsigned long zone_managed_pages(struct zone *zone)
      |                             ^~~~~~~~~~~~~~~~~~
In file included from ./include/linux/gfp.h:6,
                 from ./include/linux/xarray.h:14,
                 from ./include/linux/radix-tree.h:19,
                 from ./include/linux/fs.h:15,
                 from ./include/linux/seq_file.h:11,
                 from ./include/drm/drm_print.h:31,
                 from ./include/drm/drm_mm.h:49,
                 from ./include/drm/drm_vma_manager.h:26,
                 from /var/lib/dkms/amdgpu/5.6.5.24-1109583/build/include/kcl/backport/kcl_drm_vma_manager_backport.h:9,
                 from /var/lib/dkms/amdgpu/5.6.5.24-1109583/build/ttm/backport/backport.h:7,
                 from <command-line>:
./include/linux/mmzone.h:602:29: note: previous definition of ‘zone_managed_pages’ was here
  602 | static inline unsigned long zone_managed_pages(struct zone *zone)
      |                             ^~~~~~~~~~~~~~~~~~
In file included from /var/lib/dkms/amdgpu/5.6.5.24-1109583/build/include/kcl/backport/kcl_mm_backport.h:4,
                 from /var/lib/dkms/amdgpu/5.6.5.24-1109583/build/ttm/backport/backport.h:15,
                 from <command-line>:
/var/lib/dkms/amdgpu/5.6.5.24-1109583/build/include/kcl/kcl_mm.h:155:26: error: conflicting types for ‘vmf_insert_mixed’
  155 | static inline vm_fault_t vmf_insert_mixed(struct vm_area_struct *vma,
      |                          ^~~~~~~~~~~~~~~~
In file included from ./include/drm/drm_vma_manager.h:27,
                 from /var/lib/dkms/amdgpu/5.6.5.24-1109583/build/include/kcl/backport/kcl_drm_vma_manager_backport.h:9,
                 from /var/lib/dkms/amdgpu/5.6.5.24-1109583/build/ttm/backport/backport.h:7,
                 from <command-line>:
./include/linux/mm.h:2780:12: note: previous declaration of ‘vmf_insert_mixed’ was here
 2780 | vm_fault_t vmf_insert_mixed(struct vm_area_struct *vma, unsigned long addr,
      |            ^~~~~~~~~~~~~~~~
In file included from /var/lib/dkms/amdgpu/5.6.5.24-1109583/build/ttm/backport/backport.h:11,
                 from <command-line>:
/var/lib/dkms/amdgpu/5.6.5.24-1109583/build/include/kcl/backport/kcl_highmem_backport.h:14:2: error: ‘kunmap_atomic’ undeclared (first use in this function); did you mean ‘kmap_atomic’?
   14 |  kunmap_atomic(addr, KM_USER0);
      |  ^~~~~~~~~~~~~
      |  kmap_atomic
In file included from /var/lib/dkms/amdgpu/5.6.5.24-1109583/build/ttm/backport/backport.h:13,
                 from <command-line>:
/var/lib/dkms/amdgpu/5.6.5.24-1109583/build/include/kcl/kcl_kref.h: At top level:
/var/lib/dkms/amdgpu/5.6.5.24-1109583/build/include/kcl/kcl_kref.h:8:28: error: redefinition of ‘kref_read’
    8 | static inline unsigned int kref_read(const struct kref *kref)
      |                            ^~~~~~~~~
In file included from ./include/linux/kobject.h:23,
                 from ./include/linux/energy_model.h:7,
                 from ./include/linux/device.h:16,
                 from ./include/drm/drm_print.h:32,
                 from ./include/drm/drm_mm.h:49,
                 from ./include/drm/drm_vma_manager.h:26,
                 from /var/lib/dkms/amdgpu/5.6.5.24-1109583/build/include/kcl/backport/kcl_drm_vma_manager_backport.h:9,
                 from /var/lib/dkms/amdgpu/5.6.5.24-1109583/build/ttm/backport/backport.h:7,
                 from <command-line>:
./include/linux/kref.h:34:28: note: previous definition of ‘kref_read’ was here
   34 | static inline unsigned int kref_read(const struct kref *kref)
      |                            ^~~~~~~~~
In file included from /var/lib/dkms/amdgpu/5.6.5.24-1109583/build/ttm/backport/backport.h:13,
                 from <command-line>:
/var/lib/dkms/amdgpu/5.6.5.24-1109583/build/include/kcl/kcl_kref.h: In function ‘kref_read’:
/var/lib/dkms/amdgpu/5.6.5.24-1109583/build/include/kcl/kcl_kref.h:10:21: error: passing argument 1 of ‘atomic_read’ from incompatible pointer type [-Werror=incompatible-pointer-types]
   10 |  return atomic_read(&kref->refcount);
      |                     ^~~~~~~~~~~~~~~
      |                     |
      |                     const refcount_t * {aka const struct refcount_struct *}
In file included from ./include/linux/atomic.h:82,
                 from ./include/linux/rcupdate.h:25,
                 from ./include/linux/rbtree.h:22,
                 from ./include/drm/drm_mm.h:41,
                 from ./include/drm/drm_vma_manager.h:26,
                 from /var/lib/dkms/amdgpu/5.6.5.24-1109583/build/include/kcl/backport/kcl_drm_vma_manager_backport.h:9,
                 from /var/lib/dkms/amdgpu/5.6.5.24-1109583/build/ttm/backport/backport.h:7,
                 from <command-line>:
./include/asm-generic/atomic-instrumented.h:25:29: note: expected ‘const atomic_t *’ {aka ‘const struct <anonymous> *’} but argument is of type ‘const refcount_t *’ {aka ‘const struct refcount_struct *’}
   25 | atomic_read(const atomic_t *v)
      |             ~~~~~~~~~~~~~~~~^
In file included from /var/lib/dkms/amdgpu/5.6.5.24-1109583/build/ttm/backport/backport.h:14,
                 from <command-line>:
/var/lib/dkms/amdgpu/5.6.5.24-1109583/build/include/kcl/kcl_list.h: At top level:
/var/lib/dkms/amdgpu/5.6.5.24-1109583/build/include/kcl/kcl_list.h:7:20: error: redefinition of ‘list_bulk_move_tail’
    7 | static inline void list_bulk_move_tail(struct list_head *head,
      |                    ^~~~~~~~~~~~~~~~~~~
In file included from ./include/linux/preempt.h:11,
                 from ./include/linux/rcupdate.h:27,
                 from ./include/linux/rbtree.h:22,
                 from ./include/drm/drm_mm.h:41,
                 from ./include/drm/drm_vma_manager.h:26,
                 from /var/lib/dkms/amdgpu/5.6.5.24-1109583/build/include/kcl/backport/kcl_drm_vma_manager_backport.h:9,
                 from /var/lib/dkms/amdgpu/5.6.5.24-1109583/build/ttm/backport/backport.h:7,
                 from <command-line>:
./include/linux/list.h:240:20: note: previous definition of ‘list_bulk_move_tail’ was here
  240 | static inline void list_bulk_move_tail(struct list_head *head,
      |                    ^~~~~~~~~~~~~~~~~~~
In file included from /var/lib/dkms/amdgpu/5.6.5.24-1109583/build/ttm/backport/backport.h:14,
                 from <command-line>:
/var/lib/dkms/amdgpu/5.6.5.24-1109583/build/include/kcl/kcl_list.h:24:20: error: redefinition of ‘list_rotate_to_front’
   24 | static inline void list_rotate_to_front(struct list_head *list,
      |                    ^~~~~~~~~~~~~~~~~~~~
In file included from ./include/linux/preempt.h:11,
                 from ./include/linux/rcupdate.h:27,
                 from ./include/linux/rbtree.h:22,
                 from ./include/drm/drm_mm.h:41,
                 from ./include/drm/drm_vma_manager.h:26,
                 from /var/lib/dkms/amdgpu/5.6.5.24-1109583/build/include/kcl/backport/kcl_drm_vma_manager_backport.h:9,
                 from /var/lib/dkms/amdgpu/5.6.5.24-1109583/build/ttm/backport/backport.h:7,
                 from <command-line>:
./include/linux/list.h:343:20: note: previous definition of ‘list_rotate_to_front’ was here
  343 | static inline void list_rotate_to_front(struct list_head *list,
      |                    ^~~~~~~~~~~~~~~~~~~~
In file included from /var/lib/dkms/amdgpu/5.6.5.24-1109583/build/ttm/backport/backport.h:14,
                 from <command-line>:
/var/lib/dkms/amdgpu/5.6.5.24-1109583/build/include/kcl/kcl_list.h:33:19: error: redefinition of ‘list_is_first’
   33 | static inline int list_is_first(const struct list_head *list,
      |                   ^~~~~~~~~~~~~
In file included from ./include/linux/preempt.h:11,
                 from ./include/linux/rcupdate.h:27,
                 from ./include/linux/rbtree.h:22,
                 from ./include/drm/drm_mm.h:41,
                 from ./include/drm/drm_vma_manager.h:26,
                 from /var/lib/dkms/amdgpu/5.6.5.24-1109583/build/include/kcl/backport/kcl_drm_vma_manager_backport.h:9,
                 from /var/lib/dkms/amdgpu/5.6.5.24-1109583/build/ttm/backport/backport.h:7,
                 from <command-line>:
./include/linux/list.h:259:19: note: previous definition of ‘list_is_first’ was here
  259 | static inline int list_is_first(const struct list_head *list,
      |                   ^~~~~~~~~~~~~
In file included from /var/lib/dkms/amdgpu/5.6.5.24-1109583/build/include/kcl/backport/kcl_mm_backport.h:4,
                 from /var/lib/dkms/amdgpu/5.6.5.24-1109583/build/ttm/backport/backport.h:15,
                 from <command-line>:
/var/lib/dkms/amdgpu/5.6.5.24-1109583/build/include/kcl/kcl_mm.h: In function ‘vmf_insert_mixed’:
/var/lib/dkms/amdgpu/5.6.5.24-1109583/build/include/kcl/kcl_mm.h:161:8: error: implicit declaration of function ‘vm_insert_mixed’; did you mean ‘vmf_insert_mixed’? [-Werror=implicit-function-declaration]
  161 |  err = vm_insert_mixed(vma, addr, pfn_t_to_pfn(pfn));
      |        ^~~~~~~~~~~~~~~
      |        vmf_insert_mixed
/var/lib/dkms/amdgpu/5.6.5.24-1109583/build/include/kcl/kcl_mm.h: At top level:
/var/lib/dkms/amdgpu/5.6.5.24-1109583/build/include/kcl/kcl_mm.h:173:26: error: conflicting types for ‘vmf_insert_pfn’
  173 | static inline vm_fault_t vmf_insert_pfn(struct vm_area_struct *vma,
      |                          ^~~~~~~~~~~~~~
In file included from ./include/drm/drm_vma_manager.h:27,
                 from /var/lib/dkms/amdgpu/5.6.5.24-1109583/build/include/kcl/backport/kcl_drm_vma_manager_backport.h:9,
                 from /var/lib/dkms/amdgpu/5.6.5.24-1109583/build/ttm/backport/backport.h:7,
                 from <command-line>:
./include/linux/mm.h:2776:12: note: previous declaration of ‘vmf_insert_pfn’ was here
 2776 | vm_fault_t vmf_insert_pfn(struct vm_area_struct *vma, unsigned long addr,
      |            ^~~~~~~~~~~~~~
In file included from /var/lib/dkms/amdgpu/5.6.5.24-1109583/build/include/kcl/kcl_mm.h:15,
                 from /var/lib/dkms/amdgpu/5.6.5.24-1109583/build/include/kcl/backport/kcl_mm_backport.h:4,
                 from /var/lib/dkms/amdgpu/5.6.5.24-1109583/build/ttm/backport/backport.h:15,
                 from <command-line>:
/var/lib/dkms/amdgpu/5.6.5.24-1109583/build/include/kcl/kcl_mm_types.h:11:3: error: conflicting types for ‘pfn_t’
   11 | } pfn_t;
      |   ^~~~~
In file included from ./include/asm-generic/memory_model.h:5,
                 from ./arch/x86/include/asm/page.h:76,
                 from ./arch/x86/include/asm/thread_info.h:12,
                 from ./include/linux/thread_info.h:59,
                 from ./arch/x86/include/asm/preempt.h:7,
                 from ./include/linux/preempt.h:78,
                 from ./include/linux/rcupdate.h:27,
                 from ./include/linux/rbtree.h:22,
                 from ./include/drm/drm_mm.h:41,
                 from ./include/drm/drm_vma_manager.h:26,
                 from /var/lib/dkms/amdgpu/5.6.5.24-1109583/build/include/kcl/backport/kcl_drm_vma_manager_backport.h:9,
                 from /var/lib/dkms/amdgpu/5.6.5.24-1109583/build/ttm/backport/backport.h:7,
                 from <command-line>:
./include/linux/pfn.h:15:3: note: previous declaration of ‘pfn_t’ was here
   15 | } pfn_t;
      |   ^~~~~
In file included from /var/lib/dkms/amdgpu/5.6.5.24-1109583/build/include/kcl/kcl_mm.h:15,
                 from /var/lib/dkms/amdgpu/5.6.5.24-1109583/build/include/kcl/backport/kcl_mm_backport.h:4,
                 from /var/lib/dkms/amdgpu/5.6.5.24-1109583/build/ttm/backport/backport.h:15,
                 from <command-line>:
/var/lib/dkms/amdgpu/5.6.5.24-1109583/build/include/kcl/kcl_mm_types.h:34:13: error: conflicting types for ‘vm_fault_t’
   34 | typedef int vm_fault_t;
      |             ^~~~~~~~~~
In file included from ./include/drm/drm_mm.h:43,
                 from ./include/drm/drm_vma_manager.h:26,
                 from /var/lib/dkms/amdgpu/5.6.5.24-1109583/build/include/kcl/backport/kcl_drm_vma_manager_backport.h:9,
                 from /var/lib/dkms/amdgpu/5.6.5.24-1109583/build/ttm/backport/backport.h:7,
                 from <command-line>:
./include/linux/mm_types.h:690:32: note: previous declaration of ‘vm_fault_t’ was here
  690 | typedef __bitwise unsigned int vm_fault_t;
      |                                ^~~~~~~~~~
In file included from /var/lib/dkms/amdgpu/5.6.5.24-1109583/build/include/kcl/backport/kcl_mm_backport.h:4,
                 from /var/lib/dkms/amdgpu/5.6.5.24-1109583/build/ttm/backport/backport.h:15,
                 from <command-line>:
/var/lib/dkms/amdgpu/5.6.5.24-1109583/build/include/kcl/kcl_mm.h:22:21: error: redefinition of ‘kvmalloc’
   22 | static inline void *kvmalloc(size_t size, gfp_t flags)
      |                     ^~~~~~~~
In file included from ./include/drm/drm_vma_manager.h:27,
                 from /var/lib/dkms/amdgpu/5.6.5.24-1109583/build/include/kcl/backport/kcl_drm_vma_manager_backport.h:9,
                 from /var/lib/dkms/amdgpu/5.6.5.24-1109583/build/ttm/backport/backport.h:7,
                 from <command-line>:
./include/linux/mm.h:779:21: note: previous definition of ‘kvmalloc’ was here
  779 | static inline void *kvmalloc(size_t size, gfp_t flags)
      |                     ^~~~~~~~
In file included from /var/lib/dkms/amdgpu/5.6.5.24-1109583/build/include/kcl/backport/kcl_mm_backport.h:4,
                 from /var/lib/dkms/amdgpu/5.6.5.24-1109583/build/ttm/backport/backport.h:15,
                 from <command-line>:
/var/lib/dkms/amdgpu/5.6.5.24-1109583/build/include/kcl/kcl_mm.h: In function ‘kvmalloc’:
/var/lib/dkms/amdgpu/5.6.5.24-1109583/build/include/kcl/kcl_mm.h:27:9: error: too many arguments to function ‘__vmalloc’
   27 |   out = __vmalloc(size, flags, PAGE_KERNEL);
      |         ^~~~~~~~~
In file included from ./include/asm-generic/io.h:911,
                 from ./arch/x86/include/asm/io.h:375,
                 from ./include/linux/scatterlist.h:9,
                 from ./include/linux/dma-mapping.h:10,
                 from /var/lib/dkms/amdgpu/5.6.5.24-1109583/build/include/kcl/kcl_dma_mapping.h:5,
                 from /var/lib/dkms/amdgpu/5.6.5.24-1109583/build/ttm/backport/backport.h:8,
                 from <command-line>:
./include/linux/vmalloc.h:105:14: note: declared here
  105 | extern void *__vmalloc(unsigned long size, gfp_t gfp_mask);
      |              ^~~~~~~~~
In file included from /var/lib/dkms/amdgpu/5.6.5.24-1109583/build/include/kcl/backport/kcl_mm_backport.h:4,
                 from /var/lib/dkms/amdgpu/5.6.5.24-1109583/build/ttm/backport/backport.h:15,
                 from <command-line>:
/var/lib/dkms/amdgpu/5.6.5.24-1109583/build/include/kcl/kcl_mm.h: At top level:
/var/lib/dkms/amdgpu/5.6.5.24-1109583/build/include/kcl/kcl_mm.h:32:21: error: redefinition of ‘kvzalloc’
   32 | static inline void *kvzalloc(size_t size, gfp_t flags)
      |                     ^~~~~~~~
In file included from ./include/drm/drm_vma_manager.h:27,
                 from /var/lib/dkms/amdgpu/5.6.5.24-1109583/build/include/kcl/backport/kcl_drm_vma_manager_backport.h:9,
                 from /var/lib/dkms/amdgpu/5.6.5.24-1109583/build/ttm/backport/backport.h:7,
                 from <command-line>:
./include/linux/mm.h:787:21: note: previous definition of ‘kvzalloc’ was here
  787 | static inline void *kvzalloc(size_t size, gfp_t flags)
      |                     ^~~~~~~~
In file included from /var/lib/dkms/amdgpu/5.6.5.24-1109583/build/include/kcl/backport/kcl_mm_backport.h:4,
                 from /var/lib/dkms/amdgpu/5.6.5.24-1109583/build/ttm/backport/backport.h:15,
                 from <command-line>:
/var/lib/dkms/amdgpu/5.6.5.24-1109583/build/include/kcl/kcl_mm.h:45:20: error: static declaration of ‘kvfree’ follows non-static declaration
   45 | static inline void kvfree(const void *addr)
      |                    ^~~~~~
In file included from ./include/drm/drm_vma_manager.h:27,
                 from /var/lib/dkms/amdgpu/5.6.5.24-1109583/build/include/kcl/backport/kcl_drm_vma_manager_backport.h:9,
                 from /var/lib/dkms/amdgpu/5.6.5.24-1109583/build/ttm/backport/backport.h:7,
                 from <command-line>:
./include/linux/mm.h:807:13: note: previous declaration of ‘kvfree’ was here
  807 | extern void kvfree(const void *addr);
      |             ^~~~~~
In file included from /var/lib/dkms/amdgpu/5.6.5.24-1109583/build/include/kcl/backport/kcl_mm_backport.h:4,
                 from /var/lib/dkms/amdgpu/5.6.5.24-1109583/build/ttm/backport/backport.h:15,
                 from <command-line>:
/var/lib/dkms/amdgpu/5.6.5.24-1109583/build/include/kcl/kcl_mm.h:65:21: error: redefinition of ‘kvmalloc_array’
   65 | static inline void *kvmalloc_array(size_t n, size_t size, gfp_t flags)
      |                     ^~~~~~~~~~~~~~
In file included from ./include/drm/drm_vma_manager.h:27,
                 from /var/lib/dkms/amdgpu/5.6.5.24-1109583/build/include/kcl/backport/kcl_drm_vma_manager_backport.h:9,
                 from /var/lib/dkms/amdgpu/5.6.5.24-1109583/build/ttm/backport/backport.h:7,
                 from <command-line>:
./include/linux/mm.h:792:21: note: previous definition of ‘kvmalloc_array’ was here
  792 | static inline void *kvmalloc_array(size_t n, size_t size, gfp_t flags)
      |                     ^~~~~~~~~~~~~~
In file included from /var/lib/dkms/amdgpu/5.6.5.24-1109583/build/include/kcl/backport/kcl_drm_backport.h:16,
                 from /var/lib/dkms/amdgpu/5.6.5.24-1109583/build/amd/backport/backport.h:12,
                 from <command-line>:
/var/lib/dkms/amdgpu/5.6.5.24-1109583/build/include/kcl/kcl_drm.h: In function ‘drm_crtc_accurate_vblank_count’:
/var/lib/dkms/amdgpu/5.6.5.24-1109583/build/include/kcl/kcl_drm.h:357:9: error: implicit declaration of function ‘drm_accurate_vblank_count’; did you mean ‘drm_crtc_accurate_vblank_count’? [-Werror=implicit-function-declaration]
  357 |  return drm_accurate_vblank_count(crtc);
      |         ^~~~~~~~~~~~~~~~~~~~~~~~~
      |         drm_crtc_accurate_vblank_count
In file included from /var/lib/dkms/amdgpu/5.6.5.24-1109583/build/include/kcl/backport/kcl_mm_backport.h:4,
                 from /var/lib/dkms/amdgpu/5.6.5.24-1109583/build/ttm/backport/backport.h:15,
                 from <command-line>:
/var/lib/dkms/amdgpu/5.6.5.24-1109583/build/include/kcl/kcl_mm.h:78:21: error: redefinition of ‘kvcalloc’
   78 | static inline void *kvcalloc(size_t n, size_t size, gfp_t flags)
      |                     ^~~~~~~~
In file included from ./include/drm/drm_vma_manager.h:27,
                 from /var/lib/dkms/amdgpu/5.6.5.24-1109583/build/include/kcl/backport/kcl_drm_vma_manager_backport.h:9,
                 from /var/lib/dkms/amdgpu/5.6.5.24-1109583/build/ttm/backport/backport.h:7,
                 from <command-line>:
./include/linux/mm.h:802:21: note: previous definition of ‘kvcalloc’ was here
  802 | static inline void *kvcalloc(size_t n, size_t size, gfp_t flags)
      |                     ^~~~~~~~
In file included from /var/lib/dkms/amdgpu/5.6.5.24-1109583/build/include/kcl/backport/kcl_mm_backport.h:4,
                 from /var/lib/dkms/amdgpu/5.6.5.24-1109583/build/ttm/backport/backport.h:15,
                 from <command-line>:
/var/lib/dkms/amdgpu/5.6.5.24-1109583/build/include/kcl/kcl_mm.h:85:20: error: redefinition of ‘mmgrab’
   85 | static inline void mmgrab(struct mm_struct *mm)
      |                    ^~~~~~
In file included from /var/lib/dkms/amdgpu/5.6.5.24-1109583/build/include/kcl/header/kcl_sched_mm_h.h:6,
                 from /var/lib/dkms/amdgpu/5.6.5.24-1109583/build/include/kcl/kcl_mm.h:5,
                 from /var/lib/dkms/amdgpu/5.6.5.24-1109583/build/include/kcl/backport/kcl_mm_backport.h:4,
                 from /var/lib/dkms/amdgpu/5.6.5.24-1109583/build/ttm/backport/backport.h:15,
                 from <command-line>:
./include/linux/sched/mm.h:34:20: note: previous definition of ‘mmgrab’ was here
   34 | static inline void mmgrab(struct mm_struct *mm)
      |                    ^~~~~~
In file included from /var/lib/dkms/amdgpu/5.6.5.24-1109583/build/include/kcl/backport/kcl_mm_backport.h:4,
                 from /var/lib/dkms/amdgpu/5.6.5.24-1109583/build/ttm/backport/backport.h:15,
                 from <command-line>:
/var/lib/dkms/amdgpu/5.6.5.24-1109583/build/include/kcl/kcl_mm.h:96:28: error: redefinition of ‘memalloc_nofs_save’
   96 | static inline unsigned int memalloc_nofs_save(void)
      |                            ^~~~~~~~~~~~~~~~~~
In file included from /var/lib/dkms/amdgpu/5.6.5.24-1109583/build/include/kcl/header/kcl_sched_mm_h.h:6,
                 from /var/lib/dkms/amdgpu/5.6.5.24-1109583/build/include/kcl/kcl_mm.h:5,
                 from /var/lib/dkms/amdgpu/5.6.5.24-1109583/build/include/kcl/backport/kcl_mm_backport.h:4,
                 from /var/lib/dkms/amdgpu/5.6.5.24-1109583/build/ttm/backport/backport.h:15,
                 from <command-line>:
./include/linux/sched/mm.h:242:28: note: previous definition of ‘memalloc_nofs_save’ was here
  242 | static inline unsigned int memalloc_nofs_save(void)
      |                            ^~~~~~~~~~~~~~~~~~
In file included from /var/lib/dkms/amdgpu/5.6.5.24-1109583/build/amd/backport/backport.h:12,
                 from <command-line>:
/var/lib/dkms/amdgpu/5.6.5.24-1109583/build/include/kcl/backport/kcl_drm_backport.h: In function ‘_kcl_drm_crtc_init_with_planes’:
/var/lib/dkms/amdgpu/5.6.5.24-1109583/build/include/kcl/backport/kcl_drm_backport.h:65:9: error: too few arguments to function ‘drm_crtc_init_with_planes’
   65 |  return drm_crtc_init_with_planes(dev, crtc, primary, cursor, funcs);
      |         ^~~~~~~~~~~~~~~~~~~~~~~~~
In file included from /var/lib/dkms/amdgpu/5.6.5.24-1109583/build/include/kcl/backport/kcl_mm_backport.h:4,
                 from /var/lib/dkms/amdgpu/5.6.5.24-1109583/build/ttm/backport/backport.h:15,
                 from <command-line>:
/var/lib/dkms/amdgpu/5.6.5.24-1109583/build/include/kcl/kcl_mm.h:101:20: error: redefinition of ‘memalloc_nofs_restore’
  101 | static inline void memalloc_nofs_restore(unsigned int flags)
      |                    ^~~~~~~~~~~~~~~~~~~~~
In file included from /var/lib/dkms/amdgpu/5.6.5.24-1109583/build/include/kcl/backport/kcl_drm_backport.h:5,
                 from /var/lib/dkms/amdgpu/5.6.5.24-1109583/build/amd/backport/backport.h:12,
                 from <command-line>:
./include/drm/drm_crtc.h:1218:5: note: declared here
 1218 | int drm_crtc_init_with_planes(struct drm_device *dev,
      |     ^~~~~~~~~~~~~~~~~~~~~~~~~
In file included from /var/lib/dkms/amdgpu/5.6.5.24-1109583/build/include/kcl/header/kcl_sched_mm_h.h:6,
                 from /var/lib/dkms/amdgpu/5.6.5.24-1109583/build/include/kcl/kcl_mm.h:5,
                 from /var/lib/dkms/amdgpu/5.6.5.24-1109583/build/include/kcl/backport/kcl_mm_backport.h:4,
                 from /var/lib/dkms/amdgpu/5.6.5.24-1109583/build/ttm/backport/backport.h:15,
                 from <command-line>:
./include/linux/sched/mm.h:257:20: note: previous definition of ‘memalloc_nofs_restore’ was here
  257 | static inline void memalloc_nofs_restore(unsigned int flags)
      |                    ^~~~~~~~~~~~~~~~~~~~~
In file included from /var/lib/dkms/amdgpu/5.6.5.24-1109583/build/amd/backport/backport.h:12,
                 from <command-line>:
/var/lib/dkms/amdgpu/5.6.5.24-1109583/build/include/kcl/backport/kcl_drm_backport.h: In function ‘_kcl_drm_universal_plane_init’:
/var/lib/dkms/amdgpu/5.6.5.24-1109583/build/include/kcl/backport/kcl_drm_backport.h:84:28: error: incompatible type for argument 7 of ‘drm_universal_plane_init’
   84 |     formats, format_count, type);
      |                            ^~~~
      |                            |
      |                            enum drm_plane_type
In file included from /var/lib/dkms/amdgpu/5.6.5.24-1109583/build/include/kcl/backport/kcl_mm_backport.h:4,
                 from /var/lib/dkms/amdgpu/5.6.5.24-1109583/build/ttm/backport/backport.h:15,
                 from <command-line>:
/var/lib/dkms/amdgpu/5.6.5.24-1109583/build/include/kcl/kcl_mm.h: In function ‘kcl_get_user_pages’:
/var/lib/dkms/amdgpu/5.6.5.24-1109583/build/include/kcl/kcl_mm.h:136:24: warning: passing argument 1 of ‘get_user_pages’ makes integer from pointer without a cast [-Wint-conversion]
  136 |  return get_user_pages(tsk, mm, start, nr_pages,
      |                        ^~~
      |                        |
      |                        struct task_struct *
In file included from ./include/drm/drm_crtc.h:45,
                 from /var/lib/dkms/amdgpu/5.6.5.24-1109583/build/include/kcl/backport/kcl_drm_backport.h:5,
                 from /var/lib/dkms/amdgpu/5.6.5.24-1109583/build/amd/backport/backport.h:12,
                 from <command-line>:
./include/drm/drm_plane.h:756:25: note: expected ‘const uint64_t *’ {aka ‘const long long unsigned int *’} but argument is of type ‘enum drm_plane_type’
  756 |         const uint64_t *format_modifiers,
      |         ~~~~~~~~~~~~~~~~^~~~~~~~~~~~~~~~
In file included from /var/lib/dkms/amdgpu/5.6.5.24-1109583/build/amd/backport/backport.h:12,
                 from <command-line>:
/var/lib/dkms/amdgpu/5.6.5.24-1109583/build/include/kcl/backport/kcl_drm_backport.h:83:9: error: too few arguments to function ‘drm_universal_plane_init’
   83 |  return drm_universal_plane_init(dev, plane, possible_crtcs, funcs,
      |         ^~~~~~~~~~~~~~~~~~~~~~~~
In file included from ./include/drm/drm_crtc.h:45,
                 from /var/lib/dkms/amdgpu/5.6.5.24-1109583/build/include/kcl/backport/kcl_drm_backport.h:5,
                 from /var/lib/dkms/amdgpu/5.6.5.24-1109583/build/amd/backport/backport.h:12,
                 from <command-line>:
./include/drm/drm_plane.h:750:5: note: declared here
  750 | int drm_universal_plane_init(struct drm_device *dev,
      |     ^~~~~~~~~~~~~~~~~~~~~~~~
In file included from ./include/drm/drm_vma_manager.h:27,
                 from /var/lib/dkms/amdgpu/5.6.5.24-1109583/build/include/kcl/backport/kcl_drm_vma_manager_backport.h:9,
                 from /var/lib/dkms/amdgpu/5.6.5.24-1109583/build/ttm/backport/backport.h:7,
                 from <command-line>:
./include/linux/mm.h:1769:35: note: expected ‘long unsigned int’ but argument is of type ‘struct task_struct *’
 1769 | long get_user_pages(unsigned long start, unsigned long nr_pages,
      |                     ~~~~~~~~~~~~~~^~~~~
In file included from /var/lib/dkms/amdgpu/5.6.5.24-1109583/build/amd/backport/backport.h:12,
                 from <command-line>:
/var/lib/dkms/amdgpu/5.6.5.24-1109583/build/include/kcl/backport/kcl_drm_backport.h: At top level:
In file included from /var/lib/dkms/amdgpu/5.6.5.24-1109583/build/include/kcl/backport/kcl_mm_backport.h:4,
                 from /var/lib/dkms/amdgpu/5.6.5.24-1109583/build/ttm/backport/backport.h:15,
                 from <command-line>:
/var/lib/dkms/amdgpu/5.6.5.24-1109583/build/include/kcl/kcl_mm.h:136:29: warning: passing argument 2 of ‘get_user_pages’ makes integer from pointer without a cast [-Wint-conversion]
  136 |  return get_user_pages(tsk, mm, start, nr_pages,
      |                             ^~
      |                             |
      |                             struct mm_struct *
/var/lib/dkms/amdgpu/5.6.5.24-1109583/build/include/kcl/backport/kcl_drm_backport.h:95:8: error: redefinition of ‘struct drm_format_name_buf’
   95 | struct drm_format_name_buf {
      |        ^~~~~~~~~~~~~~~~~~~
In file included from /var/lib/dkms/amdgpu/5.6.5.24-1109583/build/include/kcl/kcl_drm.h:15,
                 from /var/lib/dkms/amdgpu/5.6.5.24-1109583/build/include/kcl/backport/kcl_drm_backport.h:16,
                 from /var/lib/dkms/amdgpu/5.6.5.24-1109583/build/amd/backport/backport.h:12,
                 from <command-line>:
./include/drm/drm_fourcc.h:142:8: note: originally defined here
  142 | struct drm_format_name_buf {
      |        ^~~~~~~~~~~~~~~~~~~
In file included from ./include/drm/drm_vma_manager.h:27,
                 from /var/lib/dkms/amdgpu/5.6.5.24-1109583/build/include/kcl/backport/kcl_drm_vma_manager_backport.h:9,
                 from /var/lib/dkms/amdgpu/5.6.5.24-1109583/build/ttm/backport/backport.h:7,
                 from <command-line>:
./include/linux/mm.h:1769:56: note: expected ‘long unsigned int’ but argument is of type ‘struct mm_struct *’
 1769 | long get_user_pages(unsigned long start, unsigned long nr_pages,
      |                                          ~~~~~~~~~~~~~~^~~~~~~~
In file included from /var/lib/dkms/amdgpu/5.6.5.24-1109583/build/include/kcl/backport/kcl_mm_backport.h:4,
                 from /var/lib/dkms/amdgpu/5.6.5.24-1109583/build/ttm/backport/backport.h:15,
                 from <command-line>:
/var/lib/dkms/amdgpu/5.6.5.24-1109583/build/include/kcl/kcl_mm.h:136:40: warning: passing argument 4 of ‘get_user_pages’ makes pointer from integer without a cast [-Wint-conversion]
  136 |  return get_user_pages(tsk, mm, start, nr_pages,
      |                                        ^~~~~~~~
      |                                        |
      |                                        long unsigned int
In file included from ./include/drm/drm_vma_manager.h:27,
                 from /var/lib/dkms/amdgpu/5.6.5.24-1109583/build/include/kcl/backport/kcl_drm_vma_manager_backport.h:9,
                 from /var/lib/dkms/amdgpu/5.6.5.24-1109583/build/ttm/backport/backport.h:7,
                 from <command-line>:
./include/linux/mm.h:1770:46: note: expected ‘struct page **’ but argument is of type ‘long unsigned int’
 1770 |        unsigned int gup_flags, struct page **pages,
      |                                ~~~~~~~~~~~~~~^~~~~
In file included from /var/lib/dkms/amdgpu/5.6.5.24-1109583/build/include/kcl/backport/kcl_mm_backport.h:4,
                 from /var/lib/dkms/amdgpu/5.6.5.24-1109583/build/ttm/backport/backport.h:15,
                 from <command-line>:
/var/lib/dkms/amdgpu/5.6.5.24-1109583/build/include/kcl/kcl_mm.h:137:4: warning: passing argument 5 of ‘get_user_pages’ makes pointer from integer without a cast [-Wint-conversion]
  137 |    write, force, pages, vmas);
      |    ^~~~~
      |    |
      |    int
In file included from ./include/drm/drm_vma_manager.h:27,
                 from /var/lib/dkms/amdgpu/5.6.5.24-1109583/build/include/kcl/backport/kcl_drm_vma_manager_backport.h:9,
                 from /var/lib/dkms/amdgpu/5.6.5.24-1109583/build/ttm/backport/backport.h:7,
                 from <command-line>:
./include/linux/mm.h:1771:32: note: expected ‘struct vm_area_struct **’ but argument is of type ‘int’
 1771 |        struct vm_area_struct **vmas);
      |        ~~~~~~~~~~~~~~~~~~~~~~~~^~~~
In file included from /var/lib/dkms/amdgpu/5.6.5.24-1109583/build/include/kcl/backport/kcl_mm_backport.h:4,
                 from /var/lib/dkms/amdgpu/5.6.5.24-1109583/build/ttm/backport/backport.h:15,
                 from <command-line>:
/var/lib/dkms/amdgpu/5.6.5.24-1109583/build/include/kcl/kcl_mm.h:136:9: error: too many arguments to function ‘get_user_pages’
  136 |  return get_user_pages(tsk, mm, start, nr_pages,
      |         ^~~~~~~~~~~~~~
In file included from ./include/drm/drm_vma_manager.h:27,
                 from /var/lib/dkms/amdgpu/5.6.5.24-1109583/build/include/kcl/backport/kcl_drm_vma_manager_backport.h:9,
                 from /var/lib/dkms/amdgpu/5.6.5.24-1109583/build/ttm/backport/backport.h:7,
                 from <command-line>:
./include/linux/mm.h:1769:6: note: declared here
 1769 | long get_user_pages(unsigned long start, unsigned long nr_pages,
      |      ^~~~~~~~~~~~~~
In file included from /var/lib/dkms/amdgpu/5.6.5.24-1109583/build/include/kcl/backport/kcl_mm_backport.h:4,
                 from /var/lib/dkms/amdgpu/5.6.5.24-1109583/build/ttm/backport/backport.h:15,
                 from <command-line>:
/var/lib/dkms/amdgpu/5.6.5.24-1109583/build/include/kcl/kcl_mm.h: At top level:
/var/lib/dkms/amdgpu/5.6.5.24-1109583/build/include/kcl/kcl_mm.h:142:29: error: redefinition of ‘zone_managed_pages’
  142 | static inline unsigned long zone_managed_pages(struct zone *zone)
      |                             ^~~~~~~~~~~~~~~~~~
In file included from ./include/linux/gfp.h:6,
                 from ./include/linux/xarray.h:14,
                 from ./include/linux/radix-tree.h:19,
                 from ./include/linux/fs.h:15,
                 from ./include/linux/seq_file.h:11,
                 from ./include/drm/drm_print.h:31,
                 from ./include/drm/drm_mm.h:49,
                 from ./include/drm/drm_vma_manager.h:26,
                 from /var/lib/dkms/amdgpu/5.6.5.24-1109583/build/include/kcl/backport/kcl_drm_vma_manager_backport.h:9,
                 from /var/lib/dkms/amdgpu/5.6.5.24-1109583/build/ttm/backport/backport.h:7,
                 from <command-line>:
./include/linux/mmzone.h:602:29: note: previous definition of ‘zone_managed_pages’ was here
  602 | static inline unsigned long zone_managed_pages(struct zone *zone)
      |                             ^~~~~~~~~~~~~~~~~~
In file included from /var/lib/dkms/amdgpu/5.6.5.24-1109583/build/amd/backport/backport.h:12,
                 from <command-line>:
/var/lib/dkms/amdgpu/5.6.5.24-1109583/build/include/kcl/backport/kcl_drm_backport.h: In function ‘_kcl_drm_gem_object_lookup’:
/var/lib/dkms/amdgpu/5.6.5.24-1109583/build/include/kcl/backport/kcl_drm_backport.h:161:35: error: dereferencing pointer to incomplete type ‘struct drm_file’
  161 |  return drm_gem_object_lookup(filp->minor->dev, filp, handle);
      |                                   ^~
/var/lib/dkms/amdgpu/5.6.5.24-1109583/build/include/kcl/backport/kcl_drm_backport.h:161:49: warning: passing argument 2 of ‘drm_gem_object_lookup’ makes integer from pointer without a cast [-Wint-conversion]
  161 |  return drm_gem_object_lookup(filp->minor->dev, filp, handle);
      |                                                 ^~~~
      |                                                 |
      |                                                 struct drm_file *
In file included from /var/lib/dkms/amdgpu/5.6.5.24-1109583/build/include/kcl/backport/kcl_drm_backport.h:11,
                 from /var/lib/dkms/amdgpu/5.6.5.24-1109583/build/amd/backport/backport.h:12,
                 from <command-line>:
./include/drm/drm_gem.h:405:24: note: expected ‘u32’ {aka ‘unsigned int’} but argument is of type ‘struct drm_file *’
  405 | struct drm_gem_object *drm_gem_object_lookup(struct drm_file *filp, u32 handle);
      |                        ^~~~~~~~~~~~~~~~~~~~~
In file included from /var/lib/dkms/amdgpu/5.6.5.24-1109583/build/amd/backport/backport.h:12,
                 from <command-line>:
/var/lib/dkms/amdgpu/5.6.5.24-1109583/build/include/kcl/backport/kcl_drm_backport.h:161:9: error: too many arguments to function ‘drm_gem_object_lookup’
  161 |  return drm_gem_object_lookup(filp->minor->dev, filp, handle);
      |         ^~~~~~~~~~~~~~~~~~~~~
In file included from /var/lib/dkms/amdgpu/5.6.5.24-1109583/build/include/kcl/backport/kcl_drm_backport.h:11,
                 from /var/lib/dkms/amdgpu/5.6.5.24-1109583/build/amd/backport/backport.h:12,
                 from <command-line>:
./include/drm/drm_gem.h:405:24: note: declared here
  405 | struct drm_gem_object *drm_gem_object_lookup(struct drm_file *filp, u32 handle);
      |                        ^~~~~~~~~~~~~~~~~~~~~
In file included from /var/lib/dkms/amdgpu/5.6.5.24-1109583/build/include/kcl/backport/kcl_mm_backport.h:4,
                 from /var/lib/dkms/amdgpu/5.6.5.24-1109583/build/ttm/backport/backport.h:15,
                 from <command-line>:
/var/lib/dkms/amdgpu/5.6.5.24-1109583/build/include/kcl/kcl_mm.h:155:26: error: conflicting types for ‘vmf_insert_mixed’
  155 | static inline vm_fault_t vmf_insert_mixed(struct vm_area_struct *vma,
      |                          ^~~~~~~~~~~~~~~~
In file included from ./include/drm/drm_vma_manager.h:27,
                 from /var/lib/dkms/amdgpu/5.6.5.24-1109583/build/include/kcl/backport/kcl_drm_vma_manager_backport.h:9,
                 from /var/lib/dkms/amdgpu/5.6.5.24-1109583/build/ttm/backport/backport.h:7,
                 from <command-line>:
./include/linux/mm.h:2780:12: note: previous declaration of ‘vmf_insert_mixed’ was here
 2780 | vm_fault_t vmf_insert_mixed(struct vm_area_struct *vma, unsigned long addr,
      |            ^~~~~~~~~~~~~~~~
In file included from /var/lib/dkms/amdgpu/5.6.5.24-1109583/build/include/kcl/backport/kcl_mm_backport.h:4,
                 from /var/lib/dkms/amdgpu/5.6.5.24-1109583/build/ttm/backport/backport.h:15,
                 from <command-line>:
/var/lib/dkms/amdgpu/5.6.5.24-1109583/build/include/kcl/kcl_mm.h: In function ‘vmf_insert_pfn’:
/var/lib/dkms/amdgpu/5.6.5.24-1109583/build/include/kcl/kcl_mm.h:176:13: error: implicit declaration of function ‘vm_insert_pfn’; did you mean ‘vmf_insert_pfn’? [-Werror=implicit-function-declaration]
  176 |   int err = vm_insert_pfn(vma, addr, pfn);
      |             ^~~~~~~~~~~~~
      |             vmf_insert_pfn
/var/lib/dkms/amdgpu/5.6.5.24-1109583/build/include/kcl/kcl_mm.h: At top level:
/var/lib/dkms/amdgpu/5.6.5.24-1109583/build/include/kcl/kcl_mm.h:192:12: error: conflicting types for ‘vmf_insert_mixed_prot’
  192 | vm_fault_t vmf_insert_mixed_prot(struct vm_area_struct *vma, unsigned long addr,
      |            ^~~~~~~~~~~~~~~~~~~~~
In file included from ./include/drm/drm_vma_manager.h:27,
                 from /var/lib/dkms/amdgpu/5.6.5.24-1109583/build/include/kcl/backport/kcl_drm_vma_manager_backport.h:9,
                 from /var/lib/dkms/amdgpu/5.6.5.24-1109583/build/ttm/backport/backport.h:7,
                 from <command-line>:
./include/linux/mm.h:2782:12: note: previous declaration of ‘vmf_insert_mixed_prot’ was here
 2782 | vm_fault_t vmf_insert_mixed_prot(struct vm_area_struct *vma, unsigned long addr,
      |            ^~~~~~~~~~~~~~~~~~~~~
In file included from /var/lib/dkms/amdgpu/5.6.5.24-1109583/build/amd/backport/backport.h:14,
                 from <command-line>:
/var/lib/dkms/amdgpu/5.6.5.24-1109583/build/include/kcl/kcl_drm_print.h: At top level:
In file included from /var/lib/dkms/amdgpu/5.6.5.24-1109583/build/include/kcl/backport/kcl_mm_backport.h:4,
                 from /var/lib/dkms/amdgpu/5.6.5.24-1109583/build/ttm/backport/backport.h:15,
                 from <command-line>:
/var/lib/dkms/amdgpu/5.6.5.24-1109583/build/include/kcl/kcl_mm.h:203:12: error: conflicting types for ‘vmf_insert_pfn_prot’
  203 | vm_fault_t vmf_insert_pfn_prot(struct vm_area_struct *vma, unsigned long addr,
      |            ^~~~~~~~~~~~~~~~~~~
In file included from ./include/drm/drm_vma_manager.h:27,
                 from /var/lib/dkms/amdgpu/5.6.5.24-1109583/build/include/kcl/backport/kcl_drm_vma_manager_backport.h:9,
                 from /var/lib/dkms/amdgpu/5.6.5.24-1109583/build/ttm/backport/backport.h:7,
                 from <command-line>:
./include/linux/mm.h:2778:12: note: previous declaration of ‘vmf_insert_pfn_prot’ was here
 2778 | vm_fault_t vmf_insert_pfn_prot(struct vm_area_struct *vma, unsigned long addr,
      |            ^~~~~~~~~~~~~~~~~~~
/var/lib/dkms/amdgpu/5.6.5.24-1109583/build/include/kcl/kcl_drm_print.h:9:21: error: redefinition of ‘drm_debug_enabled’
    9 | static  inline bool drm_debug_enabled(unsigned int category)
      |                     ^~~~~~~~~~~~~~~~~
In file included from ./include/drm/drm_mm.h:49,
                 from ./include/drm/drm_vma_manager.h:26,
                 from ./include/drm/drm_gem.h:40,
                 from /var/lib/dkms/amdgpu/5.6.5.24-1109583/build/include/kcl/backport/kcl_drm_backport.h:11,
                 from /var/lib/dkms/amdgpu/5.6.5.24-1109583/build/amd/backport/backport.h:12,
                 from <command-line>:
./include/drm/drm_print.h:322:20: note: previous definition of ‘drm_debug_enabled’ was here
  322 | static inline bool drm_debug_enabled(enum drm_debug_category category)
      |                    ^~~~~~~~~~~~~~~~~
In file included from /var/lib/dkms/amdgpu/5.6.5.24-1109583/build/include/kcl/backport/kcl_mm_backport.h:4,
                 from /var/lib/dkms/amdgpu/5.6.5.24-1109583/build/ttm/backport/backport.h:15,
                 from <command-line>:
/var/lib/dkms/amdgpu/5.6.5.24-1109583/build/include/kcl/kcl_mm.h: In function ‘vmf_insert_mixed’:
/var/lib/dkms/amdgpu/5.6.5.24-1109583/build/include/kcl/kcl_mm.h:161:8: error: implicit declaration of function ‘vm_insert_mixed’; did you mean ‘vmf_insert_mixed’? [-Werror=implicit-function-declaration]
  161 |  err = vm_insert_mixed(vma, addr, pfn_t_to_pfn(pfn));
      |        ^~~~~~~~~~~~~~~
      |        vmf_insert_mixed
/var/lib/dkms/amdgpu/5.6.5.24-1109583/build/include/kcl/kcl_mm.h: At top level:
/var/lib/dkms/amdgpu/5.6.5.24-1109583/build/include/kcl/kcl_mm.h:173:26: error: conflicting types for ‘vmf_insert_pfn’
  173 | static inline vm_fault_t vmf_insert_pfn(struct vm_area_struct *vma,
      |                          ^~~~~~~~~~~~~~
In file included from ./include/drm/drm_vma_manager.h:27,
                 from /var/lib/dkms/amdgpu/5.6.5.24-1109583/build/include/kcl/backport/kcl_drm_vma_manager_backport.h:9,
                 from /var/lib/dkms/amdgpu/5.6.5.24-1109583/build/ttm/backport/backport.h:7,
                 from <command-line>:
./include/linux/mm.h:2776:12: note: previous declaration of ‘vmf_insert_pfn’ was here
 2776 | vm_fault_t vmf_insert_pfn(struct vm_area_struct *vma, unsigned long addr,
      |            ^~~~~~~~~~~~~~
cc1: some warnings being treated as errors
In file included from ./include/linux/rcupdate.h:24,
                 from /var/lib/dkms/amdgpu/5.6.5.24-1109583/build/include/kcl/kcl_rcupdate.h:5,
                 from /var/lib/dkms/amdgpu/5.6.5.24-1109583/build/include/kcl/kcl_fence.h:6,
                 from /var/lib/dkms/amdgpu/5.6.5.24-1109583/build/include/kcl/backport/kcl_fence_backport.h:4,
                 from /var/lib/dkms/amdgpu/5.6.5.24-1109583/build/amd/backport/backport.h:11,
                 from <command-line>:
/var/lib/dkms/amdgpu/5.6.5.24-1109583/build/include/kcl/kcl_drm_print.h: In function ‘drm_debug_enabled’:
/var/lib/dkms/amdgpu/5.6.5.24-1109583/build/include/kcl/kcl_drm_print.h:11:18: error: ‘drm_debug’ undeclared (first use in this function); did you mean ‘pr_debug’?
   11 |  return unlikely(drm_debug & category);
      |                  ^~~~~~~~~
./include/linux/compiler.h:78:42: note: in definition of macro ‘unlikely’
   78 | # define unlikely(x) __builtin_expect(!!(x), 0)
      |                                          ^
/var/lib/dkms/amdgpu/5.6.5.24-1109583/build/include/kcl/kcl_drm_print.h:11:18: note: each undeclared identifier is reported only once for each function it appears in
   11 |  return unlikely(drm_debug & category);
      |                  ^~~~~~~~~
./include/linux/compiler.h:78:42: note: in definition of macro ‘unlikely’
   78 | # define unlikely(x) __builtin_expect(!!(x), 0)
      |                                          ^
In file included from /var/lib/dkms/amdgpu/5.6.5.24-1109583/build/amd/backport/backport.h:15,
                 from <command-line>:
/var/lib/dkms/amdgpu/5.6.5.24-1109583/build/include/kcl/kcl_fs.h: At top level:
/var/lib/dkms/amdgpu/5.6.5.24-1109583/build/include/kcl/kcl_fs.h:12:20: error: static declaration of ‘compat_ptr_ioctl’ follows non-static declaration
   12 | static inline long compat_ptr_ioctl(struct file *file, unsigned int cmd,
      |                    ^~~~~~~~~~~~~~~~
In file included from ./include/linux/huge_mm.h:8,
                 from ./include/linux/mm.h:703,
                 from ./include/linux/kallsyms.h:12,
                 from ./include/linux/ftrace.h:12,
                 from ./include/linux/kprobes.h:29,
                 from ./include/linux/kgdb.h:19,
                 from ./include/linux/fb.h:5,
                 from ./include/drm/drm_crtc.h:31,
                 from /var/lib/dkms/amdgpu/5.6.5.24-1109583/build/include/kcl/backport/kcl_drm_backport.h:5,
                 from /var/lib/dkms/amdgpu/5.6.5.24-1109583/build/amd/backport/backport.h:12,
                 from <command-line>:
./include/linux/fs.h:1753:13: note: previous declaration of ‘compat_ptr_ioctl’ was here
 1753 | extern long compat_ptr_ioctl(struct file *file, unsigned int cmd,
      |             ^~~~~~~~~~~~~~~~
In file included from /var/lib/dkms/amdgpu/5.6.5.24-1109583/build/include/kcl/backport/kcl_mm_backport.h:4,
                 from /var/lib/dkms/amdgpu/5.6.5.24-1109583/build/ttm/backport/backport.h:15,
                 from <command-line>:
/var/lib/dkms/amdgpu/5.6.5.24-1109583/build/include/kcl/kcl_mm.h: In function ‘vmf_insert_pfn’:
/var/lib/dkms/amdgpu/5.6.5.24-1109583/build/include/kcl/kcl_mm.h:176:13: error: implicit declaration of function ‘vm_insert_pfn’; did you mean ‘vmf_insert_pfn’? [-Werror=implicit-function-declaration]
  176 |   int err = vm_insert_pfn(vma, addr, pfn);
      |             ^~~~~~~~~~~~~
      |             vmf_insert_pfn
/var/lib/dkms/amdgpu/5.6.5.24-1109583/build/include/kcl/kcl_mm.h: At top level:
/var/lib/dkms/amdgpu/5.6.5.24-1109583/build/include/kcl/kcl_mm.h:192:12: error: conflicting types for ‘vmf_insert_mixed_prot’
  192 | vm_fault_t vmf_insert_mixed_prot(struct vm_area_struct *vma, unsigned long addr,
      |            ^~~~~~~~~~~~~~~~~~~~~
In file included from ./include/drm/drm_vma_manager.h:27,
                 from /var/lib/dkms/amdgpu/5.6.5.24-1109583/build/include/kcl/backport/kcl_drm_vma_manager_backport.h:9,
                 from /var/lib/dkms/amdgpu/5.6.5.24-1109583/build/ttm/backport/backport.h:7,
                 from <command-line>:
./include/linux/mm.h:2782:12: note: previous declaration of ‘vmf_insert_mixed_prot’ was here
 2782 | vm_fault_t vmf_insert_mixed_prot(struct vm_area_struct *vma, unsigned long addr,
      |            ^~~~~~~~~~~~~~~~~~~~~
In file included from /var/lib/dkms/amdgpu/5.6.5.24-1109583/build/include/kcl/backport/kcl_mm_backport.h:4,
                 from /var/lib/dkms/amdgpu/5.6.5.24-1109583/build/ttm/backport/backport.h:15,
                 from <command-line>:
/var/lib/dkms/amdgpu/5.6.5.24-1109583/build/include/kcl/kcl_mm.h:203:12: error: conflicting types for ‘vmf_insert_pfn_prot’
  203 | vm_fault_t vmf_insert_pfn_prot(struct vm_area_struct *vma, unsigned long addr,
      |            ^~~~~~~~~~~~~~~~~~~
In file included from ./include/drm/drm_vma_manager.h:27,
                 from /var/lib/dkms/amdgpu/5.6.5.24-1109583/build/include/kcl/backport/kcl_drm_vma_manager_backport.h:9,
                 from /var/lib/dkms/amdgpu/5.6.5.24-1109583/build/ttm/backport/backport.h:7,
                 from <command-line>:
./include/linux/mm.h:2778:12: note: previous declaration of ‘vmf_insert_pfn_prot’ was here
 2778 | vm_fault_t vmf_insert_pfn_prot(struct vm_area_struct *vma, unsigned long addr,
      |            ^~~~~~~~~~~~~~~~~~~
In file included from /var/lib/dkms/amdgpu/5.6.5.24-1109583/build/include/kcl/backport/kcl_drm_backport.h:16,
                 from /var/lib/dkms/amdgpu/5.6.5.24-1109583/build/ttm/backport/backport.h:9,
                 from <command-line>:
/var/lib/dkms/amdgpu/5.6.5.24-1109583/build/include/kcl/kcl_drm.h: In function ‘drm_crtc_accurate_vblank_count’:
/var/lib/dkms/amdgpu/5.6.5.24-1109583/build/include/kcl/kcl_drm.h:357:9: error: implicit declaration of function ‘drm_accurate_vblank_count’; did you mean ‘drm_crtc_accurate_vblank_count’? [-Werror=implicit-function-declaration]
  357 |  return drm_accurate_vblank_count(crtc);
      |         ^~~~~~~~~~~~~~~~~~~~~~~~~
      |         drm_crtc_accurate_vblank_count
In file included from /var/lib/dkms/amdgpu/5.6.5.24-1109583/build/ttm/backport/backport.h:9,
                 from <command-line>:
/var/lib/dkms/amdgpu/5.6.5.24-1109583/build/include/kcl/backport/kcl_drm_backport.h: In function ‘_kcl_drm_crtc_init_with_planes’:
/var/lib/dkms/amdgpu/5.6.5.24-1109583/build/include/kcl/backport/kcl_drm_backport.h:65:9: error: too few arguments to function ‘drm_crtc_init_with_planes’
   65 |  return drm_crtc_init_with_planes(dev, crtc, primary, cursor, funcs);
      |         ^~~~~~~~~~~~~~~~~~~~~~~~~
In file included from /var/lib/dkms/amdgpu/5.6.5.24-1109583/build/include/kcl/backport/kcl_drm_backport.h:5,
                 from /var/lib/dkms/amdgpu/5.6.5.24-1109583/build/ttm/backport/backport.h:9,
                 from <command-line>:
./include/drm/drm_crtc.h:1218:5: note: declared here
 1218 | int drm_crtc_init_with_planes(struct drm_device *dev,
      |     ^~~~~~~~~~~~~~~~~~~~~~~~~
In file included from /var/lib/dkms/amdgpu/5.6.5.24-1109583/build/ttm/backport/backport.h:9,
                 from <command-line>:
/var/lib/dkms/amdgpu/5.6.5.24-1109583/build/include/kcl/backport/kcl_drm_backport.h: In function ‘_kcl_drm_universal_plane_init’:
/var/lib/dkms/amdgpu/5.6.5.24-1109583/build/include/kcl/backport/kcl_drm_backport.h:84:28: error: incompatible type for argument 7 of ‘drm_universal_plane_init’
   84 |     formats, format_count, type);
      |                            ^~~~
      |                            |
      |                            enum drm_plane_type
In file included from ./include/drm/drm_crtc.h:45,
                 from /var/lib/dkms/amdgpu/5.6.5.24-1109583/build/include/kcl/backport/kcl_drm_backport.h:5,
                 from /var/lib/dkms/amdgpu/5.6.5.24-1109583/build/ttm/backport/backport.h:9,
                 from <command-line>:
./include/drm/drm_plane.h:756:25: note: expected ‘const uint64_t *’ {aka ‘const long long unsigned int *’} but argument is of type ‘enum drm_plane_type’
  756 |         const uint64_t *format_modifiers,
      |         ~~~~~~~~~~~~~~~~^~~~~~~~~~~~~~~~
In file included from /var/lib/dkms/amdgpu/5.6.5.24-1109583/build/ttm/backport/backport.h:9,
                 from <command-line>:
/var/lib/dkms/amdgpu/5.6.5.24-1109583/build/include/kcl/backport/kcl_drm_backport.h:83:9: error: too few arguments to function ‘drm_universal_plane_init’
   83 |  return drm_universal_plane_init(dev, plane, possible_crtcs, funcs,
      |         ^~~~~~~~~~~~~~~~~~~~~~~~
In file included from ./include/drm/drm_crtc.h:45,
                 from /var/lib/dkms/amdgpu/5.6.5.24-1109583/build/include/kcl/backport/kcl_drm_backport.h:5,
                 from /var/lib/dkms/amdgpu/5.6.5.24-1109583/build/ttm/backport/backport.h:9,
                 from <command-line>:
./include/drm/drm_plane.h:750:5: note: declared here
  750 | int drm_universal_plane_init(struct drm_device *dev,
      |     ^~~~~~~~~~~~~~~~~~~~~~~~
In file included from /var/lib/dkms/amdgpu/5.6.5.24-1109583/build/ttm/backport/backport.h:9,
                 from <command-line>:
/var/lib/dkms/amdgpu/5.6.5.24-1109583/build/include/kcl/backport/kcl_drm_backport.h: At top level:
/var/lib/dkms/amdgpu/5.6.5.24-1109583/build/include/kcl/backport/kcl_drm_backport.h:95:8: error: redefinition of ‘struct drm_format_name_buf’
   95 | struct drm_format_name_buf {
      |        ^~~~~~~~~~~~~~~~~~~
In file included from /var/lib/dkms/amdgpu/5.6.5.24-1109583/build/include/kcl/kcl_drm.h:15,
                 from /var/lib/dkms/amdgpu/5.6.5.24-1109583/build/include/kcl/backport/kcl_drm_backport.h:16,
                 from /var/lib/dkms/amdgpu/5.6.5.24-1109583/build/ttm/backport/backport.h:9,
                 from <command-line>:
./include/drm/drm_fourcc.h:142:8: note: originally defined here
  142 | struct drm_format_name_buf {
      |        ^~~~~~~~~~~~~~~~~~~
In file included from /var/lib/dkms/amdgpu/5.6.5.24-1109583/build/include/kcl/kcl_mm.h:15,
                 from /var/lib/dkms/amdgpu/5.6.5.24-1109583/build/include/kcl/backport/kcl_mm_backport.h:4,
                 from /var/lib/dkms/amdgpu/5.6.5.24-1109583/build/amd/backport/backport.h:16,
                 from <command-line>:
/var/lib/dkms/amdgpu/5.6.5.24-1109583/build/include/kcl/kcl_mm_types.h:11:3: error: conflicting types for ‘pfn_t’
   11 | } pfn_t;
      |   ^~~~~
In file included from /var/lib/dkms/amdgpu/5.6.5.24-1109583/build/ttm/backport/backport.h:9,
                 from <command-line>:
/var/lib/dkms/amdgpu/5.6.5.24-1109583/build/include/kcl/backport/kcl_drm_backport.h: In function ‘_kcl_drm_gem_object_lookup’:
/var/lib/dkms/amdgpu/5.6.5.24-1109583/build/include/kcl/backport/kcl_drm_backport.h:161:49: warning: passing argument 2 of ‘drm_gem_object_lookup’ makes integer from pointer without a cast [-Wint-conversion]
  161 |  return drm_gem_object_lookup(filp->minor->dev, filp, handle);
      |                                                 ^~~~
      |                                                 |
      |                                                 struct drm_file *
In file included from ./include/asm-generic/memory_model.h:5,
                 from ./arch/x86/include/asm/page.h:76,
                 from ./arch/x86/include/asm/thread_info.h:12,
                 from ./include/linux/thread_info.h:59,
                 from ./arch/x86/include/asm/preempt.h:7,
                 from ./include/linux/preempt.h:78,
                 from ./include/linux/rcupdate.h:27,
                 from /var/lib/dkms/amdgpu/5.6.5.24-1109583/build/include/kcl/kcl_rcupdate.h:5,
                 from /var/lib/dkms/amdgpu/5.6.5.24-1109583/build/include/kcl/kcl_fence.h:6,
                 from /var/lib/dkms/amdgpu/5.6.5.24-1109583/build/include/kcl/backport/kcl_fence_backport.h:4,
                 from /var/lib/dkms/amdgpu/5.6.5.24-1109583/build/amd/backport/backport.h:11,
                 from <command-line>:
./include/linux/pfn.h:15:3: note: previous declaration of ‘pfn_t’ was here
   15 | } pfn_t;
      |   ^~~~~
In file included from /var/lib/dkms/amdgpu/5.6.5.24-1109583/build/include/kcl/backport/kcl_drm_backport.h:11,
                 from /var/lib/dkms/amdgpu/5.6.5.24-1109583/build/ttm/backport/backport.h:9,
                 from <command-line>:
./include/drm/drm_gem.h:405:24: note: expected ‘u32’ {aka ‘unsigned int’} but argument is of type ‘struct drm_file *’
  405 | struct drm_gem_object *drm_gem_object_lookup(struct drm_file *filp, u32 handle);
      |                        ^~~~~~~~~~~~~~~~~~~~~
In file included from /var/lib/dkms/amdgpu/5.6.5.24-1109583/build/ttm/backport/backport.h:9,
                 from <command-line>:
/var/lib/dkms/amdgpu/5.6.5.24-1109583/build/include/kcl/backport/kcl_drm_backport.h:161:9: error: too many arguments to function ‘drm_gem_object_lookup’
  161 |  return drm_gem_object_lookup(filp->minor->dev, filp, handle);
      |         ^~~~~~~~~~~~~~~~~~~~~
In file included from /var/lib/dkms/amdgpu/5.6.5.24-1109583/build/include/kcl/backport/kcl_drm_backport.h:11,
                 from /var/lib/dkms/amdgpu/5.6.5.24-1109583/build/ttm/backport/backport.h:9,
                 from <command-line>:
./include/drm/drm_gem.h:405:24: note: declared here
  405 | struct drm_gem_object *drm_gem_object_lookup(struct drm_file *filp, u32 handle);
      |                        ^~~~~~~~~~~~~~~~~~~~~
In file included from /var/lib/dkms/amdgpu/5.6.5.24-1109583/build/include/kcl/kcl_mm.h:15,
                 from /var/lib/dkms/amdgpu/5.6.5.24-1109583/build/include/kcl/backport/kcl_mm_backport.h:4,
                 from /var/lib/dkms/amdgpu/5.6.5.24-1109583/build/amd/backport/backport.h:16,
                 from <command-line>:
/var/lib/dkms/amdgpu/5.6.5.24-1109583/build/include/kcl/kcl_mm_types.h:34:13: error: conflicting types for ‘vm_fault_t’
   34 | typedef int vm_fault_t;
      |             ^~~~~~~~~~
In file included from ./include/linux/mmzone.h:21,
                 from ./include/linux/gfp.h:6,
                 from ./include/linux/xarray.h:14,
                 from ./include/linux/radix-tree.h:19,
                 from ./include/linux/idr.h:15,
                 from ./include/linux/kernfs.h:13,
                 from ./include/linux/sysfs.h:16,
                 from ./include/linux/kobject.h:20,
                 from ./include/linux/of.h:17,
                 from ./include/linux/irqdomain.h:35,
                 from ./include/linux/acpi.h:13,
                 from ./include/linux/i2c.h:13,
                 from ./include/drm/drm_crtc.h:28,
                 from /var/lib/dkms/amdgpu/5.6.5.24-1109583/build/include/kcl/backport/kcl_drm_backport.h:5,
                 from /var/lib/dkms/amdgpu/5.6.5.24-1109583/build/amd/backport/backport.h:12,
                 from <command-line>:
./include/linux/mm_types.h:690:32: note: previous declaration of ‘vm_fault_t’ was here
  690 | typedef __bitwise unsigned int vm_fault_t;
      |                                ^~~~~~~~~~
In file included from /var/lib/dkms/amdgpu/5.6.5.24-1109583/build/include/kcl/backport/kcl_mm_backport.h:4,
                 from /var/lib/dkms/amdgpu/5.6.5.24-1109583/build/amd/backport/backport.h:16,
                 from <command-line>:
/var/lib/dkms/amdgpu/5.6.5.24-1109583/build/include/kcl/kcl_mm.h:22:21: error: redefinition of ‘kvmalloc’
   22 | static inline void *kvmalloc(size_t size, gfp_t flags)
      |                     ^~~~~~~~
In file included from ./include/linux/kallsyms.h:12,
                 from ./include/linux/ftrace.h:12,
                 from ./include/linux/kprobes.h:29,
                 from ./include/linux/kgdb.h:19,
                 from ./include/linux/fb.h:5,
                 from ./include/drm/drm_crtc.h:31,
                 from /var/lib/dkms/amdgpu/5.6.5.24-1109583/build/include/kcl/backport/kcl_drm_backport.h:5,
                 from /var/lib/dkms/amdgpu/5.6.5.24-1109583/build/amd/backport/backport.h:12,
                 from <command-line>:
./include/linux/mm.h:779:21: note: previous definition of ‘kvmalloc’ was here
  779 | static inline void *kvmalloc(size_t size, gfp_t flags)
      |                     ^~~~~~~~
In file included from /var/lib/dkms/amdgpu/5.6.5.24-1109583/build/include/kcl/backport/kcl_mm_backport.h:4,
                 from /var/lib/dkms/amdgpu/5.6.5.24-1109583/build/amd/backport/backport.h:16,
                 from <command-line>:
/var/lib/dkms/amdgpu/5.6.5.24-1109583/build/include/kcl/kcl_mm.h: In function ‘kvmalloc’:
/var/lib/dkms/amdgpu/5.6.5.24-1109583/build/include/kcl/kcl_mm.h:27:9: error: too many arguments to function ‘__vmalloc’
   27 |   out = __vmalloc(size, flags, PAGE_KERNEL);
      |         ^~~~~~~~~
In file included from ./include/asm-generic/io.h:911,
                 from ./arch/x86/include/asm/io.h:375,
                 from ./include/linux/io.h:13,
                 from ./include/acpi/acpi_io.h:5,
                 from ./include/linux/acpi.h:35,
                 from ./include/linux/i2c.h:13,
                 from ./include/drm/drm_crtc.h:28,
                 from /var/lib/dkms/amdgpu/5.6.5.24-1109583/build/include/kcl/backport/kcl_drm_backport.h:5,
                 from /var/lib/dkms/amdgpu/5.6.5.24-1109583/build/amd/backport/backport.h:12,
                 from <command-line>:
./include/linux/vmalloc.h:105:14: note: declared here
  105 | extern void *__vmalloc(unsigned long size, gfp_t gfp_mask);
      |              ^~~~~~~~~
In file included from /var/lib/dkms/amdgpu/5.6.5.24-1109583/build/include/kcl/backport/kcl_mm_backport.h:4,
                 from /var/lib/dkms/amdgpu/5.6.5.24-1109583/build/amd/backport/backport.h:16,
                 from <command-line>:
/var/lib/dkms/amdgpu/5.6.5.24-1109583/build/include/kcl/kcl_mm.h: At top level:
/var/lib/dkms/amdgpu/5.6.5.24-1109583/build/include/kcl/kcl_mm.h:32:21: error: redefinition of ‘kvzalloc’
   32 | static inline void *kvzalloc(size_t size, gfp_t flags)
      |                     ^~~~~~~~
In file included from ./include/linux/kallsyms.h:12,
                 from ./include/linux/ftrace.h:12,
                 from ./include/linux/kprobes.h:29,
                 from ./include/linux/kgdb.h:19,
                 from ./include/linux/fb.h:5,
                 from ./include/drm/drm_crtc.h:31,
                 from /var/lib/dkms/amdgpu/5.6.5.24-1109583/build/include/kcl/backport/kcl_drm_backport.h:5,
                 from /var/lib/dkms/amdgpu/5.6.5.24-1109583/build/amd/backport/backport.h:12,
                 from <command-line>:
./include/linux/mm.h:787:21: note: previous definition of ‘kvzalloc’ was here
  787 | static inline void *kvzalloc(size_t size, gfp_t flags)
      |                     ^~~~~~~~
make[2]: *** [scripts/Makefile.build:287: /var/lib/dkms/amdgpu/5.6.5.24-1109583/build/scheduler/sched_entity.o] Error 1
make[2]: *** Waiting for unfinished jobs....
In file included from /var/lib/dkms/amdgpu/5.6.5.24-1109583/build/include/kcl/backport/kcl_mm_backport.h:4,
                 from /var/lib/dkms/amdgpu/5.6.5.24-1109583/build/amd/backport/backport.h:16,
                 from <command-line>:
/var/lib/dkms/amdgpu/5.6.5.24-1109583/build/include/kcl/kcl_mm.h:45:20: error: static declaration of ‘kvfree’ follows non-static declaration
   45 | static inline void kvfree(const void *addr)
      |                    ^~~~~~
In file included from ./include/linux/kallsyms.h:12,
                 from ./include/linux/ftrace.h:12,
                 from ./include/linux/kprobes.h:29,
                 from ./include/linux/kgdb.h:19,
                 from ./include/linux/fb.h:5,
                 from ./include/drm/drm_crtc.h:31,
                 from /var/lib/dkms/amdgpu/5.6.5.24-1109583/build/include/kcl/backport/kcl_drm_backport.h:5,
                 from /var/lib/dkms/amdgpu/5.6.5.24-1109583/build/amd/backport/backport.h:12,
                 from <command-line>:
./include/linux/mm.h:807:13: note: previous declaration of ‘kvfree’ was here
  807 | extern void kvfree(const void *addr);
      |             ^~~~~~
In file included from /var/lib/dkms/amdgpu/5.6.5.24-1109583/build/include/kcl/backport/kcl_mm_backport.h:4,
                 from /var/lib/dkms/amdgpu/5.6.5.24-1109583/build/amd/backport/backport.h:16,
                 from <command-line>:
/var/lib/dkms/amdgpu/5.6.5.24-1109583/build/include/kcl/kcl_mm.h:65:21: error: redefinition of ‘kvmalloc_array’
   65 | static inline void *kvmalloc_array(size_t n, size_t size, gfp_t flags)
      |                     ^~~~~~~~~~~~~~
In file included from ./include/linux/kallsyms.h:12,
                 from ./include/linux/ftrace.h:12,
                 from ./include/linux/kprobes.h:29,
                 from ./include/linux/kgdb.h:19,
                 from ./include/linux/fb.h:5,
                 from ./include/drm/drm_crtc.h:31,
                 from /var/lib/dkms/amdgpu/5.6.5.24-1109583/build/include/kcl/backport/kcl_drm_backport.h:5,
                 from /var/lib/dkms/amdgpu/5.6.5.24-1109583/build/amd/backport/backport.h:12,
                 from <command-line>:
./include/linux/mm.h:792:21: note: previous definition of ‘kvmalloc_array’ was here
  792 | static inline void *kvmalloc_array(size_t n, size_t size, gfp_t flags)
      |                     ^~~~~~~~~~~~~~
In file included from /var/lib/dkms/amdgpu/5.6.5.24-1109583/build/include/kcl/backport/kcl_mm_backport.h:4,
                 from /var/lib/dkms/amdgpu/5.6.5.24-1109583/build/amd/backport/backport.h:16,
                 from <command-line>:
/var/lib/dkms/amdgpu/5.6.5.24-1109583/build/include/kcl/kcl_mm.h:78:21: error: redefinition of ‘kvcalloc’
   78 | static inline void *kvcalloc(size_t n, size_t size, gfp_t flags)
      |                     ^~~~~~~~
In file included from ./include/linux/kallsyms.h:12,
                 from ./include/linux/ftrace.h:12,
                 from ./include/linux/kprobes.h:29,
                 from ./include/linux/kgdb.h:19,
                 from ./include/linux/fb.h:5,
                 from ./include/drm/drm_crtc.h:31,
                 from /var/lib/dkms/amdgpu/5.6.5.24-1109583/build/include/kcl/backport/kcl_drm_backport.h:5,
                 from /var/lib/dkms/amdgpu/5.6.5.24-1109583/build/amd/backport/backport.h:12,
                 from <command-line>:
./include/linux/mm.h:802:21: note: previous definition of ‘kvcalloc’ was here
  802 | static inline void *kvcalloc(size_t n, size_t size, gfp_t flags)
      |                     ^~~~~~~~
In file included from /var/lib/dkms/amdgpu/5.6.5.24-1109583/build/include/kcl/backport/kcl_mm_backport.h:4,
                 from /var/lib/dkms/amdgpu/5.6.5.24-1109583/build/amd/backport/backport.h:16,
                 from <command-line>:
/var/lib/dkms/amdgpu/5.6.5.24-1109583/build/include/kcl/kcl_mm.h:85:20: error: redefinition of ‘mmgrab’
   85 | static inline void mmgrab(struct mm_struct *mm)
      |                    ^~~~~~
In file included from /var/lib/dkms/amdgpu/5.6.5.24-1109583/build/include/kcl/header/kcl_sched_mm_h.h:6,
                 from /var/lib/dkms/amdgpu/5.6.5.24-1109583/build/include/kcl/kcl_mm.h:5,
                 from /var/lib/dkms/amdgpu/5.6.5.24-1109583/build/include/kcl/backport/kcl_mm_backport.h:4,
                 from /var/lib/dkms/amdgpu/5.6.5.24-1109583/build/amd/backport/backport.h:16,
                 from <command-line>:
./include/linux/sched/mm.h:34:20: note: previous definition of ‘mmgrab’ was here
   34 | static inline void mmgrab(struct mm_struct *mm)
      |                    ^~~~~~
In file included from /var/lib/dkms/amdgpu/5.6.5.24-1109583/build/include/kcl/backport/kcl_mm_backport.h:4,
                 from /var/lib/dkms/amdgpu/5.6.5.24-1109583/build/amd/backport/backport.h:16,
                 from <command-line>:
/var/lib/dkms/amdgpu/5.6.5.24-1109583/build/include/kcl/kcl_mm.h:96:28: error: redefinition of ‘memalloc_nofs_save’
   96 | static inline unsigned int memalloc_nofs_save(void)
      |                            ^~~~~~~~~~~~~~~~~~
In file included from /var/lib/dkms/amdgpu/5.6.5.24-1109583/build/include/kcl/header/kcl_sched_mm_h.h:6,
                 from /var/lib/dkms/amdgpu/5.6.5.24-1109583/build/include/kcl/kcl_mm.h:5,
                 from /var/lib/dkms/amdgpu/5.6.5.24-1109583/build/include/kcl/backport/kcl_mm_backport.h:4,
                 from /var/lib/dkms/amdgpu/5.6.5.24-1109583/build/amd/backport/backport.h:16,
                 from <command-line>:
./include/linux/sched/mm.h:242:28: note: previous definition of ‘memalloc_nofs_save’ was here
  242 | static inline unsigned int memalloc_nofs_save(void)
      |                            ^~~~~~~~~~~~~~~~~~
In file included from /var/lib/dkms/amdgpu/5.6.5.24-1109583/build/include/kcl/backport/kcl_mm_backport.h:4,
                 from /var/lib/dkms/amdgpu/5.6.5.24-1109583/build/amd/backport/backport.h:16,
                 from <command-line>:
/var/lib/dkms/amdgpu/5.6.5.24-1109583/build/include/kcl/kcl_mm.h:101:20: error: redefinition of ‘memalloc_nofs_restore’
  101 | static inline void memalloc_nofs_restore(unsigned int flags)
      |                    ^~~~~~~~~~~~~~~~~~~~~
In file included from /var/lib/dkms/amdgpu/5.6.5.24-1109583/build/include/kcl/header/kcl_sched_mm_h.h:6,
                 from /var/lib/dkms/amdgpu/5.6.5.24-1109583/build/include/kcl/kcl_mm.h:5,
                 from /var/lib/dkms/amdgpu/5.6.5.24-1109583/build/include/kcl/backport/kcl_mm_backport.h:4,
                 from /var/lib/dkms/amdgpu/5.6.5.24-1109583/build/amd/backport/backport.h:16,
                 from <command-line>:
./include/linux/sched/mm.h:257:20: note: previous definition of ‘memalloc_nofs_restore’ was here
  257 | static inline void memalloc_nofs_restore(unsigned int flags)
      |                    ^~~~~~~~~~~~~~~~~~~~~
In file included from /var/lib/dkms/amdgpu/5.6.5.24-1109583/build/include/kcl/backport/kcl_mm_backport.h:4,
                 from /var/lib/dkms/amdgpu/5.6.5.24-1109583/build/amd/backport/backport.h:16,
                 from <command-line>:
/var/lib/dkms/amdgpu/5.6.5.24-1109583/build/include/kcl/kcl_mm.h: In function ‘kcl_get_user_pages’:
/var/lib/dkms/amdgpu/5.6.5.24-1109583/build/include/kcl/kcl_mm.h:136:24: warning: passing argument 1 of ‘get_user_pages’ makes integer from pointer without a cast [-Wint-conversion]
  136 |  return get_user_pages(tsk, mm, start, nr_pages,
      |                        ^~~
      |                        |
      |                        struct task_struct *
In file included from ./include/linux/kallsyms.h:12,
                 from ./include/linux/ftrace.h:12,
                 from ./include/linux/kprobes.h:29,
                 from ./include/linux/kgdb.h:19,
                 from ./include/linux/fb.h:5,
                 from ./include/drm/drm_crtc.h:31,
                 from /var/lib/dkms/amdgpu/5.6.5.24-1109583/build/include/kcl/backport/kcl_drm_backport.h:5,
                 from /var/lib/dkms/amdgpu/5.6.5.24-1109583/build/amd/backport/backport.h:12,
                 from <command-line>:
./include/linux/mm.h:1769:35: note: expected ‘long unsigned int’ but argument is of type ‘struct task_struct *’
 1769 | long get_user_pages(unsigned long start, unsigned long nr_pages,
      |                     ~~~~~~~~~~~~~~^~~~~
In file included from /var/lib/dkms/amdgpu/5.6.5.24-1109583/build/include/kcl/backport/kcl_mm_backport.h:4,
                 from /var/lib/dkms/amdgpu/5.6.5.24-1109583/build/amd/backport/backport.h:16,
                 from <command-line>:
/var/lib/dkms/amdgpu/5.6.5.24-1109583/build/include/kcl/kcl_mm.h:136:29: warning: passing argument 2 of ‘get_user_pages’ makes integer from pointer without a cast [-Wint-conversion]
  136 |  return get_user_pages(tsk, mm, start, nr_pages,
      |                             ^~
      |                             |
      |                             struct mm_struct *
In file included from ./include/linux/kallsyms.h:12,
                 from ./include/linux/ftrace.h:12,
                 from ./include/linux/kprobes.h:29,
                 from ./include/linux/kgdb.h:19,
                 from ./include/linux/fb.h:5,
                 from ./include/drm/drm_crtc.h:31,
                 from /var/lib/dkms/amdgpu/5.6.5.24-1109583/build/include/kcl/backport/kcl_drm_backport.h:5,
                 from /var/lib/dkms/amdgpu/5.6.5.24-1109583/build/amd/backport/backport.h:12,
                 from <command-line>:
./include/linux/mm.h:1769:56: note: expected ‘long unsigned int’ but argument is of type ‘struct mm_struct *’
 1769 | long get_user_pages(unsigned long start, unsigned long nr_pages,
      |                                          ~~~~~~~~~~~~~~^~~~~~~~
In file included from /var/lib/dkms/amdgpu/5.6.5.24-1109583/build/include/kcl/backport/kcl_mm_backport.h:4,
                 from /var/lib/dkms/amdgpu/5.6.5.24-1109583/build/amd/backport/backport.h:16,
                 from <command-line>:
/var/lib/dkms/amdgpu/5.6.5.24-1109583/build/include/kcl/kcl_mm.h:136:40: warning: passing argument 4 of ‘get_user_pages’ makes pointer from integer without a cast [-Wint-conversion]
  136 |  return get_user_pages(tsk, mm, start, nr_pages,
      |                                        ^~~~~~~~
      |                                        |
      |                                        long unsigned int
In file included from ./include/linux/kallsyms.h:12,
                 from ./include/linux/ftrace.h:12,
                 from ./include/linux/kprobes.h:29,
                 from ./include/linux/kgdb.h:19,
                 from ./include/linux/fb.h:5,
                 from ./include/drm/drm_crtc.h:31,
                 from /var/lib/dkms/amdgpu/5.6.5.24-1109583/build/include/kcl/backport/kcl_drm_backport.h:5,
                 from /var/lib/dkms/amdgpu/5.6.5.24-1109583/build/amd/backport/backport.h:12,
                 from <command-line>:
./include/linux/mm.h:1770:46: note: expected ‘struct page **’ but argument is of type ‘long unsigned int’
 1770 |        unsigned int gup_flags, struct page **pages,
      |                                ~~~~~~~~~~~~~~^~~~~
In file included from /var/lib/dkms/amdgpu/5.6.5.24-1109583/build/include/kcl/backport/kcl_mm_backport.h:4,
                 from /var/lib/dkms/amdgpu/5.6.5.24-1109583/build/amd/backport/backport.h:16,
                 from <command-line>:
/var/lib/dkms/amdgpu/5.6.5.24-1109583/build/include/kcl/kcl_mm.h:137:4: warning: passing argument 5 of ‘get_user_pages’ makes pointer from integer without a cast [-Wint-conversion]
  137 |    write, force, pages, vmas);
      |    ^~~~~
      |    |
      |    int
In file included from ./include/linux/kallsyms.h:12,
                 from ./include/linux/ftrace.h:12,
                 from ./include/linux/kprobes.h:29,
                 from ./include/linux/kgdb.h:19,
                 from ./include/linux/fb.h:5,
                 from ./include/drm/drm_crtc.h:31,
                 from /var/lib/dkms/amdgpu/5.6.5.24-1109583/build/include/kcl/backport/kcl_drm_backport.h:5,
                 from /var/lib/dkms/amdgpu/5.6.5.24-1109583/build/amd/backport/backport.h:12,
                 from <command-line>:
./include/linux/mm.h:1771:32: note: expected ‘struct vm_area_struct **’ but argument is of type ‘int’
 1771 |        struct vm_area_struct **vmas);
      |        ~~~~~~~~~~~~~~~~~~~~~~~~^~~~
In file included from /var/lib/dkms/amdgpu/5.6.5.24-1109583/build/include/kcl/backport/kcl_mm_backport.h:4,
                 from /var/lib/dkms/amdgpu/5.6.5.24-1109583/build/amd/backport/backport.h:16,
                 from <command-line>:
/var/lib/dkms/amdgpu/5.6.5.24-1109583/build/include/kcl/kcl_mm.h:136:9: error: too many arguments to function ‘get_user_pages’
  136 |  return get_user_pages(tsk, mm, start, nr_pages,
      |         ^~~~~~~~~~~~~~
In file included from ./include/linux/kallsyms.h:12,
                 from ./include/linux/ftrace.h:12,
                 from ./include/linux/kprobes.h:29,
                 from ./include/linux/kgdb.h:19,
                 from ./include/linux/fb.h:5,
                 from ./include/drm/drm_crtc.h:31,
                 from /var/lib/dkms/amdgpu/5.6.5.24-1109583/build/include/kcl/backport/kcl_drm_backport.h:5,
                 from /var/lib/dkms/amdgpu/5.6.5.24-1109583/build/amd/backport/backport.h:12,
                 from <command-line>:
./include/linux/mm.h:1769:6: note: declared here
 1769 | long get_user_pages(unsigned long start, unsigned long nr_pages,
      |      ^~~~~~~~~~~~~~
In file included from /var/lib/dkms/amdgpu/5.6.5.24-1109583/build/include/kcl/backport/kcl_mm_backport.h:4,
                 from /var/lib/dkms/amdgpu/5.6.5.24-1109583/build/amd/backport/backport.h:16,
                 from <command-line>:
/var/lib/dkms/amdgpu/5.6.5.24-1109583/build/include/kcl/kcl_mm.h: At top level:
/var/lib/dkms/amdgpu/5.6.5.24-1109583/build/include/kcl/kcl_mm.h:142:29: error: redefinition of ‘zone_managed_pages’
  142 | static inline unsigned long zone_managed_pages(struct zone *zone)
      |                             ^~~~~~~~~~~~~~~~~~
In file included from ./include/linux/gfp.h:6,
                 from ./include/linux/xarray.h:14,
                 from ./include/linux/radix-tree.h:19,
                 from ./include/linux/idr.h:15,
                 from ./include/linux/kernfs.h:13,
                 from ./include/linux/sysfs.h:16,
                 from ./include/linux/kobject.h:20,
                 from ./include/linux/of.h:17,
                 from ./include/linux/irqdomain.h:35,
                 from ./include/linux/acpi.h:13,
                 from ./include/linux/i2c.h:13,
                 from ./include/drm/drm_crtc.h:28,
                 from /var/lib/dkms/amdgpu/5.6.5.24-1109583/build/include/kcl/backport/kcl_drm_backport.h:5,
                 from /var/lib/dkms/amdgpu/5.6.5.24-1109583/build/amd/backport/backport.h:12,
                 from <command-line>:
./include/linux/mmzone.h:602:29: note: previous definition of ‘zone_managed_pages’ was here
  602 | static inline unsigned long zone_managed_pages(struct zone *zone)
      |                             ^~~~~~~~~~~~~~~~~~
In file included from /var/lib/dkms/amdgpu/5.6.5.24-1109583/build/include/kcl/backport/kcl_mm_backport.h:4,
                 from /var/lib/dkms/amdgpu/5.6.5.24-1109583/build/amd/backport/backport.h:16,
                 from <command-line>:
/var/lib/dkms/amdgpu/5.6.5.24-1109583/build/include/kcl/kcl_mm.h:155:26: error: conflicting types for ‘vmf_insert_mixed’
  155 | static inline vm_fault_t vmf_insert_mixed(struct vm_area_struct *vma,
      |                          ^~~~~~~~~~~~~~~~
In file included from ./include/linux/kallsyms.h:12,
                 from ./include/linux/ftrace.h:12,
                 from ./include/linux/kprobes.h:29,
                 from ./include/linux/kgdb.h:19,
                 from ./include/linux/fb.h:5,
                 from ./include/drm/drm_crtc.h:31,
                 from /var/lib/dkms/amdgpu/5.6.5.24-1109583/build/include/kcl/backport/kcl_drm_backport.h:5,
                 from /var/lib/dkms/amdgpu/5.6.5.24-1109583/build/amd/backport/backport.h:12,
                 from <command-line>:
./include/linux/mm.h:2780:12: note: previous declaration of ‘vmf_insert_mixed’ was here
 2780 | vm_fault_t vmf_insert_mixed(struct vm_area_struct *vma, unsigned long addr,
      |            ^~~~~~~~~~~~~~~~
  CC [M]  /var/lib/dkms/amdgpu/5.6.5.24-1109583/build/amd/amdgpu/amdgpu_device.o
In file included from /var/lib/dkms/amdgpu/5.6.5.24-1109583/build/include/kcl/backport/kcl_drm_backport.h:16,
                 from /var/lib/dkms/amdgpu/5.6.5.24-1109583/build/scheduler/backport/backport.h:6,
                 from <command-line>:
/var/lib/dkms/amdgpu/5.6.5.24-1109583/build/include/kcl/kcl_drm.h: In function ‘drm_crtc_accurate_vblank_count’:
/var/lib/dkms/amdgpu/5.6.5.24-1109583/build/include/kcl/kcl_drm.h:357:9: error: implicit declaration of function ‘drm_accurate_vblank_count’; did you mean ‘drm_crtc_accurate_vblank_count’? [-Werror=implicit-function-declaration]
  357 |  return drm_accurate_vblank_count(crtc);
      |         ^~~~~~~~~~~~~~~~~~~~~~~~~
      |         drm_crtc_accurate_vblank_count
In file included from /var/lib/dkms/amdgpu/5.6.5.24-1109583/build/scheduler/backport/backport.h:6,
                 from <command-line>:
/var/lib/dkms/amdgpu/5.6.5.24-1109583/build/include/kcl/backport/kcl_drm_backport.h: In function ‘_kcl_drm_crtc_init_with_planes’:
/var/lib/dkms/amdgpu/5.6.5.24-1109583/build/include/kcl/backport/kcl_drm_backport.h:65:9: error: too few arguments to function ‘drm_crtc_init_with_planes’
   65 |  return drm_crtc_init_with_planes(dev, crtc, primary, cursor, funcs);
      |         ^~~~~~~~~~~~~~~~~~~~~~~~~
In file included from /var/lib/dkms/amdgpu/5.6.5.24-1109583/build/include/kcl/backport/kcl_drm_backport.h:5,
                 from /var/lib/dkms/amdgpu/5.6.5.24-1109583/build/scheduler/backport/backport.h:6,
                 from <command-line>:
./include/drm/drm_crtc.h:1218:5: note: declared here
 1218 | int drm_crtc_init_with_planes(struct drm_device *dev,
      |     ^~~~~~~~~~~~~~~~~~~~~~~~~
In file included from /var/lib/dkms/amdgpu/5.6.5.24-1109583/build/scheduler/backport/backport.h:6,
                 from <command-line>:
/var/lib/dkms/amdgpu/5.6.5.24-1109583/build/include/kcl/backport/kcl_drm_backport.h: In function ‘_kcl_drm_universal_plane_init’:
/var/lib/dkms/amdgpu/5.6.5.24-1109583/build/include/kcl/backport/kcl_drm_backport.h:84:28: error: incompatible type for argument 7 of ‘drm_universal_plane_init’
   84 |     formats, format_count, type);
      |                            ^~~~
      |                            |
      |                            enum drm_plane_type
In file included from ./include/drm/drm_crtc.h:45,
                 from /var/lib/dkms/amdgpu/5.6.5.24-1109583/build/include/kcl/backport/kcl_drm_backport.h:5,
                 from /var/lib/dkms/amdgpu/5.6.5.24-1109583/build/scheduler/backport/backport.h:6,
                 from <command-line>:
./include/drm/drm_plane.h:756:25: note: expected ‘const uint64_t *’ {aka ‘const long long unsigned int *’} but argument is of type ‘enum drm_plane_type’
  756 |         const uint64_t *format_modifiers,
      |         ~~~~~~~~~~~~~~~~^~~~~~~~~~~~~~~~
In file included from /var/lib/dkms/amdgpu/5.6.5.24-1109583/build/scheduler/backport/backport.h:6,
                 from <command-line>:
/var/lib/dkms/amdgpu/5.6.5.24-1109583/build/include/kcl/backport/kcl_drm_backport.h:83:9: error: too few arguments to function ‘drm_universal_plane_init’
   83 |  return drm_universal_plane_init(dev, plane, possible_crtcs, funcs,
      |         ^~~~~~~~~~~~~~~~~~~~~~~~
In file included from ./include/drm/drm_crtc.h:45,
                 from /var/lib/dkms/amdgpu/5.6.5.24-1109583/build/include/kcl/backport/kcl_drm_backport.h:5,
                 from /var/lib/dkms/amdgpu/5.6.5.24-1109583/build/scheduler/backport/backport.h:6,
                 from <command-line>:
./include/drm/drm_plane.h:750:5: note: declared here
  750 | int drm_universal_plane_init(struct drm_device *dev,
      |     ^~~~~~~~~~~~~~~~~~~~~~~~
In file included from /var/lib/dkms/amdgpu/5.6.5.24-1109583/build/scheduler/backport/backport.h:6,
                 from <command-line>:
/var/lib/dkms/amdgpu/5.6.5.24-1109583/build/include/kcl/backport/kcl_drm_backport.h: At top level:
/var/lib/dkms/amdgpu/5.6.5.24-1109583/build/include/kcl/backport/kcl_drm_backport.h:95:8: error: redefinition of ‘struct drm_format_name_buf’
   95 | struct drm_format_name_buf {
      |        ^~~~~~~~~~~~~~~~~~~
In file included from /var/lib/dkms/amdgpu/5.6.5.24-1109583/build/include/kcl/kcl_drm.h:15,
                 from /var/lib/dkms/amdgpu/5.6.5.24-1109583/build/include/kcl/backport/kcl_drm_backport.h:16,
                 from /var/lib/dkms/amdgpu/5.6.5.24-1109583/build/scheduler/backport/backport.h:6,
                 from <command-line>:
./include/drm/drm_fourcc.h:142:8: note: originally defined here
  142 | struct drm_format_name_buf {
      |        ^~~~~~~~~~~~~~~~~~~
In file included from /var/lib/dkms/amdgpu/5.6.5.24-1109583/build/scheduler/backport/backport.h:6,
                 from <command-line>:
/var/lib/dkms/amdgpu/5.6.5.24-1109583/build/include/kcl/backport/kcl_drm_backport.h: In function ‘_kcl_drm_gem_object_lookup’:
/var/lib/dkms/amdgpu/5.6.5.24-1109583/build/include/kcl/backport/kcl_drm_backport.h:161:35: error: dereferencing pointer to incomplete type ‘struct drm_file’
  161 |  return drm_gem_object_lookup(filp->minor->dev, filp, handle);
      |                                   ^~
/var/lib/dkms/amdgpu/5.6.5.24-1109583/build/include/kcl/backport/kcl_drm_backport.h:161:49: warning: passing argument 2 of ‘drm_gem_object_lookup’ makes integer from pointer without a cast [-Wint-conversion]
  161 |  return drm_gem_object_lookup(filp->minor->dev, filp, handle);
      |                                                 ^~~~
      |                                                 |
      |                                                 struct drm_file *
In file included from /var/lib/dkms/amdgpu/5.6.5.24-1109583/build/include/kcl/backport/kcl_drm_backport.h:11,
                 from /var/lib/dkms/amdgpu/5.6.5.24-1109583/build/scheduler/backport/backport.h:6,
                 from <command-line>:
./include/drm/drm_gem.h:405:24: note: expected ‘u32’ {aka ‘unsigned int’} but argument is of type ‘struct drm_file *’
  405 | struct drm_gem_object *drm_gem_object_lookup(struct drm_file *filp, u32 handle);
      |                        ^~~~~~~~~~~~~~~~~~~~~
In file included from /var/lib/dkms/amdgpu/5.6.5.24-1109583/build/scheduler/backport/backport.h:6,
                 from <command-line>:
/var/lib/dkms/amdgpu/5.6.5.24-1109583/build/include/kcl/backport/kcl_drm_backport.h:161:9: error: too many arguments to function ‘drm_gem_object_lookup’
  161 |  return drm_gem_object_lookup(filp->minor->dev, filp, handle);
      |         ^~~~~~~~~~~~~~~~~~~~~
In file included from /var/lib/dkms/amdgpu/5.6.5.24-1109583/build/include/kcl/backport/kcl_drm_backport.h:11,
                 from /var/lib/dkms/amdgpu/5.6.5.24-1109583/build/scheduler/backport/backport.h:6,
                 from <command-line>:
./include/drm/drm_gem.h:405:24: note: declared here
  405 | struct drm_gem_object *drm_gem_object_lookup(struct drm_file *filp, u32 handle);
      |                        ^~~~~~~~~~~~~~~~~~~~~
In file included from /var/lib/dkms/amdgpu/5.6.5.24-1109583/build/ttm/backport/backport.h:11,
                 from <command-line>:
/var/lib/dkms/amdgpu/5.6.5.24-1109583/build/include/kcl/backport/kcl_highmem_backport.h: In function ‘_kcl_kmap_atomic’:
/var/lib/dkms/amdgpu/5.6.5.24-1109583/build/include/kcl/backport/kcl_highmem_backport.h:10:27: error: ‘KM_USER0’ undeclared (first use in this function)
   10 |  return kmap_atomic(page, KM_USER0);
      |                           ^~~~~~~~
/var/lib/dkms/amdgpu/5.6.5.24-1109583/build/include/kcl/backport/kcl_highmem_backport.h:10:27: note: each undeclared identifier is reported only once for each function it appears in
/var/lib/dkms/amdgpu/5.6.5.24-1109583/build/include/kcl/backport/kcl_highmem_backport.h:10:9: error: too many arguments to function ‘kmap_atomic’
   10 |  return kmap_atomic(page, KM_USER0);
      |         ^~~~~~~~~~~
In file included from ./include/linux/highmem.h:14,
                 from /var/lib/dkms/amdgpu/5.6.5.24-1109583/build/include/kcl/backport/kcl_highmem_backport.h:5,
                 from /var/lib/dkms/amdgpu/5.6.5.24-1109583/build/ttm/backport/backport.h:11,
                 from <command-line>:
./include/linux/highmem-internal.h:185:21: note: declared here
  185 | static inline void *kmap_atomic(struct page *page)
      |                     ^~~~~~~~~~~
In file included from /var/lib/dkms/amdgpu/5.6.5.24-1109583/build/include/kcl/backport/kcl_mm_backport.h:4,
                 from /var/lib/dkms/amdgpu/5.6.5.24-1109583/build/amd/backport/backport.h:16,
                 from <command-line>:
/var/lib/dkms/amdgpu/5.6.5.24-1109583/build/include/kcl/kcl_mm.h: In function ‘vmf_insert_mixed’:
/var/lib/dkms/amdgpu/5.6.5.24-1109583/build/include/kcl/kcl_mm.h:161:8: error: implicit declaration of function ‘vm_insert_mixed’; did you mean ‘vmf_insert_mixed’? [-Werror=implicit-function-declaration]
  161 |  err = vm_insert_mixed(vma, addr, pfn_t_to_pfn(pfn));
      |        ^~~~~~~~~~~~~~~
      |        vmf_insert_mixed
In file included from /var/lib/dkms/amdgpu/5.6.5.24-1109583/build/ttm/backport/backport.h:11,
                 from <command-line>:
/var/lib/dkms/amdgpu/5.6.5.24-1109583/build/include/kcl/backport/kcl_highmem_backport.h: In function ‘_kcl_kunmap_atomic’:
/var/lib/dkms/amdgpu/5.6.5.24-1109583/build/include/kcl/backport/kcl_highmem_backport.h:14:30: error: macro "kunmap_atomic" passed 2 arguments, but takes just 1
   14 |  kunmap_atomic(addr, KM_USER0);
      |                              ^
In file included from ./include/linux/highmem.h:14,
                 from /var/lib/dkms/amdgpu/5.6.5.24-1109583/build/include/kcl/backport/kcl_highmem_backport.h:5,
                 from /var/lib/dkms/amdgpu/5.6.5.24-1109583/build/ttm/backport/backport.h:11,
                 from <command-line>:
./include/linux/highmem-internal.h:220: note: macro "kunmap_atomic" defined here
  220 | #define kunmap_atomic(__addr)     \
      | 
/var/lib/dkms/amdgpu/5.6.5.24-1109583/build/include/kcl/kcl_mm.h: At top level:
/var/lib/dkms/amdgpu/5.6.5.24-1109583/build/include/kcl/kcl_mm.h:173:26: error: conflicting types for ‘vmf_insert_pfn’
  173 | static inline vm_fault_t vmf_insert_pfn(struct vm_area_struct *vma,
      |                          ^~~~~~~~~~~~~~
In file included from ./include/linux/kallsyms.h:12,
                 from ./include/linux/ftrace.h:12,
                 from ./include/linux/kprobes.h:29,
                 from ./include/linux/kgdb.h:19,
                 from ./include/linux/fb.h:5,
                 from ./include/drm/drm_crtc.h:31,
                 from /var/lib/dkms/amdgpu/5.6.5.24-1109583/build/include/kcl/backport/kcl_drm_backport.h:5,
                 from /var/lib/dkms/amdgpu/5.6.5.24-1109583/build/amd/backport/backport.h:12,
                 from <command-line>:
./include/linux/mm.h:2776:12: note: previous declaration of ‘vmf_insert_pfn’ was here
 2776 | vm_fault_t vmf_insert_pfn(struct vm_area_struct *vma, unsigned long addr,
      |            ^~~~~~~~~~~~~~
In file included from /var/lib/dkms/amdgpu/5.6.5.24-1109583/build/include/kcl/backport/kcl_mm_backport.h:4,
                 from /var/lib/dkms/amdgpu/5.6.5.24-1109583/build/amd/backport/backport.h:16,
                 from <command-line>:
/var/lib/dkms/amdgpu/5.6.5.24-1109583/build/include/kcl/kcl_mm.h: In function ‘vmf_insert_pfn’:
/var/lib/dkms/amdgpu/5.6.5.24-1109583/build/include/kcl/kcl_mm.h:176:13: error: implicit declaration of function ‘vm_insert_pfn’; did you mean ‘vmf_insert_pfn’? [-Werror=implicit-function-declaration]
  176 |   int err = vm_insert_pfn(vma, addr, pfn);
      |             ^~~~~~~~~~~~~
      |             vmf_insert_pfn
/var/lib/dkms/amdgpu/5.6.5.24-1109583/build/include/kcl/kcl_mm.h: At top level:
/var/lib/dkms/amdgpu/5.6.5.24-1109583/build/include/kcl/kcl_mm.h:192:12: error: conflicting types for ‘vmf_insert_mixed_prot’
  192 | vm_fault_t vmf_insert_mixed_prot(struct vm_area_struct *vma, unsigned long addr,
      |            ^~~~~~~~~~~~~~~~~~~~~
In file included from ./include/linux/kallsyms.h:12,
                 from ./include/linux/ftrace.h:12,
                 from ./include/linux/kprobes.h:29,
                 from ./include/linux/kgdb.h:19,
                 from ./include/linux/fb.h:5,
                 from ./include/drm/drm_crtc.h:31,
                 from /var/lib/dkms/amdgpu/5.6.5.24-1109583/build/include/kcl/backport/kcl_drm_backport.h:5,
                 from /var/lib/dkms/amdgpu/5.6.5.24-1109583/build/amd/backport/backport.h:12,
                 from <command-line>:
./include/linux/mm.h:2782:12: note: previous declaration of ‘vmf_insert_mixed_prot’ was here
 2782 | vm_fault_t vmf_insert_mixed_prot(struct vm_area_struct *vma, unsigned long addr,
      |            ^~~~~~~~~~~~~~~~~~~~~
In file included from /var/lib/dkms/amdgpu/5.6.5.24-1109583/build/include/kcl/backport/kcl_mm_backport.h:4,
                 from /var/lib/dkms/amdgpu/5.6.5.24-1109583/build/amd/backport/backport.h:16,
                 from <command-line>:
/var/lib/dkms/amdgpu/5.6.5.24-1109583/build/include/kcl/kcl_mm.h:203:12: error: conflicting types for ‘vmf_insert_pfn_prot’
  203 | vm_fault_t vmf_insert_pfn_prot(struct vm_area_struct *vma, unsigned long addr,
      |            ^~~~~~~~~~~~~~~~~~~
In file included from ./include/linux/kallsyms.h:12,
                 from ./include/linux/ftrace.h:12,
                 from ./include/linux/kprobes.h:29,
                 from ./include/linux/kgdb.h:19,
                 from ./include/linux/fb.h:5,
                 from ./include/drm/drm_crtc.h:31,
                 from /var/lib/dkms/amdgpu/5.6.5.24-1109583/build/include/kcl/backport/kcl_drm_backport.h:5,
                 from /var/lib/dkms/amdgpu/5.6.5.24-1109583/build/amd/backport/backport.h:12,
                 from <command-line>:
./include/linux/mm.h:2778:12: note: previous declaration of ‘vmf_insert_pfn_prot’ was here
 2778 | vm_fault_t vmf_insert_pfn_prot(struct vm_area_struct *vma, unsigned long addr,
      |            ^~~~~~~~~~~~~~~~~~~
In file included from /var/lib/dkms/amdgpu/5.6.5.24-1109583/build/amd/backport/backport.h:17,
                 from <command-line>:
/var/lib/dkms/amdgpu/5.6.5.24-1109583/build/include/kcl/kcl_kref.h:8:28: error: redefinition of ‘kref_read’
    8 | static inline unsigned int kref_read(const struct kref *kref)
      |                            ^~~~~~~~~
In file included from /var/lib/dkms/amdgpu/5.6.5.24-1109583/build/ttm/backport/backport.h:11,
                 from <command-line>:
/var/lib/dkms/amdgpu/5.6.5.24-1109583/build/include/kcl/backport/kcl_highmem_backport.h:14:2: error: ‘kunmap_atomic’ undeclared (first use in this function); did you mean ‘kmap_atomic’?
   14 |  kunmap_atomic(addr, KM_USER0);
      |  ^~~~~~~~~~~~~
      |  kmap_atomic
In file included from ./include/linux/dma-fence.h:20,
                 from /var/lib/dkms/amdgpu/5.6.5.24-1109583/build/include/kcl/kcl_fence.h:11,
                 from /var/lib/dkms/amdgpu/5.6.5.24-1109583/build/include/kcl/backport/kcl_fence_backport.h:4,
                 from /var/lib/dkms/amdgpu/5.6.5.24-1109583/build/amd/backport/backport.h:11,
                 from <command-line>:
./include/linux/kref.h:34:28: note: previous definition of ‘kref_read’ was here
   34 | static inline unsigned int kref_read(const struct kref *kref)
      |                            ^~~~~~~~~
In file included from /var/lib/dkms/amdgpu/5.6.5.24-1109583/build/amd/backport/backport.h:17,
                 from <command-line>:
/var/lib/dkms/amdgpu/5.6.5.24-1109583/build/include/kcl/kcl_kref.h: In function ‘kref_read’:
/var/lib/dkms/amdgpu/5.6.5.24-1109583/build/include/kcl/kcl_kref.h:10:21: error: passing argument 1 of ‘atomic_read’ from incompatible pointer type [-Werror=incompatible-pointer-types]
   10 |  return atomic_read(&kref->refcount);
      |                     ^~~~~~~~~~~~~~~
      |                     |
      |                     const refcount_t * {aka const struct refcount_struct *}
In file included from /var/lib/dkms/amdgpu/5.6.5.24-1109583/build/ttm/backport/backport.h:13,
                 from <command-line>:
/var/lib/dkms/amdgpu/5.6.5.24-1109583/build/include/kcl/kcl_kref.h: At top level:
In file included from ./include/linux/atomic.h:82,
                 from ./include/linux/rcupdate.h:25,
                 from /var/lib/dkms/amdgpu/5.6.5.24-1109583/build/include/kcl/kcl_rcupdate.h:5,
                 from /var/lib/dkms/amdgpu/5.6.5.24-1109583/build/include/kcl/kcl_fence.h:6,
                 from /var/lib/dkms/amdgpu/5.6.5.24-1109583/build/include/kcl/backport/kcl_fence_backport.h:4,
                 from /var/lib/dkms/amdgpu/5.6.5.24-1109583/build/amd/backport/backport.h:11,
                 from <command-line>:
./include/asm-generic/atomic-instrumented.h:25:29: note: expected ‘const atomic_t *’ {aka ‘const struct <anonymous> *’} but argument is of type ‘const refcount_t *’ {aka ‘const struct refcount_struct *’}
   25 | atomic_read(const atomic_t *v)
      |             ~~~~~~~~~~~~~~~~^
/var/lib/dkms/amdgpu/5.6.5.24-1109583/build/include/kcl/kcl_kref.h:8:28: error: redefinition of ‘kref_read’
    8 | static inline unsigned int kref_read(const struct kref *kref)
      |                            ^~~~~~~~~
In file included from ./include/linux/kobject.h:23,
                 from ./include/linux/energy_model.h:7,
                 from ./include/linux/device.h:16,
                 from ./include/drm/drm_print.h:32,
                 from ./include/drm/drm_mm.h:49,
                 from ./include/drm/drm_vma_manager.h:26,
                 from /var/lib/dkms/amdgpu/5.6.5.24-1109583/build/include/kcl/backport/kcl_drm_vma_manager_backport.h:9,
                 from /var/lib/dkms/amdgpu/5.6.5.24-1109583/build/ttm/backport/backport.h:7,
                 from <command-line>:
./include/linux/kref.h:34:28: note: previous definition of ‘kref_read’ was here
   34 | static inline unsigned int kref_read(const struct kref *kref)
      |                            ^~~~~~~~~
In file included from /var/lib/dkms/amdgpu/5.6.5.24-1109583/build/ttm/backport/backport.h:13,
                 from <command-line>:
/var/lib/dkms/amdgpu/5.6.5.24-1109583/build/include/kcl/kcl_kref.h: In function ‘kref_read’:
/var/lib/dkms/amdgpu/5.6.5.24-1109583/build/include/kcl/kcl_kref.h:10:21: error: passing argument 1 of ‘atomic_read’ from incompatible pointer type [-Werror=incompatible-pointer-types]
   10 |  return atomic_read(&kref->refcount);
      |                     ^~~~~~~~~~~~~~~
      |                     |
      |                     const refcount_t * {aka const struct refcount_struct *}
In file included from ./include/linux/atomic.h:82,
                 from ./include/linux/rcupdate.h:25,
                 from ./include/linux/rbtree.h:22,
                 from ./include/drm/drm_mm.h:41,
                 from ./include/drm/drm_vma_manager.h:26,
                 from /var/lib/dkms/amdgpu/5.6.5.24-1109583/build/include/kcl/backport/kcl_drm_vma_manager_backport.h:9,
                 from /var/lib/dkms/amdgpu/5.6.5.24-1109583/build/ttm/backport/backport.h:7,
                 from <command-line>:
./include/asm-generic/atomic-instrumented.h:25:29: note: expected ‘const atomic_t *’ {aka ‘const struct <anonymous> *’} but argument is of type ‘const refcount_t *’ {aka ‘const struct refcount_struct *’}
   25 | atomic_read(const atomic_t *v)
      |             ~~~~~~~~~~~~~~~~^
In file included from /var/lib/dkms/amdgpu/5.6.5.24-1109583/build/ttm/backport/backport.h:14,
                 from <command-line>:
/var/lib/dkms/amdgpu/5.6.5.24-1109583/build/include/kcl/kcl_list.h: At top level:
/var/lib/dkms/amdgpu/5.6.5.24-1109583/build/include/kcl/kcl_list.h:7:20: error: redefinition of ‘list_bulk_move_tail’
    7 | static inline void list_bulk_move_tail(struct list_head *head,
      |                    ^~~~~~~~~~~~~~~~~~~
In file included from ./include/linux/preempt.h:11,
                 from ./include/linux/rcupdate.h:27,
                 from ./include/linux/rbtree.h:22,
                 from ./include/drm/drm_mm.h:41,
                 from ./include/drm/drm_vma_manager.h:26,
                 from /var/lib/dkms/amdgpu/5.6.5.24-1109583/build/include/kcl/backport/kcl_drm_vma_manager_backport.h:9,
                 from /var/lib/dkms/amdgpu/5.6.5.24-1109583/build/ttm/backport/backport.h:7,
                 from <command-line>:
./include/linux/list.h:240:20: note: previous definition of ‘list_bulk_move_tail’ was here
  240 | static inline void list_bulk_move_tail(struct list_head *head,
      |                    ^~~~~~~~~~~~~~~~~~~
In file included from /var/lib/dkms/amdgpu/5.6.5.24-1109583/build/ttm/backport/backport.h:14,
                 from <command-line>:
/var/lib/dkms/amdgpu/5.6.5.24-1109583/build/include/kcl/kcl_list.h:24:20: error: redefinition of ‘list_rotate_to_front’
   24 | static inline void list_rotate_to_front(struct list_head *list,
      |                    ^~~~~~~~~~~~~~~~~~~~
In file included from ./include/linux/preempt.h:11,
                 from ./include/linux/rcupdate.h:27,
                 from ./include/linux/rbtree.h:22,
                 from ./include/drm/drm_mm.h:41,
                 from ./include/drm/drm_vma_manager.h:26,
                 from /var/lib/dkms/amdgpu/5.6.5.24-1109583/build/include/kcl/backport/kcl_drm_vma_manager_backport.h:9,
                 from /var/lib/dkms/amdgpu/5.6.5.24-1109583/build/ttm/backport/backport.h:7,
                 from <command-line>:
./include/linux/list.h:343:20: note: previous definition of ‘list_rotate_to_front’ was here
  343 | static inline void list_rotate_to_front(struct list_head *list,
      |                    ^~~~~~~~~~~~~~~~~~~~
In file included from /var/lib/dkms/amdgpu/5.6.5.24-1109583/build/ttm/backport/backport.h:14,
                 from <command-line>:
/var/lib/dkms/amdgpu/5.6.5.24-1109583/build/include/kcl/kcl_list.h:33:19: error: redefinition of ‘list_is_first’
   33 | static inline int list_is_first(const struct list_head *list,
      |                   ^~~~~~~~~~~~~
In file included from ./include/linux/preempt.h:11,
                 from ./include/linux/rcupdate.h:27,
                 from ./include/linux/rbtree.h:22,
                 from ./include/drm/drm_mm.h:41,
                 from ./include/drm/drm_vma_manager.h:26,
                 from /var/lib/dkms/amdgpu/5.6.5.24-1109583/build/include/kcl/backport/kcl_drm_vma_manager_backport.h:9,
                 from /var/lib/dkms/amdgpu/5.6.5.24-1109583/build/ttm/backport/backport.h:7,
                 from <command-line>:
./include/linux/list.h:259:19: note: previous definition of ‘list_is_first’ was here
  259 | static inline int list_is_first(const struct list_head *list,
      |                   ^~~~~~~~~~~~~
In file included from /var/lib/dkms/amdgpu/5.6.5.24-1109583/build/include/kcl/kcl_mm.h:15,
                 from /var/lib/dkms/amdgpu/5.6.5.24-1109583/build/include/kcl/backport/kcl_mm_backport.h:4,
                 from /var/lib/dkms/amdgpu/5.6.5.24-1109583/build/ttm/backport/backport.h:15,
                 from <command-line>:
/var/lib/dkms/amdgpu/5.6.5.24-1109583/build/include/kcl/kcl_mm_types.h:11:3: error: conflicting types for ‘pfn_t’
   11 | } pfn_t;
      |   ^~~~~
In file included from ./include/asm-generic/memory_model.h:5,
                 from ./arch/x86/include/asm/page.h:76,
                 from ./arch/x86/include/asm/thread_info.h:12,
                 from ./include/linux/thread_info.h:59,
                 from ./arch/x86/include/asm/preempt.h:7,
                 from ./include/linux/preempt.h:78,
                 from ./include/linux/rcupdate.h:27,
                 from ./include/linux/rbtree.h:22,
                 from ./include/drm/drm_mm.h:41,
                 from ./include/drm/drm_vma_manager.h:26,
                 from /var/lib/dkms/amdgpu/5.6.5.24-1109583/build/include/kcl/backport/kcl_drm_vma_manager_backport.h:9,
                 from /var/lib/dkms/amdgpu/5.6.5.24-1109583/build/ttm/backport/backport.h:7,
                 from <command-line>:
./include/linux/pfn.h:15:3: note: previous declaration of ‘pfn_t’ was here
   15 | } pfn_t;
      |   ^~~~~
In file included from /var/lib/dkms/amdgpu/5.6.5.24-1109583/build/include/kcl/kcl_mm.h:15,
                 from /var/lib/dkms/amdgpu/5.6.5.24-1109583/build/include/kcl/backport/kcl_mm_backport.h:4,
                 from /var/lib/dkms/amdgpu/5.6.5.24-1109583/build/ttm/backport/backport.h:15,
                 from <command-line>:
/var/lib/dkms/amdgpu/5.6.5.24-1109583/build/include/kcl/kcl_mm_types.h:34:13: error: conflicting types for ‘vm_fault_t’
   34 | typedef int vm_fault_t;
      |             ^~~~~~~~~~
In file included from ./include/drm/drm_mm.h:43,
                 from ./include/drm/drm_vma_manager.h:26,
                 from /var/lib/dkms/amdgpu/5.6.5.24-1109583/build/include/kcl/backport/kcl_drm_vma_manager_backport.h:9,
                 from /var/lib/dkms/amdgpu/5.6.5.24-1109583/build/ttm/backport/backport.h:7,
                 from <command-line>:
./include/linux/mm_types.h:690:32: note: previous declaration of ‘vm_fault_t’ was here
  690 | typedef __bitwise unsigned int vm_fault_t;
      |                                ^~~~~~~~~~
In file included from /var/lib/dkms/amdgpu/5.6.5.24-1109583/build/include/kcl/backport/kcl_mm_backport.h:4,
                 from /var/lib/dkms/amdgpu/5.6.5.24-1109583/build/ttm/backport/backport.h:15,
                 from <command-line>:
/var/lib/dkms/amdgpu/5.6.5.24-1109583/build/include/kcl/kcl_mm.h:22:21: error: redefinition of ‘kvmalloc’
   22 | static inline void *kvmalloc(size_t size, gfp_t flags)
      |                     ^~~~~~~~
In file included from ./include/drm/drm_vma_manager.h:27,
                 from /var/lib/dkms/amdgpu/5.6.5.24-1109583/build/include/kcl/backport/kcl_drm_vma_manager_backport.h:9,
                 from /var/lib/dkms/amdgpu/5.6.5.24-1109583/build/ttm/backport/backport.h:7,
                 from <command-line>:
./include/linux/mm.h:779:21: note: previous definition of ‘kvmalloc’ was here
  779 | static inline void *kvmalloc(size_t size, gfp_t flags)
      |                     ^~~~~~~~
In file included from /var/lib/dkms/amdgpu/5.6.5.24-1109583/build/include/kcl/backport/kcl_mm_backport.h:4,
                 from /var/lib/dkms/amdgpu/5.6.5.24-1109583/build/ttm/backport/backport.h:15,
                 from <command-line>:
/var/lib/dkms/amdgpu/5.6.5.24-1109583/build/include/kcl/kcl_mm.h: In function ‘kvmalloc’:
/var/lib/dkms/amdgpu/5.6.5.24-1109583/build/include/kcl/kcl_mm.h:27:9: error: too many arguments to function ‘__vmalloc’
   27 |   out = __vmalloc(size, flags, PAGE_KERNEL);
      |         ^~~~~~~~~
In file included from ./include/asm-generic/io.h:911,
                 from ./arch/x86/include/asm/io.h:375,
                 from ./include/linux/scatterlist.h:9,
                 from ./include/linux/dma-mapping.h:10,
                 from /var/lib/dkms/amdgpu/5.6.5.24-1109583/build/include/kcl/kcl_dma_mapping.h:5,
                 from /var/lib/dkms/amdgpu/5.6.5.24-1109583/build/ttm/backport/backport.h:8,
                 from <command-line>:
./include/linux/vmalloc.h:105:14: note: declared here
  105 | extern void *__vmalloc(unsigned long size, gfp_t gfp_mask);
      |              ^~~~~~~~~
In file included from /var/lib/dkms/amdgpu/5.6.5.24-1109583/build/include/kcl/backport/kcl_mm_backport.h:4,
                 from /var/lib/dkms/amdgpu/5.6.5.24-1109583/build/ttm/backport/backport.h:15,
                 from <command-line>:
/var/lib/dkms/amdgpu/5.6.5.24-1109583/build/include/kcl/kcl_mm.h: At top level:
/var/lib/dkms/amdgpu/5.6.5.24-1109583/build/include/kcl/kcl_mm.h:32:21: error: redefinition of ‘kvzalloc’
   32 | static inline void *kvzalloc(size_t size, gfp_t flags)
      |                     ^~~~~~~~
In file included from ./include/drm/drm_vma_manager.h:27,
                 from /var/lib/dkms/amdgpu/5.6.5.24-1109583/build/include/kcl/backport/kcl_drm_vma_manager_backport.h:9,
                 from /var/lib/dkms/amdgpu/5.6.5.24-1109583/build/ttm/backport/backport.h:7,
                 from <command-line>:
./include/linux/mm.h:787:21: note: previous definition of ‘kvzalloc’ was here
  787 | static inline void *kvzalloc(size_t size, gfp_t flags)
      |                     ^~~~~~~~
In file included from /var/lib/dkms/amdgpu/5.6.5.24-1109583/build/include/kcl/backport/kcl_mm_backport.h:4,
                 from /var/lib/dkms/amdgpu/5.6.5.24-1109583/build/ttm/backport/backport.h:15,
                 from <command-line>:
/var/lib/dkms/amdgpu/5.6.5.24-1109583/build/include/kcl/kcl_mm.h:45:20: error: static declaration of ‘kvfree’ follows non-static declaration
   45 | static inline void kvfree(const void *addr)
      |                    ^~~~~~
In file included from ./include/drm/drm_vma_manager.h:27,
                 from /var/lib/dkms/amdgpu/5.6.5.24-1109583/build/include/kcl/backport/kcl_drm_vma_manager_backport.h:9,
                 from /var/lib/dkms/amdgpu/5.6.5.24-1109583/build/ttm/backport/backport.h:7,
                 from <command-line>:
./include/linux/mm.h:807:13: note: previous declaration of ‘kvfree’ was here
  807 | extern void kvfree(const void *addr);
      |             ^~~~~~
In file included from /var/lib/dkms/amdgpu/5.6.5.24-1109583/build/include/kcl/backport/kcl_mm_backport.h:4,
                 from /var/lib/dkms/amdgpu/5.6.5.24-1109583/build/ttm/backport/backport.h:15,
                 from <command-line>:
/var/lib/dkms/amdgpu/5.6.5.24-1109583/build/include/kcl/kcl_mm.h:65:21: error: redefinition of ‘kvmalloc_array’
   65 | static inline void *kvmalloc_array(size_t n, size_t size, gfp_t flags)
      |                     ^~~~~~~~~~~~~~
In file included from ./include/drm/drm_vma_manager.h:27,
                 from /var/lib/dkms/amdgpu/5.6.5.24-1109583/build/include/kcl/backport/kcl_drm_vma_manager_backport.h:9,
                 from /var/lib/dkms/amdgpu/5.6.5.24-1109583/build/ttm/backport/backport.h:7,
                 from <command-line>:
./include/linux/mm.h:792:21: note: previous definition of ‘kvmalloc_array’ was here
  792 | static inline void *kvmalloc_array(size_t n, size_t size, gfp_t flags)
      |                     ^~~~~~~~~~~~~~
In file included from /var/lib/dkms/amdgpu/5.6.5.24-1109583/build/include/kcl/backport/kcl_mm_backport.h:4,
                 from /var/lib/dkms/amdgpu/5.6.5.24-1109583/build/ttm/backport/backport.h:15,
                 from <command-line>:
/var/lib/dkms/amdgpu/5.6.5.24-1109583/build/include/kcl/kcl_mm.h:78:21: error: redefinition of ‘kvcalloc’
   78 | static inline void *kvcalloc(size_t n, size_t size, gfp_t flags)
      |                     ^~~~~~~~
In file included from ./include/drm/drm_vma_manager.h:27,
                 from /var/lib/dkms/amdgpu/5.6.5.24-1109583/build/include/kcl/backport/kcl_drm_vma_manager_backport.h:9,
                 from /var/lib/dkms/amdgpu/5.6.5.24-1109583/build/ttm/backport/backport.h:7,
                 from <command-line>:
./include/linux/mm.h:802:21: note: previous definition of ‘kvcalloc’ was here
  802 | static inline void *kvcalloc(size_t n, size_t size, gfp_t flags)
      |                     ^~~~~~~~
In file included from /var/lib/dkms/amdgpu/5.6.5.24-1109583/build/include/kcl/backport/kcl_mm_backport.h:4,
                 from /var/lib/dkms/amdgpu/5.6.5.24-1109583/build/ttm/backport/backport.h:15,
                 from <command-line>:
/var/lib/dkms/amdgpu/5.6.5.24-1109583/build/include/kcl/kcl_mm.h:85:20: error: redefinition of ‘mmgrab’
   85 | static inline void mmgrab(struct mm_struct *mm)
      |                    ^~~~~~
In file included from /var/lib/dkms/amdgpu/5.6.5.24-1109583/build/include/kcl/header/kcl_sched_mm_h.h:6,
                 from /var/lib/dkms/amdgpu/5.6.5.24-1109583/build/include/kcl/kcl_mm.h:5,
                 from /var/lib/dkms/amdgpu/5.6.5.24-1109583/build/include/kcl/backport/kcl_mm_backport.h:4,
                 from /var/lib/dkms/amdgpu/5.6.5.24-1109583/build/ttm/backport/backport.h:15,
                 from <command-line>:
./include/linux/sched/mm.h:34:20: note: previous definition of ‘mmgrab’ was here
   34 | static inline void mmgrab(struct mm_struct *mm)
      |                    ^~~~~~
In file included from /var/lib/dkms/amdgpu/5.6.5.24-1109583/build/include/kcl/backport/kcl_mm_backport.h:4,
                 from /var/lib/dkms/amdgpu/5.6.5.24-1109583/build/ttm/backport/backport.h:15,
                 from <command-line>:
/var/lib/dkms/amdgpu/5.6.5.24-1109583/build/include/kcl/kcl_mm.h:96:28: error: redefinition of ‘memalloc_nofs_save’
   96 | static inline unsigned int memalloc_nofs_save(void)
      |                            ^~~~~~~~~~~~~~~~~~
In file included from /var/lib/dkms/amdgpu/5.6.5.24-1109583/build/include/kcl/header/kcl_sched_mm_h.h:6,
                 from /var/lib/dkms/amdgpu/5.6.5.24-1109583/build/include/kcl/kcl_mm.h:5,
                 from /var/lib/dkms/amdgpu/5.6.5.24-1109583/build/include/kcl/backport/kcl_mm_backport.h:4,
                 from /var/lib/dkms/amdgpu/5.6.5.24-1109583/build/ttm/backport/backport.h:15,
                 from <command-line>:
./include/linux/sched/mm.h:242:28: note: previous definition of ‘memalloc_nofs_save’ was here
  242 | static inline unsigned int memalloc_nofs_save(void)
      |                            ^~~~~~~~~~~~~~~~~~
In file included from /var/lib/dkms/amdgpu/5.6.5.24-1109583/build/include/kcl/backport/kcl_mm_backport.h:4,
                 from /var/lib/dkms/amdgpu/5.6.5.24-1109583/build/ttm/backport/backport.h:15,
                 from <command-line>:
/var/lib/dkms/amdgpu/5.6.5.24-1109583/build/include/kcl/kcl_mm.h:101:20: error: redefinition of ‘memalloc_nofs_restore’
  101 | static inline void memalloc_nofs_restore(unsigned int flags)
      |                    ^~~~~~~~~~~~~~~~~~~~~
In file included from /var/lib/dkms/amdgpu/5.6.5.24-1109583/build/include/kcl/header/kcl_sched_mm_h.h:6,
                 from /var/lib/dkms/amdgpu/5.6.5.24-1109583/build/include/kcl/kcl_mm.h:5,
                 from /var/lib/dkms/amdgpu/5.6.5.24-1109583/build/include/kcl/backport/kcl_mm_backport.h:4,
                 from /var/lib/dkms/amdgpu/5.6.5.24-1109583/build/ttm/backport/backport.h:15,
                 from <command-line>:
./include/linux/sched/mm.h:257:20: note: previous definition of ‘memalloc_nofs_restore’ was here
  257 | static inline void memalloc_nofs_restore(unsigned int flags)
      |                    ^~~~~~~~~~~~~~~~~~~~~
In file included from /var/lib/dkms/amdgpu/5.6.5.24-1109583/build/include/kcl/backport/kcl_mm_backport.h:4,
                 from /var/lib/dkms/amdgpu/5.6.5.24-1109583/build/ttm/backport/backport.h:15,
                 from <command-line>:
/var/lib/dkms/amdgpu/5.6.5.24-1109583/build/include/kcl/kcl_mm.h: In function ‘kcl_get_user_pages’:
/var/lib/dkms/amdgpu/5.6.5.24-1109583/build/include/kcl/kcl_mm.h:136:24: warning: passing argument 1 of ‘get_user_pages’ makes integer from pointer without a cast [-Wint-conversion]
  136 |  return get_user_pages(tsk, mm, start, nr_pages,
      |                        ^~~
      |                        |
      |                        struct task_struct *
cc1: some warnings being treated as errors
In file included from ./include/drm/drm_vma_manager.h:27,
                 from /var/lib/dkms/amdgpu/5.6.5.24-1109583/build/include/kcl/backport/kcl_drm_vma_manager_backport.h:9,
                 from /var/lib/dkms/amdgpu/5.6.5.24-1109583/build/ttm/backport/backport.h:7,
                 from <command-line>:
./include/linux/mm.h:1769:35: note: expected ‘long unsigned int’ but argument is of type ‘struct task_struct *’
 1769 | long get_user_pages(unsigned long start, unsigned long nr_pages,
      |                     ~~~~~~~~~~~~~~^~~~~
In file included from /var/lib/dkms/amdgpu/5.6.5.24-1109583/build/include/kcl/backport/kcl_mm_backport.h:4,
                 from /var/lib/dkms/amdgpu/5.6.5.24-1109583/build/ttm/backport/backport.h:15,
                 from <command-line>:
/var/lib/dkms/amdgpu/5.6.5.24-1109583/build/include/kcl/kcl_mm.h:136:29: warning: passing argument 2 of ‘get_user_pages’ makes integer from pointer without a cast [-Wint-conversion]
  136 |  return get_user_pages(tsk, mm, start, nr_pages,
      |                             ^~
      |                             |
      |                             struct mm_struct *
In file included from ./include/drm/drm_vma_manager.h:27,
                 from /var/lib/dkms/amdgpu/5.6.5.24-1109583/build/include/kcl/backport/kcl_drm_vma_manager_backport.h:9,
                 from /var/lib/dkms/amdgpu/5.6.5.24-1109583/build/ttm/backport/backport.h:7,
                 from <command-line>:
./include/linux/mm.h:1769:56: note: expected ‘long unsigned int’ but argument is of type ‘struct mm_struct *’
 1769 | long get_user_pages(unsigned long start, unsigned long nr_pages,
      |                                          ~~~~~~~~~~~~~~^~~~~~~~
In file included from /var/lib/dkms/amdgpu/5.6.5.24-1109583/build/include/kcl/backport/kcl_mm_backport.h:4,
                 from /var/lib/dkms/amdgpu/5.6.5.24-1109583/build/ttm/backport/backport.h:15,
                 from <command-line>:
/var/lib/dkms/amdgpu/5.6.5.24-1109583/build/include/kcl/kcl_mm.h:136:40: warning: passing argument 4 of ‘get_user_pages’ makes pointer from integer without a cast [-Wint-conversion]
  136 |  return get_user_pages(tsk, mm, start, nr_pages,
      |                                        ^~~~~~~~
      |                                        |
      |                                        long unsigned int
In file included from ./include/drm/drm_vma_manager.h:27,
                 from /var/lib/dkms/amdgpu/5.6.5.24-1109583/build/include/kcl/backport/kcl_drm_vma_manager_backport.h:9,
                 from /var/lib/dkms/amdgpu/5.6.5.24-1109583/build/ttm/backport/backport.h:7,
                 from <command-line>:
./include/linux/mm.h:1770:46: note: expected ‘struct page **’ but argument is of type ‘long unsigned int’
 1770 |        unsigned int gup_flags, struct page **pages,
      |                                ~~~~~~~~~~~~~~^~~~~
In file included from /var/lib/dkms/amdgpu/5.6.5.24-1109583/build/include/kcl/backport/kcl_mm_backport.h:4,
                 from /var/lib/dkms/amdgpu/5.6.5.24-1109583/build/ttm/backport/backport.h:15,
                 from <command-line>:
/var/lib/dkms/amdgpu/5.6.5.24-1109583/build/include/kcl/kcl_mm.h:137:4: warning: passing argument 5 of ‘get_user_pages’ makes pointer from integer without a cast [-Wint-conversion]
  137 |    write, force, pages, vmas);
      |    ^~~~~
      |    |
      |    int
In file included from ./include/drm/drm_vma_manager.h:27,
                 from /var/lib/dkms/amdgpu/5.6.5.24-1109583/build/include/kcl/backport/kcl_drm_vma_manager_backport.h:9,
                 from /var/lib/dkms/amdgpu/5.6.5.24-1109583/build/ttm/backport/backport.h:7,
                 from <command-line>:
./include/linux/mm.h:1771:32: note: expected ‘struct vm_area_struct **’ but argument is of type ‘int’
 1771 |        struct vm_area_struct **vmas);
      |        ~~~~~~~~~~~~~~~~~~~~~~~~^~~~
In file included from /var/lib/dkms/amdgpu/5.6.5.24-1109583/build/include/kcl/backport/kcl_mm_backport.h:4,
                 from /var/lib/dkms/amdgpu/5.6.5.24-1109583/build/ttm/backport/backport.h:15,
                 from <command-line>:
/var/lib/dkms/amdgpu/5.6.5.24-1109583/build/include/kcl/kcl_mm.h:136:9: error: too many arguments to function ‘get_user_pages’
  136 |  return get_user_pages(tsk, mm, start, nr_pages,
      |         ^~~~~~~~~~~~~~
In file included from ./include/drm/drm_vma_manager.h:27,
                 from /var/lib/dkms/amdgpu/5.6.5.24-1109583/build/include/kcl/backport/kcl_drm_vma_manager_backport.h:9,
                 from /var/lib/dkms/amdgpu/5.6.5.24-1109583/build/ttm/backport/backport.h:7,
                 from <command-line>:
./include/linux/mm.h:1769:6: note: declared here
 1769 | long get_user_pages(unsigned long start, unsigned long nr_pages,
      |      ^~~~~~~~~~~~~~
In file included from /var/lib/dkms/amdgpu/5.6.5.24-1109583/build/include/kcl/backport/kcl_mm_backport.h:4,
                 from /var/lib/dkms/amdgpu/5.6.5.24-1109583/build/ttm/backport/backport.h:15,
                 from <command-line>:
/var/lib/dkms/amdgpu/5.6.5.24-1109583/build/include/kcl/kcl_mm.h: At top level:
/var/lib/dkms/amdgpu/5.6.5.24-1109583/build/include/kcl/kcl_mm.h:142:29: error: redefinition of ‘zone_managed_pages’
  142 | static inline unsigned long zone_managed_pages(struct zone *zone)
      |                             ^~~~~~~~~~~~~~~~~~
In file included from ./include/linux/gfp.h:6,
                 from ./include/linux/xarray.h:14,
                 from ./include/linux/radix-tree.h:19,
                 from ./include/linux/fs.h:15,
                 from ./include/linux/seq_file.h:11,
                 from ./include/drm/drm_print.h:31,
                 from ./include/drm/drm_mm.h:49,
                 from ./include/drm/drm_vma_manager.h:26,
                 from /var/lib/dkms/amdgpu/5.6.5.24-1109583/build/include/kcl/backport/kcl_drm_vma_manager_backport.h:9,
                 from /var/lib/dkms/amdgpu/5.6.5.24-1109583/build/ttm/backport/backport.h:7,
                 from <command-line>:
./include/linux/mmzone.h:602:29: note: previous definition of ‘zone_managed_pages’ was here
  602 | static inline unsigned long zone_managed_pages(struct zone *zone)
      |                             ^~~~~~~~~~~~~~~~~~
In file included from /var/lib/dkms/amdgpu/5.6.5.24-1109583/build/include/kcl/backport/kcl_mm_backport.h:4,
                 from /var/lib/dkms/amdgpu/5.6.5.24-1109583/build/ttm/backport/backport.h:15,
                 from <command-line>:
/var/lib/dkms/amdgpu/5.6.5.24-1109583/build/include/kcl/kcl_mm.h:155:26: error: conflicting types for ‘vmf_insert_mixed’
  155 | static inline vm_fault_t vmf_insert_mixed(struct vm_area_struct *vma,
      |                          ^~~~~~~~~~~~~~~~
In file included from ./include/drm/drm_vma_manager.h:27,
                 from /var/lib/dkms/amdgpu/5.6.5.24-1109583/build/include/kcl/backport/kcl_drm_vma_manager_backport.h:9,
                 from /var/lib/dkms/amdgpu/5.6.5.24-1109583/build/ttm/backport/backport.h:7,
                 from <command-line>:
./include/linux/mm.h:2780:12: note: previous declaration of ‘vmf_insert_mixed’ was here
 2780 | vm_fault_t vmf_insert_mixed(struct vm_area_struct *vma, unsigned long addr,
      |            ^~~~~~~~~~~~~~~~
make[2]: *** [scripts/Makefile.build:287: /var/lib/dkms/amdgpu/5.6.5.24-1109583/build/scheduler/sched_fence.o] Error 1
In file included from /var/lib/dkms/amdgpu/5.6.5.24-1109583/build/include/kcl/backport/kcl_mm_backport.h:4,
                 from /var/lib/dkms/amdgpu/5.6.5.24-1109583/build/ttm/backport/backport.h:15,
                 from <command-line>:
/var/lib/dkms/amdgpu/5.6.5.24-1109583/build/include/kcl/kcl_mm.h: In function ‘vmf_insert_mixed’:
/var/lib/dkms/amdgpu/5.6.5.24-1109583/build/include/kcl/kcl_mm.h:161:8: error: implicit declaration of function ‘vm_insert_mixed’; did you mean ‘vmf_insert_mixed’? [-Werror=implicit-function-declaration]
  161 |  err = vm_insert_mixed(vma, addr, pfn_t_to_pfn(pfn));
      |        ^~~~~~~~~~~~~~~
      |        vmf_insert_mixed
/var/lib/dkms/amdgpu/5.6.5.24-1109583/build/include/kcl/kcl_mm.h: At top level:
/var/lib/dkms/amdgpu/5.6.5.24-1109583/build/include/kcl/kcl_mm.h:173:26: error: conflicting types for ‘vmf_insert_pfn’
  173 | static inline vm_fault_t vmf_insert_pfn(struct vm_area_struct *vma,
      |                          ^~~~~~~~~~~~~~
In file included from ./include/drm/drm_vma_manager.h:27,
                 from /var/lib/dkms/amdgpu/5.6.5.24-1109583/build/include/kcl/backport/kcl_drm_vma_manager_backport.h:9,
                 from /var/lib/dkms/amdgpu/5.6.5.24-1109583/build/ttm/backport/backport.h:7,
                 from <command-line>:
./include/linux/mm.h:2776:12: note: previous declaration of ‘vmf_insert_pfn’ was here
 2776 | vm_fault_t vmf_insert_pfn(struct vm_area_struct *vma, unsigned long addr,
      |            ^~~~~~~~~~~~~~
  CC [M]  /var/lib/dkms/amdgpu/5.6.5.24-1109583/build/amd/amdgpu/amdgpu_kms.o
cc1: some warnings being treated as errors
In file included from /var/lib/dkms/amdgpu/5.6.5.24-1109583/build/include/kcl/backport/kcl_mm_backport.h:4,
                 from /var/lib/dkms/amdgpu/5.6.5.24-1109583/build/ttm/backport/backport.h:15,
                 from <command-line>:
/var/lib/dkms/amdgpu/5.6.5.24-1109583/build/include/kcl/kcl_mm.h: In function ‘vmf_insert_pfn’:
/var/lib/dkms/amdgpu/5.6.5.24-1109583/build/include/kcl/kcl_mm.h:176:13: error: implicit declaration of function ‘vm_insert_pfn’; did you mean ‘vmf_insert_pfn’? [-Werror=implicit-function-declaration]
  176 |   int err = vm_insert_pfn(vma, addr, pfn);
      |             ^~~~~~~~~~~~~
      |             vmf_insert_pfn
/var/lib/dkms/amdgpu/5.6.5.24-1109583/build/include/kcl/kcl_mm.h: At top level:
/var/lib/dkms/amdgpu/5.6.5.24-1109583/build/include/kcl/kcl_mm.h:192:12: error: conflicting types for ‘vmf_insert_mixed_prot’
  192 | vm_fault_t vmf_insert_mixed_prot(struct vm_area_struct *vma, unsigned long addr,
      |            ^~~~~~~~~~~~~~~~~~~~~
In file included from ./include/drm/drm_vma_manager.h:27,
                 from /var/lib/dkms/amdgpu/5.6.5.24-1109583/build/include/kcl/backport/kcl_drm_vma_manager_backport.h:9,
                 from /var/lib/dkms/amdgpu/5.6.5.24-1109583/build/ttm/backport/backport.h:7,
                 from <command-line>:
./include/linux/mm.h:2782:12: note: previous declaration of ‘vmf_insert_mixed_prot’ was here
 2782 | vm_fault_t vmf_insert_mixed_prot(struct vm_area_struct *vma, unsigned long addr,
      |            ^~~~~~~~~~~~~~~~~~~~~
In file included from /var/lib/dkms/amdgpu/5.6.5.24-1109583/build/include/kcl/backport/kcl_mm_backport.h:4,
                 from /var/lib/dkms/amdgpu/5.6.5.24-1109583/build/ttm/backport/backport.h:15,
                 from <command-line>:
/var/lib/dkms/amdgpu/5.6.5.24-1109583/build/include/kcl/kcl_mm.h:203:12: error: conflicting types for ‘vmf_insert_pfn_prot’
  203 | vm_fault_t vmf_insert_pfn_prot(struct vm_area_struct *vma, unsigned long addr,
      |            ^~~~~~~~~~~~~~~~~~~
In file included from ./include/drm/drm_vma_manager.h:27,
                 from /var/lib/dkms/amdgpu/5.6.5.24-1109583/build/include/kcl/backport/kcl_drm_vma_manager_backport.h:9,
                 from /var/lib/dkms/amdgpu/5.6.5.24-1109583/build/ttm/backport/backport.h:7,
                 from <command-line>:
./include/linux/mm.h:2778:12: note: previous declaration of ‘vmf_insert_pfn_prot’ was here
 2778 | vm_fault_t vmf_insert_pfn_prot(struct vm_area_struct *vma, unsigned long addr,
      |            ^~~~~~~~~~~~~~~~~~~
make[2]: *** [scripts/Makefile.build:287: /var/lib/dkms/amdgpu/5.6.5.24-1109583/build/scheduler/sched_main.o] Error 1
make[1]: *** [scripts/Makefile.build:518: /var/lib/dkms/amdgpu/5.6.5.24-1109583/build/scheduler] Error 2
make[1]: *** Waiting for unfinished jobs....
  CC [M]  /var/lib/dkms/amdgpu/5.6.5.24-1109583/build/amd/amdgpu/amdgpu_atombios.o
In file included from ./include/drm/drm_modeset_helper_vtables.h:33,
                 from ./include/drm/drm_crtc_helper.h:43,
                 from /var/lib/dkms/amdgpu/5.6.5.24-1109583/build/amd/amdgpu/amdgpu_mode.h:38,
                 from /var/lib/dkms/amdgpu/5.6.5.24-1109583/build/amd/amdgpu/amdgpu.h:68,
                 from /var/lib/dkms/amdgpu/5.6.5.24-1109583/build/amd/backport/include/kcl/kcl_amdgpu.h:6,
                 from /var/lib/dkms/amdgpu/5.6.5.24-1109583/build/amd/backport/backport.h:18,
                 from <command-line>:
./include/drm/drm_encoder.h: In function ‘drm_encoder_find’:
./include/drm/drm_encoder.h:249:33: error: ‘file_priv’ undeclared (first use in this function); did you mean ‘file_path’?
  249 |  mo = drm_mode_object_find(dev, file_priv, id, DRM_MODE_OBJECT_ENCODER);
      |                                 ^~~~~~~~~
      |                                 file_path
cc1: some warnings being treated as errors
cc1: some warnings being treated as errors
make[2]: *** [scripts/Makefile.build:287: /var/lib/dkms/amdgpu/5.6.5.24-1109583/build/ttm/ttm_bo.o] Error 1
make[2]: *** Waiting for unfinished jobs....
make[2]: *** [scripts/Makefile.build:287: /var/lib/dkms/amdgpu/5.6.5.24-1109583/build/ttm/ttm_memory.o] Error 1
  CC [M]  /var/lib/dkms/amdgpu/5.6.5.24-1109583/build/amd/amdgpu/atombios_crtc.o
  CC [M]  /var/lib/dkms/amdgpu/5.6.5.24-1109583/build/amd/amdkcl/kcl_memory.o
  CC [M]  /var/lib/dkms/amdgpu/5.6.5.24-1109583/build/amd/amdkcl/kcl_ioctl.o
cc1: some warnings being treated as errors
make[2]: *** [scripts/Makefile.build:287: /var/lib/dkms/amdgpu/5.6.5.24-1109583/build/ttm/ttm_tt.o] Error 1
make[1]: *** [scripts/Makefile.build:518: /var/lib/dkms/amdgpu/5.6.5.24-1109583/build/ttm] Error 2
  CC [M]  /var/lib/dkms/amdgpu/5.6.5.24-1109583/build/amd/amdkcl/kcl_device_cgroup.o
In file included from /var/lib/dkms/amdgpu/5.6.5.24-1109583/build/amd/backport/backport.h:18,
                 from <command-line>:
/var/lib/dkms/amdgpu/5.6.5.24-1109583/build/amd/backport/include/kcl/kcl_amdgpu.h: In function ‘kcl_amdgpu_get_vblank_timestamp_kms’:
/var/lib/dkms/amdgpu/5.6.5.24-1109583/build/amd/backport/include/kcl/kcl_amdgpu.h:88:9: error: implicit declaration of function ‘drm_calc_vbltimestamp_from_scanoutpos’ [-Werror=implicit-function-declaration]
   88 |  return drm_calc_vbltimestamp_from_scanoutpos(dev, pipe, max_error, vblank_time, in_vblank_irq);
      |         ^~~~~~~~~~~~~~~~~~~~~~~~~~~~~~~~~~~~~
In file included from /var/lib/dkms/amdgpu/5.6.5.24-1109583/build/amd/backport/backport.h:21,
                 from <command-line>:
/var/lib/dkms/amdgpu/5.6.5.24-1109583/build/include/kcl/kcl_device.h: At top level:
/var/lib/dkms/amdgpu/5.6.5.24-1109583/build/include/kcl/kcl_device.h:9:30: error: redefinition of ‘kobj_to_dev’
    9 | static inline struct device *kobj_to_dev(struct kobject *kobj)
      |                              ^~~~~~~~~~~
In file included from ./include/linux/acpi.h:15,
                 from ./include/linux/i2c.h:13,
                 from ./include/drm/drm_crtc.h:28,
                 from /var/lib/dkms/amdgpu/5.6.5.24-1109583/build/include/kcl/backport/kcl_drm_backport.h:5,
                 from /var/lib/dkms/amdgpu/5.6.5.24-1109583/build/amd/backport/backport.h:12,
                 from <command-line>:
./include/linux/device.h:586:30: note: previous definition of ‘kobj_to_dev’ was here
  586 | static inline struct device *kobj_to_dev(struct kobject *kobj)
      |                              ^~~~~~~~~~~
In file included from /var/lib/dkms/amdgpu/5.6.5.24-1109583/build/amd/backport/backport.h:21,
                 from <command-line>:
/var/lib/dkms/amdgpu/5.6.5.24-1109583/build/include/kcl/kcl_device.h:59:20: error: redefinition of ‘dev_pm_set_driver_flags’
   59 | static inline void dev_pm_set_driver_flags(struct device *dev, u32 flags)
      |                    ^~~~~~~~~~~~~~~~~~~~~~~
In file included from ./include/linux/acpi.h:15,
                 from ./include/linux/i2c.h:13,
                 from ./include/drm/drm_crtc.h:28,
                 from /var/lib/dkms/amdgpu/5.6.5.24-1109583/build/include/kcl/backport/kcl_drm_backport.h:5,
                 from /var/lib/dkms/amdgpu/5.6.5.24-1109583/build/amd/backport/backport.h:12,
                 from <command-line>:
./include/linux/device.h:726:20: note: previous definition of ‘dev_pm_set_driver_flags’ was here
  726 | static inline void dev_pm_set_driver_flags(struct device *dev, u32 flags)
      |                    ^~~~~~~~~~~~~~~~~~~~~~~
In file included from /var/lib/dkms/amdgpu/5.6.5.24-1109583/build/amd/backport/backport.h:24,
                 from <command-line>:
/var/lib/dkms/amdgpu/5.6.5.24-1109583/build/include/kcl/kcl_drm_dp_mst_helper.h: In function ‘_kcl_drm_dp_calc_pbn_mode’:
/var/lib/dkms/amdgpu/5.6.5.24-1109583/build/include/kcl/kcl_drm_dp_mst_helper.h:17:9: error: too few arguments to function ‘drm_dp_calc_pbn_mode’
   17 |  return drm_dp_calc_pbn_mode(clock, bpp);
      |         ^~~~~~~~~~~~~~~~~~~~
In file included from /var/lib/dkms/amdgpu/5.6.5.24-1109583/build/amd/amdgpu/amdgpu_mode.h:47,
                 from /var/lib/dkms/amdgpu/5.6.5.24-1109583/build/amd/amdgpu/amdgpu.h:68,
                 from /var/lib/dkms/amdgpu/5.6.5.24-1109583/build/amd/backport/include/kcl/kcl_amdgpu.h:6,
                 from /var/lib/dkms/amdgpu/5.6.5.24-1109583/build/amd/backport/backport.h:18,
                 from <command-line>:
./include/drm/drm_dp_mst_helper.h:788:5: note: declared here
  788 | int drm_dp_calc_pbn_mode(int clock, int bpp, bool dsc);
      |     ^~~~~~~~~~~~~~~~~~~~
In file included from /var/lib/dkms/amdgpu/5.6.5.24-1109583/build/amd/backport/backport.h:26,
                 from <command-line>:
/var/lib/dkms/amdgpu/5.6.5.24-1109583/build/include/kcl/kcl_drm_connector.h: At top level:
/var/lib/dkms/amdgpu/5.6.5.24-1109583/build/include/kcl/kcl_drm_connector.h:37:20: error: redefinition of ‘drm_connector_put’
   37 | static inline void drm_connector_put(struct drm_connector *connector)
      |                    ^~~~~~~~~~~~~~~~~
In file included from ./include/drm/drm_modes.h:33,
                 from ./include/drm/drm_crtc.h:40,
                 from /var/lib/dkms/amdgpu/5.6.5.24-1109583/build/include/kcl/backport/kcl_drm_backport.h:5,
                 from /var/lib/dkms/amdgpu/5.6.5.24-1109583/build/amd/backport/backport.h:12,
                 from <command-line>:
./include/drm/drm_connector.h:1576:20: note: previous definition of ‘drm_connector_put’ was here
 1576 | static inline void drm_connector_put(struct drm_connector *connector)
      |                    ^~~~~~~~~~~~~~~~~
In file included from /var/lib/dkms/amdgpu/5.6.5.24-1109583/build/amd/backport/backport.h:26,
                 from <command-line>:
/var/lib/dkms/amdgpu/5.6.5.24-1109583/build/include/kcl/kcl_drm_connector.h:56:5: error: static declaration of ‘drm_connector_init_with_ddc’ follows non-static declaration
   56 | int drm_connector_init_with_ddc(struct drm_device *dev,
      |     ^~~~~~~~~~~~~~~~~~~~~~~~~~~
In file included from ./include/drm/drm_modes.h:33,
                 from ./include/drm/drm_crtc.h:40,
                 from /var/lib/dkms/amdgpu/5.6.5.24-1109583/build/include/kcl/backport/kcl_drm_backport.h:5,
                 from /var/lib/dkms/amdgpu/5.6.5.24-1109583/build/amd/backport/backport.h:12,
                 from <command-line>:
./include/drm/drm_connector.h:1517:5: note: previous declaration of ‘drm_connector_init_with_ddc’ was here
 1517 | int drm_connector_init_with_ddc(struct drm_device *dev,
      |     ^~~~~~~~~~~~~~~~~~~~~~~~~~~
In file included from /var/lib/dkms/amdgpu/5.6.5.24-1109583/build/include/kcl/backport/kcl_drm_dp_helper_backport.h:5,
                 from /var/lib/dkms/amdgpu/5.6.5.24-1109583/build/amd/backport/backport.h:27,
                 from <command-line>:
/var/lib/dkms/amdgpu/5.6.5.24-1109583/build/include/kcl/kcl_drm_dp_helper.h:162:20: error: static declaration of ‘drm_dp_cec_unregister_connector’ follows non-static declaration
  162 | static inline void drm_dp_cec_unregister_connector(struct drm_dp_aux *aux)
      |                    ^~~~~~~~~~~~~~~~~~~~~~~~~~~~~~~
In file included from /var/lib/dkms/amdgpu/5.6.5.24-1109583/build/include/kcl/kcl_drm.h:17,
                 from /var/lib/dkms/amdgpu/5.6.5.24-1109583/build/include/kcl/backport/kcl_drm_backport.h:16,
                 from /var/lib/dkms/amdgpu/5.6.5.24-1109583/build/amd/backport/backport.h:12,
                 from <command-line>:
./include/drm/drm_dp_helper.h:1919:6: note: previous declaration of ‘drm_dp_cec_unregister_connector’ was here
 1919 | void drm_dp_cec_unregister_connector(struct drm_dp_aux *aux);
      |      ^~~~~~~~~~~~~~~~~~~~~~~~~~~~~~~
In file included from /var/lib/dkms/amdgpu/5.6.5.24-1109583/build/amd/backport/backport.h:30,
                 from <command-line>:
/var/lib/dkms/amdgpu/5.6.5.24-1109583/build/include/kcl/kcl_hwmon.h:13:1: error: static declaration of ‘hwmon_device_register_with_groups’ follows non-static declaration
   13 | hwmon_device_register_with_groups(struct device *dev, const char *name,
      | ^~~~~~~~~~~~~~~~~~~~~~~~~~~~~~~~~
In file included from /var/lib/dkms/amdgpu/5.6.5.24-1109583/build/include/kcl/kcl_hwmon.h:5,
                 from /var/lib/dkms/amdgpu/5.6.5.24-1109583/build/amd/backport/backport.h:30,
                 from <command-line>:
./include/linux/hwmon.h:438:1: note: previous declaration of ‘hwmon_device_register_with_groups’ was here
  438 | hwmon_device_register_with_groups(struct device *dev, const char *name,
      | ^~~~~~~~~~~~~~~~~~~~~~~~~~~~~~~~~
In file included from /var/lib/dkms/amdgpu/5.6.5.24-1109583/build/amd/backport/backport.h:37,
                 from <command-line>:
/var/lib/dkms/amdgpu/5.6.5.24-1109583/build/include/kcl/kcl_pagemap.h: In function ‘_kcl_release_pages’:
/var/lib/dkms/amdgpu/5.6.5.24-1109583/build/include/kcl/kcl_pagemap.h:10:2: error: too many arguments to function ‘release_pages’
   10 |  release_pages(pages, nr, 0);
      |  ^~~~~~~~~~~~~
In file included from /var/lib/dkms/amdgpu/5.6.5.24-1109583/build/include/kcl/kcl_pagemap.h:5,
                 from /var/lib/dkms/amdgpu/5.6.5.24-1109583/build/amd/backport/backport.h:37,
                 from <command-line>:
./include/linux/pagemap.h:158:6: note: declared here
  158 | void release_pages(struct page **pages, int nr);
      |      ^~~~~~~~~~~~~
In file included from /var/lib/dkms/amdgpu/5.6.5.24-1109583/build/include/kcl/backport/kcl_pci_backport.h:7,
                 from /var/lib/dkms/amdgpu/5.6.5.24-1109583/build/amd/backport/backport.h:38,
                 from <command-line>:
/var/lib/dkms/amdgpu/5.6.5.24-1109583/build/include/kcl/kcl_pci.h: At top level:
/var/lib/dkms/amdgpu/5.6.5.24-1109583/build/include/kcl/kcl_pci.h:105:5: error: static declaration of ‘pci_enable_atomic_ops_to_root’ follows non-static declaration
  105 | int pci_enable_atomic_ops_to_root(struct pci_dev *dev, u32 cap_mask)
      |     ^~~~~~~~~~~~~~~~~~~~~~~~~~~~~
In file included from /var/lib/dkms/amdgpu/5.6.5.24-1109583/build/include/kcl/backport/kcl_pci_backport.h:5,
                 from /var/lib/dkms/amdgpu/5.6.5.24-1109583/build/amd/backport/backport.h:38,
                 from <command-line>:
./include/linux/pci.h:2192:5: note: previous declaration of ‘pci_enable_atomic_ops_to_root’ was here
 2192 | int pci_enable_atomic_ops_to_root(struct pci_dev *dev, u32 cap_mask);
      |     ^~~~~~~~~~~~~~~~~~~~~~~~~~~~~
In file included from /var/lib/dkms/amdgpu/5.6.5.24-1109583/build/include/kcl/backport/kcl_pci_backport.h:7,
                 from /var/lib/dkms/amdgpu/5.6.5.24-1109583/build/amd/backport/backport.h:38,
                 from <command-line>:
/var/lib/dkms/amdgpu/5.6.5.24-1109583/build/include/kcl/kcl_pci.h:112:31: error: redefinition of ‘pci_upstream_bridge’
  112 | static inline struct pci_dev *pci_upstream_bridge(struct pci_dev *dev)
      |                               ^~~~~~~~~~~~~~~~~~~
In file included from /var/lib/dkms/amdgpu/5.6.5.24-1109583/build/include/kcl/backport/kcl_pci_backport.h:5,
                 from /var/lib/dkms/amdgpu/5.6.5.24-1109583/build/amd/backport/backport.h:38,
                 from <command-line>:
./include/linux/pci.h:686:31: note: previous definition of ‘pci_upstream_bridge’ was here
  686 | static inline struct pci_dev *pci_upstream_bridge(struct pci_dev *dev)
      |                               ^~~~~~~~~~~~~~~~~~~
In file included from /var/lib/dkms/amdgpu/5.6.5.24-1109583/build/include/kcl/backport/kcl_pci_backport.h:7,
                 from /var/lib/dkms/amdgpu/5.6.5.24-1109583/build/amd/backport/backport.h:38,
                 from <command-line>:
/var/lib/dkms/amdgpu/5.6.5.24-1109583/build/include/kcl/kcl_pci.h:127:5: error: static declaration of ‘pcie_bandwidth_available’ follows non-static declaration
  127 | u32 pcie_bandwidth_available(struct pci_dev *dev, struct pci_dev **limiting_dev,
      |     ^~~~~~~~~~~~~~~~~~~~~~~~
In file included from /var/lib/dkms/amdgpu/5.6.5.24-1109583/build/include/kcl/backport/kcl_pci_backport.h:5,
                 from /var/lib/dkms/amdgpu/5.6.5.24-1109583/build/amd/backport/backport.h:38,
                 from <command-line>:
./include/linux/pci.h:1218:5: note: previous declaration of ‘pcie_bandwidth_available’ was here
 1218 | u32 pcie_bandwidth_available(struct pci_dev *dev, struct pci_dev **limiting_dev,
      |     ^~~~~~~~~~~~~~~~~~~~~~~~
In file included from /var/lib/dkms/amdgpu/5.6.5.24-1109583/build/include/kcl/backport/kcl_pci_backport.h:7,
                 from /var/lib/dkms/amdgpu/5.6.5.24-1109583/build/amd/backport/backport.h:38,
                 from <command-line>:
/var/lib/dkms/amdgpu/5.6.5.24-1109583/build/include/kcl/kcl_pci.h:170:19: error: redefinition of ‘pci_dev_id’
  170 | static inline u16 pci_dev_id(struct pci_dev *dev)
      |                   ^~~~~~~~~~
In file included from /var/lib/dkms/amdgpu/5.6.5.24-1109583/build/include/kcl/backport/kcl_pci_backport.h:5,
                 from /var/lib/dkms/amdgpu/5.6.5.24-1109583/build/amd/backport/backport.h:38,
                 from <command-line>:
./include/linux/pci.h:651:19: note: previous definition of ‘pci_dev_id’ was here
  651 | static inline u16 pci_dev_id(struct pci_dev *dev)
      |                   ^~~~~~~~~~
In file included from /var/lib/dkms/amdgpu/5.6.5.24-1109583/build/include/kcl/backport/kcl_pci_backport.h:7,
                 from /var/lib/dkms/amdgpu/5.6.5.24-1109583/build/amd/backport/backport.h:38,
                 from <command-line>:
/var/lib/dkms/amdgpu/5.6.5.24-1109583/build/include/kcl/kcl_pci.h:177:20: error: redefinition of ‘pci_is_thunderbolt_attached’
  177 | static inline bool pci_is_thunderbolt_attached(struct pci_dev *pdev)
      |                    ^~~~~~~~~~~~~~~~~~~~~~~~~~~
In file included from /var/lib/dkms/amdgpu/5.6.5.24-1109583/build/include/kcl/backport/kcl_pci_backport.h:5,
                 from /var/lib/dkms/amdgpu/5.6.5.24-1109583/build/amd/backport/backport.h:38,
                 from <command-line>:
./include/linux/pci.h:2389:20: note: previous definition of ‘pci_is_thunderbolt_attached’ was here
 2389 | static inline bool pci_is_thunderbolt_attached(struct pci_dev *pdev)
      |                    ^~~~~~~~~~~~~~~~~~~~~~~~~~~
In file included from /var/lib/dkms/amdgpu/5.6.5.24-1109583/build/include/kcl/backport/kcl_fence_backport.h:4,
                 from /var/lib/dkms/amdgpu/5.6.5.24-1109583/build/amd/backport/backport.h:11,
                 from <command-line>:
/var/lib/dkms/amdgpu/5.6.5.24-1109583/build/include/kcl/kcl_fence.h:138:20: error: redefinition of ‘dma_fence_set_error’
  138 | static inline void dma_fence_set_error(struct dma_fence *fence,
      |                    ^~~~~~~~~~~~~~~~~~~
In file included from /var/lib/dkms/amdgpu/5.6.5.24-1109583/build/include/kcl/kcl_fence.h:11,
                 from /var/lib/dkms/amdgpu/5.6.5.24-1109583/build/include/kcl/backport/kcl_fence_backport.h:4,
                 from /var/lib/dkms/amdgpu/5.6.5.24-1109583/build/amd/backport/backport.h:11,
                 from <command-line>:
./include/linux/dma-fence.h:542:20: note: previous definition of ‘dma_fence_set_error’ was here
  542 | static inline void dma_fence_set_error(struct dma_fence *fence,
      |                    ^~~~~~~~~~~~~~~~~~~
In file included from /var/lib/dkms/amdgpu/5.6.5.24-1109583/build/include/kcl/backport/kcl_fence_backport.h:4,
                 from /var/lib/dkms/amdgpu/5.6.5.24-1109583/build/amd/backport/backport.h:11,
                 from <command-line>:
/var/lib/dkms/amdgpu/5.6.5.24-1109583/build/include/kcl/kcl_fence.h: In function ‘dma_fence_set_error’:
/var/lib/dkms/amdgpu/5.6.5.24-1109583/build/include/kcl/kcl_fence.h:144:7: error: ‘struct dma_fence’ has no member named ‘status’
  144 |  fence->status = error;
      |       ^~
/var/lib/dkms/amdgpu/5.6.5.24-1109583/build/include/kcl/kcl_fence.h: At top level:
/var/lib/dkms/amdgpu/5.6.5.24-1109583/build/include/kcl/kcl_fence.h:161:33: error: static declaration of ‘dma_fence_get_stub’ follows non-static declaration
  161 | static inline struct dma_fence *dma_fence_get_stub(void)
      |                                 ^~~~~~~~~~~~~~~~~~
In file included from /var/lib/dkms/amdgpu/5.6.5.24-1109583/build/include/kcl/kcl_fence.h:11,
                 from /var/lib/dkms/amdgpu/5.6.5.24-1109583/build/include/kcl/backport/kcl_fence_backport.h:4,
                 from /var/lib/dkms/amdgpu/5.6.5.24-1109583/build/amd/backport/backport.h:11,
                 from <command-line>:
./include/linux/dma-fence.h:586:19: note: previous declaration of ‘dma_fence_get_stub’ was here
  586 | struct dma_fence *dma_fence_get_stub(void);
      |                   ^~~~~~~~~~~~~~~~~~
In file included from /var/lib/dkms/amdgpu/5.6.5.24-1109583/build/include/kcl/backport/kcl_fence_backport.h:4,
                 from /var/lib/dkms/amdgpu/5.6.5.24-1109583/build/amd/backport/backport.h:11,
                 from <command-line>:
/var/lib/dkms/amdgpu/5.6.5.24-1109583/build/include/kcl/kcl_fence.h:138:20: error: redefinition of ‘dma_fence_set_error’
  138 | static inline void dma_fence_set_error(struct dma_fence *fence,
      |                    ^~~~~~~~~~~~~~~~~~~
In file included from /var/lib/dkms/amdgpu/5.6.5.24-1109583/build/include/kcl/kcl_fence.h:11,
                 from /var/lib/dkms/amdgpu/5.6.5.24-1109583/build/include/kcl/backport/kcl_fence_backport.h:4,
                 from /var/lib/dkms/amdgpu/5.6.5.24-1109583/build/amd/backport/backport.h:11,
                 from <command-line>:
./include/linux/dma-fence.h:542:20: note: previous definition of ‘dma_fence_set_error’ was here
  542 | static inline void dma_fence_set_error(struct dma_fence *fence,
      |                    ^~~~~~~~~~~~~~~~~~~
In file included from /var/lib/dkms/amdgpu/5.6.5.24-1109583/build/include/kcl/backport/kcl_fence_backport.h:4,
                 from /var/lib/dkms/amdgpu/5.6.5.24-1109583/build/amd/backport/backport.h:11,
                 from <command-line>:
/var/lib/dkms/amdgpu/5.6.5.24-1109583/build/include/kcl/kcl_fence.h: In function ‘dma_fence_set_error’:
/var/lib/dkms/amdgpu/5.6.5.24-1109583/build/include/kcl/kcl_fence.h:144:7: error: ‘struct dma_fence’ has no member named ‘status’
  144 |  fence->status = error;
      |       ^~
/var/lib/dkms/amdgpu/5.6.5.24-1109583/build/include/kcl/kcl_fence.h: At top level:
/var/lib/dkms/amdgpu/5.6.5.24-1109583/build/include/kcl/kcl_fence.h:161:33: error: static declaration of ‘dma_fence_get_stub’ follows non-static declaration
  161 | static inline struct dma_fence *dma_fence_get_stub(void)
      |                                 ^~~~~~~~~~~~~~~~~~
In file included from /var/lib/dkms/amdgpu/5.6.5.24-1109583/build/include/kcl/kcl_fence.h:11,
                 from /var/lib/dkms/amdgpu/5.6.5.24-1109583/build/include/kcl/backport/kcl_fence_backport.h:4,
                 from /var/lib/dkms/amdgpu/5.6.5.24-1109583/build/amd/backport/backport.h:11,
                 from <command-line>:
./include/linux/dma-fence.h:586:19: note: previous declaration of ‘dma_fence_get_stub’ was here
  586 | struct dma_fence *dma_fence_get_stub(void);
      |                   ^~~~~~~~~~~~~~~~~~
In file included from /var/lib/dkms/amdgpu/5.6.5.24-1109583/build/amd/backport/backport.h:41,
                 from <command-line>:
/var/lib/dkms/amdgpu/5.6.5.24-1109583/build/include/kcl/kcl_timekeeping.h:7:19: error: redefinition of ‘ktime_get_ns’
    7 | static inline u64 ktime_get_ns(void)
      |                   ^~~~~~~~~~~~
In file included from ./include/linux/ktime.h:232,
                 from ./include/linux/timer.h:6,
                 from ./include/linux/workqueue.h:9,
                 from ./include/linux/rhashtable-types.h:15,
                 from ./include/linux/ipc.h:7,
                 from ./include/uapi/linux/sem.h:5,
                 from ./include/linux/sem.h:5,
                 from ./include/linux/sched.h:15,
                 from ./include/linux/dma-fence.h:21,
                 from /var/lib/dkms/amdgpu/5.6.5.24-1109583/build/include/kcl/kcl_fence.h:11,
                 from /var/lib/dkms/amdgpu/5.6.5.24-1109583/build/include/kcl/backport/kcl_fence_backport.h:4,
                 from /var/lib/dkms/amdgpu/5.6.5.24-1109583/build/amd/backport/backport.h:11,
                 from <command-line>:
./include/linux/timekeeping.h:151:19: note: previous definition of ‘ktime_get_ns’ was here
  151 | static inline u64 ktime_get_ns(void)
      |                   ^~~~~~~~~~~~
In file included from /var/lib/dkms/amdgpu/5.6.5.24-1109583/build/amd/backport/backport.h:41,
                 from <command-line>:
/var/lib/dkms/amdgpu/5.6.5.24-1109583/build/include/kcl/kcl_timekeeping.h:20:19: error: redefinition of ‘ktime_get_boottime_ns’
   20 | static inline u64 ktime_get_boottime_ns(void)
      |                   ^~~~~~~~~~~~~~~~~~~~~
In file included from ./include/linux/ktime.h:232,
                 from ./include/linux/timer.h:6,
                 from ./include/linux/workqueue.h:9,
                 from ./include/linux/rhashtable-types.h:15,
                 from ./include/linux/ipc.h:7,
                 from ./include/uapi/linux/sem.h:5,
                 from ./include/linux/sem.h:5,
                 from ./include/linux/sched.h:15,
                 from ./include/linux/dma-fence.h:21,
                 from /var/lib/dkms/amdgpu/5.6.5.24-1109583/build/include/kcl/kcl_fence.h:11,
                 from /var/lib/dkms/amdgpu/5.6.5.24-1109583/build/include/kcl/backport/kcl_fence_backport.h:4,
                 from /var/lib/dkms/amdgpu/5.6.5.24-1109583/build/amd/backport/backport.h:11,
                 from <command-line>:
./include/linux/timekeeping.h:161:19: note: previous definition of ‘ktime_get_boottime_ns’ was here
  161 | static inline u64 ktime_get_boottime_ns(void)
      |                   ^~~~~~~~~~~~~~~~~~~~~
In file included from /var/lib/dkms/amdgpu/5.6.5.24-1109583/build/amd/backport/backport.h:41,
                 from <command-line>:
/var/lib/dkms/amdgpu/5.6.5.24-1109583/build/include/kcl/kcl_timekeeping.h: In function ‘ktime_get_boottime_ns’:
/var/lib/dkms/amdgpu/5.6.5.24-1109583/build/include/kcl/kcl_timekeeping.h:22:18: error: storage size of ‘time’ isn’t known
   22 |  struct timespec time;
      |                  ^~~~
In file included from /var/lib/dkms/amdgpu/5.6.5.24-1109583/build/include/kcl/backport/kcl_fence_backport.h:4,
                 from /var/lib/dkms/amdgpu/5.6.5.24-1109583/build/amd/backport/backport.h:11,
                 from <command-line>:
/var/lib/dkms/amdgpu/5.6.5.24-1109583/build/include/kcl/kcl_fence.h:138:20: error: redefinition of ‘dma_fence_set_error’
  138 | static inline void dma_fence_set_error(struct dma_fence *fence,
      |                    ^~~~~~~~~~~~~~~~~~~
In file included from /var/lib/dkms/amdgpu/5.6.5.24-1109583/build/include/kcl/kcl_fence.h:11,
                 from /var/lib/dkms/amdgpu/5.6.5.24-1109583/build/include/kcl/backport/kcl_fence_backport.h:4,
                 from /var/lib/dkms/amdgpu/5.6.5.24-1109583/build/amd/backport/backport.h:11,
                 from <command-line>:
./include/linux/dma-fence.h:542:20: note: previous definition of ‘dma_fence_set_error’ was here
  542 | static inline void dma_fence_set_error(struct dma_fence *fence,
      |                    ^~~~~~~~~~~~~~~~~~~
In file included from /var/lib/dkms/amdgpu/5.6.5.24-1109583/build/include/kcl/backport/kcl_fence_backport.h:4,
                 from /var/lib/dkms/amdgpu/5.6.5.24-1109583/build/amd/backport/backport.h:11,
                 from <command-line>:
/var/lib/dkms/amdgpu/5.6.5.24-1109583/build/include/kcl/kcl_fence.h: In function ‘dma_fence_set_error’:
/var/lib/dkms/amdgpu/5.6.5.24-1109583/build/include/kcl/kcl_fence.h:144:7: error: ‘struct dma_fence’ has no member named ‘status’
  144 |  fence->status = error;
      |       ^~
/var/lib/dkms/amdgpu/5.6.5.24-1109583/build/include/kcl/kcl_fence.h: At top level:
/var/lib/dkms/amdgpu/5.6.5.24-1109583/build/include/kcl/kcl_fence.h:161:33: error: static declaration of ‘dma_fence_get_stub’ follows non-static declaration
  161 | static inline struct dma_fence *dma_fence_get_stub(void)
      |                                 ^~~~~~~~~~~~~~~~~~
In file included from /var/lib/dkms/amdgpu/5.6.5.24-1109583/build/include/kcl/kcl_fence.h:11,
                 from /var/lib/dkms/amdgpu/5.6.5.24-1109583/build/include/kcl/backport/kcl_fence_backport.h:4,
                 from /var/lib/dkms/amdgpu/5.6.5.24-1109583/build/amd/backport/backport.h:11,
                 from <command-line>:
./include/linux/dma-fence.h:586:19: note: previous declaration of ‘dma_fence_get_stub’ was here
  586 | struct dma_fence *dma_fence_get_stub(void);
      |                   ^~~~~~~~~~~~~~~~~~
In file included from /var/lib/dkms/amdgpu/5.6.5.24-1109583/build/include/kcl/backport/kcl_fence_backport.h:4,
                 from /var/lib/dkms/amdgpu/5.6.5.24-1109583/build/amd/backport/backport.h:11,
                 from <command-line>:
/var/lib/dkms/amdgpu/5.6.5.24-1109583/build/include/kcl/kcl_fence.h:138:20: error: redefinition of ‘dma_fence_set_error’
  138 | static inline void dma_fence_set_error(struct dma_fence *fence,
      |                    ^~~~~~~~~~~~~~~~~~~
In file included from /var/lib/dkms/amdgpu/5.6.5.24-1109583/build/include/kcl/kcl_fence.h:11,
                 from /var/lib/dkms/amdgpu/5.6.5.24-1109583/build/include/kcl/backport/kcl_fence_backport.h:4,
                 from /var/lib/dkms/amdgpu/5.6.5.24-1109583/build/amd/backport/backport.h:11,
                 from <command-line>:
./include/linux/dma-fence.h:542:20: note: previous definition of ‘dma_fence_set_error’ was here
  542 | static inline void dma_fence_set_error(struct dma_fence *fence,
      |                    ^~~~~~~~~~~~~~~~~~~
In file included from /var/lib/dkms/amdgpu/5.6.5.24-1109583/build/include/kcl/backport/kcl_fence_backport.h:4,
                 from /var/lib/dkms/amdgpu/5.6.5.24-1109583/build/amd/backport/backport.h:11,
                 from <command-line>:
/var/lib/dkms/amdgpu/5.6.5.24-1109583/build/include/kcl/kcl_fence.h: In function ‘dma_fence_set_error’:
/var/lib/dkms/amdgpu/5.6.5.24-1109583/build/include/kcl/kcl_fence.h:144:7: error: ‘struct dma_fence’ has no member named ‘status’
  144 |  fence->status = error;
      |       ^~
/var/lib/dkms/amdgpu/5.6.5.24-1109583/build/include/kcl/kcl_fence.h: At top level:
/var/lib/dkms/amdgpu/5.6.5.24-1109583/build/include/kcl/kcl_fence.h:161:33: error: static declaration of ‘dma_fence_get_stub’ follows non-static declaration
  161 | static inline struct dma_fence *dma_fence_get_stub(void)
      |                                 ^~~~~~~~~~~~~~~~~~
In file included from /var/lib/dkms/amdgpu/5.6.5.24-1109583/build/include/kcl/kcl_fence.h:11,
                 from /var/lib/dkms/amdgpu/5.6.5.24-1109583/build/include/kcl/backport/kcl_fence_backport.h:4,
                 from /var/lib/dkms/amdgpu/5.6.5.24-1109583/build/amd/backport/backport.h:11,
                 from <command-line>:
./include/linux/dma-fence.h:586:19: note: previous declaration of ‘dma_fence_get_stub’ was here
  586 | struct dma_fence *dma_fence_get_stub(void);
      |                   ^~~~~~~~~~~~~~~~~~
/var/lib/dkms/amdgpu/5.6.5.24-1109583/build/include/kcl/kcl_timekeeping.h:24:2: error: implicit declaration of function ‘get_monotonic_boottime’ [-Werror=implicit-function-declaration]
   24 |  get_monotonic_boottime(&time);
      |  ^~~~~~~~~~~~~~~~~~~~~~
/var/lib/dkms/amdgpu/5.6.5.24-1109583/build/include/kcl/kcl_timekeeping.h:25:14: error: implicit declaration of function ‘timespec_to_ns’; did you mean ‘timespec64_to_ns’? [-Werror=implicit-function-declaration]
   25 |  return (u64)timespec_to_ns(&time);
      |              ^~~~~~~~~~~~~~
      |              timespec64_to_ns
/var/lib/dkms/amdgpu/5.6.5.24-1109583/build/include/kcl/kcl_timekeeping.h:22:18: warning: unused variable ‘time’ [-Wunused-variable]
   22 |  struct timespec time;
      |                  ^~~~
/var/lib/dkms/amdgpu/5.6.5.24-1109583/build/include/kcl/kcl_timekeeping.h: At top level:
/var/lib/dkms/amdgpu/5.6.5.24-1109583/build/include/kcl/kcl_timekeeping.h:31:19: error: redefinition of ‘ktime_get_raw_ns’
   31 | static inline u64 ktime_get_raw_ns(void)
      |                   ^~~~~~~~~~~~~~~~
In file included from ./include/linux/ktime.h:232,
                 from ./include/linux/timer.h:6,
                 from ./include/linux/workqueue.h:9,
                 from ./include/linux/rhashtable-types.h:15,
                 from ./include/linux/ipc.h:7,
                 from ./include/uapi/linux/sem.h:5,
                 from ./include/linux/sem.h:5,
                 from ./include/linux/sched.h:15,
                 from ./include/linux/dma-fence.h:21,
                 from /var/lib/dkms/amdgpu/5.6.5.24-1109583/build/include/kcl/kcl_fence.h:11,
                 from /var/lib/dkms/amdgpu/5.6.5.24-1109583/build/include/kcl/backport/kcl_fence_backport.h:4,
                 from /var/lib/dkms/amdgpu/5.6.5.24-1109583/build/amd/backport/backport.h:11,
                 from <command-line>:
./include/linux/timekeeping.h:171:19: note: previous definition of ‘ktime_get_raw_ns’ was here
  171 | static inline u64 ktime_get_raw_ns(void)
      |                   ^~~~~~~~~~~~~~~~
In file included from /var/lib/dkms/amdgpu/5.6.5.24-1109583/build/amd/backport/backport.h:41,
                 from <command-line>:
/var/lib/dkms/amdgpu/5.6.5.24-1109583/build/include/kcl/kcl_timekeeping.h: In function ‘ktime_get_raw_ns’:
/var/lib/dkms/amdgpu/5.6.5.24-1109583/build/include/kcl/kcl_timekeeping.h:33:18: error: storage size of ‘time’ isn’t known
   33 |  struct timespec time;
      |                  ^~~~
/var/lib/dkms/amdgpu/5.6.5.24-1109583/build/include/kcl/kcl_timekeeping.h:35:2: error: implicit declaration of function ‘getrawmonotonic’ [-Werror=implicit-function-declaration]
   35 |  getrawmonotonic(&time);
      |  ^~~~~~~~~~~~~~~
/var/lib/dkms/amdgpu/5.6.5.24-1109583/build/include/kcl/kcl_timekeeping.h:33:18: warning: unused variable ‘time’ [-Wunused-variable]
   33 |  struct timespec time;
      |                  ^~~~
/var/lib/dkms/amdgpu/5.6.5.24-1109583/build/include/kcl/kcl_timekeeping.h: At top level:
/var/lib/dkms/amdgpu/5.6.5.24-1109583/build/include/kcl/kcl_timekeeping.h:41:24: error: static declaration of ‘ktime_get_real_seconds’ follows non-static declaration
   41 | static inline time64_t ktime_get_real_seconds(void)
      |                        ^~~~~~~~~~~~~~~~~~~~~~
In file included from ./include/linux/ktime.h:232,
                 from ./include/linux/timer.h:6,
                 from ./include/linux/workqueue.h:9,
                 from ./include/linux/rhashtable-types.h:15,
                 from ./include/linux/ipc.h:7,
                 from ./include/uapi/linux/sem.h:5,
                 from ./include/linux/sem.h:5,
                 from ./include/linux/sched.h:15,
                 from ./include/linux/dma-fence.h:21,
                 from /var/lib/dkms/amdgpu/5.6.5.24-1109583/build/include/kcl/kcl_fence.h:11,
                 from /var/lib/dkms/amdgpu/5.6.5.24-1109583/build/include/kcl/backport/kcl_fence_backport.h:4,
                 from /var/lib/dkms/amdgpu/5.6.5.24-1109583/build/amd/backport/backport.h:11,
                 from <command-line>:
./include/linux/timekeeping.h:53:17: note: previous declaration of ‘ktime_get_real_seconds’ was here
   53 | extern time64_t ktime_get_real_seconds(void);
      |                 ^~~~~~~~~~~~~~~~~~~~~~
In file included from /var/lib/dkms/amdgpu/5.6.5.24-1109583/build/amd/backport/backport.h:41,
                 from <command-line>:
/var/lib/dkms/amdgpu/5.6.5.24-1109583/build/include/kcl/kcl_timekeeping.h: In function ‘ktime_get_real_seconds’:
/var/lib/dkms/amdgpu/5.6.5.24-1109583/build/include/kcl/kcl_timekeeping.h:43:17: error: storage size of ‘ts’ isn’t known
   43 |  struct timeval ts;
      |                 ^~
In file included from /var/lib/dkms/amdgpu/5.6.5.24-1109583/build/amd/amdkcl/kcl_ioctl.c:3:
/var/lib/dkms/amdgpu/5.6.5.24-1109583/build/include/kcl/kcl_fs.h:12:20: error: static declaration of ‘compat_ptr_ioctl’ follows non-static declaration
   12 | static inline long compat_ptr_ioctl(struct file *file, unsigned int cmd,
      |                    ^~~~~~~~~~~~~~~~
In file included from /var/lib/dkms/amdgpu/5.6.5.24-1109583/build/amd/amdkcl/kcl_ioctl.c:2:
./include/linux/fs.h:1753:13: note: previous declaration of ‘compat_ptr_ioctl’ was here
 1753 | extern long compat_ptr_ioctl(struct file *file, unsigned int cmd,
      |             ^~~~~~~~~~~~~~~~
/var/lib/dkms/amdgpu/5.6.5.24-1109583/build/include/kcl/kcl_timekeeping.h:45:2: error: implicit declaration of function ‘do_gettimeofday’; did you mean ‘do_settimeofday64’? [-Werror=implicit-function-declaration]
   45 |  do_gettimeofday(&ts);
      |  ^~~~~~~~~~~~~~~
      |  do_settimeofday64
/var/lib/dkms/amdgpu/5.6.5.24-1109583/build/include/kcl/kcl_timekeeping.h:43:17: warning: unused variable ‘ts’ [-Wunused-variable]
   43 |  struct timeval ts;
      |                 ^~
/var/lib/dkms/amdgpu/5.6.5.24-1109583/build/include/kcl/kcl_timekeeping.h: At top level:
/var/lib/dkms/amdgpu/5.6.5.24-1109583/build/include/kcl/kcl_timekeeping.h:51:19: error: static declaration of ‘ktime_get_mono_fast_ns’ follows non-static declaration
   51 | static inline u64 ktime_get_mono_fast_ns(void)
      |                   ^~~~~~~~~~~~~~~~~~~~~~
In file included from ./include/linux/ktime.h:232,
                 from ./include/linux/timer.h:6,
                 from ./include/linux/workqueue.h:9,
                 from ./include/linux/rhashtable-types.h:15,
                 from ./include/linux/ipc.h:7,
                 from ./include/uapi/linux/sem.h:5,
                 from ./include/linux/sem.h:5,
                 from ./include/linux/sched.h:15,
                 from ./include/linux/dma-fence.h:21,
                 from /var/lib/dkms/amdgpu/5.6.5.24-1109583/build/include/kcl/kcl_fence.h:11,
                 from /var/lib/dkms/amdgpu/5.6.5.24-1109583/build/include/kcl/backport/kcl_fence_backport.h:4,
                 from /var/lib/dkms/amdgpu/5.6.5.24-1109583/build/amd/backport/backport.h:11,
                 from <command-line>:
./include/linux/timekeeping.h:176:12: note: previous declaration of ‘ktime_get_mono_fast_ns’ was here
  176 | extern u64 ktime_get_mono_fast_ns(void);
      |            ^~~~~~~~~~~~~~~~~~~~~~
In file included from /var/lib/dkms/amdgpu/5.6.5.24-1109583/build/amd/backport/backport.h:42,
                 from <command-line>:
/var/lib/dkms/amdgpu/5.6.5.24-1109583/build/include/kcl/backport/kcl_uaccess_backport.h: In function ‘_kcl_access_ok’:
/var/lib/dkms/amdgpu/5.6.5.24-1109583/build/include/kcl/backport/kcl_uaccess_backport.h:9:47: error: macro "access_ok" passed 3 arguments, but takes just 2
    9 |  return access_ok(VERIFY_WRITE, (addr), (size));
      |                                               ^
In file included from ./include/linux/uaccess.h:11,
                 from ./arch/x86/include/asm/fpu/xstate.h:5,
                 from ./arch/x86/include/asm/pgtable.h:26,
                 from ./include/linux/pgtable.h:6,
                 from ./include/linux/mm.h:33,
                 from ./include/linux/kallsyms.h:12,
                 from ./include/linux/ftrace.h:12,
                 from ./include/linux/kprobes.h:29,
                 from ./include/linux/kgdb.h:19,
                 from ./include/linux/fb.h:5,
                 from ./include/drm/drm_crtc.h:31,
                 from /var/lib/dkms/amdgpu/5.6.5.24-1109583/build/include/kcl/backport/kcl_drm_backport.h:5,
                 from /var/lib/dkms/amdgpu/5.6.5.24-1109583/build/amd/backport/backport.h:12,
                 from <command-line>:
./arch/x86/include/asm/uaccess.h:69: note: macro "access_ok" defined here
   69 | #define access_ok(addr, size)     \
      | 
/var/lib/dkms/amdgpu/5.6.5.24-1109583/build/amd/amdkcl/kcl_ioctl.c: In function ‘_kcl_compat_ptr_ioctl’:
/var/lib/dkms/amdgpu/5.6.5.24-1109583/build/amd/amdkcl/kcl_ioctl.c:35:62: error: implicit declaration of function ‘compat_ptr’ [-Werror=implicit-function-declaration]
   35 |  return file->f_op->unlocked_ioctl(file, cmd, (unsigned long)compat_ptr(arg));
      |                                                              ^~~~~~~~~~
cc1: some warnings being treated as errors
In file included from /var/lib/dkms/amdgpu/5.6.5.24-1109583/build/amd/backport/backport.h:42,
                 from <command-line>:
/var/lib/dkms/amdgpu/5.6.5.24-1109583/build/include/kcl/backport/kcl_uaccess_backport.h:9:9: error: ‘access_ok’ undeclared (first use in this function); did you mean ‘_kcl_access_ok’?
    9 |  return access_ok(VERIFY_WRITE, (addr), (size));
      |         ^~~~~~~~~
      |         _kcl_access_ok
In file included from /var/lib/dkms/amdgpu/5.6.5.24-1109583/build/include/kcl/backport/kcl_vga_switcheroo_backport.h:4,
                 from /var/lib/dkms/amdgpu/5.6.5.24-1109583/build/amd/backport/backport.h:43,
                 from <command-line>:
/var/lib/dkms/amdgpu/5.6.5.24-1109583/build/include/kcl/kcl_vga_switcheroo.h: At top level:
/var/lib/dkms/amdgpu/5.6.5.24-1109583/build/include/kcl/kcl_vga_switcheroo.h:8:8: error: redefinition of ‘struct vga_switcheroo_client_ops’
    8 | struct vga_switcheroo_client_ops {
      |        ^~~~~~~~~~~~~~~~~~~~~~~~~
In file included from /var/lib/dkms/amdgpu/5.6.5.24-1109583/build/include/kcl/kcl_vga_switcheroo.h:5,
                 from /var/lib/dkms/amdgpu/5.6.5.24-1109583/build/include/kcl/backport/kcl_vga_switcheroo_backport.h:4,
                 from /var/lib/dkms/amdgpu/5.6.5.24-1109583/build/amd/backport/backport.h:43,
                 from <command-line>:
./include/linux/vga_switcheroo.h:143:8: note: originally defined here
  143 | struct vga_switcheroo_client_ops {
      |        ^~~~~~~~~~~~~~~~~~~~~~~~~
In file included from /var/lib/dkms/amdgpu/5.6.5.24-1109583/build/include/kcl/backport/kcl_vga_switcheroo_backport.h:4,
                 from /var/lib/dkms/amdgpu/5.6.5.24-1109583/build/amd/backport/backport.h:43,
                 from <command-line>:
/var/lib/dkms/amdgpu/5.6.5.24-1109583/build/include/kcl/kcl_vga_switcheroo.h: In function ‘_kcl_vga_switcheroo_register_client’:
/var/lib/dkms/amdgpu/5.6.5.24-1109583/build/include/kcl/kcl_vga_switcheroo.h:25:48: error: passing argument 2 of ‘vga_switcheroo_register_client’ from incompatible pointer type [-Werror=incompatible-pointer-types]
   25 |  return vga_switcheroo_register_client(dev, ops->set_gpu_state, ops->can_switch);
      |                                             ~~~^~~~~~~~~~~~~~~
      |                                                |
      |                                                void (* const)(struct pci_dev *, enum vga_switcheroo_state)
In file included from /var/lib/dkms/amdgpu/5.6.5.24-1109583/build/include/kcl/kcl_vga_switcheroo.h:5,
                 from /var/lib/dkms/amdgpu/5.6.5.24-1109583/build/include/kcl/backport/kcl_vga_switcheroo_backport.h:4,
                 from /var/lib/dkms/amdgpu/5.6.5.24-1109583/build/amd/backport/backport.h:43,
                 from <command-line>:
./include/linux/vga_switcheroo.h:153:48: note: expected ‘const struct vga_switcheroo_client_ops *’ but argument is of type ‘void (* const)(struct pci_dev *, enum vga_switcheroo_state)’
  153 |        const struct vga_switcheroo_client_ops *ops,
      |        ~~~~~~~~~~~~~~~~~~~~~~~~~~~~~~~~~~~~~~~~^~~
In file included from /var/lib/dkms/amdgpu/5.6.5.24-1109583/build/include/kcl/backport/kcl_vga_switcheroo_backport.h:4,
                 from /var/lib/dkms/amdgpu/5.6.5.24-1109583/build/amd/backport/backport.h:43,
                 from <command-line>:
/var/lib/dkms/amdgpu/5.6.5.24-1109583/build/include/kcl/kcl_vga_switcheroo.h: At top level:
/var/lib/dkms/amdgpu/5.6.5.24-1109583/build/include/kcl/kcl_vga_switcheroo.h:31:6: error: nested redefinition of ‘enum vga_switcheroo_handler_flags_t’
   31 | enum vga_switcheroo_handler_flags_t {
      |      ^~~~~~~~~~~~~~~~~~~~~~~~~~~~~~
/var/lib/dkms/amdgpu/5.6.5.24-1109583/build/include/kcl/kcl_vga_switcheroo.h:31:6: error: redeclaration of ‘enum vga_switcheroo_handler_flags_t’
In file included from /var/lib/dkms/amdgpu/5.6.5.24-1109583/build/include/kcl/kcl_vga_switcheroo.h:5,
                 from /var/lib/dkms/amdgpu/5.6.5.24-1109583/build/include/kcl/backport/kcl_vga_switcheroo_backport.h:4,
                 from /var/lib/dkms/amdgpu/5.6.5.24-1109583/build/amd/backport/backport.h:43,
                 from <command-line>:
./include/linux/vga_switcheroo.h:53:6: note: originally defined here
   53 | enum vga_switcheroo_handler_flags_t {
      |      ^~~~~~~~~~~~~~~~~~~~~~~~~~~~~~
In file included from /var/lib/dkms/amdgpu/5.6.5.24-1109583/build/include/kcl/backport/kcl_vga_switcheroo_backport.h:4,
                 from /var/lib/dkms/amdgpu/5.6.5.24-1109583/build/amd/backport/backport.h:43,
                 from <command-line>:
/var/lib/dkms/amdgpu/5.6.5.24-1109583/build/include/kcl/kcl_vga_switcheroo.h:32:2: error: redeclaration of enumerator ‘VGA_SWITCHEROO_CAN_SWITCH_DDC’
   32 |  VGA_SWITCHEROO_CAN_SWITCH_DDC = (1 << 0),
      |  ^~~~~~~~~~~~~~~~~~~~~~~~~~~~~
In file included from /var/lib/dkms/amdgpu/5.6.5.24-1109583/build/include/kcl/kcl_vga_switcheroo.h:5,
                 from /var/lib/dkms/amdgpu/5.6.5.24-1109583/build/include/kcl/backport/kcl_vga_switcheroo_backport.h:4,
                 from /var/lib/dkms/amdgpu/5.6.5.24-1109583/build/amd/backport/backport.h:43,
                 from <command-line>:
./include/linux/vga_switcheroo.h:54:2: note: previous definition of ‘VGA_SWITCHEROO_CAN_SWITCH_DDC’ was here
   54 |  VGA_SWITCHEROO_CAN_SWITCH_DDC = (1 << 0),
      |  ^~~~~~~~~~~~~~~~~~~~~~~~~~~~~
In file included from /var/lib/dkms/amdgpu/5.6.5.24-1109583/build/include/kcl/backport/kcl_vga_switcheroo_backport.h:4,
                 from /var/lib/dkms/amdgpu/5.6.5.24-1109583/build/amd/backport/backport.h:43,
                 from <command-line>:
/var/lib/dkms/amdgpu/5.6.5.24-1109583/build/include/kcl/kcl_vga_switcheroo.h:33:2: error: redeclaration of enumerator ‘VGA_SWITCHEROO_NEEDS_EDP_CONFIG’
   33 |  VGA_SWITCHEROO_NEEDS_EDP_CONFIG = (1 << 1),
      |  ^~~~~~~~~~~~~~~~~~~~~~~~~~~~~~~
In file included from /var/lib/dkms/amdgpu/5.6.5.24-1109583/build/include/kcl/kcl_vga_switcheroo.h:5,
                 from /var/lib/dkms/amdgpu/5.6.5.24-1109583/build/include/kcl/backport/kcl_vga_switcheroo_backport.h:4,
                 from /var/lib/dkms/amdgpu/5.6.5.24-1109583/build/amd/backport/backport.h:43,
                 from <command-line>:
./include/linux/vga_switcheroo.h:55:2: note: previous definition of ‘VGA_SWITCHEROO_NEEDS_EDP_CONFIG’ was here
   55 |  VGA_SWITCHEROO_NEEDS_EDP_CONFIG = (1 << 1),
      |  ^~~~~~~~~~~~~~~~~~~~~~~~~~~~~~~
In file included from /var/lib/dkms/amdgpu/5.6.5.24-1109583/build/include/kcl/backport/kcl_vga_switcheroo_backport.h:4,
                 from /var/lib/dkms/amdgpu/5.6.5.24-1109583/build/amd/backport/backport.h:43,
                 from <command-line>:
/var/lib/dkms/amdgpu/5.6.5.24-1109583/build/include/kcl/kcl_vga_switcheroo.h: In function ‘_kcl_vga_switcheroo_register_handler’:
/var/lib/dkms/amdgpu/5.6.5.24-1109583/build/include/kcl/kcl_vga_switcheroo.h:45:9: error: too few arguments to function ‘vga_switcheroo_register_handler’
   45 |  return vga_switcheroo_register_handler((struct vga_switcheroo_handler *)handler);
      |         ^~~~~~~~~~~~~~~~~~~~~~~~~~~~~~~
In file included from /var/lib/dkms/amdgpu/5.6.5.24-1109583/build/include/kcl/kcl_vga_switcheroo.h:5,
                 from /var/lib/dkms/amdgpu/5.6.5.24-1109583/build/include/kcl/backport/kcl_vga_switcheroo_backport.h:4,
                 from /var/lib/dkms/amdgpu/5.6.5.24-1109583/build/amd/backport/backport.h:43,
                 from <command-line>:
./include/linux/vga_switcheroo.h:162:5: note: declared here
  162 | int vga_switcheroo_register_handler(const struct vga_switcheroo_handler *handler,
      |     ^~~~~~~~~~~~~~~~~~~~~~~~~~~~~~~
In file included from /var/lib/dkms/amdgpu/5.6.5.24-1109583/build/amd/backport/backport.h:46,
                 from <command-line>:
/var/lib/dkms/amdgpu/5.6.5.24-1109583/build/include/kcl/backport/kcl_drm_dp_mst_helper_backport.h: In function ‘_kcl_drm_dp_mst_topology_mgr_resume’:
/var/lib/dkms/amdgpu/5.6.5.24-1109583/build/include/kcl/backport/kcl_drm_dp_mst_helper_backport.h:12:9: error: too few arguments to function ‘drm_dp_mst_topology_mgr_resume’
   12 |  return drm_dp_mst_topology_mgr_resume(mgr);
      |         ^~~~~~~~~~~~~~~~~~~~~~~~~~~~~~
In file included from /var/lib/dkms/amdgpu/5.6.5.24-1109583/build/amd/amdgpu/amdgpu_mode.h:47,
                 from /var/lib/dkms/amdgpu/5.6.5.24-1109583/build/amd/amdgpu/amdgpu.h:68,
                 from /var/lib/dkms/amdgpu/5.6.5.24-1109583/build/amd/backport/include/kcl/kcl_amdgpu.h:6,
                 from /var/lib/dkms/amdgpu/5.6.5.24-1109583/build/amd/backport/backport.h:18,
                 from <command-line>:
./include/drm/drm_dp_mst_helper.h:819:1: note: declared here
  819 | drm_dp_mst_topology_mgr_resume(struct drm_dp_mst_topology_mgr *mgr,
      | ^~~~~~~~~~~~~~~~~~~~~~~~~~~~~~
In file included from /var/lib/dkms/amdgpu/5.6.5.24-1109583/build/amd/backport/backport.h:49,
                 from <command-line>:
/var/lib/dkms/amdgpu/5.6.5.24-1109583/build/include/kcl/kcl_seq_file.h: At top level:
/var/lib/dkms/amdgpu/5.6.5.24-1109583/build/include/kcl/kcl_seq_file.h:28:20: error: static declaration of ‘seq_hex_dump’ follows non-static declaration
   28 | static inline void seq_hex_dump(struct seq_file *m, const char *prefix_str, int prefix_type,
      |                    ^~~~~~~~~~~~
make[2]: *** [scripts/Makefile.build:287: /var/lib/dkms/amdgpu/5.6.5.24-1109583/build/amd/amdkcl/kcl_ioctl.o] Error 1
In file included from ./include/drm/drm_print.h:31,
                 from ./include/drm/drm_mm.h:49,
                 from ./include/drm/drm_vma_manager.h:26,
                 from ./include/drm/drm_gem.h:40,
                 from /var/lib/dkms/amdgpu/5.6.5.24-1109583/build/include/kcl/backport/kcl_drm_backport.h:11,
                 from /var/lib/dkms/amdgpu/5.6.5.24-1109583/build/amd/backport/backport.h:12,
                 from <command-line>:
./include/linux/seq_file.h:132:6: note: previous declaration of ‘seq_hex_dump’ was here
  132 | void seq_hex_dump(struct seq_file *m, const char *prefix_str, int prefix_type,
      |      ^~~~~~~~~~~~
make[2]: *** Waiting for unfinished jobs....
In file included from /var/lib/dkms/amdgpu/5.6.5.24-1109583/build/amd/backport/backport.h:50,
                 from <command-line>:
/var/lib/dkms/amdgpu/5.6.5.24-1109583/build/include/kcl/kcl_ptrace.h:8:35: error: redefinition of ‘ptrace_parent’
    8 | static inline struct task_struct *ptrace_parent(struct task_struct *task)
      |                                   ^~~~~~~~~~~~~
In file included from ./include/linux/ftrace.h:15,
                 from ./include/linux/kprobes.h:29,
                 from ./include/linux/kgdb.h:19,
                 from ./include/linux/fb.h:5,
                 from ./include/drm/drm_crtc.h:31,
                 from /var/lib/dkms/amdgpu/5.6.5.24-1109583/build/include/kcl/backport/kcl_drm_backport.h:5,
                 from /var/lib/dkms/amdgpu/5.6.5.24-1109583/build/amd/backport/backport.h:12,
                 from <command-line>:
./include/linux/ptrace.h:124:35: note: previous definition of ‘ptrace_parent’ was here
  124 | static inline struct task_struct *ptrace_parent(struct task_struct *task)
      |                                   ^~~~~~~~~~~~~
In file included from /var/lib/dkms/amdgpu/5.6.5.24-1109583/build/amd/backport/backport.h:56,
                 from <command-line>:
/var/lib/dkms/amdgpu/5.6.5.24-1109583/build/include/kcl/kcl_list.h:7:20: error: redefinition of ‘list_bulk_move_tail’
    7 | static inline void list_bulk_move_tail(struct list_head *head,
      |                    ^~~~~~~~~~~~~~~~~~~
In file included from ./include/linux/preempt.h:11,
                 from ./include/linux/rcupdate.h:27,
                 from /var/lib/dkms/amdgpu/5.6.5.24-1109583/build/include/kcl/kcl_rcupdate.h:5,
                 from /var/lib/dkms/amdgpu/5.6.5.24-1109583/build/include/kcl/kcl_fence.h:6,
                 from /var/lib/dkms/amdgpu/5.6.5.24-1109583/build/include/kcl/backport/kcl_fence_backport.h:4,
                 from /var/lib/dkms/amdgpu/5.6.5.24-1109583/build/amd/backport/backport.h:11,
                 from <command-line>:
./include/linux/list.h:240:20: note: previous definition of ‘list_bulk_move_tail’ was here
  240 | static inline void list_bulk_move_tail(struct list_head *head,
      |                    ^~~~~~~~~~~~~~~~~~~
In file included from /var/lib/dkms/amdgpu/5.6.5.24-1109583/build/amd/backport/backport.h:56,
                 from <command-line>:
/var/lib/dkms/amdgpu/5.6.5.24-1109583/build/include/kcl/kcl_list.h:24:20: error: redefinition of ‘list_rotate_to_front’
   24 | static inline void list_rotate_to_front(struct list_head *list,
      |                    ^~~~~~~~~~~~~~~~~~~~
In file included from ./include/linux/preempt.h:11,
                 from ./include/linux/rcupdate.h:27,
                 from /var/lib/dkms/amdgpu/5.6.5.24-1109583/build/include/kcl/kcl_rcupdate.h:5,
                 from /var/lib/dkms/amdgpu/5.6.5.24-1109583/build/include/kcl/kcl_fence.h:6,
                 from /var/lib/dkms/amdgpu/5.6.5.24-1109583/build/include/kcl/backport/kcl_fence_backport.h:4,
                 from /var/lib/dkms/amdgpu/5.6.5.24-1109583/build/amd/backport/backport.h:11,
                 from <command-line>:
./include/linux/list.h:343:20: note: previous definition of ‘list_rotate_to_front’ was here
  343 | static inline void list_rotate_to_front(struct list_head *list,
      |                    ^~~~~~~~~~~~~~~~~~~~
In file included from /var/lib/dkms/amdgpu/5.6.5.24-1109583/build/amd/backport/backport.h:56,
                 from <command-line>:
/var/lib/dkms/amdgpu/5.6.5.24-1109583/build/include/kcl/kcl_list.h:33:19: error: redefinition of ‘list_is_first’
   33 | static inline int list_is_first(const struct list_head *list,
      |                   ^~~~~~~~~~~~~
In file included from ./include/linux/preempt.h:11,
                 from ./include/linux/rcupdate.h:27,
                 from /var/lib/dkms/amdgpu/5.6.5.24-1109583/build/include/kcl/kcl_rcupdate.h:5,
                 from /var/lib/dkms/amdgpu/5.6.5.24-1109583/build/include/kcl/kcl_fence.h:6,
                 from /var/lib/dkms/amdgpu/5.6.5.24-1109583/build/include/kcl/backport/kcl_fence_backport.h:4,
                 from /var/lib/dkms/amdgpu/5.6.5.24-1109583/build/amd/backport/backport.h:11,
                 from <command-line>:
./include/linux/list.h:259:19: note: previous definition of ‘list_is_first’ was here
  259 | static inline int list_is_first(const struct list_head *list,
      |                   ^~~~~~~~~~~~~
In file included from /var/lib/dkms/amdgpu/5.6.5.24-1109583/build/include/kcl/backport/kcl_drm_atomic_helper_backport.h:5,
                 from /var/lib/dkms/amdgpu/5.6.5.24-1109583/build/amd/backport/backport.h:58,
                 from <command-line>:
/var/lib/dkms/amdgpu/5.6.5.24-1109583/build/include/kcl/kcl_drm_atomic_helper.h:31:1: error: static declaration of ‘__drm_atomic_helper_connector_reset’ follows non-static declaration
   31 | __drm_atomic_helper_connector_reset(struct drm_connector *connector,
      | ^~~~~~~~~~~~~~~~~~~~~~~~~~~~~~~~~~~
In file included from ./include/drm/drm_atomic_helper.h:34,
                 from /var/lib/dkms/amdgpu/5.6.5.24-1109583/build/include/kcl/kcl_drm_atomic_helper.h:5,
                 from /var/lib/dkms/amdgpu/5.6.5.24-1109583/build/include/kcl/backport/kcl_drm_atomic_helper_backport.h:5,
                 from /var/lib/dkms/amdgpu/5.6.5.24-1109583/build/amd/backport/backport.h:58,
                 from <command-line>:
./include/drm/drm_atomic_state_helper.h:70:6: note: previous declaration of ‘__drm_atomic_helper_connector_reset’ was here
   70 | void __drm_atomic_helper_connector_reset(struct drm_connector *connector,
      |      ^~~~~~~~~~~~~~~~~~~~~~~~~~~~~~~~~~~
In file included from /var/lib/dkms/amdgpu/5.6.5.24-1109583/build/include/kcl/backport/kcl_drm_atomic_helper_backport.h:5,
                 from /var/lib/dkms/amdgpu/5.6.5.24-1109583/build/amd/backport/backport.h:58,
                 from <command-line>:
/var/lib/dkms/amdgpu/5.6.5.24-1109583/build/include/kcl/kcl_drm_atomic_helper.h:43:1: error: static declaration of ‘drm_atomic_helper_update_legacy_modeset_state’ follows non-static declaration
   43 | drm_atomic_helper_update_legacy_modeset_state(struct drm_device *dev,
      | ^~~~~~~~~~~~~~~~~~~~~~~~~~~~~~~~~~~~~~~~~~~~~
In file included from /var/lib/dkms/amdgpu/5.6.5.24-1109583/build/include/kcl/kcl_drm_atomic_helper.h:5,
                 from /var/lib/dkms/amdgpu/5.6.5.24-1109583/build/include/kcl/backport/kcl_drm_atomic_helper_backport.h:5,
                 from /var/lib/dkms/amdgpu/5.6.5.24-1109583/build/amd/backport/backport.h:58,
                 from <command-line>:
./include/drm/drm_atomic_helper.h:74:1: note: previous declaration of ‘drm_atomic_helper_update_legacy_modeset_state’ was here
   74 | drm_atomic_helper_update_legacy_modeset_state(struct drm_device *dev,
      | ^~~~~~~~~~~~~~~~~~~~~~~~~~~~~~~~~~~~~~~~~~~~~
In file included from /var/lib/dkms/amdgpu/5.6.5.24-1109583/build/include/kcl/backport/kcl_drm_atomic_helper_backport.h:5,
                 from /var/lib/dkms/amdgpu/5.6.5.24-1109583/build/amd/backport/backport.h:58,
                 from <command-line>:
/var/lib/dkms/amdgpu/5.6.5.24-1109583/build/include/kcl/kcl_drm_atomic_helper.h: In function ‘kcl_drm_atomic_get_old_crtc_state_before_commit’:
/var/lib/dkms/amdgpu/5.6.5.24-1109583/build/include/kcl/kcl_drm_atomic_helper.h:59:43: error: invalid type argument of ‘->’ (have ‘struct __drm_crtcs_state’)
   59 |  return state->crtcs[drm_crtc_index(crtc)]->state;
      |                                           ^~
  CC [M]  /var/lib/dkms/amdgpu/5.6.5.24-1109583/build/amd/amdgpu/amdgpu_connectors.o
/var/lib/dkms/amdgpu/5.6.5.24-1109583/build/include/kcl/kcl_drm_atomic_helper.h: In function ‘kcl_drm_atomic_get_new_crtc_state_after_commit’:
/var/lib/dkms/amdgpu/5.6.5.24-1109583/build/include/kcl/kcl_drm_atomic_helper.h:94:43: error: invalid type argument of ‘->’ (have ‘struct __drm_crtcs_state’)
   94 |  return state->crtcs[drm_crtc_index(crtc)]->state;
      |                                           ^~
In file included from /var/lib/dkms/amdgpu/5.6.5.24-1109583/build/amd/backport/backport.h:59,
                 from <command-line>:
/var/lib/dkms/amdgpu/5.6.5.24-1109583/build/include/kcl/kcl_drm_atomic.h: At top level:
/var/lib/dkms/amdgpu/5.6.5.24-1109583/build/include/kcl/kcl_drm_atomic.h:7:20: error: redefinition of ‘drm_atomic_state_put’
    7 | static inline void drm_atomic_state_put(struct drm_atomic_state *state)
      |                    ^~~~~~~~~~~~~~~~~~~~
In file included from /var/lib/dkms/amdgpu/5.6.5.24-1109583/build/include/kcl/kcl_drm.h:11,
                 from /var/lib/dkms/amdgpu/5.6.5.24-1109583/build/include/kcl/backport/kcl_drm_backport.h:16,
                 from /var/lib/dkms/amdgpu/5.6.5.24-1109583/build/amd/backport/backport.h:12,
                 from <command-line>:
./include/drm/drm_atomic.h:445:20: note: previous definition of ‘drm_atomic_state_put’ was here
  445 | static inline void drm_atomic_state_put(struct drm_atomic_state *state)
      |                    ^~~~~~~~~~~~~~~~~~~~
In file included from /var/lib/dkms/amdgpu/5.6.5.24-1109583/build/amd/backport/backport.h:59,
                 from <command-line>:
/var/lib/dkms/amdgpu/5.6.5.24-1109583/build/include/kcl/kcl_drm_atomic.h: In function ‘drm_atomic_state_put’:
/var/lib/dkms/amdgpu/5.6.5.24-1109583/build/include/kcl/kcl_drm_atomic.h:9:9: error: implicit declaration of function ‘drm_atomic_state_free’; did you mean ‘drm_atomic_state_get’? [-Werror=implicit-function-declaration]
    9 |  return drm_atomic_state_free(state);
      |         ^~~~~~~~~~~~~~~~~~~~~
      |         drm_atomic_state_get
/var/lib/dkms/amdgpu/5.6.5.24-1109583/build/include/kcl/kcl_drm_atomic.h:9:9: error: ‘return’ with a value, in function returning void [-Werror=return-type]
    9 |  return drm_atomic_state_free(state);
      |         ^~~~~~~~~~~~~~~~~~~~~~~~~~~~
/var/lib/dkms/amdgpu/5.6.5.24-1109583/build/include/kcl/kcl_drm_atomic.h:7:20: note: declared here
    7 | static inline void drm_atomic_state_put(struct drm_atomic_state *state)
      |                    ^~~~~~~~~~~~~~~~~~~~
In file included from /var/lib/dkms/amdgpu/5.6.5.24-1109583/build/include/kcl/kcl_mm.h:15,
                 from /var/lib/dkms/amdgpu/5.6.5.24-1109583/build/amd/amdkcl/kcl_memory.c:2:
/var/lib/dkms/amdgpu/5.6.5.24-1109583/build/include/kcl/kcl_mm_types.h:11:3: error: conflicting types for ‘pfn_t’
   11 | } pfn_t;
      |   ^~~~~
In file included from ./include/asm-generic/memory_model.h:5,
                 from ./arch/x86/include/asm/page.h:76,
                 from ./arch/x86/include/asm/thread_info.h:12,
                 from ./include/linux/thread_info.h:59,
                 from ./arch/x86/include/asm/preempt.h:7,
                 from ./include/linux/preempt.h:78,
                 from ./include/linux/rcupdate.h:27,
                 from ./include/linux/rculist.h:11,
                 from ./include/linux/pid.h:5,
                 from ./include/linux/sched.h:14,
                 from ./include/linux/sched/mm.h:7,
                 from /var/lib/dkms/amdgpu/5.6.5.24-1109583/build/include/kcl/header/kcl_sched_mm_h.h:6,
                 from /var/lib/dkms/amdgpu/5.6.5.24-1109583/build/include/kcl/kcl_mm.h:5,
                 from /var/lib/dkms/amdgpu/5.6.5.24-1109583/build/amd/amdkcl/kcl_memory.c:2:
./include/linux/pfn.h:15:3: note: previous declaration of ‘pfn_t’ was here
   15 | } pfn_t;
      |   ^~~~~
In file included from /var/lib/dkms/amdgpu/5.6.5.24-1109583/build/include/kcl/kcl_mm.h:15,
                 from /var/lib/dkms/amdgpu/5.6.5.24-1109583/build/amd/amdkcl/kcl_memory.c:2:
/var/lib/dkms/amdgpu/5.6.5.24-1109583/build/include/kcl/kcl_mm_types.h:34:13: error: conflicting types for ‘vm_fault_t’
   34 | typedef int vm_fault_t;
      |             ^~~~~~~~~~
In file included from ./include/linux/sched/mm.h:8,
                 from /var/lib/dkms/amdgpu/5.6.5.24-1109583/build/include/kcl/header/kcl_sched_mm_h.h:6,
                 from /var/lib/dkms/amdgpu/5.6.5.24-1109583/build/include/kcl/kcl_mm.h:5,
                 from /var/lib/dkms/amdgpu/5.6.5.24-1109583/build/amd/amdkcl/kcl_memory.c:2:
./include/linux/mm_types.h:690:32: note: previous declaration of ‘vm_fault_t’ was here
  690 | typedef __bitwise unsigned int vm_fault_t;
      |                                ^~~~~~~~~~
In file included from /var/lib/dkms/amdgpu/5.6.5.24-1109583/build/amd/amdkcl/kcl_memory.c:2:
/var/lib/dkms/amdgpu/5.6.5.24-1109583/build/include/kcl/kcl_mm.h:22:21: error: redefinition of ‘kvmalloc’
   22 | static inline void *kvmalloc(size_t size, gfp_t flags)
      |                     ^~~~~~~~
In file included from /var/lib/dkms/amdgpu/5.6.5.24-1109583/build/include/kcl/kcl_mm.h:8,
                 from /var/lib/dkms/amdgpu/5.6.5.24-1109583/build/amd/amdkcl/kcl_memory.c:2:
./include/linux/mm.h:779:21: note: previous definition of ‘kvmalloc’ was here
  779 | static inline void *kvmalloc(size_t size, gfp_t flags)
      |                     ^~~~~~~~
In file included from /var/lib/dkms/amdgpu/5.6.5.24-1109583/build/amd/amdkcl/kcl_memory.c:2:
/var/lib/dkms/amdgpu/5.6.5.24-1109583/build/include/kcl/kcl_mm.h: In function ‘kvmalloc’:
/var/lib/dkms/amdgpu/5.6.5.24-1109583/build/include/kcl/kcl_mm.h:27:9: error: implicit declaration of function ‘__vmalloc’; did you mean ‘__kmalloc’? [-Werror=implicit-function-declaration]
   27 |   out = __vmalloc(size, flags, PAGE_KERNEL);
      |         ^~~~~~~~~
      |         __kmalloc
/var/lib/dkms/amdgpu/5.6.5.24-1109583/build/include/kcl/kcl_mm.h:27:7: warning: assignment to ‘void *’ from ‘int’ makes pointer from integer without a cast [-Wint-conversion]
   27 |   out = __vmalloc(size, flags, PAGE_KERNEL);
      |       ^
/var/lib/dkms/amdgpu/5.6.5.24-1109583/build/include/kcl/kcl_mm.h: At top level:
/var/lib/dkms/amdgpu/5.6.5.24-1109583/build/include/kcl/kcl_mm.h:32:21: error: redefinition of ‘kvzalloc’
   32 | static inline void *kvzalloc(size_t size, gfp_t flags)
      |                     ^~~~~~~~
In file included from /var/lib/dkms/amdgpu/5.6.5.24-1109583/build/include/kcl/kcl_mm.h:8,
                 from /var/lib/dkms/amdgpu/5.6.5.24-1109583/build/amd/amdkcl/kcl_memory.c:2:
./include/linux/mm.h:787:21: note: previous definition of ‘kvzalloc’ was here
  787 | static inline void *kvzalloc(size_t size, gfp_t flags)
      |                     ^~~~~~~~
In file included from /var/lib/dkms/amdgpu/5.6.5.24-1109583/build/amd/amdkcl/kcl_memory.c:2:
/var/lib/dkms/amdgpu/5.6.5.24-1109583/build/include/kcl/kcl_mm.h:45:20: error: static declaration of ‘kvfree’ follows non-static declaration
   45 | static inline void kvfree(const void *addr)
      |                    ^~~~~~
In file included from /var/lib/dkms/amdgpu/5.6.5.24-1109583/build/include/kcl/kcl_mm.h:8,
                 from /var/lib/dkms/amdgpu/5.6.5.24-1109583/build/amd/amdkcl/kcl_memory.c:2:
./include/linux/mm.h:807:13: note: previous declaration of ‘kvfree’ was here
  807 | extern void kvfree(const void *addr);
      |             ^~~~~~
In file included from /var/lib/dkms/amdgpu/5.6.5.24-1109583/build/amd/amdkcl/kcl_memory.c:2:
/var/lib/dkms/amdgpu/5.6.5.24-1109583/build/include/kcl/kcl_mm.h: In function ‘kvfree’:
/var/lib/dkms/amdgpu/5.6.5.24-1109583/build/include/kcl/kcl_mm.h:48:3: error: implicit declaration of function ‘vfree’; did you mean ‘kvfree’? [-Werror=implicit-function-declaration]
   48 |   vfree(addr);
      |   ^~~~~
      |   kvfree
/var/lib/dkms/amdgpu/5.6.5.24-1109583/build/include/kcl/kcl_mm.h: At top level:
/var/lib/dkms/amdgpu/5.6.5.24-1109583/build/include/kcl/kcl_mm.h:65:21: error: redefinition of ‘kvmalloc_array’
   65 | static inline void *kvmalloc_array(size_t n, size_t size, gfp_t flags)
      |                     ^~~~~~~~~~~~~~
In file included from /var/lib/dkms/amdgpu/5.6.5.24-1109583/build/include/kcl/kcl_mm.h:8,
                 from /var/lib/dkms/amdgpu/5.6.5.24-1109583/build/amd/amdkcl/kcl_memory.c:2:
./include/linux/mm.h:792:21: note: previous definition of ‘kvmalloc_array’ was here
  792 | static inline void *kvmalloc_array(size_t n, size_t size, gfp_t flags)
      |                     ^~~~~~~~~~~~~~
In file included from /var/lib/dkms/amdgpu/5.6.5.24-1109583/build/amd/amdkcl/kcl_memory.c:2:
/var/lib/dkms/amdgpu/5.6.5.24-1109583/build/include/kcl/kcl_mm.h:78:21: error: redefinition of ‘kvcalloc’
   78 | static inline void *kvcalloc(size_t n, size_t size, gfp_t flags)
      |                     ^~~~~~~~
In file included from /var/lib/dkms/amdgpu/5.6.5.24-1109583/build/include/kcl/kcl_mm.h:8,
                 from /var/lib/dkms/amdgpu/5.6.5.24-1109583/build/amd/amdkcl/kcl_memory.c:2:
./include/linux/mm.h:802:21: note: previous definition of ‘kvcalloc’ was here
  802 | static inline void *kvcalloc(size_t n, size_t size, gfp_t flags)
      |                     ^~~~~~~~
In file included from /var/lib/dkms/amdgpu/5.6.5.24-1109583/build/amd/amdkcl/kcl_memory.c:2:
/var/lib/dkms/amdgpu/5.6.5.24-1109583/build/include/kcl/kcl_mm.h:85:20: error: redefinition of ‘mmgrab’
   85 | static inline void mmgrab(struct mm_struct *mm)
      |                    ^~~~~~
In file included from /var/lib/dkms/amdgpu/5.6.5.24-1109583/build/include/kcl/header/kcl_sched_mm_h.h:6,
                 from /var/lib/dkms/amdgpu/5.6.5.24-1109583/build/include/kcl/kcl_mm.h:5,
                 from /var/lib/dkms/amdgpu/5.6.5.24-1109583/build/amd/amdkcl/kcl_memory.c:2:
./include/linux/sched/mm.h:34:20: note: previous definition of ‘mmgrab’ was here
   34 | static inline void mmgrab(struct mm_struct *mm)
      |                    ^~~~~~
In file included from /var/lib/dkms/amdgpu/5.6.5.24-1109583/build/amd/amdkcl/kcl_memory.c:2:
/var/lib/dkms/amdgpu/5.6.5.24-1109583/build/include/kcl/kcl_mm.h:96:28: error: redefinition of ‘memalloc_nofs_save’
   96 | static inline unsigned int memalloc_nofs_save(void)
      |                            ^~~~~~~~~~~~~~~~~~
In file included from /var/lib/dkms/amdgpu/5.6.5.24-1109583/build/include/kcl/header/kcl_sched_mm_h.h:6,
                 from /var/lib/dkms/amdgpu/5.6.5.24-1109583/build/include/kcl/kcl_mm.h:5,
                 from /var/lib/dkms/amdgpu/5.6.5.24-1109583/build/amd/amdkcl/kcl_memory.c:2:
./include/linux/sched/mm.h:242:28: note: previous definition of ‘memalloc_nofs_save’ was here
  242 | static inline unsigned int memalloc_nofs_save(void)
      |                            ^~~~~~~~~~~~~~~~~~
In file included from /var/lib/dkms/amdgpu/5.6.5.24-1109583/build/amd/amdkcl/kcl_memory.c:2:
/var/lib/dkms/amdgpu/5.6.5.24-1109583/build/include/kcl/kcl_mm.h:101:20: error: redefinition of ‘memalloc_nofs_restore’
  101 | static inline void memalloc_nofs_restore(unsigned int flags)
      |                    ^~~~~~~~~~~~~~~~~~~~~
In file included from /var/lib/dkms/amdgpu/5.6.5.24-1109583/build/include/kcl/header/kcl_sched_mm_h.h:6,
                 from /var/lib/dkms/amdgpu/5.6.5.24-1109583/build/include/kcl/kcl_mm.h:5,
                 from /var/lib/dkms/amdgpu/5.6.5.24-1109583/build/amd/amdkcl/kcl_memory.c:2:
./include/linux/sched/mm.h:257:20: note: previous definition of ‘memalloc_nofs_restore’ was here
  257 | static inline void memalloc_nofs_restore(unsigned int flags)
      |                    ^~~~~~~~~~~~~~~~~~~~~
In file included from /var/lib/dkms/amdgpu/5.6.5.24-1109583/build/amd/amdkcl/kcl_memory.c:2:
/var/lib/dkms/amdgpu/5.6.5.24-1109583/build/include/kcl/kcl_mm.h: In function ‘kcl_get_user_pages’:
/var/lib/dkms/amdgpu/5.6.5.24-1109583/build/include/kcl/kcl_mm.h:136:24: warning: passing argument 1 of ‘get_user_pages’ makes integer from pointer without a cast [-Wint-conversion]
  136 |  return get_user_pages(tsk, mm, start, nr_pages,
      |                        ^~~
      |                        |
      |                        struct task_struct *
In file included from /var/lib/dkms/amdgpu/5.6.5.24-1109583/build/include/kcl/kcl_mm.h:8,
                 from /var/lib/dkms/amdgpu/5.6.5.24-1109583/build/amd/amdkcl/kcl_memory.c:2:
./include/linux/mm.h:1769:35: note: expected ‘long unsigned int’ but argument is of type ‘struct task_struct *’
 1769 | long get_user_pages(unsigned long start, unsigned long nr_pages,
      |                     ~~~~~~~~~~~~~~^~~~~
In file included from /var/lib/dkms/amdgpu/5.6.5.24-1109583/build/amd/amdkcl/kcl_memory.c:2:
/var/lib/dkms/amdgpu/5.6.5.24-1109583/build/include/kcl/kcl_mm.h:136:29: warning: passing argument 2 of ‘get_user_pages’ makes integer from pointer without a cast [-Wint-conversion]
  136 |  return get_user_pages(tsk, mm, start, nr_pages,
      |                             ^~
      |                             |
      |                             struct mm_struct *
In file included from /var/lib/dkms/amdgpu/5.6.5.24-1109583/build/include/kcl/kcl_mm.h:8,
                 from /var/lib/dkms/amdgpu/5.6.5.24-1109583/build/amd/amdkcl/kcl_memory.c:2:
./include/linux/mm.h:1769:56: note: expected ‘long unsigned int’ but argument is of type ‘struct mm_struct *’
 1769 | long get_user_pages(unsigned long start, unsigned long nr_pages,
      |                                          ~~~~~~~~~~~~~~^~~~~~~~
In file included from /var/lib/dkms/amdgpu/5.6.5.24-1109583/build/amd/amdkcl/kcl_memory.c:2:
/var/lib/dkms/amdgpu/5.6.5.24-1109583/build/include/kcl/kcl_mm.h:136:40: warning: passing argument 4 of ‘get_user_pages’ makes pointer from integer without a cast [-Wint-conversion]
  136 |  return get_user_pages(tsk, mm, start, nr_pages,
      |                                        ^~~~~~~~
      |                                        |
      |                                        long unsigned int
In file included from /var/lib/dkms/amdgpu/5.6.5.24-1109583/build/include/kcl/kcl_mm.h:8,
                 from /var/lib/dkms/amdgpu/5.6.5.24-1109583/build/amd/amdkcl/kcl_memory.c:2:
./include/linux/mm.h:1770:46: note: expected ‘struct page **’ but argument is of type ‘long unsigned int’
 1770 |        unsigned int gup_flags, struct page **pages,
      |                                ~~~~~~~~~~~~~~^~~~~
In file included from /var/lib/dkms/amdgpu/5.6.5.24-1109583/build/amd/amdkcl/kcl_memory.c:2:
/var/lib/dkms/amdgpu/5.6.5.24-1109583/build/include/kcl/kcl_mm.h:137:4: warning: passing argument 5 of ‘get_user_pages’ makes pointer from integer without a cast [-Wint-conversion]
  137 |    write, force, pages, vmas);
      |    ^~~~~
      |    |
      |    int
In file included from /var/lib/dkms/amdgpu/5.6.5.24-1109583/build/include/kcl/kcl_mm.h:8,
                 from /var/lib/dkms/amdgpu/5.6.5.24-1109583/build/amd/amdkcl/kcl_memory.c:2:
./include/linux/mm.h:1771:32: note: expected ‘struct vm_area_struct **’ but argument is of type ‘int’
 1771 |        struct vm_area_struct **vmas);
      |        ~~~~~~~~~~~~~~~~~~~~~~~~^~~~
In file included from /var/lib/dkms/amdgpu/5.6.5.24-1109583/build/amd/amdkcl/kcl_memory.c:2:
/var/lib/dkms/amdgpu/5.6.5.24-1109583/build/include/kcl/kcl_mm.h:136:9: error: too many arguments to function ‘get_user_pages’
  136 |  return get_user_pages(tsk, mm, start, nr_pages,
      |         ^~~~~~~~~~~~~~
In file included from /var/lib/dkms/amdgpu/5.6.5.24-1109583/build/include/kcl/kcl_mm.h:8,
                 from /var/lib/dkms/amdgpu/5.6.5.24-1109583/build/amd/amdkcl/kcl_memory.c:2:
./include/linux/mm.h:1769:6: note: declared here
 1769 | long get_user_pages(unsigned long start, unsigned long nr_pages,
      |      ^~~~~~~~~~~~~~
In file included from /var/lib/dkms/amdgpu/5.6.5.24-1109583/build/amd/amdkcl/kcl_memory.c:2:
/var/lib/dkms/amdgpu/5.6.5.24-1109583/build/include/kcl/kcl_mm.h: At top level:
/var/lib/dkms/amdgpu/5.6.5.24-1109583/build/include/kcl/kcl_mm.h:142:29: error: redefinition of ‘zone_managed_pages’
  142 | static inline unsigned long zone_managed_pages(struct zone *zone)
      |                             ^~~~~~~~~~~~~~~~~~
In file included from ./include/linux/gfp.h:6,
                 from ./include/linux/sched/mm.h:9,
                 from /var/lib/dkms/amdgpu/5.6.5.24-1109583/build/include/kcl/header/kcl_sched_mm_h.h:6,
                 from /var/lib/dkms/amdgpu/5.6.5.24-1109583/build/include/kcl/kcl_mm.h:5,
                 from /var/lib/dkms/amdgpu/5.6.5.24-1109583/build/amd/amdkcl/kcl_memory.c:2:
./include/linux/mmzone.h:602:29: note: previous definition of ‘zone_managed_pages’ was here
  602 | static inline unsigned long zone_managed_pages(struct zone *zone)
      |                             ^~~~~~~~~~~~~~~~~~
In file included from /var/lib/dkms/amdgpu/5.6.5.24-1109583/build/amd/amdkcl/kcl_memory.c:2:
/var/lib/dkms/amdgpu/5.6.5.24-1109583/build/include/kcl/kcl_mm.h:155:26: error: conflicting types for ‘vmf_insert_mixed’
  155 | static inline vm_fault_t vmf_insert_mixed(struct vm_area_struct *vma,
      |                          ^~~~~~~~~~~~~~~~
In file included from /var/lib/dkms/amdgpu/5.6.5.24-1109583/build/include/kcl/kcl_mm.h:8,
                 from /var/lib/dkms/amdgpu/5.6.5.24-1109583/build/amd/amdkcl/kcl_memory.c:2:
./include/linux/mm.h:2780:12: note: previous declaration of ‘vmf_insert_mixed’ was here
 2780 | vm_fault_t vmf_insert_mixed(struct vm_area_struct *vma, unsigned long addr,
      |            ^~~~~~~~~~~~~~~~
In file included from /var/lib/dkms/amdgpu/5.6.5.24-1109583/build/amd/amdkcl/kcl_memory.c:2:
/var/lib/dkms/amdgpu/5.6.5.24-1109583/build/include/kcl/kcl_mm.h: In function ‘vmf_insert_mixed’:
/var/lib/dkms/amdgpu/5.6.5.24-1109583/build/include/kcl/kcl_mm.h:161:8: error: implicit declaration of function ‘vm_insert_mixed’; did you mean ‘vmf_insert_mixed’? [-Werror=implicit-function-declaration]
  161 |  err = vm_insert_mixed(vma, addr, pfn_t_to_pfn(pfn));
      |        ^~~~~~~~~~~~~~~
      |        vmf_insert_mixed
/var/lib/dkms/amdgpu/5.6.5.24-1109583/build/include/kcl/kcl_mm.h: At top level:
/var/lib/dkms/amdgpu/5.6.5.24-1109583/build/include/kcl/kcl_mm.h:173:26: error: conflicting types for ‘vmf_insert_pfn’
  173 | static inline vm_fault_t vmf_insert_pfn(struct vm_area_struct *vma,
      |                          ^~~~~~~~~~~~~~
In file included from /var/lib/dkms/amdgpu/5.6.5.24-1109583/build/include/kcl/kcl_mm.h:8,
                 from /var/lib/dkms/amdgpu/5.6.5.24-1109583/build/amd/amdkcl/kcl_memory.c:2:
./include/linux/mm.h:2776:12: note: previous declaration of ‘vmf_insert_pfn’ was here
 2776 | vm_fault_t vmf_insert_pfn(struct vm_area_struct *vma, unsigned long addr,
      |            ^~~~~~~~~~~~~~
In file included from /var/lib/dkms/amdgpu/5.6.5.24-1109583/build/amd/amdkcl/kcl_memory.c:2:
/var/lib/dkms/amdgpu/5.6.5.24-1109583/build/include/kcl/kcl_mm.h: In function ‘vmf_insert_pfn’:
/var/lib/dkms/amdgpu/5.6.5.24-1109583/build/include/kcl/kcl_mm.h:176:13: error: implicit declaration of function ‘vm_insert_pfn’; did you mean ‘vmf_insert_pfn’? [-Werror=implicit-function-declaration]
  176 |   int err = vm_insert_pfn(vma, addr, pfn);
      |             ^~~~~~~~~~~~~
      |             vmf_insert_pfn
/var/lib/dkms/amdgpu/5.6.5.24-1109583/build/include/kcl/kcl_mm.h: At top level:
/var/lib/dkms/amdgpu/5.6.5.24-1109583/build/include/kcl/kcl_mm.h:192:12: error: conflicting types for ‘vmf_insert_mixed_prot’
  192 | vm_fault_t vmf_insert_mixed_prot(struct vm_area_struct *vma, unsigned long addr,
      |            ^~~~~~~~~~~~~~~~~~~~~
In file included from /var/lib/dkms/amdgpu/5.6.5.24-1109583/build/include/kcl/kcl_mm.h:8,
                 from /var/lib/dkms/amdgpu/5.6.5.24-1109583/build/amd/amdkcl/kcl_memory.c:2:
./include/linux/mm.h:2782:12: note: previous declaration of ‘vmf_insert_mixed_prot’ was here
 2782 | vm_fault_t vmf_insert_mixed_prot(struct vm_area_struct *vma, unsigned long addr,
      |            ^~~~~~~~~~~~~~~~~~~~~
In file included from /var/lib/dkms/amdgpu/5.6.5.24-1109583/build/amd/amdkcl/kcl_memory.c:2:
/var/lib/dkms/amdgpu/5.6.5.24-1109583/build/include/kcl/kcl_mm.h:203:12: error: conflicting types for ‘vmf_insert_pfn_prot’
  203 | vm_fault_t vmf_insert_pfn_prot(struct vm_area_struct *vma, unsigned long addr,
      |            ^~~~~~~~~~~~~~~~~~~
In file included from /var/lib/dkms/amdgpu/5.6.5.24-1109583/build/include/kcl/kcl_mm.h:8,
                 from /var/lib/dkms/amdgpu/5.6.5.24-1109583/build/amd/amdkcl/kcl_memory.c:2:
./include/linux/mm.h:2778:12: note: previous declaration of ‘vmf_insert_pfn_prot’ was here
 2778 | vm_fault_t vmf_insert_pfn_prot(struct vm_area_struct *vma, unsigned long addr,
      |            ^~~~~~~~~~~~~~~~~~~
cc1: some warnings being treated as errors
make[2]: *** [scripts/Makefile.build:287: /var/lib/dkms/amdgpu/5.6.5.24-1109583/build/amd/amdkcl/kcl_memory.o] Error 1
  CC [M]  /var/lib/dkms/amdgpu/5.6.5.24-1109583/build/amd/amdgpu/atom.o
/var/lib/dkms/amdgpu/5.6.5.24-1109583/build/amd/amdgpu/amdgpu_drv.c: At top level:
/var/lib/dkms/amdgpu/5.6.5.24-1109583/build/amd/amdgpu/amdgpu_drv.c:1487:10: error: ‘drm_open’ undeclared here (not in a function)
 1487 |  .open = drm_open,
      |          ^~~~~~~~
In file included from /var/lib/dkms/amdgpu/5.6.5.24-1109583/build/include/kcl/backport/kcl_drm_backport.h:16,
                 from /var/lib/dkms/amdgpu/5.6.5.24-1109583/build/amd/backport/backport.h:12,
                 from <command-line>:
/var/lib/dkms/amdgpu/5.6.5.24-1109583/build/include/kcl/kcl_drm.h:156:1: error: static declaration of ‘drm_crtc_from_index’ follows non-static declaration
  156 | drm_crtc_from_index(struct drm_device *dev, int idx)
      | ^~~~~~~~~~~~~~~~~~~
In file included from /var/lib/dkms/amdgpu/5.6.5.24-1109583/build/include/kcl/backport/kcl_drm_backport.h:5,
                 from /var/lib/dkms/amdgpu/5.6.5.24-1109583/build/amd/backport/backport.h:12,
                 from <command-line>:
./include/drm/drm_crtc.h:1251:18: note: previous declaration of ‘drm_crtc_from_index’ was here
 1251 | struct drm_crtc *drm_crtc_from_index(struct drm_device *dev, int idx);
      |                  ^~~~~~~~~~~~~~~~~~~
/var/lib/dkms/amdgpu/5.6.5.24-1109583/build/amd/amdgpu/amdgpu_drv.c:1489:13: error: ‘drm_release’ undeclared here (not in a function); did you mean ‘seq_release’?
 1489 |  .release = drm_release,
      |             ^~~~~~~~~~~
      |             seq_release
/var/lib/dkms/amdgpu/5.6.5.24-1109583/build/amd/amdgpu/amdgpu_drv.c:1492:10: error: ‘drm_poll’ undeclared here (not in a function)
 1492 |  .poll = drm_poll,
      |          ^~~~~~~~
In file included from /var/lib/dkms/amdgpu/5.6.5.24-1109583/build/include/kcl/backport/kcl_drm_backport.h:16,
                 from /var/lib/dkms/amdgpu/5.6.5.24-1109583/build/amd/backport/backport.h:12,
                 from <command-line>:
/var/lib/dkms/amdgpu/5.6.5.24-1109583/build/include/kcl/kcl_drm.h:156:1: error: static declaration of ‘drm_crtc_from_index’ follows non-static declaration
  156 | drm_crtc_from_index(struct drm_device *dev, int idx)
      | ^~~~~~~~~~~~~~~~~~~
In file included from /var/lib/dkms/amdgpu/5.6.5.24-1109583/build/include/kcl/backport/kcl_drm_backport.h:16,
                 from /var/lib/dkms/amdgpu/5.6.5.24-1109583/build/amd/backport/backport.h:12,
                 from <command-line>:
/var/lib/dkms/amdgpu/5.6.5.24-1109583/build/include/kcl/kcl_drm.h:156:1: error: static declaration of ‘drm_crtc_from_index’ follows non-static declaration
  156 | drm_crtc_from_index(struct drm_device *dev, int idx)
      | ^~~~~~~~~~~~~~~~~~~
In file included from /var/lib/dkms/amdgpu/5.6.5.24-1109583/build/include/kcl/backport/kcl_drm_backport.h:5,
                 from /var/lib/dkms/amdgpu/5.6.5.24-1109583/build/amd/backport/backport.h:12,
                 from <command-line>:
./include/drm/drm_crtc.h:1251:18: note: previous declaration of ‘drm_crtc_from_index’ was here
 1251 | struct drm_crtc *drm_crtc_from_index(struct drm_device *dev, int idx);
      |                  ^~~~~~~~~~~~~~~~~~~
In file included from /var/lib/dkms/amdgpu/5.6.5.24-1109583/build/include/kcl/backport/kcl_drm_backport.h:5,
                 from /var/lib/dkms/amdgpu/5.6.5.24-1109583/build/amd/backport/backport.h:12,
                 from <command-line>:
./include/drm/drm_crtc.h:1251:18: note: previous declaration of ‘drm_crtc_from_index’ was here
 1251 | struct drm_crtc *drm_crtc_from_index(struct drm_device *dev, int idx);
      |                  ^~~~~~~~~~~~~~~~~~~
/var/lib/dkms/amdgpu/5.6.5.24-1109583/build/amd/amdgpu/amdgpu_drv.c:1493:10: error: ‘drm_read’ undeclared here (not in a function); did you mean ‘drm_rect’?
 1493 |  .read = drm_read,
      |          ^~~~~~~~
      |          drm_rect
/var/lib/dkms/amdgpu/5.6.5.24-1109583/build/amd/amdgpu/amdgpu_drv.c:1543:3: error: ‘struct drm_driver’ has no member named ‘get_vblank_counter’
 1543 |  .get_vblank_counter = kcl_amdgpu_get_vblank_counter_kms,
      |   ^~~~~~~~~~~~~~~~~~
/var/lib/dkms/amdgpu/5.6.5.24-1109583/build/amd/amdgpu/amdgpu_drv.c:1543:24: error: initialization of ‘void (*)(struct drm_device *)’ from incompatible pointer type ‘u32 (*)(struct drm_device *, unsigned int)’ {aka ‘unsigned int (*)(struct drm_device *, unsigned int)’} [-Werror=incompatible-pointer-types]
 1543 |  .get_vblank_counter = kcl_amdgpu_get_vblank_counter_kms,
      |                        ^~~~~~~~~~~~~~~~~~~~~~~~~~~~~~~~~
/var/lib/dkms/amdgpu/5.6.5.24-1109583/build/amd/amdgpu/amdgpu_drv.c:1543:24: note: (near initialization for ‘kms_driver.unload’)
/var/lib/dkms/amdgpu/5.6.5.24-1109583/build/amd/amdgpu/amdgpu_drv.c:1544:3: error: ‘struct drm_driver’ has no member named ‘enable_vblank’
 1544 |  .enable_vblank = kcl_amdgpu_enable_vblank_kms,
      |   ^~~~~~~~~~~~~
/var/lib/dkms/amdgpu/5.6.5.24-1109583/build/amd/amdgpu/amdgpu_drv.c:1544:19: error: initialization of ‘void (*)(struct drm_device *)’ from incompatible pointer type ‘int (*)(struct drm_device *, unsigned int)’ [-Werror=incompatible-pointer-types]
 1544 |  .enable_vblank = kcl_amdgpu_enable_vblank_kms,
      |                   ^~~~~~~~~~~~~~~~~~~~~~~~~~~~
/var/lib/dkms/amdgpu/5.6.5.24-1109583/build/amd/amdgpu/amdgpu_drv.c:1544:19: note: (near initialization for ‘kms_driver.release’)
/var/lib/dkms/amdgpu/5.6.5.24-1109583/build/amd/amdgpu/amdgpu_drv.c:1545:3: error: ‘struct drm_driver’ has no member named ‘disable_vblank’
 1545 |  .disable_vblank = kcl_amdgpu_disable_vblank_kms,
      |   ^~~~~~~~~~~~~~
/var/lib/dkms/amdgpu/5.6.5.24-1109583/build/amd/amdgpu/amdgpu_drv.c:1545:20: error: initialization of ‘irqreturn_t (*)(int,  void *)’ {aka ‘enum irqreturn (*)(int,  void *)’} from incompatible pointer type ‘void (*)(struct drm_device *, unsigned int)’ [-Werror=incompatible-pointer-types]
 1545 |  .disable_vblank = kcl_amdgpu_disable_vblank_kms,
      |                    ^~~~~~~~~~~~~~~~~~~~~~~~~~~~~
/var/lib/dkms/amdgpu/5.6.5.24-1109583/build/amd/amdgpu/amdgpu_drv.c:1545:20: note: (near initialization for ‘kms_driver.irq_handler’)
/var/lib/dkms/amdgpu/5.6.5.24-1109583/build/amd/amdgpu/amdgpu_drv.c:1546:3: error: ‘struct drm_driver’ has no member named ‘get_vblank_timestamp’
 1546 |  .get_vblank_timestamp = kcl_amdgpu_get_vblank_timestamp_kms,
      |   ^~~~~~~~~~~~~~~~~~~~
/var/lib/dkms/amdgpu/5.6.5.24-1109583/build/amd/amdgpu/amdgpu_drv.c:1546:26: error: initialization of ‘void (*)(struct drm_device *)’ from incompatible pointer type ‘bool (*)(struct drm_device *, unsigned int,  int *, ktime_t *, bool)’ {aka ‘_Bool (*)(struct drm_device *, unsigned int,  int *, long long int *, _Bool)’} [-Werror=incompatible-pointer-types]
 1546 |  .get_vblank_timestamp = kcl_amdgpu_get_vblank_timestamp_kms,
      |                          ^~~~~~~~~~~~~~~~~~~~~~~~~~~~~~~~~~~
/var/lib/dkms/amdgpu/5.6.5.24-1109583/build/amd/amdgpu/amdgpu_drv.c:1546:26: note: (near initialization for ‘kms_driver.irq_preinstall’)
/var/lib/dkms/amdgpu/5.6.5.24-1109583/build/amd/amdgpu/amdgpu_drv.c:1547:3: error: ‘struct drm_driver’ has no member named ‘get_scanout_position’
 1547 |  .get_scanout_position = kcl_amdgpu_get_crtc_scanout_position,
      |   ^~~~~~~~~~~~~~~~~~~~
/var/lib/dkms/amdgpu/5.6.5.24-1109583/build/amd/amdgpu/amdgpu_drv.c:1547:26: error: initialization of ‘int (*)(struct drm_device *)’ from incompatible pointer type ‘bool (*)(struct drm_device *, unsigned int,  bool,  int *, int *, ktime_t *, ktime_t *, const struct drm_display_mode *)’ {aka ‘_Bool (*)(struct drm_device *, unsigned int,  _Bool,  int *, int *, long long int *, long long int *, const struct drm_display_mode *)’} [-Werror=incompatible-pointer-types]
 1547 |  .get_scanout_position = kcl_amdgpu_get_crtc_scanout_position,
      |                          ^~~~~~~~~~~~~~~~~~~~~~~~~~~~~~~~~~~~
/var/lib/dkms/amdgpu/5.6.5.24-1109583/build/amd/amdgpu/amdgpu_drv.c:1547:26: note: (near initialization for ‘kms_driver.irq_postinstall’)
/var/lib/dkms/amdgpu/5.6.5.24-1109583/build/amd/amdgpu/amdgpu_drv.c:1559:3: error: ‘struct drm_driver’ has no member named ‘gem_free_object_unlocked’
 1559 |  .gem_free_object_unlocked = amdgpu_gem_object_free,
      |   ^~~~~~~~~~~~~~~~~~~~~~~~
/var/lib/dkms/amdgpu/5.6.5.24-1109583/build/amd/amdgpu/amdgpu_drv.c:1559:30: warning: initialization of ‘int’ from ‘void (*)(struct drm_gem_object *)’ makes integer from pointer without a cast [-Wint-conversion]
 1559 |  .gem_free_object_unlocked = amdgpu_gem_object_free,
      |                              ^~~~~~~~~~~~~~~~~~~~~~
/var/lib/dkms/amdgpu/5.6.5.24-1109583/build/amd/amdgpu/amdgpu_drv.c:1559:30: note: (near initialization for ‘kms_driver.num_ioctls’)
/var/lib/dkms/amdgpu/5.6.5.24-1109583/build/amd/amdgpu/amdgpu_drv.c:1559:30: error: initializer element is not computable at load time
/var/lib/dkms/amdgpu/5.6.5.24-1109583/build/amd/amdgpu/amdgpu_drv.c:1559:30: note: (near initialization for ‘kms_driver.num_ioctls’)
/var/lib/dkms/amdgpu/5.6.5.24-1109583/build/amd/amdgpu/amdgpu_drv.c:1561:3: error: ‘struct drm_driver’ has no member named ‘gem_open_object’; did you mean ‘gem_create_object’?
 1561 |  .gem_open_object = amdgpu_gem_object_open,
      |   ^~~~~~~~~~~~~~~
      |   gem_create_object
/var/lib/dkms/amdgpu/5.6.5.24-1109583/build/amd/amdgpu/amdgpu_drv.c:1561:21: error: initialization of ‘const struct file_operations *’ from incompatible pointer type ‘int (*)(struct drm_gem_object *, struct drm_file *)’ [-Werror=incompatible-pointer-types]
 1561 |  .gem_open_object = amdgpu_gem_object_open,
      |                     ^~~~~~~~~~~~~~~~~~~~~~
/var/lib/dkms/amdgpu/5.6.5.24-1109583/build/amd/amdgpu/amdgpu_drv.c:1561:21: note: (near initialization for ‘kms_driver.fops’)
/var/lib/dkms/amdgpu/5.6.5.24-1109583/build/amd/amdgpu/amdgpu_drv.c:1562:3: error: ‘struct drm_driver’ has no member named ‘gem_close_object’; did you mean ‘gem_create_object’?
 1562 |  .gem_close_object = amdgpu_gem_object_close,
      |   ^~~~~~~~~~~~~~~~
      |   gem_create_object
/var/lib/dkms/amdgpu/5.6.5.24-1109583/build/amd/amdgpu/amdgpu_drv.c:1562:22: warning: excess elements in struct initializer
 1562 |  .gem_close_object = amdgpu_gem_object_close,
      |                      ^~~~~~~~~~~~~~~~~~~~~~~
/var/lib/dkms/amdgpu/5.6.5.24-1109583/build/amd/amdgpu/amdgpu_drv.c:1562:22: note: (near initialization for ‘kms_driver’)
In file included from /var/lib/dkms/amdgpu/5.6.5.24-1109583/build/include/kcl/backport/kcl_drm_backport.h:16,
                 from /var/lib/dkms/amdgpu/5.6.5.24-1109583/build/amd/backport/backport.h:12,
                 from <command-line>:
/var/lib/dkms/amdgpu/5.6.5.24-1109583/build/include/kcl/kcl_drm.h: In function ‘drm_gem_object_put_unlocked’:
/var/lib/dkms/amdgpu/5.6.5.24-1109583/build/include/kcl/kcl_drm.h:208:9: error: implicit declaration of function ‘drm_gem_object_unreference_unlocked’; did you mean ‘drm_gem_object_put_unlocked’? [-Werror=implicit-function-declaration]
  208 |  return drm_gem_object_unreference_unlocked(obj);
      |         ^~~~~~~~~~~~~~~~~~~~~~~~~~~~~~~~~~~
      |         drm_gem_object_put_unlocked
/var/lib/dkms/amdgpu/5.6.5.24-1109583/build/include/kcl/kcl_drm.h:208:9: error: ‘return’ with a value, in function returning void [-Werror=return-type]
  208 |  return drm_gem_object_unreference_unlocked(obj);
      |         ^~~~~~~~~~~~~~~~~~~~~~~~~~~~~~~~~~~~~~~~
/var/lib/dkms/amdgpu/5.6.5.24-1109583/build/include/kcl/kcl_drm.h:206:1: note: declared here
  206 | drm_gem_object_put_unlocked(struct drm_gem_object *obj)
      | ^~~~~~~~~~~~~~~~~~~~~~~~~~~
/var/lib/dkms/amdgpu/5.6.5.24-1109583/build/include/kcl/kcl_drm.h: At top level:
/var/lib/dkms/amdgpu/5.6.5.24-1109583/build/include/kcl/kcl_drm.h:212:1: error: redefinition of ‘drm_gem_object_get’
  212 | drm_gem_object_get(struct drm_gem_object *obj)
      | ^~~~~~~~~~~~~~~~~~
In file included from /var/lib/dkms/amdgpu/5.6.5.24-1109583/build/include/kcl/backport/kcl_drm_backport.h:11,
                 from /var/lib/dkms/amdgpu/5.6.5.24-1109583/build/amd/backport/backport.h:12,
                 from <command-line>:
./include/drm/drm_gem.h:362:20: note: previous definition of ‘drm_gem_object_get’ was here
  362 | static inline void drm_gem_object_get(struct drm_gem_object *obj)
      |                    ^~~~~~~~~~~~~~~~~~
In file included from /var/lib/dkms/amdgpu/5.6.5.24-1109583/build/include/kcl/backport/kcl_drm_backport.h:16,
                 from /var/lib/dkms/amdgpu/5.6.5.24-1109583/build/amd/backport/backport.h:12,
                 from <command-line>:
/var/lib/dkms/amdgpu/5.6.5.24-1109583/build/include/kcl/kcl_drm.h:261:20: error: static declaration of ‘drm_dev_get’ follows non-static declaration
  261 | static inline void drm_dev_get(struct drm_device *dev)
      |                    ^~~~~~~~~~~
In file included from /var/lib/dkms/amdgpu/5.6.5.24-1109583/build/include/kcl/header/kcl_drm_drv_h.h:6,
                 from /var/lib/dkms/amdgpu/5.6.5.24-1109583/build/include/kcl/kcl_drm.h:24,
                 from /var/lib/dkms/amdgpu/5.6.5.24-1109583/build/include/kcl/backport/kcl_drm_backport.h:16,
                 from /var/lib/dkms/amdgpu/5.6.5.24-1109583/build/amd/backport/backport.h:12,
                 from <command-line>:
./include/drm/drm_drv.h:555:6: note: previous declaration of ‘drm_dev_get’ was here
  555 | void drm_dev_get(struct drm_device *dev);
      |      ^~~~~~~~~~~
In file included from /var/lib/dkms/amdgpu/5.6.5.24-1109583/build/include/kcl/backport/kcl_drm_backport.h:16,
                 from /var/lib/dkms/amdgpu/5.6.5.24-1109583/build/amd/backport/backport.h:12,
                 from <command-line>:
/var/lib/dkms/amdgpu/5.6.5.24-1109583/build/include/kcl/kcl_drm.h: In function ‘drm_dev_get’:
/var/lib/dkms/amdgpu/5.6.5.24-1109583/build/include/kcl/kcl_drm.h:263:2: error: implicit declaration of function ‘drm_dev_ref’; did you mean ‘drm_dev_get’? [-Werror=implicit-function-declaration]
  263 |  drm_dev_ref(dev);
      |  ^~~~~~~~~~~
      |  drm_dev_get
/var/lib/dkms/amdgpu/5.6.5.24-1109583/build/include/kcl/kcl_drm.h: At top level:
/var/lib/dkms/amdgpu/5.6.5.24-1109583/build/include/kcl/kcl_drm.h:266:20: error: static declaration of ‘drm_dev_put’ follows non-static declaration
  266 | static inline void drm_dev_put(struct drm_device *dev)
      |                    ^~~~~~~~~~~
In file included from /var/lib/dkms/amdgpu/5.6.5.24-1109583/build/include/kcl/header/kcl_drm_drv_h.h:6,
                 from /var/lib/dkms/amdgpu/5.6.5.24-1109583/build/include/kcl/kcl_drm.h:24,
                 from /var/lib/dkms/amdgpu/5.6.5.24-1109583/build/include/kcl/backport/kcl_drm_backport.h:16,
                 from /var/lib/dkms/amdgpu/5.6.5.24-1109583/build/amd/backport/backport.h:12,
                 from <command-line>:
./include/drm/drm_drv.h:556:6: note: previous declaration of ‘drm_dev_put’ was here
  556 | void drm_dev_put(struct drm_device *dev);
      |      ^~~~~~~~~~~
In file included from /var/lib/dkms/amdgpu/5.6.5.24-1109583/build/include/kcl/backport/kcl_drm_backport.h:16,
                 from /var/lib/dkms/amdgpu/5.6.5.24-1109583/build/amd/backport/backport.h:12,
                 from <command-line>:
/var/lib/dkms/amdgpu/5.6.5.24-1109583/build/include/kcl/kcl_drm.h: In function ‘drm_gem_object_put_unlocked’:
/var/lib/dkms/amdgpu/5.6.5.24-1109583/build/include/kcl/kcl_drm.h:208:9: error: implicit declaration of function ‘drm_gem_object_unreference_unlocked’; did you mean ‘drm_gem_object_put_unlocked’? [-Werror=implicit-function-declaration]
  208 |  return drm_gem_object_unreference_unlocked(obj);
      |         ^~~~~~~~~~~~~~~~~~~~~~~~~~~~~~~~~~~
      |         drm_gem_object_put_unlocked
/var/lib/dkms/amdgpu/5.6.5.24-1109583/build/include/kcl/kcl_drm.h:208:9: error: ‘return’ with a value, in function returning void [-Werror=return-type]
  208 |  return drm_gem_object_unreference_unlocked(obj);
      |         ^~~~~~~~~~~~~~~~~~~~~~~~~~~~~~~~~~~~~~~~
/var/lib/dkms/amdgpu/5.6.5.24-1109583/build/include/kcl/kcl_drm.h:206:1: note: declared here
  206 | drm_gem_object_put_unlocked(struct drm_gem_object *obj)
      | ^~~~~~~~~~~~~~~~~~~~~~~~~~~
/var/lib/dkms/amdgpu/5.6.5.24-1109583/build/include/kcl/kcl_drm.h: At top level:
/var/lib/dkms/amdgpu/5.6.5.24-1109583/build/include/kcl/kcl_drm.h:212:1: error: redefinition of ‘drm_gem_object_get’
  212 | drm_gem_object_get(struct drm_gem_object *obj)
      | ^~~~~~~~~~~~~~~~~~
In file included from /var/lib/dkms/amdgpu/5.6.5.24-1109583/build/include/kcl/backport/kcl_drm_backport.h:11,
                 from /var/lib/dkms/amdgpu/5.6.5.24-1109583/build/amd/backport/backport.h:12,
                 from <command-line>:
./include/drm/drm_gem.h:362:20: note: previous definition of ‘drm_gem_object_get’ was here
  362 | static inline void drm_gem_object_get(struct drm_gem_object *obj)
      |                    ^~~~~~~~~~~~~~~~~~
In file included from /var/lib/dkms/amdgpu/5.6.5.24-1109583/build/include/kcl/backport/kcl_drm_backport.h:16,
                 from /var/lib/dkms/amdgpu/5.6.5.24-1109583/build/amd/backport/backport.h:12,
                 from <command-line>:
/var/lib/dkms/amdgpu/5.6.5.24-1109583/build/include/kcl/kcl_drm.h:261:20: error: static declaration of ‘drm_dev_get’ follows non-static declaration
  261 | static inline void drm_dev_get(struct drm_device *dev)
      |                    ^~~~~~~~~~~
In file included from /var/lib/dkms/amdgpu/5.6.5.24-1109583/build/include/kcl/header/kcl_drm_drv_h.h:6,
                 from /var/lib/dkms/amdgpu/5.6.5.24-1109583/build/include/kcl/kcl_drm.h:24,
                 from /var/lib/dkms/amdgpu/5.6.5.24-1109583/build/include/kcl/backport/kcl_drm_backport.h:16,
                 from /var/lib/dkms/amdgpu/5.6.5.24-1109583/build/amd/backport/backport.h:12,
                 from <command-line>:
./include/drm/drm_drv.h:555:6: note: previous declaration of ‘drm_dev_get’ was here
  555 | void drm_dev_get(struct drm_device *dev);
      |      ^~~~~~~~~~~
In file included from /var/lib/dkms/amdgpu/5.6.5.24-1109583/build/include/kcl/backport/kcl_drm_backport.h:16,
                 from /var/lib/dkms/amdgpu/5.6.5.24-1109583/build/amd/backport/backport.h:12,
                 from <command-line>:
/var/lib/dkms/amdgpu/5.6.5.24-1109583/build/include/kcl/kcl_drm.h: In function ‘drm_gem_object_put_unlocked’:
/var/lib/dkms/amdgpu/5.6.5.24-1109583/build/include/kcl/kcl_drm.h:208:9: error: implicit declaration of function ‘drm_gem_object_unreference_unlocked’; did you mean ‘drm_gem_object_put_unlocked’? [-Werror=implicit-function-declaration]
  208 |  return drm_gem_object_unreference_unlocked(obj);
      |         ^~~~~~~~~~~~~~~~~~~~~~~~~~~~~~~~~~~
      |         drm_gem_object_put_unlocked
/var/lib/dkms/amdgpu/5.6.5.24-1109583/build/include/kcl/kcl_drm.h:208:9: error: ‘return’ with a value, in function returning void [-Werror=return-type]
  208 |  return drm_gem_object_unreference_unlocked(obj);
      |         ^~~~~~~~~~~~~~~~~~~~~~~~~~~~~~~~~~~~~~~~
/var/lib/dkms/amdgpu/5.6.5.24-1109583/build/include/kcl/kcl_drm.h:206:1: note: declared here
  206 | drm_gem_object_put_unlocked(struct drm_gem_object *obj)
      | ^~~~~~~~~~~~~~~~~~~~~~~~~~~
/var/lib/dkms/amdgpu/5.6.5.24-1109583/build/include/kcl/kcl_drm.h: At top level:
/var/lib/dkms/amdgpu/5.6.5.24-1109583/build/include/kcl/kcl_drm.h:212:1: error: redefinition of ‘drm_gem_object_get’
  212 | drm_gem_object_get(struct drm_gem_object *obj)
      | ^~~~~~~~~~~~~~~~~~
In file included from /var/lib/dkms/amdgpu/5.6.5.24-1109583/build/include/kcl/backport/kcl_drm_backport.h:11,
                 from /var/lib/dkms/amdgpu/5.6.5.24-1109583/build/amd/backport/backport.h:12,
                 from <command-line>:
./include/drm/drm_gem.h:362:20: note: previous definition of ‘drm_gem_object_get’ was here
  362 | static inline void drm_gem_object_get(struct drm_gem_object *obj)
      |                    ^~~~~~~~~~~~~~~~~~
In file included from /var/lib/dkms/amdgpu/5.6.5.24-1109583/build/include/kcl/backport/kcl_drm_backport.h:16,
                 from /var/lib/dkms/amdgpu/5.6.5.24-1109583/build/amd/backport/backport.h:12,
                 from <command-line>:
/var/lib/dkms/amdgpu/5.6.5.24-1109583/build/include/kcl/kcl_drm.h:261:20: error: static declaration of ‘drm_dev_get’ follows non-static declaration
  261 | static inline void drm_dev_get(struct drm_device *dev)
      |                    ^~~~~~~~~~~
In file included from /var/lib/dkms/amdgpu/5.6.5.24-1109583/build/include/kcl/header/kcl_drm_drv_h.h:6,
                 from /var/lib/dkms/amdgpu/5.6.5.24-1109583/build/include/kcl/kcl_drm.h:24,
                 from /var/lib/dkms/amdgpu/5.6.5.24-1109583/build/include/kcl/backport/kcl_drm_backport.h:16,
                 from /var/lib/dkms/amdgpu/5.6.5.24-1109583/build/amd/backport/backport.h:12,
                 from <command-line>:
./include/drm/drm_drv.h:555:6: note: previous declaration of ‘drm_dev_get’ was here
  555 | void drm_dev_get(struct drm_device *dev);
      |      ^~~~~~~~~~~
In file included from /var/lib/dkms/amdgpu/5.6.5.24-1109583/build/include/kcl/backport/kcl_drm_backport.h:16,
                 from /var/lib/dkms/amdgpu/5.6.5.24-1109583/build/amd/backport/backport.h:12,
                 from <command-line>:
/var/lib/dkms/amdgpu/5.6.5.24-1109583/build/include/kcl/kcl_drm.h: In function ‘drm_dev_put’:
/var/lib/dkms/amdgpu/5.6.5.24-1109583/build/include/kcl/kcl_drm.h:268:9: error: implicit declaration of function ‘drm_dev_unref’; did you mean ‘drm_dev_enter’? [-Werror=implicit-function-declaration]
  268 |  return drm_dev_unref(dev);
      |         ^~~~~~~~~~~~~
      |         drm_dev_enter
/var/lib/dkms/amdgpu/5.6.5.24-1109583/build/include/kcl/kcl_drm.h:268:9: error: ‘return’ with a value, in function returning void [-Werror=return-type]
  268 |  return drm_dev_unref(dev);
      |         ^~~~~~~~~~~~~~~~~~
/var/lib/dkms/amdgpu/5.6.5.24-1109583/build/include/kcl/kcl_drm.h:266:20: note: declared here
  266 | static inline void drm_dev_put(struct drm_device *dev)
      |                    ^~~~~~~~~~~
/var/lib/dkms/amdgpu/5.6.5.24-1109583/build/include/kcl/kcl_drm.h: At top level:
/var/lib/dkms/amdgpu/5.6.5.24-1109583/build/include/kcl/kcl_drm.h:282:34: error: redefinition of ‘drm_debug_printer’
  282 | static inline struct drm_printer drm_debug_printer(const char *prefix)
      |                                  ^~~~~~~~~~~~~~~~~
In file included from /var/lib/dkms/amdgpu/5.6.5.24-1109583/build/include/kcl/backport/kcl_drm_backport.h:16,
                 from /var/lib/dkms/amdgpu/5.6.5.24-1109583/build/amd/backport/backport.h:12,
                 from <command-line>:
/var/lib/dkms/amdgpu/5.6.5.24-1109583/build/include/kcl/kcl_drm.h: In function ‘drm_dev_get’:
/var/lib/dkms/amdgpu/5.6.5.24-1109583/build/include/kcl/kcl_drm.h:263:2: error: implicit declaration of function ‘drm_dev_ref’; did you mean ‘drm_dev_get’? [-Werror=implicit-function-declaration]
  263 |  drm_dev_ref(dev);
      |  ^~~~~~~~~~~
      |  drm_dev_get
In file included from ./include/drm/drm_mm.h:49,
                 from ./include/drm/drm_vma_manager.h:26,
                 from ./include/drm/drm_gem.h:40,
                 from /var/lib/dkms/amdgpu/5.6.5.24-1109583/build/include/kcl/backport/kcl_drm_backport.h:11,
                 from /var/lib/dkms/amdgpu/5.6.5.24-1109583/build/amd/backport/backport.h:12,
                 from <command-line>:
./include/drm/drm_print.h:227:34: note: previous definition of ‘drm_debug_printer’ was here
  227 | static inline struct drm_printer drm_debug_printer(const char *prefix)
      |                                  ^~~~~~~~~~~~~~~~~
/var/lib/dkms/amdgpu/5.6.5.24-1109583/build/include/kcl/kcl_drm.h: At top level:
/var/lib/dkms/amdgpu/5.6.5.24-1109583/build/include/kcl/kcl_drm.h:266:20: error: static declaration of ‘drm_dev_put’ follows non-static declaration
  266 | static inline void drm_dev_put(struct drm_device *dev)
      |                    ^~~~~~~~~~~
In file included from /var/lib/dkms/amdgpu/5.6.5.24-1109583/build/include/kcl/header/kcl_drm_drv_h.h:6,
                 from /var/lib/dkms/amdgpu/5.6.5.24-1109583/build/include/kcl/kcl_drm.h:24,
                 from /var/lib/dkms/amdgpu/5.6.5.24-1109583/build/include/kcl/backport/kcl_drm_backport.h:16,
                 from /var/lib/dkms/amdgpu/5.6.5.24-1109583/build/amd/backport/backport.h:12,
                 from <command-line>:
./include/drm/drm_drv.h:556:6: note: previous declaration of ‘drm_dev_put’ was here
  556 | void drm_dev_put(struct drm_device *dev);
      |      ^~~~~~~~~~~
In file included from /var/lib/dkms/amdgpu/5.6.5.24-1109583/build/include/kcl/backport/kcl_drm_backport.h:16,
                 from /var/lib/dkms/amdgpu/5.6.5.24-1109583/build/amd/backport/backport.h:12,
                 from <command-line>:
/var/lib/dkms/amdgpu/5.6.5.24-1109583/build/include/kcl/kcl_drm.h: In function ‘drm_dev_get’:
/var/lib/dkms/amdgpu/5.6.5.24-1109583/build/include/kcl/kcl_drm.h:263:2: error: implicit declaration of function ‘drm_dev_ref’; did you mean ‘drm_dev_get’? [-Werror=implicit-function-declaration]
  263 |  drm_dev_ref(dev);
      |  ^~~~~~~~~~~
      |  drm_dev_get
/var/lib/dkms/amdgpu/5.6.5.24-1109583/build/include/kcl/kcl_drm.h: At top level:
/var/lib/dkms/amdgpu/5.6.5.24-1109583/build/include/kcl/kcl_drm.h:266:20: error: static declaration of ‘drm_dev_put’ follows non-static declaration
  266 | static inline void drm_dev_put(struct drm_device *dev)
      |                    ^~~~~~~~~~~
In file included from /var/lib/dkms/amdgpu/5.6.5.24-1109583/build/include/kcl/header/kcl_drm_drv_h.h:6,
                 from /var/lib/dkms/amdgpu/5.6.5.24-1109583/build/include/kcl/kcl_drm.h:24,
                 from /var/lib/dkms/amdgpu/5.6.5.24-1109583/build/include/kcl/backport/kcl_drm_backport.h:16,
                 from /var/lib/dkms/amdgpu/5.6.5.24-1109583/build/amd/backport/backport.h:12,
                 from <command-line>:
./include/drm/drm_drv.h:556:6: note: previous declaration of ‘drm_dev_put’ was here
  556 | void drm_dev_put(struct drm_device *dev);
      |      ^~~~~~~~~~~
In file included from /var/lib/dkms/amdgpu/5.6.5.24-1109583/build/include/kcl/backport/kcl_drm_backport.h:16,
                 from /var/lib/dkms/amdgpu/5.6.5.24-1109583/build/amd/backport/backport.h:12,
                 from <command-line>:
/var/lib/dkms/amdgpu/5.6.5.24-1109583/build/include/kcl/kcl_drm.h: In function ‘drm_dev_put’:
/var/lib/dkms/amdgpu/5.6.5.24-1109583/build/include/kcl/kcl_drm.h:268:9: error: implicit declaration of function ‘drm_dev_unref’; did you mean ‘drm_dev_enter’? [-Werror=implicit-function-declaration]
  268 |  return drm_dev_unref(dev);
      |         ^~~~~~~~~~~~~
      |         drm_dev_enter
/var/lib/dkms/amdgpu/5.6.5.24-1109583/build/include/kcl/kcl_drm.h:268:9: error: ‘return’ with a value, in function returning void [-Werror=return-type]
  268 |  return drm_dev_unref(dev);
      |         ^~~~~~~~~~~~~~~~~~
/var/lib/dkms/amdgpu/5.6.5.24-1109583/build/include/kcl/kcl_drm.h:266:20: note: declared here
  266 | static inline void drm_dev_put(struct drm_device *dev)
      |                    ^~~~~~~~~~~
/var/lib/dkms/amdgpu/5.6.5.24-1109583/build/include/kcl/kcl_drm.h: At top level:
/var/lib/dkms/amdgpu/5.6.5.24-1109583/build/include/kcl/kcl_drm.h:282:34: error: redefinition of ‘drm_debug_printer’
  282 | static inline struct drm_printer drm_debug_printer(const char *prefix)
      |                                  ^~~~~~~~~~~~~~~~~
In file included from ./include/drm/drm_mm.h:49,
                 from ./include/drm/drm_vma_manager.h:26,
                 from ./include/drm/drm_gem.h:40,
                 from /var/lib/dkms/amdgpu/5.6.5.24-1109583/build/include/kcl/backport/kcl_drm_backport.h:11,
                 from /var/lib/dkms/amdgpu/5.6.5.24-1109583/build/amd/backport/backport.h:12,
                 from <command-line>:
./include/drm/drm_print.h:227:34: note: previous definition of ‘drm_debug_printer’ was here
  227 | static inline struct drm_printer drm_debug_printer(const char *prefix)
      |                                  ^~~~~~~~~~~~~~~~~
In file included from /var/lib/dkms/amdgpu/5.6.5.24-1109583/build/include/kcl/backport/kcl_drm_backport.h:16,
                 from /var/lib/dkms/amdgpu/5.6.5.24-1109583/build/amd/backport/backport.h:12,
                 from <command-line>:
/var/lib/dkms/amdgpu/5.6.5.24-1109583/build/include/kcl/kcl_drm.h: In function ‘drm_dev_put’:
/var/lib/dkms/amdgpu/5.6.5.24-1109583/build/include/kcl/kcl_drm.h:268:9: error: implicit declaration of function ‘drm_dev_unref’; did you mean ‘drm_dev_enter’? [-Werror=implicit-function-declaration]
  268 |  return drm_dev_unref(dev);
      |         ^~~~~~~~~~~~~
      |         drm_dev_enter
/var/lib/dkms/amdgpu/5.6.5.24-1109583/build/include/kcl/kcl_drm.h:268:9: error: ‘return’ with a value, in function returning void [-Werror=return-type]
  268 |  return drm_dev_unref(dev);
      |         ^~~~~~~~~~~~~~~~~~
/var/lib/dkms/amdgpu/5.6.5.24-1109583/build/include/kcl/kcl_drm.h:266:20: note: declared here
  266 | static inline void drm_dev_put(struct drm_device *dev)
      |                    ^~~~~~~~~~~
/var/lib/dkms/amdgpu/5.6.5.24-1109583/build/include/kcl/kcl_drm.h: At top level:
/var/lib/dkms/amdgpu/5.6.5.24-1109583/build/include/kcl/kcl_drm.h:282:34: error: redefinition of ‘drm_debug_printer’
  282 | static inline struct drm_printer drm_debug_printer(const char *prefix)
      |                                  ^~~~~~~~~~~~~~~~~
In file included from ./include/drm/drm_mm.h:49,
                 from ./include/drm/drm_vma_manager.h:26,
                 from ./include/drm/drm_gem.h:40,
                 from /var/lib/dkms/amdgpu/5.6.5.24-1109583/build/include/kcl/backport/kcl_drm_backport.h:11,
                 from /var/lib/dkms/amdgpu/5.6.5.24-1109583/build/amd/backport/backport.h:12,
                 from <command-line>:
./include/drm/drm_print.h:227:34: note: previous definition of ‘drm_debug_printer’ was here
  227 | static inline struct drm_printer drm_debug_printer(const char *prefix)
      |                                  ^~~~~~~~~~~~~~~~~
In file included from /var/lib/dkms/amdgpu/5.6.5.24-1109583/build/include/kcl/backport/kcl_fence_backport.h:4,
                 from /var/lib/dkms/amdgpu/5.6.5.24-1109583/build/amd/backport/backport.h:11,
                 from <command-line>:
/var/lib/dkms/amdgpu/5.6.5.24-1109583/build/include/kcl/kcl_fence.h:138:20: error: redefinition of ‘dma_fence_set_error’
  138 | static inline void dma_fence_set_error(struct dma_fence *fence,
      |                    ^~~~~~~~~~~~~~~~~~~
In file included from /var/lib/dkms/amdgpu/5.6.5.24-1109583/build/include/kcl/kcl_fence.h:11,
                 from /var/lib/dkms/amdgpu/5.6.5.24-1109583/build/include/kcl/backport/kcl_fence_backport.h:4,
                 from /var/lib/dkms/amdgpu/5.6.5.24-1109583/build/amd/backport/backport.h:11,
                 from <command-line>:
./include/linux/dma-fence.h:542:20: note: previous definition of ‘dma_fence_set_error’ was here
  542 | static inline void dma_fence_set_error(struct dma_fence *fence,
      |                    ^~~~~~~~~~~~~~~~~~~
In file included from /var/lib/dkms/amdgpu/5.6.5.24-1109583/build/include/kcl/backport/kcl_fence_backport.h:4,
                 from /var/lib/dkms/amdgpu/5.6.5.24-1109583/build/amd/backport/backport.h:11,
                 from <command-line>:
/var/lib/dkms/amdgpu/5.6.5.24-1109583/build/include/kcl/kcl_fence.h: In function ‘dma_fence_set_error’:
/var/lib/dkms/amdgpu/5.6.5.24-1109583/build/include/kcl/kcl_fence.h:144:7: error: ‘struct dma_fence’ has no member named ‘status’
  144 |  fence->status = error;
      |       ^~
/var/lib/dkms/amdgpu/5.6.5.24-1109583/build/include/kcl/kcl_fence.h: At top level:
/var/lib/dkms/amdgpu/5.6.5.24-1109583/build/include/kcl/kcl_fence.h:161:33: error: static declaration of ‘dma_fence_get_stub’ follows non-static declaration
  161 | static inline struct dma_fence *dma_fence_get_stub(void)
      |                                 ^~~~~~~~~~~~~~~~~~
In file included from /var/lib/dkms/amdgpu/5.6.5.24-1109583/build/include/kcl/kcl_fence.h:11,
                 from /var/lib/dkms/amdgpu/5.6.5.24-1109583/build/include/kcl/backport/kcl_fence_backport.h:4,
                 from /var/lib/dkms/amdgpu/5.6.5.24-1109583/build/amd/backport/backport.h:11,
                 from <command-line>:
./include/linux/dma-fence.h:586:19: note: previous declaration of ‘dma_fence_get_stub’ was here
  586 | struct dma_fence *dma_fence_get_stub(void);
      |                   ^~~~~~~~~~~~~~~~~~
In file included from /var/lib/dkms/amdgpu/5.6.5.24-1109583/build/include/kcl/backport/kcl_drm_backport.h:16,
                 from /var/lib/dkms/amdgpu/5.6.5.24-1109583/build/amd/backport/backport.h:12,
                 from <command-line>:
/var/lib/dkms/amdgpu/5.6.5.24-1109583/build/include/kcl/kcl_drm.h:156:1: error: static declaration of ‘drm_crtc_from_index’ follows non-static declaration
  156 | drm_crtc_from_index(struct drm_device *dev, int idx)
      | ^~~~~~~~~~~~~~~~~~~
In file included from /var/lib/dkms/amdgpu/5.6.5.24-1109583/build/include/kcl/backport/kcl_drm_backport.h:5,
                 from /var/lib/dkms/amdgpu/5.6.5.24-1109583/build/amd/backport/backport.h:12,
                 from <command-line>:
./include/drm/drm_crtc.h:1251:18: note: previous declaration of ‘drm_crtc_from_index’ was here
 1251 | struct drm_crtc *drm_crtc_from_index(struct drm_device *dev, int idx);
      |                  ^~~~~~~~~~~~~~~~~~~
In file included from /var/lib/dkms/amdgpu/5.6.5.24-1109583/build/include/kcl/backport/kcl_drm_backport.h:16,
                 from /var/lib/dkms/amdgpu/5.6.5.24-1109583/build/amd/backport/backport.h:12,
                 from <command-line>:
/var/lib/dkms/amdgpu/5.6.5.24-1109583/build/include/kcl/kcl_drm.h: In function ‘drm_crtc_accurate_vblank_count’:
/var/lib/dkms/amdgpu/5.6.5.24-1109583/build/include/kcl/kcl_drm.h:357:9: error: implicit declaration of function ‘drm_accurate_vblank_count’; did you mean ‘drm_crtc_accurate_vblank_count’? [-Werror=implicit-function-declaration]
  357 |  return drm_accurate_vblank_count(crtc);
      |         ^~~~~~~~~~~~~~~~~~~~~~~~~
      |         drm_crtc_accurate_vblank_count
In file included from /var/lib/dkms/amdgpu/5.6.5.24-1109583/build/amd/backport/backport.h:12,
                 from <command-line>:
/var/lib/dkms/amdgpu/5.6.5.24-1109583/build/include/kcl/backport/kcl_drm_backport.h: In function ‘_kcl_drm_crtc_init_with_planes’:
/var/lib/dkms/amdgpu/5.6.5.24-1109583/build/include/kcl/backport/kcl_drm_backport.h:65:9: error: too few arguments to function ‘drm_crtc_init_with_planes’
   65 |  return drm_crtc_init_with_planes(dev, crtc, primary, cursor, funcs);
      |         ^~~~~~~~~~~~~~~~~~~~~~~~~
In file included from /var/lib/dkms/amdgpu/5.6.5.24-1109583/build/include/kcl/backport/kcl_drm_backport.h:5,
                 from /var/lib/dkms/amdgpu/5.6.5.24-1109583/build/amd/backport/backport.h:12,
                 from <command-line>:
./include/drm/drm_crtc.h:1218:5: note: declared here
 1218 | int drm_crtc_init_with_planes(struct drm_device *dev,
      |     ^~~~~~~~~~~~~~~~~~~~~~~~~
In file included from /var/lib/dkms/amdgpu/5.6.5.24-1109583/build/amd/backport/backport.h:12,
                 from <command-line>:
/var/lib/dkms/amdgpu/5.6.5.24-1109583/build/include/kcl/backport/kcl_drm_backport.h: In function ‘_kcl_drm_universal_plane_init’:
/var/lib/dkms/amdgpu/5.6.5.24-1109583/build/include/kcl/backport/kcl_drm_backport.h:84:28: error: incompatible type for argument 7 of ‘drm_universal_plane_init’
   84 |     formats, format_count, type);
      |                            ^~~~
      |                            |
      |                            enum drm_plane_type
In file included from ./include/drm/drm_crtc.h:45,
                 from /var/lib/dkms/amdgpu/5.6.5.24-1109583/build/include/kcl/backport/kcl_drm_backport.h:5,
                 from /var/lib/dkms/amdgpu/5.6.5.24-1109583/build/amd/backport/backport.h:12,
                 from <command-line>:
./include/drm/drm_plane.h:756:25: note: expected ‘const uint64_t *’ {aka ‘const long long unsigned int *’} but argument is of type ‘enum drm_plane_type’
  756 |         const uint64_t *format_modifiers,
      |         ~~~~~~~~~~~~~~~~^~~~~~~~~~~~~~~~
In file included from /var/lib/dkms/amdgpu/5.6.5.24-1109583/build/amd/backport/backport.h:12,
                 from <command-line>:
/var/lib/dkms/amdgpu/5.6.5.24-1109583/build/include/kcl/backport/kcl_drm_backport.h:83:9: error: too few arguments to function ‘drm_universal_plane_init’
   83 |  return drm_universal_plane_init(dev, plane, possible_crtcs, funcs,
      |         ^~~~~~~~~~~~~~~~~~~~~~~~
In file included from ./include/drm/drm_crtc.h:45,
                 from /var/lib/dkms/amdgpu/5.6.5.24-1109583/build/include/kcl/backport/kcl_drm_backport.h:5,
                 from /var/lib/dkms/amdgpu/5.6.5.24-1109583/build/amd/backport/backport.h:12,
                 from <command-line>:
./include/drm/drm_plane.h:750:5: note: declared here
  750 | int drm_universal_plane_init(struct drm_device *dev,
      |     ^~~~~~~~~~~~~~~~~~~~~~~~
In file included from /var/lib/dkms/amdgpu/5.6.5.24-1109583/build/amd/backport/backport.h:12,
                 from <command-line>:
/var/lib/dkms/amdgpu/5.6.5.24-1109583/build/include/kcl/backport/kcl_drm_backport.h: At top level:
/var/lib/dkms/amdgpu/5.6.5.24-1109583/build/include/kcl/backport/kcl_drm_backport.h:95:8: error: redefinition of ‘struct drm_format_name_buf’
   95 | struct drm_format_name_buf {
      |        ^~~~~~~~~~~~~~~~~~~
In file included from /var/lib/dkms/amdgpu/5.6.5.24-1109583/build/include/kcl/kcl_drm.h:15,
                 from /var/lib/dkms/amdgpu/5.6.5.24-1109583/build/include/kcl/backport/kcl_drm_backport.h:16,
                 from /var/lib/dkms/amdgpu/5.6.5.24-1109583/build/amd/backport/backport.h:12,
                 from <command-line>:
./include/drm/drm_fourcc.h:142:8: note: originally defined here
  142 | struct drm_format_name_buf {
      |        ^~~~~~~~~~~~~~~~~~~
In file included from /var/lib/dkms/amdgpu/5.6.5.24-1109583/build/amd/backport/backport.h:12,
                 from <command-line>:
/var/lib/dkms/amdgpu/5.6.5.24-1109583/build/include/kcl/backport/kcl_drm_backport.h: In function ‘_kcl_drm_gem_object_lookup’:
/var/lib/dkms/amdgpu/5.6.5.24-1109583/build/include/kcl/backport/kcl_drm_backport.h:161:35: error: dereferencing pointer to incomplete type ‘struct drm_file’
  161 |  return drm_gem_object_lookup(filp->minor->dev, filp, handle);
      |                                   ^~
/var/lib/dkms/amdgpu/5.6.5.24-1109583/build/include/kcl/backport/kcl_drm_backport.h:161:49: warning: passing argument 2 of ‘drm_gem_object_lookup’ makes integer from pointer without a cast [-Wint-conversion]
  161 |  return drm_gem_object_lookup(filp->minor->dev, filp, handle);
      |                                                 ^~~~
      |                                                 |
      |                                                 struct drm_file *
In file included from /var/lib/dkms/amdgpu/5.6.5.24-1109583/build/include/kcl/backport/kcl_drm_backport.h:11,
                 from /var/lib/dkms/amdgpu/5.6.5.24-1109583/build/amd/backport/backport.h:12,
                 from <command-line>:
./include/drm/drm_gem.h:405:24: note: expected ‘u32’ {aka ‘unsigned int’} but argument is of type ‘struct drm_file *’
  405 | struct drm_gem_object *drm_gem_object_lookup(struct drm_file *filp, u32 handle);
      |                        ^~~~~~~~~~~~~~~~~~~~~
In file included from /var/lib/dkms/amdgpu/5.6.5.24-1109583/build/amd/backport/backport.h:12,
                 from <command-line>:
/var/lib/dkms/amdgpu/5.6.5.24-1109583/build/include/kcl/backport/kcl_drm_backport.h:161:9: error: too many arguments to function ‘drm_gem_object_lookup’
  161 |  return drm_gem_object_lookup(filp->minor->dev, filp, handle);
      |         ^~~~~~~~~~~~~~~~~~~~~
In file included from /var/lib/dkms/amdgpu/5.6.5.24-1109583/build/include/kcl/backport/kcl_drm_backport.h:11,
                 from /var/lib/dkms/amdgpu/5.6.5.24-1109583/build/amd/backport/backport.h:12,
                 from <command-line>:
./include/drm/drm_gem.h:405:24: note: declared here
  405 | struct drm_gem_object *drm_gem_object_lookup(struct drm_file *filp, u32 handle);
      |                        ^~~~~~~~~~~~~~~~~~~~~
In file included from /var/lib/dkms/amdgpu/5.6.5.24-1109583/build/amd/backport/backport.h:14,
                 from <command-line>:
/var/lib/dkms/amdgpu/5.6.5.24-1109583/build/include/kcl/kcl_drm_print.h: At top level:
/var/lib/dkms/amdgpu/5.6.5.24-1109583/build/include/kcl/kcl_drm_print.h:9:21: error: redefinition of ‘drm_debug_enabled’
    9 | static  inline bool drm_debug_enabled(unsigned int category)
      |                     ^~~~~~~~~~~~~~~~~
In file included from ./include/drm/drm_mm.h:49,
                 from ./include/drm/drm_vma_manager.h:26,
                 from ./include/drm/drm_gem.h:40,
                 from /var/lib/dkms/amdgpu/5.6.5.24-1109583/build/include/kcl/backport/kcl_drm_backport.h:11,
                 from /var/lib/dkms/amdgpu/5.6.5.24-1109583/build/amd/backport/backport.h:12,
                 from <command-line>:
./include/drm/drm_print.h:322:20: note: previous definition of ‘drm_debug_enabled’ was here
  322 | static inline bool drm_debug_enabled(enum drm_debug_category category)
      |                    ^~~~~~~~~~~~~~~~~
In file included from /var/lib/dkms/amdgpu/5.6.5.24-1109583/build/include/kcl/backport/kcl_drm_backport.h:16,
                 from /var/lib/dkms/amdgpu/5.6.5.24-1109583/build/amd/backport/backport.h:12,
                 from <command-line>:
/var/lib/dkms/amdgpu/5.6.5.24-1109583/build/include/kcl/kcl_drm.h: In function ‘drm_crtc_accurate_vblank_count’:
/var/lib/dkms/amdgpu/5.6.5.24-1109583/build/include/kcl/kcl_drm.h:357:9: error: implicit declaration of function ‘drm_accurate_vblank_count’; did you mean ‘drm_crtc_accurate_vblank_count’? [-Werror=implicit-function-declaration]
  357 |  return drm_accurate_vblank_count(crtc);
      |         ^~~~~~~~~~~~~~~~~~~~~~~~~
      |         drm_crtc_accurate_vblank_count
In file included from /var/lib/dkms/amdgpu/5.6.5.24-1109583/build/amd/backport/backport.h:12,
                 from <command-line>:
/var/lib/dkms/amdgpu/5.6.5.24-1109583/build/include/kcl/backport/kcl_drm_backport.h: In function ‘_kcl_drm_crtc_init_with_planes’:
/var/lib/dkms/amdgpu/5.6.5.24-1109583/build/include/kcl/backport/kcl_drm_backport.h:65:9: error: too few arguments to function ‘drm_crtc_init_with_planes’
   65 |  return drm_crtc_init_with_planes(dev, crtc, primary, cursor, funcs);
      |         ^~~~~~~~~~~~~~~~~~~~~~~~~
In file included from /var/lib/dkms/amdgpu/5.6.5.24-1109583/build/include/kcl/backport/kcl_drm_backport.h:5,
                 from /var/lib/dkms/amdgpu/5.6.5.24-1109583/build/amd/backport/backport.h:12,
                 from <command-line>:
./include/drm/drm_crtc.h:1218:5: note: declared here
 1218 | int drm_crtc_init_with_planes(struct drm_device *dev,
      |     ^~~~~~~~~~~~~~~~~~~~~~~~~
In file included from /var/lib/dkms/amdgpu/5.6.5.24-1109583/build/amd/backport/backport.h:12,
                 from <command-line>:
/var/lib/dkms/amdgpu/5.6.5.24-1109583/build/include/kcl/backport/kcl_drm_backport.h: In function ‘_kcl_drm_universal_plane_init’:
/var/lib/dkms/amdgpu/5.6.5.24-1109583/build/include/kcl/backport/kcl_drm_backport.h:84:28: error: incompatible type for argument 7 of ‘drm_universal_plane_init’
   84 |     formats, format_count, type);
      |                            ^~~~
      |                            |
      |                            enum drm_plane_type
In file included from ./include/drm/drm_crtc.h:45,
                 from /var/lib/dkms/amdgpu/5.6.5.24-1109583/build/include/kcl/backport/kcl_drm_backport.h:5,
                 from /var/lib/dkms/amdgpu/5.6.5.24-1109583/build/amd/backport/backport.h:12,
                 from <command-line>:
./include/drm/drm_plane.h:756:25: note: expected ‘const uint64_t *’ {aka ‘const long long unsigned int *’} but argument is of type ‘enum drm_plane_type’
  756 |         const uint64_t *format_modifiers,
      |         ~~~~~~~~~~~~~~~~^~~~~~~~~~~~~~~~
In file included from /var/lib/dkms/amdgpu/5.6.5.24-1109583/build/amd/backport/backport.h:12,
                 from <command-line>:
/var/lib/dkms/amdgpu/5.6.5.24-1109583/build/include/kcl/backport/kcl_drm_backport.h:83:9: error: too few arguments to function ‘drm_universal_plane_init’
   83 |  return drm_universal_plane_init(dev, plane, possible_crtcs, funcs,
      |         ^~~~~~~~~~~~~~~~~~~~~~~~
In file included from ./include/drm/drm_crtc.h:45,
                 from /var/lib/dkms/amdgpu/5.6.5.24-1109583/build/include/kcl/backport/kcl_drm_backport.h:5,
                 from /var/lib/dkms/amdgpu/5.6.5.24-1109583/build/amd/backport/backport.h:12,
                 from <command-line>:
./include/drm/drm_plane.h:750:5: note: declared here
  750 | int drm_universal_plane_init(struct drm_device *dev,
      |     ^~~~~~~~~~~~~~~~~~~~~~~~
In file included from /var/lib/dkms/amdgpu/5.6.5.24-1109583/build/amd/backport/backport.h:12,
                 from <command-line>:
/var/lib/dkms/amdgpu/5.6.5.24-1109583/build/include/kcl/backport/kcl_drm_backport.h: At top level:
/var/lib/dkms/amdgpu/5.6.5.24-1109583/build/include/kcl/backport/kcl_drm_backport.h:95:8: error: redefinition of ‘struct drm_format_name_buf’
   95 | struct drm_format_name_buf {
      |        ^~~~~~~~~~~~~~~~~~~
In file included from /var/lib/dkms/amdgpu/5.6.5.24-1109583/build/include/kcl/kcl_drm.h:15,
                 from /var/lib/dkms/amdgpu/5.6.5.24-1109583/build/include/kcl/backport/kcl_drm_backport.h:16,
                 from /var/lib/dkms/amdgpu/5.6.5.24-1109583/build/amd/backport/backport.h:12,
                 from <command-line>:
./include/drm/drm_fourcc.h:142:8: note: originally defined here
  142 | struct drm_format_name_buf {
      |        ^~~~~~~~~~~~~~~~~~~
In file included from ./include/linux/rcupdate.h:24,
                 from /var/lib/dkms/amdgpu/5.6.5.24-1109583/build/include/kcl/kcl_rcupdate.h:5,
                 from /var/lib/dkms/amdgpu/5.6.5.24-1109583/build/include/kcl/kcl_fence.h:6,
                 from /var/lib/dkms/amdgpu/5.6.5.24-1109583/build/include/kcl/backport/kcl_fence_backport.h:4,
                 from /var/lib/dkms/amdgpu/5.6.5.24-1109583/build/amd/backport/backport.h:11,
                 from <command-line>:
/var/lib/dkms/amdgpu/5.6.5.24-1109583/build/include/kcl/kcl_drm_print.h: In function ‘drm_debug_enabled’:
/var/lib/dkms/amdgpu/5.6.5.24-1109583/build/include/kcl/kcl_drm_print.h:11:18: error: ‘drm_debug’ undeclared (first use in this function); did you mean ‘pr_debug’?
   11 |  return unlikely(drm_debug & category);
      |                  ^~~~~~~~~
./include/linux/compiler.h:78:42: note: in definition of macro ‘unlikely’
   78 | # define unlikely(x) __builtin_expect(!!(x), 0)
      |                                          ^
/var/lib/dkms/amdgpu/5.6.5.24-1109583/build/include/kcl/kcl_drm_print.h:11:18: note: each undeclared identifier is reported only once for each function it appears in
   11 |  return unlikely(drm_debug & category);
      |                  ^~~~~~~~~
./include/linux/compiler.h:78:42: note: in definition of macro ‘unlikely’
   78 | # define unlikely(x) __builtin_expect(!!(x), 0)
      |                                          ^
In file included from /var/lib/dkms/amdgpu/5.6.5.24-1109583/build/amd/backport/backport.h:15,
                 from <command-line>:
/var/lib/dkms/amdgpu/5.6.5.24-1109583/build/include/kcl/kcl_fs.h: At top level:
/var/lib/dkms/amdgpu/5.6.5.24-1109583/build/include/kcl/kcl_fs.h:12:20: error: static declaration of ‘compat_ptr_ioctl’ follows non-static declaration
   12 | static inline long compat_ptr_ioctl(struct file *file, unsigned int cmd,
      |                    ^~~~~~~~~~~~~~~~
In file included from /var/lib/dkms/amdgpu/5.6.5.24-1109583/build/amd/backport/backport.h:12,
                 from <command-line>:
/var/lib/dkms/amdgpu/5.6.5.24-1109583/build/include/kcl/backport/kcl_drm_backport.h: In function ‘_kcl_drm_gem_object_lookup’:
/var/lib/dkms/amdgpu/5.6.5.24-1109583/build/include/kcl/backport/kcl_drm_backport.h:161:35: error: dereferencing pointer to incomplete type ‘struct drm_file’
  161 |  return drm_gem_object_lookup(filp->minor->dev, filp, handle);
      |                                   ^~
/var/lib/dkms/amdgpu/5.6.5.24-1109583/build/include/kcl/backport/kcl_drm_backport.h:161:49: warning: passing argument 2 of ‘drm_gem_object_lookup’ makes integer from pointer without a cast [-Wint-conversion]
  161 |  return drm_gem_object_lookup(filp->minor->dev, filp, handle);
      |                                                 ^~~~
      |                                                 |
      |                                                 struct drm_file *
In file included from /var/lib/dkms/amdgpu/5.6.5.24-1109583/build/include/kcl/backport/kcl_drm_backport.h:11,
                 from /var/lib/dkms/amdgpu/5.6.5.24-1109583/build/amd/backport/backport.h:12,
                 from <command-line>:
./include/drm/drm_gem.h:405:24: note: expected ‘u32’ {aka ‘unsigned int’} but argument is of type ‘struct drm_file *’
  405 | struct drm_gem_object *drm_gem_object_lookup(struct drm_file *filp, u32 handle);
      |                        ^~~~~~~~~~~~~~~~~~~~~
In file included from /var/lib/dkms/amdgpu/5.6.5.24-1109583/build/amd/backport/backport.h:12,
                 from <command-line>:
/var/lib/dkms/amdgpu/5.6.5.24-1109583/build/include/kcl/backport/kcl_drm_backport.h:161:9: error: too many arguments to function ‘drm_gem_object_lookup’
  161 |  return drm_gem_object_lookup(filp->minor->dev, filp, handle);
      |         ^~~~~~~~~~~~~~~~~~~~~
In file included from /var/lib/dkms/amdgpu/5.6.5.24-1109583/build/include/kcl/backport/kcl_drm_backport.h:11,
                 from /var/lib/dkms/amdgpu/5.6.5.24-1109583/build/amd/backport/backport.h:12,
                 from <command-line>:
./include/drm/drm_gem.h:405:24: note: declared here
  405 | struct drm_gem_object *drm_gem_object_lookup(struct drm_file *filp, u32 handle);
      |                        ^~~~~~~~~~~~~~~~~~~~~
In file included from ./include/linux/huge_mm.h:8,
                 from ./include/linux/mm.h:703,
                 from ./include/linux/kallsyms.h:12,
                 from ./include/linux/ftrace.h:12,
                 from ./include/linux/kprobes.h:29,
                 from ./include/linux/kgdb.h:19,
                 from ./include/linux/fb.h:5,
                 from ./include/drm/drm_crtc.h:31,
                 from /var/lib/dkms/amdgpu/5.6.5.24-1109583/build/include/kcl/backport/kcl_drm_backport.h:5,
                 from /var/lib/dkms/amdgpu/5.6.5.24-1109583/build/amd/backport/backport.h:12,
                 from <command-line>:
./include/linux/fs.h:1753:13: note: previous declaration of ‘compat_ptr_ioctl’ was here
 1753 | extern long compat_ptr_ioctl(struct file *file, unsigned int cmd,
      |             ^~~~~~~~~~~~~~~~
In file included from /var/lib/dkms/amdgpu/5.6.5.24-1109583/build/amd/backport/backport.h:14,
                 from <command-line>:
/var/lib/dkms/amdgpu/5.6.5.24-1109583/build/include/kcl/kcl_drm_print.h: At top level:
/var/lib/dkms/amdgpu/5.6.5.24-1109583/build/include/kcl/kcl_drm_print.h:9:21: error: redefinition of ‘drm_debug_enabled’
    9 | static  inline bool drm_debug_enabled(unsigned int category)
      |                     ^~~~~~~~~~~~~~~~~
In file included from ./include/drm/drm_mm.h:49,
                 from ./include/drm/drm_vma_manager.h:26,
                 from ./include/drm/drm_gem.h:40,
                 from /var/lib/dkms/amdgpu/5.6.5.24-1109583/build/include/kcl/backport/kcl_drm_backport.h:11,
                 from /var/lib/dkms/amdgpu/5.6.5.24-1109583/build/amd/backport/backport.h:12,
                 from <command-line>:
./include/drm/drm_print.h:322:20: note: previous definition of ‘drm_debug_enabled’ was here
  322 | static inline bool drm_debug_enabled(enum drm_debug_category category)
      |                    ^~~~~~~~~~~~~~~~~
In file included from /var/lib/dkms/amdgpu/5.6.5.24-1109583/build/include/kcl/kcl_mm.h:15,
                 from /var/lib/dkms/amdgpu/5.6.5.24-1109583/build/include/kcl/backport/kcl_mm_backport.h:4,
                 from /var/lib/dkms/amdgpu/5.6.5.24-1109583/build/amd/backport/backport.h:16,
                 from <command-line>:
/var/lib/dkms/amdgpu/5.6.5.24-1109583/build/include/kcl/kcl_mm_types.h:11:3: error: conflicting types for ‘pfn_t’
   11 | } pfn_t;
      |   ^~~~~
In file included from ./include/asm-generic/memory_model.h:5,
                 from ./arch/x86/include/asm/page.h:76,
                 from ./arch/x86/include/asm/thread_info.h:12,
                 from ./include/linux/thread_info.h:59,
                 from ./arch/x86/include/asm/preempt.h:7,
                 from ./include/linux/preempt.h:78,
                 from ./include/linux/rcupdate.h:27,
                 from /var/lib/dkms/amdgpu/5.6.5.24-1109583/build/include/kcl/kcl_rcupdate.h:5,
                 from /var/lib/dkms/amdgpu/5.6.5.24-1109583/build/include/kcl/kcl_fence.h:6,
                 from /var/lib/dkms/amdgpu/5.6.5.24-1109583/build/include/kcl/backport/kcl_fence_backport.h:4,
                 from /var/lib/dkms/amdgpu/5.6.5.24-1109583/build/amd/backport/backport.h:11,
                 from <command-line>:
./include/linux/pfn.h:15:3: note: previous declaration of ‘pfn_t’ was here
   15 | } pfn_t;
      |   ^~~~~
In file included from /var/lib/dkms/amdgpu/5.6.5.24-1109583/build/include/kcl/kcl_mm.h:15,
                 from /var/lib/dkms/amdgpu/5.6.5.24-1109583/build/include/kcl/backport/kcl_mm_backport.h:4,
                 from /var/lib/dkms/amdgpu/5.6.5.24-1109583/build/amd/backport/backport.h:16,
                 from <command-line>:
/var/lib/dkms/amdgpu/5.6.5.24-1109583/build/include/kcl/kcl_mm_types.h:34:13: error: conflicting types for ‘vm_fault_t’
   34 | typedef int vm_fault_t;
      |             ^~~~~~~~~~
In file included from ./include/linux/mmzone.h:21,
                 from ./include/linux/gfp.h:6,
                 from ./include/linux/xarray.h:14,
                 from ./include/linux/radix-tree.h:19,
                 from ./include/linux/idr.h:15,
                 from ./include/linux/kernfs.h:13,
                 from ./include/linux/sysfs.h:16,
                 from ./include/linux/kobject.h:20,
                 from ./include/linux/of.h:17,
                 from ./include/linux/irqdomain.h:35,
                 from ./include/linux/acpi.h:13,
                 from ./include/linux/i2c.h:13,
                 from ./include/drm/drm_crtc.h:28,
                 from /var/lib/dkms/amdgpu/5.6.5.24-1109583/build/include/kcl/backport/kcl_drm_backport.h:5,
                 from /var/lib/dkms/amdgpu/5.6.5.24-1109583/build/amd/backport/backport.h:12,
                 from <command-line>:
./include/linux/mm_types.h:690:32: note: previous declaration of ‘vm_fault_t’ was here
  690 | typedef __bitwise unsigned int vm_fault_t;
      |                                ^~~~~~~~~~
In file included from /var/lib/dkms/amdgpu/5.6.5.24-1109583/build/include/kcl/backport/kcl_mm_backport.h:4,
                 from /var/lib/dkms/amdgpu/5.6.5.24-1109583/build/amd/backport/backport.h:16,
                 from <command-line>:
/var/lib/dkms/amdgpu/5.6.5.24-1109583/build/include/kcl/kcl_mm.h:22:21: error: redefinition of ‘kvmalloc’
   22 | static inline void *kvmalloc(size_t size, gfp_t flags)
      |                     ^~~~~~~~
In file included from ./include/linux/kallsyms.h:12,
                 from ./include/linux/ftrace.h:12,
                 from ./include/linux/kprobes.h:29,
                 from ./include/linux/kgdb.h:19,
                 from ./include/linux/fb.h:5,
                 from ./include/drm/drm_crtc.h:31,
                 from /var/lib/dkms/amdgpu/5.6.5.24-1109583/build/include/kcl/backport/kcl_drm_backport.h:5,
                 from /var/lib/dkms/amdgpu/5.6.5.24-1109583/build/amd/backport/backport.h:12,
                 from <command-line>:
./include/linux/mm.h:779:21: note: previous definition of ‘kvmalloc’ was here
  779 | static inline void *kvmalloc(size_t size, gfp_t flags)
      |                     ^~~~~~~~
In file included from /var/lib/dkms/amdgpu/5.6.5.24-1109583/build/include/kcl/backport/kcl_mm_backport.h:4,
                 from /var/lib/dkms/amdgpu/5.6.5.24-1109583/build/amd/backport/backport.h:16,
                 from <command-line>:
/var/lib/dkms/amdgpu/5.6.5.24-1109583/build/include/kcl/kcl_mm.h: In function ‘kvmalloc’:
/var/lib/dkms/amdgpu/5.6.5.24-1109583/build/include/kcl/kcl_mm.h:27:9: error: too many arguments to function ‘__vmalloc’
   27 |   out = __vmalloc(size, flags, PAGE_KERNEL);
      |         ^~~~~~~~~
In file included from ./include/asm-generic/io.h:911,
                 from ./arch/x86/include/asm/io.h:375,
                 from ./include/linux/io.h:13,
                 from ./include/acpi/acpi_io.h:5,
                 from ./include/linux/acpi.h:35,
                 from ./include/linux/i2c.h:13,
                 from ./include/drm/drm_crtc.h:28,
                 from /var/lib/dkms/amdgpu/5.6.5.24-1109583/build/include/kcl/backport/kcl_drm_backport.h:5,
                 from /var/lib/dkms/amdgpu/5.6.5.24-1109583/build/amd/backport/backport.h:12,
                 from <command-line>:
./include/linux/vmalloc.h:105:14: note: declared here
  105 | extern void *__vmalloc(unsigned long size, gfp_t gfp_mask);
      |              ^~~~~~~~~
In file included from /var/lib/dkms/amdgpu/5.6.5.24-1109583/build/include/kcl/backport/kcl_mm_backport.h:4,
                 from /var/lib/dkms/amdgpu/5.6.5.24-1109583/build/amd/backport/backport.h:16,
                 from <command-line>:
/var/lib/dkms/amdgpu/5.6.5.24-1109583/build/include/kcl/kcl_mm.h: At top level:
/var/lib/dkms/amdgpu/5.6.5.24-1109583/build/include/kcl/kcl_mm.h:32:21: error: redefinition of ‘kvzalloc’
   32 | static inline void *kvzalloc(size_t size, gfp_t flags)
      |                     ^~~~~~~~
In file included from ./include/linux/kallsyms.h:12,
                 from ./include/linux/ftrace.h:12,
                 from ./include/linux/kprobes.h:29,
                 from ./include/linux/kgdb.h:19,
                 from ./include/linux/fb.h:5,
                 from ./include/drm/drm_crtc.h:31,
                 from /var/lib/dkms/amdgpu/5.6.5.24-1109583/build/include/kcl/backport/kcl_drm_backport.h:5,
                 from /var/lib/dkms/amdgpu/5.6.5.24-1109583/build/amd/backport/backport.h:12,
                 from <command-line>:
./include/linux/mm.h:787:21: note: previous definition of ‘kvzalloc’ was here
  787 | static inline void *kvzalloc(size_t size, gfp_t flags)
      |                     ^~~~~~~~
In file included from /var/lib/dkms/amdgpu/5.6.5.24-1109583/build/include/kcl/backport/kcl_mm_backport.h:4,
                 from /var/lib/dkms/amdgpu/5.6.5.24-1109583/build/amd/backport/backport.h:16,
                 from <command-line>:
/var/lib/dkms/amdgpu/5.6.5.24-1109583/build/include/kcl/kcl_mm.h:45:20: error: static declaration of ‘kvfree’ follows non-static declaration
   45 | static inline void kvfree(const void *addr)
      |                    ^~~~~~
In file included from ./include/linux/kallsyms.h:12,
                 from ./include/linux/ftrace.h:12,
                 from ./include/linux/kprobes.h:29,
                 from ./include/linux/kgdb.h:19,
                 from ./include/linux/fb.h:5,
                 from ./include/drm/drm_crtc.h:31,
                 from /var/lib/dkms/amdgpu/5.6.5.24-1109583/build/include/kcl/backport/kcl_drm_backport.h:5,
                 from /var/lib/dkms/amdgpu/5.6.5.24-1109583/build/amd/backport/backport.h:12,
                 from <command-line>:
./include/linux/mm.h:807:13: note: previous declaration of ‘kvfree’ was here
  807 | extern void kvfree(const void *addr);
      |             ^~~~~~
In file included from /var/lib/dkms/amdgpu/5.6.5.24-1109583/build/include/kcl/backport/kcl_mm_backport.h:4,
                 from /var/lib/dkms/amdgpu/5.6.5.24-1109583/build/amd/backport/backport.h:16,
                 from <command-line>:
/var/lib/dkms/amdgpu/5.6.5.24-1109583/build/include/kcl/kcl_mm.h:65:21: error: redefinition of ‘kvmalloc_array’
   65 | static inline void *kvmalloc_array(size_t n, size_t size, gfp_t flags)
      |                     ^~~~~~~~~~~~~~
In file included from ./include/linux/kallsyms.h:12,
                 from ./include/linux/ftrace.h:12,
                 from ./include/linux/kprobes.h:29,
                 from ./include/linux/kgdb.h:19,
                 from ./include/linux/fb.h:5,
                 from ./include/drm/drm_crtc.h:31,
                 from /var/lib/dkms/amdgpu/5.6.5.24-1109583/build/include/kcl/backport/kcl_drm_backport.h:5,
                 from /var/lib/dkms/amdgpu/5.6.5.24-1109583/build/amd/backport/backport.h:12,
                 from <command-line>:
./include/linux/mm.h:792:21: note: previous definition of ‘kvmalloc_array’ was here
  792 | static inline void *kvmalloc_array(size_t n, size_t size, gfp_t flags)
      |                     ^~~~~~~~~~~~~~
In file included from /var/lib/dkms/amdgpu/5.6.5.24-1109583/build/include/kcl/backport/kcl_drm_backport.h:16,
                 from /var/lib/dkms/amdgpu/5.6.5.24-1109583/build/amd/backport/backport.h:12,
                 from <command-line>:
/var/lib/dkms/amdgpu/5.6.5.24-1109583/build/include/kcl/kcl_drm.h: In function ‘drm_crtc_accurate_vblank_count’:
/var/lib/dkms/amdgpu/5.6.5.24-1109583/build/include/kcl/kcl_drm.h:357:9: error: implicit declaration of function ‘drm_accurate_vblank_count’; did you mean ‘drm_crtc_accurate_vblank_count’? [-Werror=implicit-function-declaration]
  357 |  return drm_accurate_vblank_count(crtc);
      |         ^~~~~~~~~~~~~~~~~~~~~~~~~
      |         drm_crtc_accurate_vblank_count
In file included from /var/lib/dkms/amdgpu/5.6.5.24-1109583/build/include/kcl/backport/kcl_mm_backport.h:4,
                 from /var/lib/dkms/amdgpu/5.6.5.24-1109583/build/amd/backport/backport.h:16,
                 from <command-line>:
/var/lib/dkms/amdgpu/5.6.5.24-1109583/build/include/kcl/kcl_mm.h:78:21: error: redefinition of ‘kvcalloc’
   78 | static inline void *kvcalloc(size_t n, size_t size, gfp_t flags)
      |                     ^~~~~~~~
In file included from ./include/linux/kallsyms.h:12,
                 from ./include/linux/ftrace.h:12,
                 from ./include/linux/kprobes.h:29,
                 from ./include/linux/kgdb.h:19,
                 from ./include/linux/fb.h:5,
                 from ./include/drm/drm_crtc.h:31,
                 from /var/lib/dkms/amdgpu/5.6.5.24-1109583/build/include/kcl/backport/kcl_drm_backport.h:5,
                 from /var/lib/dkms/amdgpu/5.6.5.24-1109583/build/amd/backport/backport.h:12,
                 from <command-line>:
./include/linux/mm.h:802:21: note: previous definition of ‘kvcalloc’ was here
  802 | static inline void *kvcalloc(size_t n, size_t size, gfp_t flags)
      |                     ^~~~~~~~
In file included from /var/lib/dkms/amdgpu/5.6.5.24-1109583/build/include/kcl/backport/kcl_mm_backport.h:4,
                 from /var/lib/dkms/amdgpu/5.6.5.24-1109583/build/amd/backport/backport.h:16,
                 from <command-line>:
/var/lib/dkms/amdgpu/5.6.5.24-1109583/build/include/kcl/kcl_mm.h:85:20: error: redefinition of ‘mmgrab’
   85 | static inline void mmgrab(struct mm_struct *mm)
      |                    ^~~~~~
In file included from /var/lib/dkms/amdgpu/5.6.5.24-1109583/build/include/kcl/header/kcl_sched_mm_h.h:6,
                 from /var/lib/dkms/amdgpu/5.6.5.24-1109583/build/include/kcl/kcl_mm.h:5,
                 from /var/lib/dkms/amdgpu/5.6.5.24-1109583/build/include/kcl/backport/kcl_mm_backport.h:4,
                 from /var/lib/dkms/amdgpu/5.6.5.24-1109583/build/amd/backport/backport.h:16,
                 from <command-line>:
./include/linux/sched/mm.h:34:20: note: previous definition of ‘mmgrab’ was here
   34 | static inline void mmgrab(struct mm_struct *mm)
      |                    ^~~~~~
In file included from /var/lib/dkms/amdgpu/5.6.5.24-1109583/build/include/kcl/backport/kcl_mm_backport.h:4,
                 from /var/lib/dkms/amdgpu/5.6.5.24-1109583/build/amd/backport/backport.h:16,
                 from <command-line>:
/var/lib/dkms/amdgpu/5.6.5.24-1109583/build/include/kcl/kcl_mm.h:96:28: error: redefinition of ‘memalloc_nofs_save’
   96 | static inline unsigned int memalloc_nofs_save(void)
      |                            ^~~~~~~~~~~~~~~~~~
In file included from /var/lib/dkms/amdgpu/5.6.5.24-1109583/build/amd/backport/backport.h:12,
                 from <command-line>:
/var/lib/dkms/amdgpu/5.6.5.24-1109583/build/include/kcl/backport/kcl_drm_backport.h: In function ‘_kcl_drm_crtc_init_with_planes’:
In file included from /var/lib/dkms/amdgpu/5.6.5.24-1109583/build/include/kcl/header/kcl_sched_mm_h.h:6,
                 from /var/lib/dkms/amdgpu/5.6.5.24-1109583/build/include/kcl/kcl_mm.h:5,
                 from /var/lib/dkms/amdgpu/5.6.5.24-1109583/build/include/kcl/backport/kcl_mm_backport.h:4,
                 from /var/lib/dkms/amdgpu/5.6.5.24-1109583/build/amd/backport/backport.h:16,
                 from <command-line>:
./include/linux/sched/mm.h:242:28: note: previous definition of ‘memalloc_nofs_save’ was here
  242 | static inline unsigned int memalloc_nofs_save(void)
      |                            ^~~~~~~~~~~~~~~~~~
/var/lib/dkms/amdgpu/5.6.5.24-1109583/build/include/kcl/backport/kcl_drm_backport.h:65:9: error: too few arguments to function ‘drm_crtc_init_with_planes’
   65 |  return drm_crtc_init_with_planes(dev, crtc, primary, cursor, funcs);
      |         ^~~~~~~~~~~~~~~~~~~~~~~~~
In file included from /var/lib/dkms/amdgpu/5.6.5.24-1109583/build/include/kcl/backport/kcl_drm_backport.h:5,
                 from /var/lib/dkms/amdgpu/5.6.5.24-1109583/build/amd/backport/backport.h:12,
                 from <command-line>:
./include/drm/drm_crtc.h:1218:5: note: declared here
 1218 | int drm_crtc_init_with_planes(struct drm_device *dev,
      |     ^~~~~~~~~~~~~~~~~~~~~~~~~
In file included from /var/lib/dkms/amdgpu/5.6.5.24-1109583/build/include/kcl/backport/kcl_mm_backport.h:4,
                 from /var/lib/dkms/amdgpu/5.6.5.24-1109583/build/amd/backport/backport.h:16,
                 from <command-line>:
/var/lib/dkms/amdgpu/5.6.5.24-1109583/build/include/kcl/kcl_mm.h:101:20: error: redefinition of ‘memalloc_nofs_restore’
  101 | static inline void memalloc_nofs_restore(unsigned int flags)
      |                    ^~~~~~~~~~~~~~~~~~~~~
In file included from /var/lib/dkms/amdgpu/5.6.5.24-1109583/build/include/kcl/header/kcl_sched_mm_h.h:6,
                 from /var/lib/dkms/amdgpu/5.6.5.24-1109583/build/include/kcl/kcl_mm.h:5,
                 from /var/lib/dkms/amdgpu/5.6.5.24-1109583/build/include/kcl/backport/kcl_mm_backport.h:4,
                 from /var/lib/dkms/amdgpu/5.6.5.24-1109583/build/amd/backport/backport.h:16,
                 from <command-line>:
./include/linux/sched/mm.h:257:20: note: previous definition of ‘memalloc_nofs_restore’ was here
  257 | static inline void memalloc_nofs_restore(unsigned int flags)
      |                    ^~~~~~~~~~~~~~~~~~~~~
In file included from /var/lib/dkms/amdgpu/5.6.5.24-1109583/build/amd/backport/backport.h:12,
                 from <command-line>:
/var/lib/dkms/amdgpu/5.6.5.24-1109583/build/include/kcl/backport/kcl_drm_backport.h: In function ‘_kcl_drm_universal_plane_init’:
/var/lib/dkms/amdgpu/5.6.5.24-1109583/build/include/kcl/backport/kcl_drm_backport.h:84:28: error: incompatible type for argument 7 of ‘drm_universal_plane_init’
   84 |     formats, format_count, type);
      |                            ^~~~
      |                            |
      |                            enum drm_plane_type
In file included from /var/lib/dkms/amdgpu/5.6.5.24-1109583/build/include/kcl/backport/kcl_mm_backport.h:4,
                 from /var/lib/dkms/amdgpu/5.6.5.24-1109583/build/amd/backport/backport.h:16,
                 from <command-line>:
/var/lib/dkms/amdgpu/5.6.5.24-1109583/build/include/kcl/kcl_mm.h: In function ‘kcl_get_user_pages’:
/var/lib/dkms/amdgpu/5.6.5.24-1109583/build/include/kcl/kcl_mm.h:136:24: warning: passing argument 1 of ‘get_user_pages’ makes integer from pointer without a cast [-Wint-conversion]
  136 |  return get_user_pages(tsk, mm, start, nr_pages,
      |                        ^~~
      |                        |
      |                        struct task_struct *
In file included from ./include/drm/drm_crtc.h:45,
                 from /var/lib/dkms/amdgpu/5.6.5.24-1109583/build/include/kcl/backport/kcl_drm_backport.h:5,
                 from /var/lib/dkms/amdgpu/5.6.5.24-1109583/build/amd/backport/backport.h:12,
                 from <command-line>:
./include/drm/drm_plane.h:756:25: note: expected ‘const uint64_t *’ {aka ‘const long long unsigned int *’} but argument is of type ‘enum drm_plane_type’
  756 |         const uint64_t *format_modifiers,
      |         ~~~~~~~~~~~~~~~~^~~~~~~~~~~~~~~~
In file included from /var/lib/dkms/amdgpu/5.6.5.24-1109583/build/amd/backport/backport.h:12,
                 from <command-line>:
/var/lib/dkms/amdgpu/5.6.5.24-1109583/build/include/kcl/backport/kcl_drm_backport.h:83:9: error: too few arguments to function ‘drm_universal_plane_init’
   83 |  return drm_universal_plane_init(dev, plane, possible_crtcs, funcs,
      |         ^~~~~~~~~~~~~~~~~~~~~~~~
In file included from ./include/drm/drm_crtc.h:45,
                 from /var/lib/dkms/amdgpu/5.6.5.24-1109583/build/include/kcl/backport/kcl_drm_backport.h:5,
                 from /var/lib/dkms/amdgpu/5.6.5.24-1109583/build/amd/backport/backport.h:12,
                 from <command-line>:
./include/drm/drm_plane.h:750:5: note: declared here
  750 | int drm_universal_plane_init(struct drm_device *dev,
      |     ^~~~~~~~~~~~~~~~~~~~~~~~
In file included from ./include/linux/kallsyms.h:12,
                 from ./include/linux/ftrace.h:12,
                 from ./include/linux/kprobes.h:29,
                 from ./include/linux/kgdb.h:19,
                 from ./include/linux/fb.h:5,
                 from ./include/drm/drm_crtc.h:31,
                 from /var/lib/dkms/amdgpu/5.6.5.24-1109583/build/include/kcl/backport/kcl_drm_backport.h:5,
                 from /var/lib/dkms/amdgpu/5.6.5.24-1109583/build/amd/backport/backport.h:12,
                 from <command-line>:
./include/linux/mm.h:1769:35: note: expected ‘long unsigned int’ but argument is of type ‘struct task_struct *’
 1769 | long get_user_pages(unsigned long start, unsigned long nr_pages,
      |                     ~~~~~~~~~~~~~~^~~~~
In file included from /var/lib/dkms/amdgpu/5.6.5.24-1109583/build/amd/backport/backport.h:12,
                 from <command-line>:
/var/lib/dkms/amdgpu/5.6.5.24-1109583/build/include/kcl/backport/kcl_drm_backport.h: At top level:
/var/lib/dkms/amdgpu/5.6.5.24-1109583/build/include/kcl/backport/kcl_drm_backport.h:95:8: error: redefinition of ‘struct drm_format_name_buf’
   95 | struct drm_format_name_buf {
      |        ^~~~~~~~~~~~~~~~~~~
In file included from /var/lib/dkms/amdgpu/5.6.5.24-1109583/build/include/kcl/backport/kcl_mm_backport.h:4,
                 from /var/lib/dkms/amdgpu/5.6.5.24-1109583/build/amd/backport/backport.h:16,
                 from <command-line>:
/var/lib/dkms/amdgpu/5.6.5.24-1109583/build/include/kcl/kcl_mm.h:136:29: warning: passing argument 2 of ‘get_user_pages’ makes integer from pointer without a cast [-Wint-conversion]
  136 |  return get_user_pages(tsk, mm, start, nr_pages,
      |                             ^~
      |                             |
      |                             struct mm_struct *
In file included from /var/lib/dkms/amdgpu/5.6.5.24-1109583/build/include/kcl/kcl_drm.h:15,
                 from /var/lib/dkms/amdgpu/5.6.5.24-1109583/build/include/kcl/backport/kcl_drm_backport.h:16,
                 from /var/lib/dkms/amdgpu/5.6.5.24-1109583/build/amd/backport/backport.h:12,
                 from <command-line>:
./include/drm/drm_fourcc.h:142:8: note: originally defined here
  142 | struct drm_format_name_buf {
      |        ^~~~~~~~~~~~~~~~~~~
In file included from ./include/linux/kallsyms.h:12,
                 from ./include/linux/ftrace.h:12,
                 from ./include/linux/kprobes.h:29,
                 from ./include/linux/kgdb.h:19,
                 from ./include/linux/fb.h:5,
                 from ./include/drm/drm_crtc.h:31,
                 from /var/lib/dkms/amdgpu/5.6.5.24-1109583/build/include/kcl/backport/kcl_drm_backport.h:5,
                 from /var/lib/dkms/amdgpu/5.6.5.24-1109583/build/amd/backport/backport.h:12,
                 from <command-line>:
./include/linux/mm.h:1769:56: note: expected ‘long unsigned int’ but argument is of type ‘struct mm_struct *’
 1769 | long get_user_pages(unsigned long start, unsigned long nr_pages,
      |                                          ~~~~~~~~~~~~~~^~~~~~~~
In file included from /var/lib/dkms/amdgpu/5.6.5.24-1109583/build/include/kcl/backport/kcl_mm_backport.h:4,
                 from /var/lib/dkms/amdgpu/5.6.5.24-1109583/build/amd/backport/backport.h:16,
                 from <command-line>:
/var/lib/dkms/amdgpu/5.6.5.24-1109583/build/include/kcl/kcl_mm.h:136:40: warning: passing argument 4 of ‘get_user_pages’ makes pointer from integer without a cast [-Wint-conversion]
  136 |  return get_user_pages(tsk, mm, start, nr_pages,
      |                                        ^~~~~~~~
      |                                        |
      |                                        long unsigned int
In file included from ./include/linux/kallsyms.h:12,
                 from ./include/linux/ftrace.h:12,
                 from ./include/linux/kprobes.h:29,
                 from ./include/linux/kgdb.h:19,
                 from ./include/linux/fb.h:5,
                 from ./include/drm/drm_crtc.h:31,
                 from /var/lib/dkms/amdgpu/5.6.5.24-1109583/build/include/kcl/backport/kcl_drm_backport.h:5,
                 from /var/lib/dkms/amdgpu/5.6.5.24-1109583/build/amd/backport/backport.h:12,
                 from <command-line>:
./include/linux/mm.h:1770:46: note: expected ‘struct page **’ but argument is of type ‘long unsigned int’
 1770 |        unsigned int gup_flags, struct page **pages,
      |                                ~~~~~~~~~~~~~~^~~~~
In file included from /var/lib/dkms/amdgpu/5.6.5.24-1109583/build/include/kcl/backport/kcl_mm_backport.h:4,
                 from /var/lib/dkms/amdgpu/5.6.5.24-1109583/build/amd/backport/backport.h:16,
                 from <command-line>:
/var/lib/dkms/amdgpu/5.6.5.24-1109583/build/include/kcl/kcl_mm.h:137:4: warning: passing argument 5 of ‘get_user_pages’ makes pointer from integer without a cast [-Wint-conversion]
  137 |    write, force, pages, vmas);
      |    ^~~~~
      |    |
      |    int
In file included from ./include/linux/kallsyms.h:12,
                 from ./include/linux/ftrace.h:12,
                 from ./include/linux/kprobes.h:29,
                 from ./include/linux/kgdb.h:19,
                 from ./include/linux/fb.h:5,
                 from ./include/drm/drm_crtc.h:31,
                 from /var/lib/dkms/amdgpu/5.6.5.24-1109583/build/include/kcl/backport/kcl_drm_backport.h:5,
                 from /var/lib/dkms/amdgpu/5.6.5.24-1109583/build/amd/backport/backport.h:12,
                 from <command-line>:
./include/linux/mm.h:1771:32: note: expected ‘struct vm_area_struct **’ but argument is of type ‘int’
 1771 |        struct vm_area_struct **vmas);
      |        ~~~~~~~~~~~~~~~~~~~~~~~~^~~~
In file included from /var/lib/dkms/amdgpu/5.6.5.24-1109583/build/include/kcl/backport/kcl_mm_backport.h:4,
                 from /var/lib/dkms/amdgpu/5.6.5.24-1109583/build/amd/backport/backport.h:16,
                 from <command-line>:
/var/lib/dkms/amdgpu/5.6.5.24-1109583/build/include/kcl/kcl_mm.h:136:9: error: too many arguments to function ‘get_user_pages’
  136 |  return get_user_pages(tsk, mm, start, nr_pages,
      |         ^~~~~~~~~~~~~~
In file included from ./include/linux/kallsyms.h:12,
                 from ./include/linux/ftrace.h:12,
                 from ./include/linux/kprobes.h:29,
                 from ./include/linux/kgdb.h:19,
                 from ./include/linux/fb.h:5,
                 from ./include/drm/drm_crtc.h:31,
                 from /var/lib/dkms/amdgpu/5.6.5.24-1109583/build/include/kcl/backport/kcl_drm_backport.h:5,
                 from /var/lib/dkms/amdgpu/5.6.5.24-1109583/build/amd/backport/backport.h:12,
                 from <command-line>:
./include/linux/mm.h:1769:6: note: declared here
 1769 | long get_user_pages(unsigned long start, unsigned long nr_pages,
      |      ^~~~~~~~~~~~~~
In file included from /var/lib/dkms/amdgpu/5.6.5.24-1109583/build/include/kcl/backport/kcl_mm_backport.h:4,
                 from /var/lib/dkms/amdgpu/5.6.5.24-1109583/build/amd/backport/backport.h:16,
                 from <command-line>:
/var/lib/dkms/amdgpu/5.6.5.24-1109583/build/include/kcl/kcl_mm.h: At top level:
/var/lib/dkms/amdgpu/5.6.5.24-1109583/build/include/kcl/kcl_mm.h:142:29: error: redefinition of ‘zone_managed_pages’
  142 | static inline unsigned long zone_managed_pages(struct zone *zone)
      |                             ^~~~~~~~~~~~~~~~~~
In file included from ./include/linux/gfp.h:6,
                 from ./include/linux/xarray.h:14,
                 from ./include/linux/radix-tree.h:19,
                 from ./include/linux/idr.h:15,
                 from ./include/linux/kernfs.h:13,
                 from ./include/linux/sysfs.h:16,
                 from ./include/linux/kobject.h:20,
                 from ./include/linux/of.h:17,
                 from ./include/linux/irqdomain.h:35,
                 from ./include/linux/acpi.h:13,
                 from ./include/linux/i2c.h:13,
                 from ./include/drm/drm_crtc.h:28,
                 from /var/lib/dkms/amdgpu/5.6.5.24-1109583/build/include/kcl/backport/kcl_drm_backport.h:5,
                 from /var/lib/dkms/amdgpu/5.6.5.24-1109583/build/amd/backport/backport.h:12,
                 from <command-line>:
./include/linux/mmzone.h:602:29: note: previous definition of ‘zone_managed_pages’ was here
  602 | static inline unsigned long zone_managed_pages(struct zone *zone)
      |                             ^~~~~~~~~~~~~~~~~~
In file included from /var/lib/dkms/amdgpu/5.6.5.24-1109583/build/amd/backport/backport.h:12,
                 from <command-line>:
/var/lib/dkms/amdgpu/5.6.5.24-1109583/build/include/kcl/backport/kcl_drm_backport.h: In function ‘_kcl_drm_gem_object_lookup’:
/var/lib/dkms/amdgpu/5.6.5.24-1109583/build/include/kcl/backport/kcl_drm_backport.h:161:35: error: dereferencing pointer to incomplete type ‘struct drm_file’
  161 |  return drm_gem_object_lookup(filp->minor->dev, filp, handle);
      |                                   ^~
/var/lib/dkms/amdgpu/5.6.5.24-1109583/build/include/kcl/backport/kcl_drm_backport.h:161:49: warning: passing argument 2 of ‘drm_gem_object_lookup’ makes integer from pointer without a cast [-Wint-conversion]
  161 |  return drm_gem_object_lookup(filp->minor->dev, filp, handle);
      |                                                 ^~~~
      |                                                 |
      |                                                 struct drm_file *
In file included from /var/lib/dkms/amdgpu/5.6.5.24-1109583/build/include/kcl/backport/kcl_drm_backport.h:11,
                 from /var/lib/dkms/amdgpu/5.6.5.24-1109583/build/amd/backport/backport.h:12,
                 from <command-line>:
./include/drm/drm_gem.h:405:24: note: expected ‘u32’ {aka ‘unsigned int’} but argument is of type ‘struct drm_file *’
  405 | struct drm_gem_object *drm_gem_object_lookup(struct drm_file *filp, u32 handle);
      |                        ^~~~~~~~~~~~~~~~~~~~~
In file included from /var/lib/dkms/amdgpu/5.6.5.24-1109583/build/amd/backport/backport.h:12,
                 from <command-line>:
/var/lib/dkms/amdgpu/5.6.5.24-1109583/build/include/kcl/backport/kcl_drm_backport.h:161:9: error: too many arguments to function ‘drm_gem_object_lookup’
  161 |  return drm_gem_object_lookup(filp->minor->dev, filp, handle);
      |         ^~~~~~~~~~~~~~~~~~~~~
In file included from /var/lib/dkms/amdgpu/5.6.5.24-1109583/build/include/kcl/backport/kcl_drm_backport.h:11,
                 from /var/lib/dkms/amdgpu/5.6.5.24-1109583/build/amd/backport/backport.h:12,
                 from <command-line>:
./include/drm/drm_gem.h:405:24: note: declared here
  405 | struct drm_gem_object *drm_gem_object_lookup(struct drm_file *filp, u32 handle);
      |                        ^~~~~~~~~~~~~~~~~~~~~
In file included from /var/lib/dkms/amdgpu/5.6.5.24-1109583/build/include/kcl/backport/kcl_mm_backport.h:4,
                 from /var/lib/dkms/amdgpu/5.6.5.24-1109583/build/amd/backport/backport.h:16,
                 from <command-line>:
/var/lib/dkms/amdgpu/5.6.5.24-1109583/build/include/kcl/kcl_mm.h:155:26: error: conflicting types for ‘vmf_insert_mixed’
  155 | static inline vm_fault_t vmf_insert_mixed(struct vm_area_struct *vma,
      |                          ^~~~~~~~~~~~~~~~
In file included from ./include/linux/kallsyms.h:12,
                 from ./include/linux/ftrace.h:12,
                 from ./include/linux/kprobes.h:29,
                 from ./include/linux/kgdb.h:19,
                 from ./include/linux/fb.h:5,
                 from ./include/drm/drm_crtc.h:31,
                 from /var/lib/dkms/amdgpu/5.6.5.24-1109583/build/include/kcl/backport/kcl_drm_backport.h:5,
                 from /var/lib/dkms/amdgpu/5.6.5.24-1109583/build/amd/backport/backport.h:12,
                 from <command-line>:
./include/linux/mm.h:2780:12: note: previous declaration of ‘vmf_insert_mixed’ was here
 2780 | vm_fault_t vmf_insert_mixed(struct vm_area_struct *vma, unsigned long addr,
      |            ^~~~~~~~~~~~~~~~
In file included from /var/lib/dkms/amdgpu/5.6.5.24-1109583/build/amd/backport/backport.h:14,
                 from <command-line>:
/var/lib/dkms/amdgpu/5.6.5.24-1109583/build/include/kcl/kcl_drm_print.h: At top level:
/var/lib/dkms/amdgpu/5.6.5.24-1109583/build/include/kcl/kcl_drm_print.h:9:21: error: redefinition of ‘drm_debug_enabled’
    9 | static  inline bool drm_debug_enabled(unsigned int category)
      |                     ^~~~~~~~~~~~~~~~~
In file included from ./include/drm/drm_mm.h:49,
                 from ./include/drm/drm_vma_manager.h:26,
                 from ./include/drm/drm_gem.h:40,
                 from /var/lib/dkms/amdgpu/5.6.5.24-1109583/build/include/kcl/backport/kcl_drm_backport.h:11,
                 from /var/lib/dkms/amdgpu/5.6.5.24-1109583/build/amd/backport/backport.h:12,
                 from <command-line>:
./include/drm/drm_print.h:322:20: note: previous definition of ‘drm_debug_enabled’ was here
  322 | static inline bool drm_debug_enabled(enum drm_debug_category category)
      |                    ^~~~~~~~~~~~~~~~~
In file included from ./include/linux/rcupdate.h:24,
                 from /var/lib/dkms/amdgpu/5.6.5.24-1109583/build/include/kcl/kcl_rcupdate.h:5,
                 from /var/lib/dkms/amdgpu/5.6.5.24-1109583/build/include/kcl/kcl_fence.h:6,
                 from /var/lib/dkms/amdgpu/5.6.5.24-1109583/build/include/kcl/backport/kcl_fence_backport.h:4,
                 from /var/lib/dkms/amdgpu/5.6.5.24-1109583/build/amd/backport/backport.h:11,
                 from <command-line>:
/var/lib/dkms/amdgpu/5.6.5.24-1109583/build/include/kcl/kcl_drm_print.h: In function ‘drm_debug_enabled’:
/var/lib/dkms/amdgpu/5.6.5.24-1109583/build/include/kcl/kcl_drm_print.h:11:18: error: ‘drm_debug’ undeclared (first use in this function); did you mean ‘pr_debug’?
   11 |  return unlikely(drm_debug & category);
      |                  ^~~~~~~~~
./include/linux/compiler.h:78:42: note: in definition of macro ‘unlikely’
   78 | # define unlikely(x) __builtin_expect(!!(x), 0)
      |                                          ^
/var/lib/dkms/amdgpu/5.6.5.24-1109583/build/include/kcl/kcl_drm_print.h:11:18: note: each undeclared identifier is reported only once for each function it appears in
   11 |  return unlikely(drm_debug & category);
      |                  ^~~~~~~~~
./include/linux/compiler.h:78:42: note: in definition of macro ‘unlikely’
   78 | # define unlikely(x) __builtin_expect(!!(x), 0)
      |                                          ^
In file included from /var/lib/dkms/amdgpu/5.6.5.24-1109583/build/amd/backport/backport.h:15,
                 from <command-line>:
/var/lib/dkms/amdgpu/5.6.5.24-1109583/build/include/kcl/kcl_fs.h: At top level:
/var/lib/dkms/amdgpu/5.6.5.24-1109583/build/include/kcl/kcl_fs.h:12:20: error: static declaration of ‘compat_ptr_ioctl’ follows non-static declaration
   12 | static inline long compat_ptr_ioctl(struct file *file, unsigned int cmd,
      |                    ^~~~~~~~~~~~~~~~
In file included from ./include/linux/huge_mm.h:8,
                 from ./include/linux/mm.h:703,
                 from ./include/linux/kallsyms.h:12,
                 from ./include/linux/ftrace.h:12,
                 from ./include/linux/kprobes.h:29,
                 from ./include/linux/kgdb.h:19,
                 from ./include/linux/fb.h:5,
                 from ./include/drm/drm_crtc.h:31,
                 from /var/lib/dkms/amdgpu/5.6.5.24-1109583/build/include/kcl/backport/kcl_drm_backport.h:5,
                 from /var/lib/dkms/amdgpu/5.6.5.24-1109583/build/amd/backport/backport.h:12,
                 from <command-line>:
./include/linux/fs.h:1753:13: note: previous declaration of ‘compat_ptr_ioctl’ was here
 1753 | extern long compat_ptr_ioctl(struct file *file, unsigned int cmd,
      |             ^~~~~~~~~~~~~~~~
In file included from /var/lib/dkms/amdgpu/5.6.5.24-1109583/build/include/kcl/backport/kcl_mm_backport.h:4,
                 from /var/lib/dkms/amdgpu/5.6.5.24-1109583/build/amd/backport/backport.h:16,
                 from <command-line>:
/var/lib/dkms/amdgpu/5.6.5.24-1109583/build/include/kcl/kcl_mm.h: In function ‘vmf_insert_mixed’:
/var/lib/dkms/amdgpu/5.6.5.24-1109583/build/include/kcl/kcl_mm.h:161:8: error: implicit declaration of function ‘vm_insert_mixed’; did you mean ‘vmf_insert_mixed’? [-Werror=implicit-function-declaration]
  161 |  err = vm_insert_mixed(vma, addr, pfn_t_to_pfn(pfn));
      |        ^~~~~~~~~~~~~~~
      |        vmf_insert_mixed
/var/lib/dkms/amdgpu/5.6.5.24-1109583/build/include/kcl/kcl_mm.h: At top level:
/var/lib/dkms/amdgpu/5.6.5.24-1109583/build/include/kcl/kcl_mm.h:173:26: error: conflicting types for ‘vmf_insert_pfn’
  173 | static inline vm_fault_t vmf_insert_pfn(struct vm_area_struct *vma,
      |                          ^~~~~~~~~~~~~~
In file included from ./include/linux/kallsyms.h:12,
                 from ./include/linux/ftrace.h:12,
                 from ./include/linux/kprobes.h:29,
                 from ./include/linux/kgdb.h:19,
                 from ./include/linux/fb.h:5,
                 from ./include/drm/drm_crtc.h:31,
                 from /var/lib/dkms/amdgpu/5.6.5.24-1109583/build/include/kcl/backport/kcl_drm_backport.h:5,
                 from /var/lib/dkms/amdgpu/5.6.5.24-1109583/build/amd/backport/backport.h:12,
                 from <command-line>:
./include/linux/mm.h:2776:12: note: previous declaration of ‘vmf_insert_pfn’ was here
 2776 | vm_fault_t vmf_insert_pfn(struct vm_area_struct *vma, unsigned long addr,
      |            ^~~~~~~~~~~~~~
In file included from /var/lib/dkms/amdgpu/5.6.5.24-1109583/build/include/kcl/kcl_mm.h:15,
                 from /var/lib/dkms/amdgpu/5.6.5.24-1109583/build/include/kcl/backport/kcl_mm_backport.h:4,
                 from /var/lib/dkms/amdgpu/5.6.5.24-1109583/build/amd/backport/backport.h:16,
                 from <command-line>:
/var/lib/dkms/amdgpu/5.6.5.24-1109583/build/include/kcl/kcl_mm_types.h:11:3: error: conflicting types for ‘pfn_t’
   11 | } pfn_t;
      |   ^~~~~
In file included from ./include/asm-generic/memory_model.h:5,
                 from ./arch/x86/include/asm/page.h:76,
                 from ./arch/x86/include/asm/thread_info.h:12,
                 from ./include/linux/thread_info.h:59,
                 from ./arch/x86/include/asm/preempt.h:7,
                 from ./include/linux/preempt.h:78,
                 from ./include/linux/rcupdate.h:27,
                 from /var/lib/dkms/amdgpu/5.6.5.24-1109583/build/include/kcl/kcl_rcupdate.h:5,
                 from /var/lib/dkms/amdgpu/5.6.5.24-1109583/build/include/kcl/kcl_fence.h:6,
                 from /var/lib/dkms/amdgpu/5.6.5.24-1109583/build/include/kcl/backport/kcl_fence_backport.h:4,
                 from /var/lib/dkms/amdgpu/5.6.5.24-1109583/build/amd/backport/backport.h:11,
                 from <command-line>:
./include/linux/pfn.h:15:3: note: previous declaration of ‘pfn_t’ was here
   15 | } pfn_t;
      |   ^~~~~
In file included from /var/lib/dkms/amdgpu/5.6.5.24-1109583/build/include/kcl/kcl_mm.h:15,
                 from /var/lib/dkms/amdgpu/5.6.5.24-1109583/build/include/kcl/backport/kcl_mm_backport.h:4,
                 from /var/lib/dkms/amdgpu/5.6.5.24-1109583/build/amd/backport/backport.h:16,
                 from <command-line>:
/var/lib/dkms/amdgpu/5.6.5.24-1109583/build/include/kcl/kcl_mm_types.h:34:13: error: conflicting types for ‘vm_fault_t’
   34 | typedef int vm_fault_t;
      |             ^~~~~~~~~~
In file included from ./include/linux/mmzone.h:21,
                 from ./include/linux/gfp.h:6,
                 from ./include/linux/xarray.h:14,
                 from ./include/linux/radix-tree.h:19,
                 from ./include/linux/idr.h:15,
                 from ./include/linux/kernfs.h:13,
                 from ./include/linux/sysfs.h:16,
                 from ./include/linux/kobject.h:20,
                 from ./include/linux/of.h:17,
                 from ./include/linux/irqdomain.h:35,
                 from ./include/linux/acpi.h:13,
                 from ./include/linux/i2c.h:13,
                 from ./include/drm/drm_crtc.h:28,
                 from /var/lib/dkms/amdgpu/5.6.5.24-1109583/build/include/kcl/backport/kcl_drm_backport.h:5,
                 from /var/lib/dkms/amdgpu/5.6.5.24-1109583/build/amd/backport/backport.h:12,
                 from <command-line>:
./include/linux/mm_types.h:690:32: note: previous declaration of ‘vm_fault_t’ was here
  690 | typedef __bitwise unsigned int vm_fault_t;
      |                                ^~~~~~~~~~
In file included from /var/lib/dkms/amdgpu/5.6.5.24-1109583/build/include/kcl/backport/kcl_mm_backport.h:4,
                 from /var/lib/dkms/amdgpu/5.6.5.24-1109583/build/amd/backport/backport.h:16,
                 from <command-line>:
/var/lib/dkms/amdgpu/5.6.5.24-1109583/build/include/kcl/kcl_mm.h:22:21: error: redefinition of ‘kvmalloc’
   22 | static inline void *kvmalloc(size_t size, gfp_t flags)
      |                     ^~~~~~~~
In file included from ./include/linux/kallsyms.h:12,
                 from ./include/linux/ftrace.h:12,
                 from ./include/linux/kprobes.h:29,
                 from ./include/linux/kgdb.h:19,
                 from ./include/linux/fb.h:5,
                 from ./include/drm/drm_crtc.h:31,
                 from /var/lib/dkms/amdgpu/5.6.5.24-1109583/build/include/kcl/backport/kcl_drm_backport.h:5,
                 from /var/lib/dkms/amdgpu/5.6.5.24-1109583/build/amd/backport/backport.h:12,
                 from <command-line>:
./include/linux/mm.h:779:21: note: previous definition of ‘kvmalloc’ was here
  779 | static inline void *kvmalloc(size_t size, gfp_t flags)
      |                     ^~~~~~~~
In file included from ./include/linux/rcupdate.h:24,
                 from /var/lib/dkms/amdgpu/5.6.5.24-1109583/build/include/kcl/kcl_rcupdate.h:5,
                 from /var/lib/dkms/amdgpu/5.6.5.24-1109583/build/include/kcl/kcl_fence.h:6,
                 from /var/lib/dkms/amdgpu/5.6.5.24-1109583/build/include/kcl/backport/kcl_fence_backport.h:4,
                 from /var/lib/dkms/amdgpu/5.6.5.24-1109583/build/amd/backport/backport.h:11,
                 from <command-line>:
/var/lib/dkms/amdgpu/5.6.5.24-1109583/build/include/kcl/kcl_drm_print.h: In function ‘drm_debug_enabled’:
/var/lib/dkms/amdgpu/5.6.5.24-1109583/build/include/kcl/kcl_drm_print.h:11:18: error: ‘drm_debug’ undeclared (first use in this function); did you mean ‘pr_debug’?
   11 |  return unlikely(drm_debug & category);
      |                  ^~~~~~~~~
./include/linux/compiler.h:78:42: note: in definition of macro ‘unlikely’
   78 | # define unlikely(x) __builtin_expect(!!(x), 0)
      |                                          ^
/var/lib/dkms/amdgpu/5.6.5.24-1109583/build/include/kcl/kcl_drm_print.h:11:18: note: each undeclared identifier is reported only once for each function it appears in
   11 |  return unlikely(drm_debug & category);
      |                  ^~~~~~~~~
./include/linux/compiler.h:78:42: note: in definition of macro ‘unlikely’
   78 | # define unlikely(x) __builtin_expect(!!(x), 0)
      |                                          ^
In file included from /var/lib/dkms/amdgpu/5.6.5.24-1109583/build/include/kcl/backport/kcl_mm_backport.h:4,
                 from /var/lib/dkms/amdgpu/5.6.5.24-1109583/build/amd/backport/backport.h:16,
                 from <command-line>:
/var/lib/dkms/amdgpu/5.6.5.24-1109583/build/include/kcl/kcl_mm.h: In function ‘kvmalloc’:
/var/lib/dkms/amdgpu/5.6.5.24-1109583/build/include/kcl/kcl_mm.h:27:9: error: too many arguments to function ‘__vmalloc’
   27 |   out = __vmalloc(size, flags, PAGE_KERNEL);
      |         ^~~~~~~~~
In file included from /var/lib/dkms/amdgpu/5.6.5.24-1109583/build/amd/backport/backport.h:15,
                 from <command-line>:
/var/lib/dkms/amdgpu/5.6.5.24-1109583/build/include/kcl/kcl_fs.h: At top level:
In file included from ./include/asm-generic/io.h:911,
                 from ./arch/x86/include/asm/io.h:375,
                 from ./include/linux/io.h:13,
                 from ./include/acpi/acpi_io.h:5,
                 from ./include/linux/acpi.h:35,
                 from ./include/linux/i2c.h:13,
                 from ./include/drm/drm_crtc.h:28,
                 from /var/lib/dkms/amdgpu/5.6.5.24-1109583/build/include/kcl/backport/kcl_drm_backport.h:5,
                 from /var/lib/dkms/amdgpu/5.6.5.24-1109583/build/amd/backport/backport.h:12,
                 from <command-line>:
./include/linux/vmalloc.h:105:14: note: declared here
  105 | extern void *__vmalloc(unsigned long size, gfp_t gfp_mask);
      |              ^~~~~~~~~
/var/lib/dkms/amdgpu/5.6.5.24-1109583/build/include/kcl/kcl_fs.h:12:20: error: static declaration of ‘compat_ptr_ioctl’ follows non-static declaration
   12 | static inline long compat_ptr_ioctl(struct file *file, unsigned int cmd,
      |                    ^~~~~~~~~~~~~~~~
In file included from /var/lib/dkms/amdgpu/5.6.5.24-1109583/build/include/kcl/backport/kcl_mm_backport.h:4,
                 from /var/lib/dkms/amdgpu/5.6.5.24-1109583/build/amd/backport/backport.h:16,
                 from <command-line>:
/var/lib/dkms/amdgpu/5.6.5.24-1109583/build/include/kcl/kcl_mm.h: At top level:
/var/lib/dkms/amdgpu/5.6.5.24-1109583/build/include/kcl/kcl_mm.h:32:21: error: redefinition of ‘kvzalloc’
   32 | static inline void *kvzalloc(size_t size, gfp_t flags)
      |                     ^~~~~~~~
In file included from ./include/linux/kallsyms.h:12,
                 from ./include/linux/ftrace.h:12,
                 from ./include/linux/kprobes.h:29,
                 from ./include/linux/kgdb.h:19,
                 from ./include/linux/fb.h:5,
                 from ./include/drm/drm_crtc.h:31,
                 from /var/lib/dkms/amdgpu/5.6.5.24-1109583/build/include/kcl/backport/kcl_drm_backport.h:5,
                 from /var/lib/dkms/amdgpu/5.6.5.24-1109583/build/amd/backport/backport.h:12,
                 from <command-line>:
./include/linux/mm.h:787:21: note: previous definition of ‘kvzalloc’ was here
  787 | static inline void *kvzalloc(size_t size, gfp_t flags)
      |                     ^~~~~~~~
In file included from /var/lib/dkms/amdgpu/5.6.5.24-1109583/build/include/kcl/backport/kcl_mm_backport.h:4,
                 from /var/lib/dkms/amdgpu/5.6.5.24-1109583/build/amd/backport/backport.h:16,
                 from <command-line>:
/var/lib/dkms/amdgpu/5.6.5.24-1109583/build/include/kcl/kcl_mm.h:45:20: error: static declaration of ‘kvfree’ follows non-static declaration
   45 | static inline void kvfree(const void *addr)
      |                    ^~~~~~
In file included from ./include/linux/kallsyms.h:12,
                 from ./include/linux/ftrace.h:12,
                 from ./include/linux/kprobes.h:29,
                 from ./include/linux/kgdb.h:19,
                 from ./include/linux/fb.h:5,
                 from ./include/drm/drm_crtc.h:31,
                 from /var/lib/dkms/amdgpu/5.6.5.24-1109583/build/include/kcl/backport/kcl_drm_backport.h:5,
                 from /var/lib/dkms/amdgpu/5.6.5.24-1109583/build/amd/backport/backport.h:12,
                 from <command-line>:
./include/linux/mm.h:807:13: note: previous declaration of ‘kvfree’ was here
  807 | extern void kvfree(const void *addr);
      |             ^~~~~~
In file included from ./include/linux/huge_mm.h:8,
                 from ./include/linux/mm.h:703,
                 from ./include/linux/kallsyms.h:12,
                 from ./include/linux/ftrace.h:12,
                 from ./include/linux/kprobes.h:29,
                 from ./include/linux/kgdb.h:19,
                 from ./include/linux/fb.h:5,
                 from ./include/drm/drm_crtc.h:31,
                 from /var/lib/dkms/amdgpu/5.6.5.24-1109583/build/include/kcl/backport/kcl_drm_backport.h:5,
                 from /var/lib/dkms/amdgpu/5.6.5.24-1109583/build/amd/backport/backport.h:12,
                 from <command-line>:
./include/linux/fs.h:1753:13: note: previous declaration of ‘compat_ptr_ioctl’ was here
 1753 | extern long compat_ptr_ioctl(struct file *file, unsigned int cmd,
      |             ^~~~~~~~~~~~~~~~
In file included from /var/lib/dkms/amdgpu/5.6.5.24-1109583/build/include/kcl/backport/kcl_mm_backport.h:4,
                 from /var/lib/dkms/amdgpu/5.6.5.24-1109583/build/amd/backport/backport.h:16,
                 from <command-line>:
/var/lib/dkms/amdgpu/5.6.5.24-1109583/build/include/kcl/kcl_mm.h:65:21: error: redefinition of ‘kvmalloc_array’
   65 | static inline void *kvmalloc_array(size_t n, size_t size, gfp_t flags)
      |                     ^~~~~~~~~~~~~~
In file included from ./include/linux/kallsyms.h:12,
                 from ./include/linux/ftrace.h:12,
                 from ./include/linux/kprobes.h:29,
                 from ./include/linux/kgdb.h:19,
                 from ./include/linux/fb.h:5,
                 from ./include/drm/drm_crtc.h:31,
                 from /var/lib/dkms/amdgpu/5.6.5.24-1109583/build/include/kcl/backport/kcl_drm_backport.h:5,
                 from /var/lib/dkms/amdgpu/5.6.5.24-1109583/build/amd/backport/backport.h:12,
                 from <command-line>:
./include/linux/mm.h:792:21: note: previous definition of ‘kvmalloc_array’ was here
  792 | static inline void *kvmalloc_array(size_t n, size_t size, gfp_t flags)
      |                     ^~~~~~~~~~~~~~
In file included from /var/lib/dkms/amdgpu/5.6.5.24-1109583/build/include/kcl/backport/kcl_mm_backport.h:4,
                 from /var/lib/dkms/amdgpu/5.6.5.24-1109583/build/amd/backport/backport.h:16,
                 from <command-line>:
/var/lib/dkms/amdgpu/5.6.5.24-1109583/build/include/kcl/kcl_mm.h:78:21: error: redefinition of ‘kvcalloc’
   78 | static inline void *kvcalloc(size_t n, size_t size, gfp_t flags)
      |                     ^~~~~~~~
In file included from ./include/linux/kallsyms.h:12,
                 from ./include/linux/ftrace.h:12,
                 from ./include/linux/kprobes.h:29,
                 from ./include/linux/kgdb.h:19,
                 from ./include/linux/fb.h:5,
                 from ./include/drm/drm_crtc.h:31,
                 from /var/lib/dkms/amdgpu/5.6.5.24-1109583/build/include/kcl/backport/kcl_drm_backport.h:5,
                 from /var/lib/dkms/amdgpu/5.6.5.24-1109583/build/amd/backport/backport.h:12,
                 from <command-line>:
./include/linux/mm.h:802:21: note: previous definition of ‘kvcalloc’ was here
  802 | static inline void *kvcalloc(size_t n, size_t size, gfp_t flags)
      |                     ^~~~~~~~
In file included from /var/lib/dkms/amdgpu/5.6.5.24-1109583/build/include/kcl/backport/kcl_mm_backport.h:4,
                 from /var/lib/dkms/amdgpu/5.6.5.24-1109583/build/amd/backport/backport.h:16,
                 from <command-line>:
/var/lib/dkms/amdgpu/5.6.5.24-1109583/build/include/kcl/kcl_mm.h:85:20: error: redefinition of ‘mmgrab’
   85 | static inline void mmgrab(struct mm_struct *mm)
      |                    ^~~~~~
In file included from /var/lib/dkms/amdgpu/5.6.5.24-1109583/build/include/kcl/header/kcl_sched_mm_h.h:6,
                 from /var/lib/dkms/amdgpu/5.6.5.24-1109583/build/include/kcl/kcl_mm.h:5,
                 from /var/lib/dkms/amdgpu/5.6.5.24-1109583/build/include/kcl/backport/kcl_mm_backport.h:4,
                 from /var/lib/dkms/amdgpu/5.6.5.24-1109583/build/amd/backport/backport.h:16,
                 from <command-line>:
./include/linux/sched/mm.h:34:20: note: previous definition of ‘mmgrab’ was here
   34 | static inline void mmgrab(struct mm_struct *mm)
      |                    ^~~~~~
In file included from /var/lib/dkms/amdgpu/5.6.5.24-1109583/build/include/kcl/backport/kcl_mm_backport.h:4,
                 from /var/lib/dkms/amdgpu/5.6.5.24-1109583/build/amd/backport/backport.h:16,
                 from <command-line>:
/var/lib/dkms/amdgpu/5.6.5.24-1109583/build/include/kcl/kcl_mm.h:96:28: error: redefinition of ‘memalloc_nofs_save’
   96 | static inline unsigned int memalloc_nofs_save(void)
      |                            ^~~~~~~~~~~~~~~~~~
In file included from /var/lib/dkms/amdgpu/5.6.5.24-1109583/build/include/kcl/header/kcl_sched_mm_h.h:6,
                 from /var/lib/dkms/amdgpu/5.6.5.24-1109583/build/include/kcl/kcl_mm.h:5,
                 from /var/lib/dkms/amdgpu/5.6.5.24-1109583/build/include/kcl/backport/kcl_mm_backport.h:4,
                 from /var/lib/dkms/amdgpu/5.6.5.24-1109583/build/amd/backport/backport.h:16,
                 from <command-line>:
./include/linux/sched/mm.h:242:28: note: previous definition of ‘memalloc_nofs_save’ was here
  242 | static inline unsigned int memalloc_nofs_save(void)
      |                            ^~~~~~~~~~~~~~~~~~
In file included from /var/lib/dkms/amdgpu/5.6.5.24-1109583/build/include/kcl/backport/kcl_mm_backport.h:4,
                 from /var/lib/dkms/amdgpu/5.6.5.24-1109583/build/amd/backport/backport.h:16,
                 from <command-line>:
/var/lib/dkms/amdgpu/5.6.5.24-1109583/build/include/kcl/kcl_mm.h:101:20: error: redefinition of ‘memalloc_nofs_restore’
  101 | static inline void memalloc_nofs_restore(unsigned int flags)
      |                    ^~~~~~~~~~~~~~~~~~~~~
In file included from /var/lib/dkms/amdgpu/5.6.5.24-1109583/build/include/kcl/header/kcl_sched_mm_h.h:6,
                 from /var/lib/dkms/amdgpu/5.6.5.24-1109583/build/include/kcl/kcl_mm.h:5,
                 from /var/lib/dkms/amdgpu/5.6.5.24-1109583/build/include/kcl/backport/kcl_mm_backport.h:4,
                 from /var/lib/dkms/amdgpu/5.6.5.24-1109583/build/amd/backport/backport.h:16,
                 from <command-line>:
./include/linux/sched/mm.h:257:20: note: previous definition of ‘memalloc_nofs_restore’ was here
  257 | static inline void memalloc_nofs_restore(unsigned int flags)
      |                    ^~~~~~~~~~~~~~~~~~~~~
In file included from /var/lib/dkms/amdgpu/5.6.5.24-1109583/build/include/kcl/backport/kcl_mm_backport.h:4,
                 from /var/lib/dkms/amdgpu/5.6.5.24-1109583/build/amd/backport/backport.h:16,
                 from <command-line>:
/var/lib/dkms/amdgpu/5.6.5.24-1109583/build/include/kcl/kcl_mm.h: In function ‘kcl_get_user_pages’:
/var/lib/dkms/amdgpu/5.6.5.24-1109583/build/include/kcl/kcl_mm.h:136:24: warning: passing argument 1 of ‘get_user_pages’ makes integer from pointer without a cast [-Wint-conversion]
  136 |  return get_user_pages(tsk, mm, start, nr_pages,
      |                        ^~~
      |                        |
      |                        struct task_struct *
In file included from ./include/linux/kallsyms.h:12,
                 from ./include/linux/ftrace.h:12,
                 from ./include/linux/kprobes.h:29,
                 from ./include/linux/kgdb.h:19,
                 from ./include/linux/fb.h:5,
                 from ./include/drm/drm_crtc.h:31,
                 from /var/lib/dkms/amdgpu/5.6.5.24-1109583/build/include/kcl/backport/kcl_drm_backport.h:5,
                 from /var/lib/dkms/amdgpu/5.6.5.24-1109583/build/amd/backport/backport.h:12,
                 from <command-line>:
./include/linux/mm.h:1769:35: note: expected ‘long unsigned int’ but argument is of type ‘struct task_struct *’
 1769 | long get_user_pages(unsigned long start, unsigned long nr_pages,
      |                     ~~~~~~~~~~~~~~^~~~~
In file included from /var/lib/dkms/amdgpu/5.6.5.24-1109583/build/include/kcl/backport/kcl_mm_backport.h:4,
                 from /var/lib/dkms/amdgpu/5.6.5.24-1109583/build/amd/backport/backport.h:16,
                 from <command-line>:
/var/lib/dkms/amdgpu/5.6.5.24-1109583/build/include/kcl/kcl_mm.h:136:29: warning: passing argument 2 of ‘get_user_pages’ makes integer from pointer without a cast [-Wint-conversion]
  136 |  return get_user_pages(tsk, mm, start, nr_pages,
      |                             ^~
      |                             |
      |                             struct mm_struct *
In file included from ./include/linux/kallsyms.h:12,
                 from ./include/linux/ftrace.h:12,
                 from ./include/linux/kprobes.h:29,
                 from ./include/linux/kgdb.h:19,
                 from ./include/linux/fb.h:5,
                 from ./include/drm/drm_crtc.h:31,
                 from /var/lib/dkms/amdgpu/5.6.5.24-1109583/build/include/kcl/backport/kcl_drm_backport.h:5,
                 from /var/lib/dkms/amdgpu/5.6.5.24-1109583/build/amd/backport/backport.h:12,
                 from <command-line>:
./include/linux/mm.h:1769:56: note: expected ‘long unsigned int’ but argument is of type ‘struct mm_struct *’
 1769 | long get_user_pages(unsigned long start, unsigned long nr_pages,
      |                                          ~~~~~~~~~~~~~~^~~~~~~~
In file included from /var/lib/dkms/amdgpu/5.6.5.24-1109583/build/include/kcl/backport/kcl_mm_backport.h:4,
                 from /var/lib/dkms/amdgpu/5.6.5.24-1109583/build/amd/backport/backport.h:16,
                 from <command-line>:
/var/lib/dkms/amdgpu/5.6.5.24-1109583/build/include/kcl/kcl_mm.h:136:40: warning: passing argument 4 of ‘get_user_pages’ makes pointer from integer without a cast [-Wint-conversion]
  136 |  return get_user_pages(tsk, mm, start, nr_pages,
      |                                        ^~~~~~~~
      |                                        |
      |                                        long unsigned int
In file included from ./include/linux/kallsyms.h:12,
                 from ./include/linux/ftrace.h:12,
                 from ./include/linux/kprobes.h:29,
                 from ./include/linux/kgdb.h:19,
                 from ./include/linux/fb.h:5,
                 from ./include/drm/drm_crtc.h:31,
                 from /var/lib/dkms/amdgpu/5.6.5.24-1109583/build/include/kcl/backport/kcl_drm_backport.h:5,
                 from /var/lib/dkms/amdgpu/5.6.5.24-1109583/build/amd/backport/backport.h:12,
                 from <command-line>:
./include/linux/mm.h:1770:46: note: expected ‘struct page **’ but argument is of type ‘long unsigned int’
 1770 |        unsigned int gup_flags, struct page **pages,
      |                                ~~~~~~~~~~~~~~^~~~~
In file included from /var/lib/dkms/amdgpu/5.6.5.24-1109583/build/include/kcl/backport/kcl_mm_backport.h:4,
                 from /var/lib/dkms/amdgpu/5.6.5.24-1109583/build/amd/backport/backport.h:16,
                 from <command-line>:
/var/lib/dkms/amdgpu/5.6.5.24-1109583/build/include/kcl/kcl_mm.h:137:4: warning: passing argument 5 of ‘get_user_pages’ makes pointer from integer without a cast [-Wint-conversion]
  137 |    write, force, pages, vmas);
      |    ^~~~~
      |    |
      |    int
In file included from ./include/linux/kallsyms.h:12,
                 from ./include/linux/ftrace.h:12,
                 from ./include/linux/kprobes.h:29,
                 from ./include/linux/kgdb.h:19,
                 from ./include/linux/fb.h:5,
                 from ./include/drm/drm_crtc.h:31,
                 from /var/lib/dkms/amdgpu/5.6.5.24-1109583/build/include/kcl/backport/kcl_drm_backport.h:5,
                 from /var/lib/dkms/amdgpu/5.6.5.24-1109583/build/amd/backport/backport.h:12,
                 from <command-line>:
./include/linux/mm.h:1771:32: note: expected ‘struct vm_area_struct **’ but argument is of type ‘int’
 1771 |        struct vm_area_struct **vmas);
      |        ~~~~~~~~~~~~~~~~~~~~~~~~^~~~
In file included from /var/lib/dkms/amdgpu/5.6.5.24-1109583/build/include/kcl/backport/kcl_mm_backport.h:4,
                 from /var/lib/dkms/amdgpu/5.6.5.24-1109583/build/amd/backport/backport.h:16,
                 from <command-line>:
/var/lib/dkms/amdgpu/5.6.5.24-1109583/build/include/kcl/kcl_mm.h:136:9: error: too many arguments to function ‘get_user_pages’
  136 |  return get_user_pages(tsk, mm, start, nr_pages,
      |         ^~~~~~~~~~~~~~
In file included from ./include/linux/kallsyms.h:12,
                 from ./include/linux/ftrace.h:12,
                 from ./include/linux/kprobes.h:29,
                 from ./include/linux/kgdb.h:19,
                 from ./include/linux/fb.h:5,
                 from ./include/drm/drm_crtc.h:31,
                 from /var/lib/dkms/amdgpu/5.6.5.24-1109583/build/include/kcl/backport/kcl_drm_backport.h:5,
                 from /var/lib/dkms/amdgpu/5.6.5.24-1109583/build/amd/backport/backport.h:12,
                 from <command-line>:
./include/linux/mm.h:1769:6: note: declared here
 1769 | long get_user_pages(unsigned long start, unsigned long nr_pages,
      |      ^~~~~~~~~~~~~~
In file included from /var/lib/dkms/amdgpu/5.6.5.24-1109583/build/include/kcl/backport/kcl_mm_backport.h:4,
                 from /var/lib/dkms/amdgpu/5.6.5.24-1109583/build/amd/backport/backport.h:16,
                 from <command-line>:
/var/lib/dkms/amdgpu/5.6.5.24-1109583/build/include/kcl/kcl_mm.h: At top level:
/var/lib/dkms/amdgpu/5.6.5.24-1109583/build/include/kcl/kcl_mm.h:142:29: error: redefinition of ‘zone_managed_pages’
  142 | static inline unsigned long zone_managed_pages(struct zone *zone)
      |                             ^~~~~~~~~~~~~~~~~~
In file included from ./include/linux/gfp.h:6,
                 from ./include/linux/xarray.h:14,
                 from ./include/linux/radix-tree.h:19,
                 from ./include/linux/idr.h:15,
                 from ./include/linux/kernfs.h:13,
                 from ./include/linux/sysfs.h:16,
                 from ./include/linux/kobject.h:20,
                 from ./include/linux/of.h:17,
                 from ./include/linux/irqdomain.h:35,
                 from ./include/linux/acpi.h:13,
                 from ./include/linux/i2c.h:13,
                 from ./include/drm/drm_crtc.h:28,
                 from /var/lib/dkms/amdgpu/5.6.5.24-1109583/build/include/kcl/backport/kcl_drm_backport.h:5,
                 from /var/lib/dkms/amdgpu/5.6.5.24-1109583/build/amd/backport/backport.h:12,
                 from <command-line>:
./include/linux/mmzone.h:602:29: note: previous definition of ‘zone_managed_pages’ was here
  602 | static inline unsigned long zone_managed_pages(struct zone *zone)
      |                             ^~~~~~~~~~~~~~~~~~
In file included from /var/lib/dkms/amdgpu/5.6.5.24-1109583/build/include/kcl/backport/kcl_mm_backport.h:4,
                 from /var/lib/dkms/amdgpu/5.6.5.24-1109583/build/amd/backport/backport.h:16,
                 from <command-line>:
/var/lib/dkms/amdgpu/5.6.5.24-1109583/build/include/kcl/kcl_mm.h:155:26: error: conflicting types for ‘vmf_insert_mixed’
  155 | static inline vm_fault_t vmf_insert_mixed(struct vm_area_struct *vma,
      |                          ^~~~~~~~~~~~~~~~
In file included from ./include/linux/kallsyms.h:12,
                 from ./include/linux/ftrace.h:12,
                 from ./include/linux/kprobes.h:29,
                 from ./include/linux/kgdb.h:19,
                 from ./include/linux/fb.h:5,
                 from ./include/drm/drm_crtc.h:31,
                 from /var/lib/dkms/amdgpu/5.6.5.24-1109583/build/include/kcl/backport/kcl_drm_backport.h:5,
                 from /var/lib/dkms/amdgpu/5.6.5.24-1109583/build/amd/backport/backport.h:12,
                 from <command-line>:
./include/linux/mm.h:2780:12: note: previous declaration of ‘vmf_insert_mixed’ was here
 2780 | vm_fault_t vmf_insert_mixed(struct vm_area_struct *vma, unsigned long addr,
      |            ^~~~~~~~~~~~~~~~
In file included from /var/lib/dkms/amdgpu/5.6.5.24-1109583/build/include/kcl/backport/kcl_mm_backport.h:4,
                 from /var/lib/dkms/amdgpu/5.6.5.24-1109583/build/amd/backport/backport.h:16,
                 from <command-line>:
/var/lib/dkms/amdgpu/5.6.5.24-1109583/build/include/kcl/kcl_mm.h: In function ‘vmf_insert_pfn’:
/var/lib/dkms/amdgpu/5.6.5.24-1109583/build/include/kcl/kcl_mm.h:176:13: error: implicit declaration of function ‘vm_insert_pfn’; did you mean ‘vmf_insert_pfn’? [-Werror=implicit-function-declaration]
  176 |   int err = vm_insert_pfn(vma, addr, pfn);
      |             ^~~~~~~~~~~~~
      |             vmf_insert_pfn
/var/lib/dkms/amdgpu/5.6.5.24-1109583/build/include/kcl/kcl_mm.h: At top level:
/var/lib/dkms/amdgpu/5.6.5.24-1109583/build/include/kcl/kcl_mm.h:192:12: error: conflicting types for ‘vmf_insert_mixed_prot’
  192 | vm_fault_t vmf_insert_mixed_prot(struct vm_area_struct *vma, unsigned long addr,
      |            ^~~~~~~~~~~~~~~~~~~~~
In file included from ./include/linux/kallsyms.h:12,
                 from ./include/linux/ftrace.h:12,
                 from ./include/linux/kprobes.h:29,
                 from ./include/linux/kgdb.h:19,
                 from ./include/linux/fb.h:5,
                 from ./include/drm/drm_crtc.h:31,
                 from /var/lib/dkms/amdgpu/5.6.5.24-1109583/build/include/kcl/backport/kcl_drm_backport.h:5,
                 from /var/lib/dkms/amdgpu/5.6.5.24-1109583/build/amd/backport/backport.h:12,
                 from <command-line>:
./include/linux/mm.h:2782:12: note: previous declaration of ‘vmf_insert_mixed_prot’ was here
 2782 | vm_fault_t vmf_insert_mixed_prot(struct vm_area_struct *vma, unsigned long addr,
      |            ^~~~~~~~~~~~~~~~~~~~~
In file included from /var/lib/dkms/amdgpu/5.6.5.24-1109583/build/include/kcl/backport/kcl_mm_backport.h:4,
                 from /var/lib/dkms/amdgpu/5.6.5.24-1109583/build/amd/backport/backport.h:16,
                 from <command-line>:
/var/lib/dkms/amdgpu/5.6.5.24-1109583/build/include/kcl/kcl_mm.h:203:12: error: conflicting types for ‘vmf_insert_pfn_prot’
  203 | vm_fault_t vmf_insert_pfn_prot(struct vm_area_struct *vma, unsigned long addr,
      |            ^~~~~~~~~~~~~~~~~~~
In file included from ./include/linux/kallsyms.h:12,
                 from ./include/linux/ftrace.h:12,
                 from ./include/linux/kprobes.h:29,
                 from ./include/linux/kgdb.h:19,
                 from ./include/linux/fb.h:5,
                 from ./include/drm/drm_crtc.h:31,
                 from /var/lib/dkms/amdgpu/5.6.5.24-1109583/build/include/kcl/backport/kcl_drm_backport.h:5,
                 from /var/lib/dkms/amdgpu/5.6.5.24-1109583/build/amd/backport/backport.h:12,
                 from <command-line>:
./include/linux/mm.h:2778:12: note: previous declaration of ‘vmf_insert_pfn_prot’ was here
 2778 | vm_fault_t vmf_insert_pfn_prot(struct vm_area_struct *vma, unsigned long addr,
      |            ^~~~~~~~~~~~~~~~~~~
/var/lib/dkms/amdgpu/5.6.5.24-1109583/build/amd/amdgpu/amdgpu_drv.c:1567:24: error: ‘drm_gem_prime_handle_to_fd’ undeclared here (not in a function)
 1567 |  .prime_handle_to_fd = drm_gem_prime_handle_to_fd,
      |                        ^~~~~~~~~~~~~~~~~~~~~~~~~~
In file included from /var/lib/dkms/amdgpu/5.6.5.24-1109583/build/amd/backport/backport.h:17,
                 from <command-line>:
/var/lib/dkms/amdgpu/5.6.5.24-1109583/build/include/kcl/kcl_kref.h:8:28: error: redefinition of ‘kref_read’
    8 | static inline unsigned int kref_read(const struct kref *kref)
      |                            ^~~~~~~~~
In file included from ./include/linux/dma-fence.h:20,
                 from /var/lib/dkms/amdgpu/5.6.5.24-1109583/build/include/kcl/kcl_fence.h:11,
                 from /var/lib/dkms/amdgpu/5.6.5.24-1109583/build/include/kcl/backport/kcl_fence_backport.h:4,
                 from /var/lib/dkms/amdgpu/5.6.5.24-1109583/build/amd/backport/backport.h:11,
                 from <command-line>:
./include/linux/kref.h:34:28: note: previous definition of ‘kref_read’ was here
   34 | static inline unsigned int kref_read(const struct kref *kref)
      |                            ^~~~~~~~~
In file included from /var/lib/dkms/amdgpu/5.6.5.24-1109583/build/amd/backport/backport.h:17,
                 from <command-line>:
/var/lib/dkms/amdgpu/5.6.5.24-1109583/build/include/kcl/kcl_kref.h: In function ‘kref_read’:
/var/lib/dkms/amdgpu/5.6.5.24-1109583/build/include/kcl/kcl_kref.h:10:21: error: passing argument 1 of ‘atomic_read’ from incompatible pointer type [-Werror=incompatible-pointer-types]
   10 |  return atomic_read(&kref->refcount);
      |                     ^~~~~~~~~~~~~~~
      |                     |
      |                     const refcount_t * {aka const struct refcount_struct *}
In file included from ./include/linux/atomic.h:82,
                 from ./include/linux/rcupdate.h:25,
                 from /var/lib/dkms/amdgpu/5.6.5.24-1109583/build/include/kcl/kcl_rcupdate.h:5,
                 from /var/lib/dkms/amdgpu/5.6.5.24-1109583/build/include/kcl/kcl_fence.h:6,
                 from /var/lib/dkms/amdgpu/5.6.5.24-1109583/build/include/kcl/backport/kcl_fence_backport.h:4,
                 from /var/lib/dkms/amdgpu/5.6.5.24-1109583/build/amd/backport/backport.h:11,
                 from <command-line>:
./include/asm-generic/atomic-instrumented.h:25:29: note: expected ‘const atomic_t *’ {aka ‘const struct <anonymous> *’} but argument is of type ‘const refcount_t *’ {aka ‘const struct refcount_struct *’}
   25 | atomic_read(const atomic_t *v)
      |             ~~~~~~~~~~~~~~~~^
In file included from /var/lib/dkms/amdgpu/5.6.5.24-1109583/build/include/kcl/kcl_mm.h:15,
                 from /var/lib/dkms/amdgpu/5.6.5.24-1109583/build/include/kcl/backport/kcl_mm_backport.h:4,
                 from /var/lib/dkms/amdgpu/5.6.5.24-1109583/build/amd/backport/backport.h:16,
                 from <command-line>:
/var/lib/dkms/amdgpu/5.6.5.24-1109583/build/include/kcl/kcl_mm_types.h:11:3: error: conflicting types for ‘pfn_t’
   11 | } pfn_t;
      |   ^~~~~
In file included from ./include/asm-generic/memory_model.h:5,
                 from ./arch/x86/include/asm/page.h:76,
                 from ./arch/x86/include/asm/thread_info.h:12,
                 from ./include/linux/thread_info.h:59,
                 from ./arch/x86/include/asm/preempt.h:7,
                 from ./include/linux/preempt.h:78,
                 from ./include/linux/rcupdate.h:27,
                 from /var/lib/dkms/amdgpu/5.6.5.24-1109583/build/include/kcl/kcl_rcupdate.h:5,
                 from /var/lib/dkms/amdgpu/5.6.5.24-1109583/build/include/kcl/kcl_fence.h:6,
                 from /var/lib/dkms/amdgpu/5.6.5.24-1109583/build/include/kcl/backport/kcl_fence_backport.h:4,
                 from /var/lib/dkms/amdgpu/5.6.5.24-1109583/build/amd/backport/backport.h:11,
                 from <command-line>:
./include/linux/pfn.h:15:3: note: previous declaration of ‘pfn_t’ was here
   15 | } pfn_t;
      |   ^~~~~
In file included from /var/lib/dkms/amdgpu/5.6.5.24-1109583/build/include/kcl/kcl_mm.h:15,
                 from /var/lib/dkms/amdgpu/5.6.5.24-1109583/build/include/kcl/backport/kcl_mm_backport.h:4,
                 from /var/lib/dkms/amdgpu/5.6.5.24-1109583/build/amd/backport/backport.h:16,
                 from <command-line>:
/var/lib/dkms/amdgpu/5.6.5.24-1109583/build/include/kcl/kcl_mm_types.h:34:13: error: conflicting types for ‘vm_fault_t’
   34 | typedef int vm_fault_t;
      |             ^~~~~~~~~~
In file included from ./include/linux/mmzone.h:21,
                 from ./include/linux/gfp.h:6,
                 from ./include/linux/xarray.h:14,
                 from ./include/linux/radix-tree.h:19,
                 from ./include/linux/idr.h:15,
                 from ./include/linux/kernfs.h:13,
                 from ./include/linux/sysfs.h:16,
                 from ./include/linux/kobject.h:20,
                 from ./include/linux/of.h:17,
                 from ./include/linux/irqdomain.h:35,
                 from ./include/linux/acpi.h:13,
                 from ./include/linux/i2c.h:13,
                 from ./include/drm/drm_crtc.h:28,
                 from /var/lib/dkms/amdgpu/5.6.5.24-1109583/build/include/kcl/backport/kcl_drm_backport.h:5,
                 from /var/lib/dkms/amdgpu/5.6.5.24-1109583/build/amd/backport/backport.h:12,
                 from <command-line>:
./include/linux/mm_types.h:690:32: note: previous declaration of ‘vm_fault_t’ was here
  690 | typedef __bitwise unsigned int vm_fault_t;
      |                                ^~~~~~~~~~
In file included from /var/lib/dkms/amdgpu/5.6.5.24-1109583/build/include/kcl/backport/kcl_mm_backport.h:4,
                 from /var/lib/dkms/amdgpu/5.6.5.24-1109583/build/amd/backport/backport.h:16,
                 from <command-line>:
/var/lib/dkms/amdgpu/5.6.5.24-1109583/build/include/kcl/kcl_mm.h:22:21: error: redefinition of ‘kvmalloc’
   22 | static inline void *kvmalloc(size_t size, gfp_t flags)
      |                     ^~~~~~~~
In file included from ./include/linux/kallsyms.h:12,
                 from ./include/linux/ftrace.h:12,
                 from ./include/linux/kprobes.h:29,
                 from ./include/linux/kgdb.h:19,
                 from ./include/linux/fb.h:5,
                 from ./include/drm/drm_crtc.h:31,
                 from /var/lib/dkms/amdgpu/5.6.5.24-1109583/build/include/kcl/backport/kcl_drm_backport.h:5,
                 from /var/lib/dkms/amdgpu/5.6.5.24-1109583/build/amd/backport/backport.h:12,
                 from <command-line>:
./include/linux/mm.h:779:21: note: previous definition of ‘kvmalloc’ was here
  779 | static inline void *kvmalloc(size_t size, gfp_t flags)
      |                     ^~~~~~~~
In file included from /var/lib/dkms/amdgpu/5.6.5.24-1109583/build/include/kcl/backport/kcl_mm_backport.h:4,
                 from /var/lib/dkms/amdgpu/5.6.5.24-1109583/build/amd/backport/backport.h:16,
                 from <command-line>:
/var/lib/dkms/amdgpu/5.6.5.24-1109583/build/include/kcl/kcl_mm.h: In function ‘kvmalloc’:
/var/lib/dkms/amdgpu/5.6.5.24-1109583/build/include/kcl/kcl_mm.h:27:9: error: too many arguments to function ‘__vmalloc’
   27 |   out = __vmalloc(size, flags, PAGE_KERNEL);
      |         ^~~~~~~~~
In file included from ./include/asm-generic/io.h:911,
                 from ./arch/x86/include/asm/io.h:375,
                 from ./include/linux/io.h:13,
                 from ./include/acpi/acpi_io.h:5,
                 from ./include/linux/acpi.h:35,
                 from ./include/linux/i2c.h:13,
                 from ./include/drm/drm_crtc.h:28,
                 from /var/lib/dkms/amdgpu/5.6.5.24-1109583/build/include/kcl/backport/kcl_drm_backport.h:5,
                 from /var/lib/dkms/amdgpu/5.6.5.24-1109583/build/amd/backport/backport.h:12,
                 from <command-line>:
./include/linux/vmalloc.h:105:14: note: declared here
  105 | extern void *__vmalloc(unsigned long size, gfp_t gfp_mask);
      |              ^~~~~~~~~
In file included from /var/lib/dkms/amdgpu/5.6.5.24-1109583/build/include/kcl/backport/kcl_mm_backport.h:4,
                 from /var/lib/dkms/amdgpu/5.6.5.24-1109583/build/amd/backport/backport.h:16,
                 from <command-line>:
/var/lib/dkms/amdgpu/5.6.5.24-1109583/build/include/kcl/kcl_mm.h: At top level:
/var/lib/dkms/amdgpu/5.6.5.24-1109583/build/include/kcl/kcl_mm.h:32:21: error: redefinition of ‘kvzalloc’
   32 | static inline void *kvzalloc(size_t size, gfp_t flags)
      |                     ^~~~~~~~
In file included from ./include/linux/kallsyms.h:12,
                 from ./include/linux/ftrace.h:12,
                 from ./include/linux/kprobes.h:29,
                 from ./include/linux/kgdb.h:19,
                 from ./include/linux/fb.h:5,
                 from ./include/drm/drm_crtc.h:31,
                 from /var/lib/dkms/amdgpu/5.6.5.24-1109583/build/include/kcl/backport/kcl_drm_backport.h:5,
                 from /var/lib/dkms/amdgpu/5.6.5.24-1109583/build/amd/backport/backport.h:12,
                 from <command-line>:
./include/linux/mm.h:787:21: note: previous definition of ‘kvzalloc’ was here
  787 | static inline void *kvzalloc(size_t size, gfp_t flags)
      |                     ^~~~~~~~
In file included from /var/lib/dkms/amdgpu/5.6.5.24-1109583/build/include/kcl/backport/kcl_mm_backport.h:4,
                 from /var/lib/dkms/amdgpu/5.6.5.24-1109583/build/amd/backport/backport.h:16,
                 from <command-line>:
/var/lib/dkms/amdgpu/5.6.5.24-1109583/build/include/kcl/kcl_mm.h:45:20: error: static declaration of ‘kvfree’ follows non-static declaration
   45 | static inline void kvfree(const void *addr)
      |                    ^~~~~~
In file included from ./include/linux/kallsyms.h:12,
                 from ./include/linux/ftrace.h:12,
                 from ./include/linux/kprobes.h:29,
                 from ./include/linux/kgdb.h:19,
                 from ./include/linux/fb.h:5,
                 from ./include/drm/drm_crtc.h:31,
                 from /var/lib/dkms/amdgpu/5.6.5.24-1109583/build/include/kcl/backport/kcl_drm_backport.h:5,
                 from /var/lib/dkms/amdgpu/5.6.5.24-1109583/build/amd/backport/backport.h:12,
                 from <command-line>:
./include/linux/mm.h:807:13: note: previous declaration of ‘kvfree’ was here
  807 | extern void kvfree(const void *addr);
      |             ^~~~~~
In file included from /var/lib/dkms/amdgpu/5.6.5.24-1109583/build/include/kcl/backport/kcl_mm_backport.h:4,
                 from /var/lib/dkms/amdgpu/5.6.5.24-1109583/build/amd/backport/backport.h:16,
                 from <command-line>:
/var/lib/dkms/amdgpu/5.6.5.24-1109583/build/include/kcl/kcl_mm.h:65:21: error: redefinition of ‘kvmalloc_array’
   65 | static inline void *kvmalloc_array(size_t n, size_t size, gfp_t flags)
      |                     ^~~~~~~~~~~~~~
In file included from ./include/linux/kallsyms.h:12,
                 from ./include/linux/ftrace.h:12,
                 from ./include/linux/kprobes.h:29,
                 from ./include/linux/kgdb.h:19,
                 from ./include/linux/fb.h:5,
                 from ./include/drm/drm_crtc.h:31,
                 from /var/lib/dkms/amdgpu/5.6.5.24-1109583/build/include/kcl/backport/kcl_drm_backport.h:5,
                 from /var/lib/dkms/amdgpu/5.6.5.24-1109583/build/amd/backport/backport.h:12,
                 from <command-line>:
./include/linux/mm.h:792:21: note: previous definition of ‘kvmalloc_array’ was here
  792 | static inline void *kvmalloc_array(size_t n, size_t size, gfp_t flags)
      |                     ^~~~~~~~~~~~~~
In file included from /var/lib/dkms/amdgpu/5.6.5.24-1109583/build/include/kcl/backport/kcl_mm_backport.h:4,
                 from /var/lib/dkms/amdgpu/5.6.5.24-1109583/build/amd/backport/backport.h:16,
                 from <command-line>:
/var/lib/dkms/amdgpu/5.6.5.24-1109583/build/include/kcl/kcl_mm.h:78:21: error: redefinition of ‘kvcalloc’
   78 | static inline void *kvcalloc(size_t n, size_t size, gfp_t flags)
      |                     ^~~~~~~~
In file included from ./include/linux/kallsyms.h:12,
                 from ./include/linux/ftrace.h:12,
                 from ./include/linux/kprobes.h:29,
                 from ./include/linux/kgdb.h:19,
                 from ./include/linux/fb.h:5,
                 from ./include/drm/drm_crtc.h:31,
                 from /var/lib/dkms/amdgpu/5.6.5.24-1109583/build/include/kcl/backport/kcl_drm_backport.h:5,
                 from /var/lib/dkms/amdgpu/5.6.5.24-1109583/build/amd/backport/backport.h:12,
                 from <command-line>:
./include/linux/mm.h:802:21: note: previous definition of ‘kvcalloc’ was here
  802 | static inline void *kvcalloc(size_t n, size_t size, gfp_t flags)
      |                     ^~~~~~~~
In file included from /var/lib/dkms/amdgpu/5.6.5.24-1109583/build/include/kcl/backport/kcl_mm_backport.h:4,
                 from /var/lib/dkms/amdgpu/5.6.5.24-1109583/build/amd/backport/backport.h:16,
                 from <command-line>:
/var/lib/dkms/amdgpu/5.6.5.24-1109583/build/include/kcl/kcl_mm.h:85:20: error: redefinition of ‘mmgrab’
   85 | static inline void mmgrab(struct mm_struct *mm)
      |                    ^~~~~~
In file included from /var/lib/dkms/amdgpu/5.6.5.24-1109583/build/include/kcl/header/kcl_sched_mm_h.h:6,
                 from /var/lib/dkms/amdgpu/5.6.5.24-1109583/build/include/kcl/kcl_mm.h:5,
                 from /var/lib/dkms/amdgpu/5.6.5.24-1109583/build/include/kcl/backport/kcl_mm_backport.h:4,
                 from /var/lib/dkms/amdgpu/5.6.5.24-1109583/build/amd/backport/backport.h:16,
                 from <command-line>:
./include/linux/sched/mm.h:34:20: note: previous definition of ‘mmgrab’ was here
   34 | static inline void mmgrab(struct mm_struct *mm)
      |                    ^~~~~~
In file included from /var/lib/dkms/amdgpu/5.6.5.24-1109583/build/include/kcl/backport/kcl_mm_backport.h:4,
                 from /var/lib/dkms/amdgpu/5.6.5.24-1109583/build/amd/backport/backport.h:16,
                 from <command-line>:
/var/lib/dkms/amdgpu/5.6.5.24-1109583/build/include/kcl/kcl_mm.h:96:28: error: redefinition of ‘memalloc_nofs_save’
   96 | static inline unsigned int memalloc_nofs_save(void)
      |                            ^~~~~~~~~~~~~~~~~~
In file included from /var/lib/dkms/amdgpu/5.6.5.24-1109583/build/include/kcl/header/kcl_sched_mm_h.h:6,
                 from /var/lib/dkms/amdgpu/5.6.5.24-1109583/build/include/kcl/kcl_mm.h:5,
                 from /var/lib/dkms/amdgpu/5.6.5.24-1109583/build/include/kcl/backport/kcl_mm_backport.h:4,
                 from /var/lib/dkms/amdgpu/5.6.5.24-1109583/build/amd/backport/backport.h:16,
                 from <command-line>:
./include/linux/sched/mm.h:242:28: note: previous definition of ‘memalloc_nofs_save’ was here
  242 | static inline unsigned int memalloc_nofs_save(void)
      |                            ^~~~~~~~~~~~~~~~~~
In file included from /var/lib/dkms/amdgpu/5.6.5.24-1109583/build/include/kcl/backport/kcl_mm_backport.h:4,
                 from /var/lib/dkms/amdgpu/5.6.5.24-1109583/build/amd/backport/backport.h:16,
                 from <command-line>:
/var/lib/dkms/amdgpu/5.6.5.24-1109583/build/include/kcl/kcl_mm.h:101:20: error: redefinition of ‘memalloc_nofs_restore’
  101 | static inline void memalloc_nofs_restore(unsigned int flags)
      |                    ^~~~~~~~~~~~~~~~~~~~~
In file included from /var/lib/dkms/amdgpu/5.6.5.24-1109583/build/include/kcl/header/kcl_sched_mm_h.h:6,
                 from /var/lib/dkms/amdgpu/5.6.5.24-1109583/build/include/kcl/kcl_mm.h:5,
                 from /var/lib/dkms/amdgpu/5.6.5.24-1109583/build/include/kcl/backport/kcl_mm_backport.h:4,
                 from /var/lib/dkms/amdgpu/5.6.5.24-1109583/build/amd/backport/backport.h:16,
                 from <command-line>:
./include/linux/sched/mm.h:257:20: note: previous definition of ‘memalloc_nofs_restore’ was here
  257 | static inline void memalloc_nofs_restore(unsigned int flags)
      |                    ^~~~~~~~~~~~~~~~~~~~~
In file included from /var/lib/dkms/amdgpu/5.6.5.24-1109583/build/include/kcl/backport/kcl_mm_backport.h:4,
                 from /var/lib/dkms/amdgpu/5.6.5.24-1109583/build/amd/backport/backport.h:16,
                 from <command-line>:
/var/lib/dkms/amdgpu/5.6.5.24-1109583/build/include/kcl/kcl_mm.h: In function ‘kcl_get_user_pages’:
/var/lib/dkms/amdgpu/5.6.5.24-1109583/build/include/kcl/kcl_mm.h:136:24: warning: passing argument 1 of ‘get_user_pages’ makes integer from pointer without a cast [-Wint-conversion]
  136 |  return get_user_pages(tsk, mm, start, nr_pages,
      |                        ^~~
      |                        |
      |                        struct task_struct *
In file included from ./include/linux/kallsyms.h:12,
                 from ./include/linux/ftrace.h:12,
                 from ./include/linux/kprobes.h:29,
                 from ./include/linux/kgdb.h:19,
                 from ./include/linux/fb.h:5,
                 from ./include/drm/drm_crtc.h:31,
                 from /var/lib/dkms/amdgpu/5.6.5.24-1109583/build/include/kcl/backport/kcl_drm_backport.h:5,
                 from /var/lib/dkms/amdgpu/5.6.5.24-1109583/build/amd/backport/backport.h:12,
                 from <command-line>:
./include/linux/mm.h:1769:35: note: expected ‘long unsigned int’ but argument is of type ‘struct task_struct *’
 1769 | long get_user_pages(unsigned long start, unsigned long nr_pages,
      |                     ~~~~~~~~~~~~~~^~~~~
In file included from /var/lib/dkms/amdgpu/5.6.5.24-1109583/build/include/kcl/backport/kcl_mm_backport.h:4,
                 from /var/lib/dkms/amdgpu/5.6.5.24-1109583/build/amd/backport/backport.h:16,
                 from <command-line>:
/var/lib/dkms/amdgpu/5.6.5.24-1109583/build/include/kcl/kcl_mm.h:136:29: warning: passing argument 2 of ‘get_user_pages’ makes integer from pointer without a cast [-Wint-conversion]
  136 |  return get_user_pages(tsk, mm, start, nr_pages,
      |                             ^~
      |                             |
      |                             struct mm_struct *
In file included from ./include/linux/kallsyms.h:12,
                 from ./include/linux/ftrace.h:12,
                 from ./include/linux/kprobes.h:29,
                 from ./include/linux/kgdb.h:19,
                 from ./include/linux/fb.h:5,
                 from ./include/drm/drm_crtc.h:31,
                 from /var/lib/dkms/amdgpu/5.6.5.24-1109583/build/include/kcl/backport/kcl_drm_backport.h:5,
                 from /var/lib/dkms/amdgpu/5.6.5.24-1109583/build/amd/backport/backport.h:12,
                 from <command-line>:
./include/linux/mm.h:1769:56: note: expected ‘long unsigned int’ but argument is of type ‘struct mm_struct *’
 1769 | long get_user_pages(unsigned long start, unsigned long nr_pages,
      |                                          ~~~~~~~~~~~~~~^~~~~~~~
In file included from /var/lib/dkms/amdgpu/5.6.5.24-1109583/build/include/kcl/backport/kcl_mm_backport.h:4,
                 from /var/lib/dkms/amdgpu/5.6.5.24-1109583/build/amd/backport/backport.h:16,
                 from <command-line>:
/var/lib/dkms/amdgpu/5.6.5.24-1109583/build/include/kcl/kcl_mm.h:136:40: warning: passing argument 4 of ‘get_user_pages’ makes pointer from integer without a cast [-Wint-conversion]
  136 |  return get_user_pages(tsk, mm, start, nr_pages,
      |                                        ^~~~~~~~
      |                                        |
      |                                        long unsigned int
In file included from ./include/linux/kallsyms.h:12,
                 from ./include/linux/ftrace.h:12,
                 from ./include/linux/kprobes.h:29,
                 from ./include/linux/kgdb.h:19,
                 from ./include/linux/fb.h:5,
                 from ./include/drm/drm_crtc.h:31,
                 from /var/lib/dkms/amdgpu/5.6.5.24-1109583/build/include/kcl/backport/kcl_drm_backport.h:5,
                 from /var/lib/dkms/amdgpu/5.6.5.24-1109583/build/amd/backport/backport.h:12,
                 from <command-line>:
./include/linux/mm.h:1770:46: note: expected ‘struct page **’ but argument is of type ‘long unsigned int’
 1770 |        unsigned int gup_flags, struct page **pages,
      |                                ~~~~~~~~~~~~~~^~~~~
In file included from /var/lib/dkms/amdgpu/5.6.5.24-1109583/build/include/kcl/backport/kcl_mm_backport.h:4,
                 from /var/lib/dkms/amdgpu/5.6.5.24-1109583/build/amd/backport/backport.h:16,
                 from <command-line>:
/var/lib/dkms/amdgpu/5.6.5.24-1109583/build/include/kcl/kcl_mm.h:137:4: warning: passing argument 5 of ‘get_user_pages’ makes pointer from integer without a cast [-Wint-conversion]
  137 |    write, force, pages, vmas);
      |    ^~~~~
      |    |
      |    int
In file included from ./include/linux/kallsyms.h:12,
                 from ./include/linux/ftrace.h:12,
                 from ./include/linux/kprobes.h:29,
                 from ./include/linux/kgdb.h:19,
                 from ./include/linux/fb.h:5,
                 from ./include/drm/drm_crtc.h:31,
                 from /var/lib/dkms/amdgpu/5.6.5.24-1109583/build/include/kcl/backport/kcl_drm_backport.h:5,
                 from /var/lib/dkms/amdgpu/5.6.5.24-1109583/build/amd/backport/backport.h:12,
                 from <command-line>:
./include/linux/mm.h:1771:32: note: expected ‘struct vm_area_struct **’ but argument is of type ‘int’
 1771 |        struct vm_area_struct **vmas);
      |        ~~~~~~~~~~~~~~~~~~~~~~~~^~~~
In file included from /var/lib/dkms/amdgpu/5.6.5.24-1109583/build/include/kcl/backport/kcl_mm_backport.h:4,
                 from /var/lib/dkms/amdgpu/5.6.5.24-1109583/build/amd/backport/backport.h:16,
                 from <command-line>:
/var/lib/dkms/amdgpu/5.6.5.24-1109583/build/include/kcl/kcl_mm.h:136:9: error: too many arguments to function ‘get_user_pages’
  136 |  return get_user_pages(tsk, mm, start, nr_pages,
      |         ^~~~~~~~~~~~~~
In file included from ./include/linux/kallsyms.h:12,
                 from ./include/linux/ftrace.h:12,
                 from ./include/linux/kprobes.h:29,
                 from ./include/linux/kgdb.h:19,
                 from ./include/linux/fb.h:5,
                 from ./include/drm/drm_crtc.h:31,
                 from /var/lib/dkms/amdgpu/5.6.5.24-1109583/build/include/kcl/backport/kcl_drm_backport.h:5,
                 from /var/lib/dkms/amdgpu/5.6.5.24-1109583/build/amd/backport/backport.h:12,
                 from <command-line>:
./include/linux/mm.h:1769:6: note: declared here
 1769 | long get_user_pages(unsigned long start, unsigned long nr_pages,
      |      ^~~~~~~~~~~~~~
In file included from /var/lib/dkms/amdgpu/5.6.5.24-1109583/build/include/kcl/backport/kcl_mm_backport.h:4,
                 from /var/lib/dkms/amdgpu/5.6.5.24-1109583/build/amd/backport/backport.h:16,
                 from <command-line>:
/var/lib/dkms/amdgpu/5.6.5.24-1109583/build/include/kcl/kcl_mm.h: At top level:
/var/lib/dkms/amdgpu/5.6.5.24-1109583/build/include/kcl/kcl_mm.h:142:29: error: redefinition of ‘zone_managed_pages’
  142 | static inline unsigned long zone_managed_pages(struct zone *zone)
      |                             ^~~~~~~~~~~~~~~~~~
In file included from ./include/linux/gfp.h:6,
                 from ./include/linux/xarray.h:14,
                 from ./include/linux/radix-tree.h:19,
                 from ./include/linux/idr.h:15,
                 from ./include/linux/kernfs.h:13,
                 from ./include/linux/sysfs.h:16,
                 from ./include/linux/kobject.h:20,
                 from ./include/linux/of.h:17,
                 from ./include/linux/irqdomain.h:35,
                 from ./include/linux/acpi.h:13,
                 from ./include/linux/i2c.h:13,
                 from ./include/drm/drm_crtc.h:28,
                 from /var/lib/dkms/amdgpu/5.6.5.24-1109583/build/include/kcl/backport/kcl_drm_backport.h:5,
                 from /var/lib/dkms/amdgpu/5.6.5.24-1109583/build/amd/backport/backport.h:12,
                 from <command-line>:
./include/linux/mmzone.h:602:29: note: previous definition of ‘zone_managed_pages’ was here
  602 | static inline unsigned long zone_managed_pages(struct zone *zone)
      |                             ^~~~~~~~~~~~~~~~~~
In file included from /var/lib/dkms/amdgpu/5.6.5.24-1109583/build/include/kcl/backport/kcl_mm_backport.h:4,
                 from /var/lib/dkms/amdgpu/5.6.5.24-1109583/build/amd/backport/backport.h:16,
                 from <command-line>:
/var/lib/dkms/amdgpu/5.6.5.24-1109583/build/include/kcl/kcl_mm.h:155:26: error: conflicting types for ‘vmf_insert_mixed’
  155 | static inline vm_fault_t vmf_insert_mixed(struct vm_area_struct *vma,
      |                          ^~~~~~~~~~~~~~~~
In file included from ./include/linux/kallsyms.h:12,
                 from ./include/linux/ftrace.h:12,
                 from ./include/linux/kprobes.h:29,
                 from ./include/linux/kgdb.h:19,
                 from ./include/linux/fb.h:5,
                 from ./include/drm/drm_crtc.h:31,
                 from /var/lib/dkms/amdgpu/5.6.5.24-1109583/build/include/kcl/backport/kcl_drm_backport.h:5,
                 from /var/lib/dkms/amdgpu/5.6.5.24-1109583/build/amd/backport/backport.h:12,
                 from <command-line>:
./include/linux/mm.h:2780:12: note: previous declaration of ‘vmf_insert_mixed’ was here
 2780 | vm_fault_t vmf_insert_mixed(struct vm_area_struct *vma, unsigned long addr,
      |            ^~~~~~~~~~~~~~~~
In file included from /var/lib/dkms/amdgpu/5.6.5.24-1109583/build/include/kcl/backport/kcl_mm_backport.h:4,
                 from /var/lib/dkms/amdgpu/5.6.5.24-1109583/build/amd/backport/backport.h:16,
                 from <command-line>:
/var/lib/dkms/amdgpu/5.6.5.24-1109583/build/include/kcl/kcl_mm.h: In function ‘vmf_insert_mixed’:
/var/lib/dkms/amdgpu/5.6.5.24-1109583/build/include/kcl/kcl_mm.h:161:8: error: implicit declaration of function ‘vm_insert_mixed’; did you mean ‘vmf_insert_mixed’? [-Werror=implicit-function-declaration]
  161 |  err = vm_insert_mixed(vma, addr, pfn_t_to_pfn(pfn));
      |        ^~~~~~~~~~~~~~~
      |        vmf_insert_mixed
/var/lib/dkms/amdgpu/5.6.5.24-1109583/build/include/kcl/kcl_mm.h: At top level:
/var/lib/dkms/amdgpu/5.6.5.24-1109583/build/include/kcl/kcl_mm.h:173:26: error: conflicting types for ‘vmf_insert_pfn’
  173 | static inline vm_fault_t vmf_insert_pfn(struct vm_area_struct *vma,
      |                          ^~~~~~~~~~~~~~
In file included from ./include/linux/kallsyms.h:12,
                 from ./include/linux/ftrace.h:12,
                 from ./include/linux/kprobes.h:29,
                 from ./include/linux/kgdb.h:19,
                 from ./include/linux/fb.h:5,
                 from ./include/drm/drm_crtc.h:31,
                 from /var/lib/dkms/amdgpu/5.6.5.24-1109583/build/include/kcl/backport/kcl_drm_backport.h:5,
                 from /var/lib/dkms/amdgpu/5.6.5.24-1109583/build/amd/backport/backport.h:12,
                 from <command-line>:
./include/linux/mm.h:2776:12: note: previous declaration of ‘vmf_insert_pfn’ was here
 2776 | vm_fault_t vmf_insert_pfn(struct vm_area_struct *vma, unsigned long addr,
      |            ^~~~~~~~~~~~~~
In file included from /var/lib/dkms/amdgpu/5.6.5.24-1109583/build/include/kcl/backport/kcl_mm_backport.h:4,
                 from /var/lib/dkms/amdgpu/5.6.5.24-1109583/build/amd/backport/backport.h:16,
                 from <command-line>:
/var/lib/dkms/amdgpu/5.6.5.24-1109583/build/include/kcl/kcl_mm.h: In function ‘vmf_insert_mixed’:
/var/lib/dkms/amdgpu/5.6.5.24-1109583/build/include/kcl/kcl_mm.h:161:8: error: implicit declaration of function ‘vm_insert_mixed’; did you mean ‘vmf_insert_mixed’? [-Werror=implicit-function-declaration]
  161 |  err = vm_insert_mixed(vma, addr, pfn_t_to_pfn(pfn));
      |        ^~~~~~~~~~~~~~~
      |        vmf_insert_mixed
/var/lib/dkms/amdgpu/5.6.5.24-1109583/build/include/kcl/kcl_mm.h: At top level:
/var/lib/dkms/amdgpu/5.6.5.24-1109583/build/include/kcl/kcl_mm.h:173:26: error: conflicting types for ‘vmf_insert_pfn’
  173 | static inline vm_fault_t vmf_insert_pfn(struct vm_area_struct *vma,
      |                          ^~~~~~~~~~~~~~
In file included from ./include/linux/kallsyms.h:12,
                 from ./include/linux/ftrace.h:12,
                 from ./include/linux/kprobes.h:29,
                 from ./include/linux/kgdb.h:19,
                 from ./include/linux/fb.h:5,
                 from ./include/drm/drm_crtc.h:31,
                 from /var/lib/dkms/amdgpu/5.6.5.24-1109583/build/include/kcl/backport/kcl_drm_backport.h:5,
                 from /var/lib/dkms/amdgpu/5.6.5.24-1109583/build/amd/backport/backport.h:12,
                 from <command-line>:
./include/linux/mm.h:2776:12: note: previous declaration of ‘vmf_insert_pfn’ was here
 2776 | vm_fault_t vmf_insert_pfn(struct vm_area_struct *vma, unsigned long addr,
      |            ^~~~~~~~~~~~~~
In file included from /var/lib/dkms/amdgpu/5.6.5.24-1109583/build/include/kcl/backport/kcl_mm_backport.h:4,
                 from /var/lib/dkms/amdgpu/5.6.5.24-1109583/build/amd/backport/backport.h:16,
                 from <command-line>:
/var/lib/dkms/amdgpu/5.6.5.24-1109583/build/include/kcl/kcl_mm.h: In function ‘vmf_insert_pfn’:
/var/lib/dkms/amdgpu/5.6.5.24-1109583/build/include/kcl/kcl_mm.h:176:13: error: implicit declaration of function ‘vm_insert_pfn’; did you mean ‘vmf_insert_pfn’? [-Werror=implicit-function-declaration]
  176 |   int err = vm_insert_pfn(vma, addr, pfn);
      |             ^~~~~~~~~~~~~
      |             vmf_insert_pfn
/var/lib/dkms/amdgpu/5.6.5.24-1109583/build/include/kcl/kcl_mm.h: At top level:
/var/lib/dkms/amdgpu/5.6.5.24-1109583/build/include/kcl/kcl_mm.h:192:12: error: conflicting types for ‘vmf_insert_mixed_prot’
  192 | vm_fault_t vmf_insert_mixed_prot(struct vm_area_struct *vma, unsigned long addr,
      |            ^~~~~~~~~~~~~~~~~~~~~
In file included from ./include/linux/kallsyms.h:12,
                 from ./include/linux/ftrace.h:12,
                 from ./include/linux/kprobes.h:29,
                 from ./include/linux/kgdb.h:19,
                 from ./include/linux/fb.h:5,
                 from ./include/drm/drm_crtc.h:31,
                 from /var/lib/dkms/amdgpu/5.6.5.24-1109583/build/include/kcl/backport/kcl_drm_backport.h:5,
                 from /var/lib/dkms/amdgpu/5.6.5.24-1109583/build/amd/backport/backport.h:12,
                 from <command-line>:
./include/linux/mm.h:2782:12: note: previous declaration of ‘vmf_insert_mixed_prot’ was here
 2782 | vm_fault_t vmf_insert_mixed_prot(struct vm_area_struct *vma, unsigned long addr,
      |            ^~~~~~~~~~~~~~~~~~~~~
In file included from /var/lib/dkms/amdgpu/5.6.5.24-1109583/build/include/kcl/backport/kcl_mm_backport.h:4,
                 from /var/lib/dkms/amdgpu/5.6.5.24-1109583/build/amd/backport/backport.h:16,
                 from <command-line>:
/var/lib/dkms/amdgpu/5.6.5.24-1109583/build/include/kcl/kcl_mm.h:203:12: error: conflicting types for ‘vmf_insert_pfn_prot’
  203 | vm_fault_t vmf_insert_pfn_prot(struct vm_area_struct *vma, unsigned long addr,
      |            ^~~~~~~~~~~~~~~~~~~
In file included from ./include/linux/kallsyms.h:12,
                 from ./include/linux/ftrace.h:12,
                 from ./include/linux/kprobes.h:29,
                 from ./include/linux/kgdb.h:19,
                 from ./include/linux/fb.h:5,
                 from ./include/drm/drm_crtc.h:31,
                 from /var/lib/dkms/amdgpu/5.6.5.24-1109583/build/include/kcl/backport/kcl_drm_backport.h:5,
                 from /var/lib/dkms/amdgpu/5.6.5.24-1109583/build/amd/backport/backport.h:12,
                 from <command-line>:
./include/linux/mm.h:2778:12: note: previous declaration of ‘vmf_insert_pfn_prot’ was here
 2778 | vm_fault_t vmf_insert_pfn_prot(struct vm_area_struct *vma, unsigned long addr,
      |            ^~~~~~~~~~~~~~~~~~~
In file included from /var/lib/dkms/amdgpu/5.6.5.24-1109583/build/amd/backport/backport.h:17,
                 from <command-line>:
/var/lib/dkms/amdgpu/5.6.5.24-1109583/build/include/kcl/kcl_kref.h:8:28: error: redefinition of ‘kref_read’
    8 | static inline unsigned int kref_read(const struct kref *kref)
      |                            ^~~~~~~~~
In file included from ./include/linux/dma-fence.h:20,
                 from /var/lib/dkms/amdgpu/5.6.5.24-1109583/build/include/kcl/kcl_fence.h:11,
                 from /var/lib/dkms/amdgpu/5.6.5.24-1109583/build/include/kcl/backport/kcl_fence_backport.h:4,
                 from /var/lib/dkms/amdgpu/5.6.5.24-1109583/build/amd/backport/backport.h:11,
                 from <command-line>:
./include/linux/kref.h:34:28: note: previous definition of ‘kref_read’ was here
   34 | static inline unsigned int kref_read(const struct kref *kref)
      |                            ^~~~~~~~~
In file included from /var/lib/dkms/amdgpu/5.6.5.24-1109583/build/amd/backport/backport.h:17,
                 from <command-line>:
/var/lib/dkms/amdgpu/5.6.5.24-1109583/build/include/kcl/kcl_kref.h: In function ‘kref_read’:
/var/lib/dkms/amdgpu/5.6.5.24-1109583/build/include/kcl/kcl_kref.h:10:21: error: passing argument 1 of ‘atomic_read’ from incompatible pointer type [-Werror=incompatible-pointer-types]
   10 |  return atomic_read(&kref->refcount);
      |                     ^~~~~~~~~~~~~~~
      |                     |
      |                     const refcount_t * {aka const struct refcount_struct *}
In file included from ./include/linux/atomic.h:82,
                 from ./include/linux/rcupdate.h:25,
                 from /var/lib/dkms/amdgpu/5.6.5.24-1109583/build/include/kcl/kcl_rcupdate.h:5,
                 from /var/lib/dkms/amdgpu/5.6.5.24-1109583/build/include/kcl/kcl_fence.h:6,
                 from /var/lib/dkms/amdgpu/5.6.5.24-1109583/build/include/kcl/backport/kcl_fence_backport.h:4,
                 from /var/lib/dkms/amdgpu/5.6.5.24-1109583/build/amd/backport/backport.h:11,
                 from <command-line>:
./include/asm-generic/atomic-instrumented.h:25:29: note: expected ‘const atomic_t *’ {aka ‘const struct <anonymous> *’} but argument is of type ‘const refcount_t *’ {aka ‘const struct refcount_struct *’}
   25 | atomic_read(const atomic_t *v)
      |             ~~~~~~~~~~~~~~~~^
In file included from /var/lib/dkms/amdgpu/5.6.5.24-1109583/build/include/kcl/backport/kcl_drm_backport.h:16,
                 from /var/lib/dkms/amdgpu/5.6.5.24-1109583/build/amd/backport/backport.h:12,
                 from <command-line>:
/var/lib/dkms/amdgpu/5.6.5.24-1109583/build/include/kcl/kcl_drm.h: In function ‘drm_gem_object_put_unlocked’:
/var/lib/dkms/amdgpu/5.6.5.24-1109583/build/include/kcl/kcl_drm.h:208:9: error: implicit declaration of function ‘drm_gem_object_unreference_unlocked’; did you mean ‘drm_gem_object_put_unlocked’? [-Werror=implicit-function-declaration]
  208 |  return drm_gem_object_unreference_unlocked(obj);
      |         ^~~~~~~~~~~~~~~~~~~~~~~~~~~~~~~~~~~
      |         drm_gem_object_put_unlocked
/var/lib/dkms/amdgpu/5.6.5.24-1109583/build/include/kcl/kcl_drm.h:208:9: error: ‘return’ with a value, in function returning void [-Werror=return-type]
  208 |  return drm_gem_object_unreference_unlocked(obj);
      |         ^~~~~~~~~~~~~~~~~~~~~~~~~~~~~~~~~~~~~~~~
/var/lib/dkms/amdgpu/5.6.5.24-1109583/build/include/kcl/kcl_drm.h:206:1: note: declared here
  206 | drm_gem_object_put_unlocked(struct drm_gem_object *obj)
      | ^~~~~~~~~~~~~~~~~~~~~~~~~~~
/var/lib/dkms/amdgpu/5.6.5.24-1109583/build/include/kcl/kcl_drm.h: At top level:
/var/lib/dkms/amdgpu/5.6.5.24-1109583/build/include/kcl/kcl_drm.h:212:1: error: redefinition of ‘drm_gem_object_get’
  212 | drm_gem_object_get(struct drm_gem_object *obj)
      | ^~~~~~~~~~~~~~~~~~
In file included from /var/lib/dkms/amdgpu/5.6.5.24-1109583/build/include/kcl/backport/kcl_drm_backport.h:11,
                 from /var/lib/dkms/amdgpu/5.6.5.24-1109583/build/amd/backport/backport.h:12,
                 from <command-line>:
./include/drm/drm_gem.h:362:20: note: previous definition of ‘drm_gem_object_get’ was here
  362 | static inline void drm_gem_object_get(struct drm_gem_object *obj)
      |                    ^~~~~~~~~~~~~~~~~~
In file included from /var/lib/dkms/amdgpu/5.6.5.24-1109583/build/include/kcl/backport/kcl_drm_backport.h:16,
                 from /var/lib/dkms/amdgpu/5.6.5.24-1109583/build/amd/backport/backport.h:12,
                 from <command-line>:
/var/lib/dkms/amdgpu/5.6.5.24-1109583/build/include/kcl/kcl_drm.h:261:20: error: static declaration of ‘drm_dev_get’ follows non-static declaration
  261 | static inline void drm_dev_get(struct drm_device *dev)
      |                    ^~~~~~~~~~~
In file included from /var/lib/dkms/amdgpu/5.6.5.24-1109583/build/include/kcl/header/kcl_drm_drv_h.h:6,
                 from /var/lib/dkms/amdgpu/5.6.5.24-1109583/build/include/kcl/kcl_drm.h:24,
                 from /var/lib/dkms/amdgpu/5.6.5.24-1109583/build/include/kcl/backport/kcl_drm_backport.h:16,
                 from /var/lib/dkms/amdgpu/5.6.5.24-1109583/build/amd/backport/backport.h:12,
                 from <command-line>:
./include/drm/drm_drv.h:555:6: note: previous declaration of ‘drm_dev_get’ was here
  555 | void drm_dev_get(struct drm_device *dev);
      |      ^~~~~~~~~~~
In file included from /var/lib/dkms/amdgpu/5.6.5.24-1109583/build/include/kcl/backport/kcl_mm_backport.h:4,
                 from /var/lib/dkms/amdgpu/5.6.5.24-1109583/build/amd/backport/backport.h:16,
                 from <command-line>:
/var/lib/dkms/amdgpu/5.6.5.24-1109583/build/include/kcl/kcl_mm.h: In function ‘vmf_insert_pfn’:
/var/lib/dkms/amdgpu/5.6.5.24-1109583/build/include/kcl/kcl_mm.h:176:13: error: implicit declaration of function ‘vm_insert_pfn’; did you mean ‘vmf_insert_pfn’? [-Werror=implicit-function-declaration]
  176 |   int err = vm_insert_pfn(vma, addr, pfn);
      |             ^~~~~~~~~~~~~
      |             vmf_insert_pfn
/var/lib/dkms/amdgpu/5.6.5.24-1109583/build/include/kcl/kcl_mm.h: At top level:
/var/lib/dkms/amdgpu/5.6.5.24-1109583/build/include/kcl/kcl_mm.h:192:12: error: conflicting types for ‘vmf_insert_mixed_prot’
  192 | vm_fault_t vmf_insert_mixed_prot(struct vm_area_struct *vma, unsigned long addr,
      |            ^~~~~~~~~~~~~~~~~~~~~
In file included from ./include/linux/kallsyms.h:12,
                 from ./include/linux/ftrace.h:12,
                 from ./include/linux/kprobes.h:29,
                 from ./include/linux/kgdb.h:19,
                 from ./include/linux/fb.h:5,
                 from ./include/drm/drm_crtc.h:31,
                 from /var/lib/dkms/amdgpu/5.6.5.24-1109583/build/include/kcl/backport/kcl_drm_backport.h:5,
                 from /var/lib/dkms/amdgpu/5.6.5.24-1109583/build/amd/backport/backport.h:12,
                 from <command-line>:
./include/linux/mm.h:2782:12: note: previous declaration of ‘vmf_insert_mixed_prot’ was here
 2782 | vm_fault_t vmf_insert_mixed_prot(struct vm_area_struct *vma, unsigned long addr,
      |            ^~~~~~~~~~~~~~~~~~~~~
In file included from /var/lib/dkms/amdgpu/5.6.5.24-1109583/build/include/kcl/backport/kcl_mm_backport.h:4,
                 from /var/lib/dkms/amdgpu/5.6.5.24-1109583/build/amd/backport/backport.h:16,
                 from <command-line>:
/var/lib/dkms/amdgpu/5.6.5.24-1109583/build/include/kcl/kcl_mm.h:203:12: error: conflicting types for ‘vmf_insert_pfn_prot’
  203 | vm_fault_t vmf_insert_pfn_prot(struct vm_area_struct *vma, unsigned long addr,
      |            ^~~~~~~~~~~~~~~~~~~
In file included from ./include/linux/kallsyms.h:12,
                 from ./include/linux/ftrace.h:12,
                 from ./include/linux/kprobes.h:29,
                 from ./include/linux/kgdb.h:19,
                 from ./include/linux/fb.h:5,
                 from ./include/drm/drm_crtc.h:31,
                 from /var/lib/dkms/amdgpu/5.6.5.24-1109583/build/include/kcl/backport/kcl_drm_backport.h:5,
                 from /var/lib/dkms/amdgpu/5.6.5.24-1109583/build/amd/backport/backport.h:12,
                 from <command-line>:
./include/linux/mm.h:2778:12: note: previous declaration of ‘vmf_insert_pfn_prot’ was here
 2778 | vm_fault_t vmf_insert_pfn_prot(struct vm_area_struct *vma, unsigned long addr,
      |            ^~~~~~~~~~~~~~~~~~~
In file included from /var/lib/dkms/amdgpu/5.6.5.24-1109583/build/amd/backport/backport.h:17,
                 from <command-line>:
/var/lib/dkms/amdgpu/5.6.5.24-1109583/build/include/kcl/kcl_kref.h:8:28: error: redefinition of ‘kref_read’
    8 | static inline unsigned int kref_read(const struct kref *kref)
      |                            ^~~~~~~~~
In file included from ./include/linux/dma-fence.h:20,
                 from /var/lib/dkms/amdgpu/5.6.5.24-1109583/build/include/kcl/kcl_fence.h:11,
                 from /var/lib/dkms/amdgpu/5.6.5.24-1109583/build/include/kcl/backport/kcl_fence_backport.h:4,
                 from /var/lib/dkms/amdgpu/5.6.5.24-1109583/build/amd/backport/backport.h:11,
                 from <command-line>:
./include/linux/kref.h:34:28: note: previous definition of ‘kref_read’ was here
   34 | static inline unsigned int kref_read(const struct kref *kref)
      |                            ^~~~~~~~~
In file included from /var/lib/dkms/amdgpu/5.6.5.24-1109583/build/amd/backport/backport.h:17,
                 from <command-line>:
/var/lib/dkms/amdgpu/5.6.5.24-1109583/build/include/kcl/kcl_kref.h: In function ‘kref_read’:
/var/lib/dkms/amdgpu/5.6.5.24-1109583/build/include/kcl/kcl_kref.h:10:21: error: passing argument 1 of ‘atomic_read’ from incompatible pointer type [-Werror=incompatible-pointer-types]
   10 |  return atomic_read(&kref->refcount);
      |                     ^~~~~~~~~~~~~~~
      |                     |
      |                     const refcount_t * {aka const struct refcount_struct *}
In file included from ./include/linux/atomic.h:82,
                 from ./include/linux/rcupdate.h:25,
                 from /var/lib/dkms/amdgpu/5.6.5.24-1109583/build/include/kcl/kcl_rcupdate.h:5,
                 from /var/lib/dkms/amdgpu/5.6.5.24-1109583/build/include/kcl/kcl_fence.h:6,
                 from /var/lib/dkms/amdgpu/5.6.5.24-1109583/build/include/kcl/backport/kcl_fence_backport.h:4,
                 from /var/lib/dkms/amdgpu/5.6.5.24-1109583/build/amd/backport/backport.h:11,
                 from <command-line>:
./include/asm-generic/atomic-instrumented.h:25:29: note: expected ‘const atomic_t *’ {aka ‘const struct <anonymous> *’} but argument is of type ‘const refcount_t *’ {aka ‘const struct refcount_struct *’}
   25 | atomic_read(const atomic_t *v)
      |             ~~~~~~~~~~~~~~~~^
In file included from /var/lib/dkms/amdgpu/5.6.5.24-1109583/build/include/kcl/backport/kcl_drm_backport.h:16,
                 from /var/lib/dkms/amdgpu/5.6.5.24-1109583/build/amd/backport/backport.h:12,
                 from <command-line>:
/var/lib/dkms/amdgpu/5.6.5.24-1109583/build/include/kcl/kcl_drm.h: In function ‘drm_dev_get’:
/var/lib/dkms/amdgpu/5.6.5.24-1109583/build/include/kcl/kcl_drm.h:263:2: error: implicit declaration of function ‘drm_dev_ref’; did you mean ‘drm_dev_get’? [-Werror=implicit-function-declaration]
  263 |  drm_dev_ref(dev);
      |  ^~~~~~~~~~~
      |  drm_dev_get
/var/lib/dkms/amdgpu/5.6.5.24-1109583/build/include/kcl/kcl_drm.h: At top level:
/var/lib/dkms/amdgpu/5.6.5.24-1109583/build/include/kcl/kcl_drm.h:266:20: error: static declaration of ‘drm_dev_put’ follows non-static declaration
  266 | static inline void drm_dev_put(struct drm_device *dev)
      |                    ^~~~~~~~~~~
In file included from /var/lib/dkms/amdgpu/5.6.5.24-1109583/build/include/kcl/header/kcl_drm_drv_h.h:6,
                 from /var/lib/dkms/amdgpu/5.6.5.24-1109583/build/include/kcl/kcl_drm.h:24,
                 from /var/lib/dkms/amdgpu/5.6.5.24-1109583/build/include/kcl/backport/kcl_drm_backport.h:16,
                 from /var/lib/dkms/amdgpu/5.6.5.24-1109583/build/amd/backport/backport.h:12,
                 from <command-line>:
./include/drm/drm_drv.h:556:6: note: previous declaration of ‘drm_dev_put’ was here
  556 | void drm_dev_put(struct drm_device *dev);
      |      ^~~~~~~~~~~
In file included from /var/lib/dkms/amdgpu/5.6.5.24-1109583/build/include/kcl/backport/kcl_fence_backport.h:4,
                 from /var/lib/dkms/amdgpu/5.6.5.24-1109583/build/amd/backport/backport.h:11,
                 from <command-line>:
/var/lib/dkms/amdgpu/5.6.5.24-1109583/build/include/kcl/kcl_fence.h:138:20: error: redefinition of ‘dma_fence_set_error’
  138 | static inline void dma_fence_set_error(struct dma_fence *fence,
      |                    ^~~~~~~~~~~~~~~~~~~
In file included from /var/lib/dkms/amdgpu/5.6.5.24-1109583/build/include/kcl/kcl_fence.h:11,
                 from /var/lib/dkms/amdgpu/5.6.5.24-1109583/build/include/kcl/backport/kcl_fence_backport.h:4,
                 from /var/lib/dkms/amdgpu/5.6.5.24-1109583/build/amd/backport/backport.h:11,
                 from <command-line>:
./include/linux/dma-fence.h:542:20: note: previous definition of ‘dma_fence_set_error’ was here
  542 | static inline void dma_fence_set_error(struct dma_fence *fence,
      |                    ^~~~~~~~~~~~~~~~~~~
In file included from /var/lib/dkms/amdgpu/5.6.5.24-1109583/build/include/kcl/backport/kcl_fence_backport.h:4,
                 from /var/lib/dkms/amdgpu/5.6.5.24-1109583/build/amd/backport/backport.h:11,
                 from <command-line>:
/var/lib/dkms/amdgpu/5.6.5.24-1109583/build/include/kcl/kcl_fence.h: In function ‘dma_fence_set_error’:
/var/lib/dkms/amdgpu/5.6.5.24-1109583/build/include/kcl/kcl_fence.h:144:7: error: ‘struct dma_fence’ has no member named ‘status’
  144 |  fence->status = error;
      |       ^~
/var/lib/dkms/amdgpu/5.6.5.24-1109583/build/include/kcl/kcl_fence.h: At top level:
/var/lib/dkms/amdgpu/5.6.5.24-1109583/build/include/kcl/kcl_fence.h:161:33: error: static declaration of ‘dma_fence_get_stub’ follows non-static declaration
  161 | static inline struct dma_fence *dma_fence_get_stub(void)
      |                                 ^~~~~~~~~~~~~~~~~~
In file included from /var/lib/dkms/amdgpu/5.6.5.24-1109583/build/include/kcl/kcl_fence.h:11,
                 from /var/lib/dkms/amdgpu/5.6.5.24-1109583/build/include/kcl/backport/kcl_fence_backport.h:4,
                 from /var/lib/dkms/amdgpu/5.6.5.24-1109583/build/amd/backport/backport.h:11,
                 from <command-line>:
./include/linux/dma-fence.h:586:19: note: previous declaration of ‘dma_fence_get_stub’ was here
  586 | struct dma_fence *dma_fence_get_stub(void);
      |                   ^~~~~~~~~~~~~~~~~~
In file included from /var/lib/dkms/amdgpu/5.6.5.24-1109583/build/include/kcl/backport/kcl_drm_backport.h:16,
                 from /var/lib/dkms/amdgpu/5.6.5.24-1109583/build/amd/backport/backport.h:12,
                 from <command-line>:
/var/lib/dkms/amdgpu/5.6.5.24-1109583/build/include/kcl/kcl_drm.h: In function ‘drm_dev_put’:
/var/lib/dkms/amdgpu/5.6.5.24-1109583/build/include/kcl/kcl_drm.h:268:9: error: implicit declaration of function ‘drm_dev_unref’; did you mean ‘drm_dev_enter’? [-Werror=implicit-function-declaration]
  268 |  return drm_dev_unref(dev);
      |         ^~~~~~~~~~~~~
      |         drm_dev_enter
/var/lib/dkms/amdgpu/5.6.5.24-1109583/build/include/kcl/kcl_drm.h:268:9: error: ‘return’ with a value, in function returning void [-Werror=return-type]
  268 |  return drm_dev_unref(dev);
      |         ^~~~~~~~~~~~~~~~~~
/var/lib/dkms/amdgpu/5.6.5.24-1109583/build/include/kcl/kcl_drm.h:266:20: note: declared here
  266 | static inline void drm_dev_put(struct drm_device *dev)
      |                    ^~~~~~~~~~~
/var/lib/dkms/amdgpu/5.6.5.24-1109583/build/include/kcl/kcl_drm.h: At top level:
/var/lib/dkms/amdgpu/5.6.5.24-1109583/build/include/kcl/kcl_drm.h:282:34: error: redefinition of ‘drm_debug_printer’
  282 | static inline struct drm_printer drm_debug_printer(const char *prefix)
      |                                  ^~~~~~~~~~~~~~~~~
In file included from ./include/drm/drm_mm.h:49,
                 from ./include/drm/drm_vma_manager.h:26,
                 from ./include/drm/drm_gem.h:40,
                 from /var/lib/dkms/amdgpu/5.6.5.24-1109583/build/include/kcl/backport/kcl_drm_backport.h:11,
                 from /var/lib/dkms/amdgpu/5.6.5.24-1109583/build/amd/backport/backport.h:12,
                 from <command-line>:
./include/drm/drm_print.h:227:34: note: previous definition of ‘drm_debug_printer’ was here
  227 | static inline struct drm_printer drm_debug_printer(const char *prefix)
      |                                  ^~~~~~~~~~~~~~~~~
In file included from ./include/drm/drm_modeset_helper_vtables.h:33,
                 from ./include/drm/drm_crtc_helper.h:43,
                 from /var/lib/dkms/amdgpu/5.6.5.24-1109583/build/amd/amdgpu/amdgpu_mode.h:38,
                 from /var/lib/dkms/amdgpu/5.6.5.24-1109583/build/amd/amdgpu/amdgpu.h:68,
                 from /var/lib/dkms/amdgpu/5.6.5.24-1109583/build/amd/backport/include/kcl/kcl_amdgpu.h:6,
                 from /var/lib/dkms/amdgpu/5.6.5.24-1109583/build/amd/backport/backport.h:18,
                 from <command-line>:
./include/drm/drm_encoder.h: In function ‘drm_encoder_find’:
./include/drm/drm_encoder.h:249:33: error: ‘file_priv’ undeclared (first use in this function); did you mean ‘file_path’?
  249 |  mo = drm_mode_object_find(dev, file_priv, id, DRM_MODE_OBJECT_ENCODER);
      |                                 ^~~~~~~~~
      |                                 file_path
In file included from ./include/drm/drm_modeset_helper_vtables.h:33,
                 from ./include/drm/drm_crtc_helper.h:43,
                 from /var/lib/dkms/amdgpu/5.6.5.24-1109583/build/amd/amdgpu/amdgpu_mode.h:38,
                 from /var/lib/dkms/amdgpu/5.6.5.24-1109583/build/amd/amdgpu/amdgpu.h:68,
                 from /var/lib/dkms/amdgpu/5.6.5.24-1109583/build/amd/backport/include/kcl/kcl_amdgpu.h:6,
                 from /var/lib/dkms/amdgpu/5.6.5.24-1109583/build/amd/backport/backport.h:18,
                 from <command-line>:
./include/drm/drm_encoder.h: In function ‘drm_encoder_find’:
./include/drm/drm_encoder.h:249:33: error: ‘file_priv’ undeclared (first use in this function); did you mean ‘file_path’?
  249 |  mo = drm_mode_object_find(dev, file_priv, id, DRM_MODE_OBJECT_ENCODER);
      |                                 ^~~~~~~~~
      |                                 file_path
In file included from ./include/drm/drm_modeset_helper_vtables.h:33,
                 from ./include/drm/drm_crtc_helper.h:43,
                 from /var/lib/dkms/amdgpu/5.6.5.24-1109583/build/amd/amdgpu/amdgpu_mode.h:38,
                 from /var/lib/dkms/amdgpu/5.6.5.24-1109583/build/amd/amdgpu/amdgpu.h:68,
                 from /var/lib/dkms/amdgpu/5.6.5.24-1109583/build/amd/backport/include/kcl/kcl_amdgpu.h:6,
                 from /var/lib/dkms/amdgpu/5.6.5.24-1109583/build/amd/backport/backport.h:18,
                 from <command-line>:
./include/drm/drm_encoder.h: In function ‘drm_encoder_find’:
./include/drm/drm_encoder.h:249:33: error: ‘file_priv’ undeclared (first use in this function); did you mean ‘file_path’?
  249 |  mo = drm_mode_object_find(dev, file_priv, id, DRM_MODE_OBJECT_ENCODER);
      |                                 ^~~~~~~~~
      |                                 file_path
In file included from /var/lib/dkms/amdgpu/5.6.5.24-1109583/build/include/kcl/backport/kcl_drm_backport.h:16,
                 from /var/lib/dkms/amdgpu/5.6.5.24-1109583/build/amd/backport/backport.h:12,
                 from <command-line>:
/var/lib/dkms/amdgpu/5.6.5.24-1109583/build/include/kcl/kcl_drm.h: In function ‘drm_crtc_accurate_vblank_count’:
/var/lib/dkms/amdgpu/5.6.5.24-1109583/build/include/kcl/kcl_drm.h:357:9: error: implicit declaration of function ‘drm_accurate_vblank_count’; did you mean ‘drm_crtc_accurate_vblank_count’? [-Werror=implicit-function-declaration]
  357 |  return drm_accurate_vblank_count(crtc);
      |         ^~~~~~~~~~~~~~~~~~~~~~~~~
      |         drm_crtc_accurate_vblank_count
In file included from /var/lib/dkms/amdgpu/5.6.5.24-1109583/build/amd/backport/backport.h:12,
                 from <command-line>:
/var/lib/dkms/amdgpu/5.6.5.24-1109583/build/include/kcl/backport/kcl_drm_backport.h: In function ‘_kcl_drm_crtc_init_with_planes’:
/var/lib/dkms/amdgpu/5.6.5.24-1109583/build/include/kcl/backport/kcl_drm_backport.h:65:9: error: too few arguments to function ‘drm_crtc_init_with_planes’
   65 |  return drm_crtc_init_with_planes(dev, crtc, primary, cursor, funcs);
      |         ^~~~~~~~~~~~~~~~~~~~~~~~~
In file included from /var/lib/dkms/amdgpu/5.6.5.24-1109583/build/include/kcl/backport/kcl_drm_backport.h:5,
                 from /var/lib/dkms/amdgpu/5.6.5.24-1109583/build/amd/backport/backport.h:12,
                 from <command-line>:
./include/drm/drm_crtc.h:1218:5: note: declared here
 1218 | int drm_crtc_init_with_planes(struct drm_device *dev,
      |     ^~~~~~~~~~~~~~~~~~~~~~~~~
In file included from /var/lib/dkms/amdgpu/5.6.5.24-1109583/build/amd/backport/backport.h:12,
                 from <command-line>:
/var/lib/dkms/amdgpu/5.6.5.24-1109583/build/include/kcl/backport/kcl_drm_backport.h: In function ‘_kcl_drm_universal_plane_init’:
/var/lib/dkms/amdgpu/5.6.5.24-1109583/build/include/kcl/backport/kcl_drm_backport.h:84:28: error: incompatible type for argument 7 of ‘drm_universal_plane_init’
   84 |     formats, format_count, type);
      |                            ^~~~
      |                            |
      |                            enum drm_plane_type
In file included from ./include/drm/drm_crtc.h:45,
                 from /var/lib/dkms/amdgpu/5.6.5.24-1109583/build/include/kcl/backport/kcl_drm_backport.h:5,
                 from /var/lib/dkms/amdgpu/5.6.5.24-1109583/build/amd/backport/backport.h:12,
                 from <command-line>:
./include/drm/drm_plane.h:756:25: note: expected ‘const uint64_t *’ {aka ‘const long long unsigned int *’} but argument is of type ‘enum drm_plane_type’
  756 |         const uint64_t *format_modifiers,
      |         ~~~~~~~~~~~~~~~~^~~~~~~~~~~~~~~~
In file included from /var/lib/dkms/amdgpu/5.6.5.24-1109583/build/amd/backport/backport.h:12,
                 from <command-line>:
/var/lib/dkms/amdgpu/5.6.5.24-1109583/build/include/kcl/backport/kcl_drm_backport.h:83:9: error: too few arguments to function ‘drm_universal_plane_init’
   83 |  return drm_universal_plane_init(dev, plane, possible_crtcs, funcs,
      |         ^~~~~~~~~~~~~~~~~~~~~~~~
In file included from ./include/drm/drm_crtc.h:45,
                 from /var/lib/dkms/amdgpu/5.6.5.24-1109583/build/include/kcl/backport/kcl_drm_backport.h:5,
                 from /var/lib/dkms/amdgpu/5.6.5.24-1109583/build/amd/backport/backport.h:12,
                 from <command-line>:
./include/drm/drm_plane.h:750:5: note: declared here
  750 | int drm_universal_plane_init(struct drm_device *dev,
      |     ^~~~~~~~~~~~~~~~~~~~~~~~
In file included from /var/lib/dkms/amdgpu/5.6.5.24-1109583/build/amd/backport/backport.h:12,
                 from <command-line>:
/var/lib/dkms/amdgpu/5.6.5.24-1109583/build/include/kcl/backport/kcl_drm_backport.h: At top level:
/var/lib/dkms/amdgpu/5.6.5.24-1109583/build/include/kcl/backport/kcl_drm_backport.h:95:8: error: redefinition of ‘struct drm_format_name_buf’
   95 | struct drm_format_name_buf {
      |        ^~~~~~~~~~~~~~~~~~~
In file included from /var/lib/dkms/amdgpu/5.6.5.24-1109583/build/include/kcl/kcl_drm.h:15,
                 from /var/lib/dkms/amdgpu/5.6.5.24-1109583/build/include/kcl/backport/kcl_drm_backport.h:16,
                 from /var/lib/dkms/amdgpu/5.6.5.24-1109583/build/amd/backport/backport.h:12,
                 from <command-line>:
./include/drm/drm_fourcc.h:142:8: note: originally defined here
  142 | struct drm_format_name_buf {
      |        ^~~~~~~~~~~~~~~~~~~
In file included from /var/lib/dkms/amdgpu/5.6.5.24-1109583/build/amd/backport/backport.h:12,
                 from <command-line>:
/var/lib/dkms/amdgpu/5.6.5.24-1109583/build/include/kcl/backport/kcl_drm_backport.h: In function ‘_kcl_drm_gem_object_lookup’:
/var/lib/dkms/amdgpu/5.6.5.24-1109583/build/include/kcl/backport/kcl_drm_backport.h:161:35: error: dereferencing pointer to incomplete type ‘struct drm_file’
  161 |  return drm_gem_object_lookup(filp->minor->dev, filp, handle);
      |                                   ^~
/var/lib/dkms/amdgpu/5.6.5.24-1109583/build/include/kcl/backport/kcl_drm_backport.h:161:49: warning: passing argument 2 of ‘drm_gem_object_lookup’ makes integer from pointer without a cast [-Wint-conversion]
  161 |  return drm_gem_object_lookup(filp->minor->dev, filp, handle);
      |                                                 ^~~~
      |                                                 |
      |                                                 struct drm_file *
In file included from /var/lib/dkms/amdgpu/5.6.5.24-1109583/build/include/kcl/backport/kcl_drm_backport.h:11,
                 from /var/lib/dkms/amdgpu/5.6.5.24-1109583/build/amd/backport/backport.h:12,
                 from <command-line>:
./include/drm/drm_gem.h:405:24: note: expected ‘u32’ {aka ‘unsigned int’} but argument is of type ‘struct drm_file *’
  405 | struct drm_gem_object *drm_gem_object_lookup(struct drm_file *filp, u32 handle);
      |                        ^~~~~~~~~~~~~~~~~~~~~
In file included from /var/lib/dkms/amdgpu/5.6.5.24-1109583/build/amd/backport/backport.h:12,
                 from <command-line>:
/var/lib/dkms/amdgpu/5.6.5.24-1109583/build/include/kcl/backport/kcl_drm_backport.h:161:9: error: too many arguments to function ‘drm_gem_object_lookup’
  161 |  return drm_gem_object_lookup(filp->minor->dev, filp, handle);
      |         ^~~~~~~~~~~~~~~~~~~~~
In file included from /var/lib/dkms/amdgpu/5.6.5.24-1109583/build/include/kcl/backport/kcl_drm_backport.h:11,
                 from /var/lib/dkms/amdgpu/5.6.5.24-1109583/build/amd/backport/backport.h:12,
                 from <command-line>:
./include/drm/drm_gem.h:405:24: note: declared here
  405 | struct drm_gem_object *drm_gem_object_lookup(struct drm_file *filp, u32 handle);
      |                        ^~~~~~~~~~~~~~~~~~~~~
In file included from /var/lib/dkms/amdgpu/5.6.5.24-1109583/build/amd/backport/backport.h:14,
                 from <command-line>:
/var/lib/dkms/amdgpu/5.6.5.24-1109583/build/include/kcl/kcl_drm_print.h: At top level:
/var/lib/dkms/amdgpu/5.6.5.24-1109583/build/include/kcl/kcl_drm_print.h:9:21: error: redefinition of ‘drm_debug_enabled’
    9 | static  inline bool drm_debug_enabled(unsigned int category)
      |                     ^~~~~~~~~~~~~~~~~
In file included from ./include/drm/drm_mm.h:49,
                 from ./include/drm/drm_vma_manager.h:26,
                 from ./include/drm/drm_gem.h:40,
                 from /var/lib/dkms/amdgpu/5.6.5.24-1109583/build/include/kcl/backport/kcl_drm_backport.h:11,
                 from /var/lib/dkms/amdgpu/5.6.5.24-1109583/build/amd/backport/backport.h:12,
                 from <command-line>:
./include/drm/drm_print.h:322:20: note: previous definition of ‘drm_debug_enabled’ was here
  322 | static inline bool drm_debug_enabled(enum drm_debug_category category)
      |                    ^~~~~~~~~~~~~~~~~
In file included from ./include/linux/rcupdate.h:24,
                 from /var/lib/dkms/amdgpu/5.6.5.24-1109583/build/include/kcl/kcl_rcupdate.h:5,
                 from /var/lib/dkms/amdgpu/5.6.5.24-1109583/build/include/kcl/kcl_fence.h:6,
                 from /var/lib/dkms/amdgpu/5.6.5.24-1109583/build/include/kcl/backport/kcl_fence_backport.h:4,
                 from /var/lib/dkms/amdgpu/5.6.5.24-1109583/build/amd/backport/backport.h:11,
                 from <command-line>:
/var/lib/dkms/amdgpu/5.6.5.24-1109583/build/include/kcl/kcl_drm_print.h: In function ‘drm_debug_enabled’:
/var/lib/dkms/amdgpu/5.6.5.24-1109583/build/include/kcl/kcl_drm_print.h:11:18: error: ‘drm_debug’ undeclared (first use in this function); did you mean ‘pr_debug’?
   11 |  return unlikely(drm_debug & category);
      |                  ^~~~~~~~~
./include/linux/compiler.h:78:42: note: in definition of macro ‘unlikely’
   78 | # define unlikely(x) __builtin_expect(!!(x), 0)
      |                                          ^
/var/lib/dkms/amdgpu/5.6.5.24-1109583/build/include/kcl/kcl_drm_print.h:11:18: note: each undeclared identifier is reported only once for each function it appears in
   11 |  return unlikely(drm_debug & category);
      |                  ^~~~~~~~~
./include/linux/compiler.h:78:42: note: in definition of macro ‘unlikely’
   78 | # define unlikely(x) __builtin_expect(!!(x), 0)
      |                                          ^
In file included from /var/lib/dkms/amdgpu/5.6.5.24-1109583/build/amd/backport/backport.h:15,
                 from <command-line>:
/var/lib/dkms/amdgpu/5.6.5.24-1109583/build/include/kcl/kcl_fs.h: At top level:
/var/lib/dkms/amdgpu/5.6.5.24-1109583/build/include/kcl/kcl_fs.h:12:20: error: static declaration of ‘compat_ptr_ioctl’ follows non-static declaration
   12 | static inline long compat_ptr_ioctl(struct file *file, unsigned int cmd,
      |                    ^~~~~~~~~~~~~~~~
In file included from ./include/linux/huge_mm.h:8,
                 from ./include/linux/mm.h:703,
                 from ./include/linux/kallsyms.h:12,
                 from ./include/linux/ftrace.h:12,
                 from ./include/linux/kprobes.h:29,
                 from ./include/linux/kgdb.h:19,
                 from ./include/linux/fb.h:5,
                 from ./include/drm/drm_crtc.h:31,
                 from /var/lib/dkms/amdgpu/5.6.5.24-1109583/build/include/kcl/backport/kcl_drm_backport.h:5,
                 from /var/lib/dkms/amdgpu/5.6.5.24-1109583/build/amd/backport/backport.h:12,
                 from <command-line>:
./include/linux/fs.h:1753:13: note: previous declaration of ‘compat_ptr_ioctl’ was here
 1753 | extern long compat_ptr_ioctl(struct file *file, unsigned int cmd,
      |             ^~~~~~~~~~~~~~~~
In file included from /var/lib/dkms/amdgpu/5.6.5.24-1109583/build/include/kcl/kcl_mm.h:15,
                 from /var/lib/dkms/amdgpu/5.6.5.24-1109583/build/include/kcl/backport/kcl_mm_backport.h:4,
                 from /var/lib/dkms/amdgpu/5.6.5.24-1109583/build/amd/backport/backport.h:16,
                 from <command-line>:
/var/lib/dkms/amdgpu/5.6.5.24-1109583/build/include/kcl/kcl_mm_types.h:11:3: error: conflicting types for ‘pfn_t’
   11 | } pfn_t;
      |   ^~~~~
In file included from ./include/asm-generic/memory_model.h:5,
                 from ./arch/x86/include/asm/page.h:76,
                 from ./arch/x86/include/asm/thread_info.h:12,
                 from ./include/linux/thread_info.h:59,
                 from ./arch/x86/include/asm/preempt.h:7,
                 from ./include/linux/preempt.h:78,
                 from ./include/linux/rcupdate.h:27,
                 from /var/lib/dkms/amdgpu/5.6.5.24-1109583/build/include/kcl/kcl_rcupdate.h:5,
                 from /var/lib/dkms/amdgpu/5.6.5.24-1109583/build/include/kcl/kcl_fence.h:6,
                 from /var/lib/dkms/amdgpu/5.6.5.24-1109583/build/include/kcl/backport/kcl_fence_backport.h:4,
                 from /var/lib/dkms/amdgpu/5.6.5.24-1109583/build/amd/backport/backport.h:11,
                 from <command-line>:
./include/linux/pfn.h:15:3: note: previous declaration of ‘pfn_t’ was here
   15 | } pfn_t;
      |   ^~~~~
In file included from /var/lib/dkms/amdgpu/5.6.5.24-1109583/build/include/kcl/kcl_mm.h:15,
                 from /var/lib/dkms/amdgpu/5.6.5.24-1109583/build/include/kcl/backport/kcl_mm_backport.h:4,
                 from /var/lib/dkms/amdgpu/5.6.5.24-1109583/build/amd/backport/backport.h:16,
                 from <command-line>:
/var/lib/dkms/amdgpu/5.6.5.24-1109583/build/include/kcl/kcl_mm_types.h:34:13: error: conflicting types for ‘vm_fault_t’
   34 | typedef int vm_fault_t;
      |             ^~~~~~~~~~
In file included from ./include/linux/mmzone.h:21,
                 from ./include/linux/gfp.h:6,
                 from ./include/linux/xarray.h:14,
                 from ./include/linux/radix-tree.h:19,
                 from ./include/linux/idr.h:15,
                 from ./include/linux/kernfs.h:13,
                 from ./include/linux/sysfs.h:16,
                 from ./include/linux/kobject.h:20,
                 from ./include/linux/of.h:17,
                 from ./include/linux/irqdomain.h:35,
                 from ./include/linux/acpi.h:13,
                 from ./include/linux/i2c.h:13,
                 from ./include/drm/drm_crtc.h:28,
                 from /var/lib/dkms/amdgpu/5.6.5.24-1109583/build/include/kcl/backport/kcl_drm_backport.h:5,
                 from /var/lib/dkms/amdgpu/5.6.5.24-1109583/build/amd/backport/backport.h:12,
                 from <command-line>:
./include/linux/mm_types.h:690:32: note: previous declaration of ‘vm_fault_t’ was here
  690 | typedef __bitwise unsigned int vm_fault_t;
      |                                ^~~~~~~~~~
In file included from /var/lib/dkms/amdgpu/5.6.5.24-1109583/build/include/kcl/backport/kcl_mm_backport.h:4,
                 from /var/lib/dkms/amdgpu/5.6.5.24-1109583/build/amd/backport/backport.h:16,
                 from <command-line>:
/var/lib/dkms/amdgpu/5.6.5.24-1109583/build/include/kcl/kcl_mm.h:22:21: error: redefinition of ‘kvmalloc’
   22 | static inline void *kvmalloc(size_t size, gfp_t flags)
      |                     ^~~~~~~~
In file included from ./include/linux/kallsyms.h:12,
                 from ./include/linux/ftrace.h:12,
                 from ./include/linux/kprobes.h:29,
                 from ./include/linux/kgdb.h:19,
                 from ./include/linux/fb.h:5,
                 from ./include/drm/drm_crtc.h:31,
                 from /var/lib/dkms/amdgpu/5.6.5.24-1109583/build/include/kcl/backport/kcl_drm_backport.h:5,
                 from /var/lib/dkms/amdgpu/5.6.5.24-1109583/build/amd/backport/backport.h:12,
                 from <command-line>:
./include/linux/mm.h:779:21: note: previous definition of ‘kvmalloc’ was here
  779 | static inline void *kvmalloc(size_t size, gfp_t flags)
      |                     ^~~~~~~~
In file included from /var/lib/dkms/amdgpu/5.6.5.24-1109583/build/include/kcl/backport/kcl_mm_backport.h:4,
                 from /var/lib/dkms/amdgpu/5.6.5.24-1109583/build/amd/backport/backport.h:16,
                 from <command-line>:
/var/lib/dkms/amdgpu/5.6.5.24-1109583/build/include/kcl/kcl_mm.h: In function ‘kvmalloc’:
/var/lib/dkms/amdgpu/5.6.5.24-1109583/build/include/kcl/kcl_mm.h:27:9: error: too many arguments to function ‘__vmalloc’
   27 |   out = __vmalloc(size, flags, PAGE_KERNEL);
      |         ^~~~~~~~~
In file included from ./include/asm-generic/io.h:911,
                 from ./arch/x86/include/asm/io.h:375,
                 from ./include/linux/io.h:13,
                 from ./include/acpi/acpi_io.h:5,
                 from ./include/linux/acpi.h:35,
                 from ./include/linux/i2c.h:13,
                 from ./include/drm/drm_crtc.h:28,
                 from /var/lib/dkms/amdgpu/5.6.5.24-1109583/build/include/kcl/backport/kcl_drm_backport.h:5,
                 from /var/lib/dkms/amdgpu/5.6.5.24-1109583/build/amd/backport/backport.h:12,
                 from <command-line>:
./include/linux/vmalloc.h:105:14: note: declared here
  105 | extern void *__vmalloc(unsigned long size, gfp_t gfp_mask);
      |              ^~~~~~~~~
In file included from /var/lib/dkms/amdgpu/5.6.5.24-1109583/build/include/kcl/backport/kcl_mm_backport.h:4,
                 from /var/lib/dkms/amdgpu/5.6.5.24-1109583/build/amd/backport/backport.h:16,
                 from <command-line>:
/var/lib/dkms/amdgpu/5.6.5.24-1109583/build/include/kcl/kcl_mm.h: At top level:
/var/lib/dkms/amdgpu/5.6.5.24-1109583/build/include/kcl/kcl_mm.h:32:21: error: redefinition of ‘kvzalloc’
   32 | static inline void *kvzalloc(size_t size, gfp_t flags)
      |                     ^~~~~~~~
In file included from ./include/linux/kallsyms.h:12,
                 from ./include/linux/ftrace.h:12,
                 from ./include/linux/kprobes.h:29,
                 from ./include/linux/kgdb.h:19,
                 from ./include/linux/fb.h:5,
                 from ./include/drm/drm_crtc.h:31,
                 from /var/lib/dkms/amdgpu/5.6.5.24-1109583/build/include/kcl/backport/kcl_drm_backport.h:5,
                 from /var/lib/dkms/amdgpu/5.6.5.24-1109583/build/amd/backport/backport.h:12,
                 from <command-line>:
./include/linux/mm.h:787:21: note: previous definition of ‘kvzalloc’ was here
  787 | static inline void *kvzalloc(size_t size, gfp_t flags)
      |                     ^~~~~~~~
In file included from /var/lib/dkms/amdgpu/5.6.5.24-1109583/build/include/kcl/backport/kcl_mm_backport.h:4,
                 from /var/lib/dkms/amdgpu/5.6.5.24-1109583/build/amd/backport/backport.h:16,
                 from <command-line>:
/var/lib/dkms/amdgpu/5.6.5.24-1109583/build/include/kcl/kcl_mm.h:45:20: error: static declaration of ‘kvfree’ follows non-static declaration
   45 | static inline void kvfree(const void *addr)
      |                    ^~~~~~
In file included from ./include/linux/kallsyms.h:12,
                 from ./include/linux/ftrace.h:12,
                 from ./include/linux/kprobes.h:29,
                 from ./include/linux/kgdb.h:19,
                 from ./include/linux/fb.h:5,
                 from ./include/drm/drm_crtc.h:31,
                 from /var/lib/dkms/amdgpu/5.6.5.24-1109583/build/include/kcl/backport/kcl_drm_backport.h:5,
                 from /var/lib/dkms/amdgpu/5.6.5.24-1109583/build/amd/backport/backport.h:12,
                 from <command-line>:
./include/linux/mm.h:807:13: note: previous declaration of ‘kvfree’ was here
  807 | extern void kvfree(const void *addr);
      |             ^~~~~~
In file included from /var/lib/dkms/amdgpu/5.6.5.24-1109583/build/include/kcl/backport/kcl_mm_backport.h:4,
                 from /var/lib/dkms/amdgpu/5.6.5.24-1109583/build/amd/backport/backport.h:16,
                 from <command-line>:
/var/lib/dkms/amdgpu/5.6.5.24-1109583/build/include/kcl/kcl_mm.h:65:21: error: redefinition of ‘kvmalloc_array’
   65 | static inline void *kvmalloc_array(size_t n, size_t size, gfp_t flags)
      |                     ^~~~~~~~~~~~~~
In file included from ./include/linux/kallsyms.h:12,
                 from ./include/linux/ftrace.h:12,
                 from ./include/linux/kprobes.h:29,
                 from ./include/linux/kgdb.h:19,
                 from ./include/linux/fb.h:5,
                 from ./include/drm/drm_crtc.h:31,
                 from /var/lib/dkms/amdgpu/5.6.5.24-1109583/build/include/kcl/backport/kcl_drm_backport.h:5,
                 from /var/lib/dkms/amdgpu/5.6.5.24-1109583/build/amd/backport/backport.h:12,
                 from <command-line>:
./include/linux/mm.h:792:21: note: previous definition of ‘kvmalloc_array’ was here
  792 | static inline void *kvmalloc_array(size_t n, size_t size, gfp_t flags)
      |                     ^~~~~~~~~~~~~~
In file included from /var/lib/dkms/amdgpu/5.6.5.24-1109583/build/include/kcl/backport/kcl_mm_backport.h:4,
                 from /var/lib/dkms/amdgpu/5.6.5.24-1109583/build/amd/backport/backport.h:16,
                 from <command-line>:
/var/lib/dkms/amdgpu/5.6.5.24-1109583/build/include/kcl/kcl_mm.h:78:21: error: redefinition of ‘kvcalloc’
   78 | static inline void *kvcalloc(size_t n, size_t size, gfp_t flags)
      |                     ^~~~~~~~
In file included from ./include/linux/kallsyms.h:12,
                 from ./include/linux/ftrace.h:12,
                 from ./include/linux/kprobes.h:29,
                 from ./include/linux/kgdb.h:19,
                 from ./include/linux/fb.h:5,
                 from ./include/drm/drm_crtc.h:31,
                 from /var/lib/dkms/amdgpu/5.6.5.24-1109583/build/include/kcl/backport/kcl_drm_backport.h:5,
                 from /var/lib/dkms/amdgpu/5.6.5.24-1109583/build/amd/backport/backport.h:12,
                 from <command-line>:
./include/linux/mm.h:802:21: note: previous definition of ‘kvcalloc’ was here
  802 | static inline void *kvcalloc(size_t n, size_t size, gfp_t flags)
      |                     ^~~~~~~~
In file included from /var/lib/dkms/amdgpu/5.6.5.24-1109583/build/include/kcl/backport/kcl_mm_backport.h:4,
                 from /var/lib/dkms/amdgpu/5.6.5.24-1109583/build/amd/backport/backport.h:16,
                 from <command-line>:
/var/lib/dkms/amdgpu/5.6.5.24-1109583/build/include/kcl/kcl_mm.h:85:20: error: redefinition of ‘mmgrab’
   85 | static inline void mmgrab(struct mm_struct *mm)
      |                    ^~~~~~
In file included from /var/lib/dkms/amdgpu/5.6.5.24-1109583/build/include/kcl/header/kcl_sched_mm_h.h:6,
                 from /var/lib/dkms/amdgpu/5.6.5.24-1109583/build/include/kcl/kcl_mm.h:5,
                 from /var/lib/dkms/amdgpu/5.6.5.24-1109583/build/include/kcl/backport/kcl_mm_backport.h:4,
                 from /var/lib/dkms/amdgpu/5.6.5.24-1109583/build/amd/backport/backport.h:16,
                 from <command-line>:
./include/linux/sched/mm.h:34:20: note: previous definition of ‘mmgrab’ was here
   34 | static inline void mmgrab(struct mm_struct *mm)
      |                    ^~~~~~
In file included from /var/lib/dkms/amdgpu/5.6.5.24-1109583/build/include/kcl/backport/kcl_mm_backport.h:4,
                 from /var/lib/dkms/amdgpu/5.6.5.24-1109583/build/amd/backport/backport.h:16,
                 from <command-line>:
/var/lib/dkms/amdgpu/5.6.5.24-1109583/build/include/kcl/kcl_mm.h:96:28: error: redefinition of ‘memalloc_nofs_save’
   96 | static inline unsigned int memalloc_nofs_save(void)
      |                            ^~~~~~~~~~~~~~~~~~
In file included from /var/lib/dkms/amdgpu/5.6.5.24-1109583/build/include/kcl/header/kcl_sched_mm_h.h:6,
                 from /var/lib/dkms/amdgpu/5.6.5.24-1109583/build/include/kcl/kcl_mm.h:5,
                 from /var/lib/dkms/amdgpu/5.6.5.24-1109583/build/include/kcl/backport/kcl_mm_backport.h:4,
                 from /var/lib/dkms/amdgpu/5.6.5.24-1109583/build/amd/backport/backport.h:16,
                 from <command-line>:
./include/linux/sched/mm.h:242:28: note: previous definition of ‘memalloc_nofs_save’ was here
  242 | static inline unsigned int memalloc_nofs_save(void)
      |                            ^~~~~~~~~~~~~~~~~~
In file included from /var/lib/dkms/amdgpu/5.6.5.24-1109583/build/include/kcl/backport/kcl_mm_backport.h:4,
                 from /var/lib/dkms/amdgpu/5.6.5.24-1109583/build/amd/backport/backport.h:16,
                 from <command-line>:
/var/lib/dkms/amdgpu/5.6.5.24-1109583/build/include/kcl/kcl_mm.h:101:20: error: redefinition of ‘memalloc_nofs_restore’
  101 | static inline void memalloc_nofs_restore(unsigned int flags)
      |                    ^~~~~~~~~~~~~~~~~~~~~
In file included from /var/lib/dkms/amdgpu/5.6.5.24-1109583/build/include/kcl/header/kcl_sched_mm_h.h:6,
                 from /var/lib/dkms/amdgpu/5.6.5.24-1109583/build/include/kcl/kcl_mm.h:5,
                 from /var/lib/dkms/amdgpu/5.6.5.24-1109583/build/include/kcl/backport/kcl_mm_backport.h:4,
                 from /var/lib/dkms/amdgpu/5.6.5.24-1109583/build/amd/backport/backport.h:16,
                 from <command-line>:
./include/linux/sched/mm.h:257:20: note: previous definition of ‘memalloc_nofs_restore’ was here
  257 | static inline void memalloc_nofs_restore(unsigned int flags)
      |                    ^~~~~~~~~~~~~~~~~~~~~
In file included from /var/lib/dkms/amdgpu/5.6.5.24-1109583/build/include/kcl/backport/kcl_mm_backport.h:4,
                 from /var/lib/dkms/amdgpu/5.6.5.24-1109583/build/amd/backport/backport.h:16,
                 from <command-line>:
/var/lib/dkms/amdgpu/5.6.5.24-1109583/build/include/kcl/kcl_mm.h: In function ‘kcl_get_user_pages’:
/var/lib/dkms/amdgpu/5.6.5.24-1109583/build/include/kcl/kcl_mm.h:136:24: warning: passing argument 1 of ‘get_user_pages’ makes integer from pointer without a cast [-Wint-conversion]
  136 |  return get_user_pages(tsk, mm, start, nr_pages,
      |                        ^~~
      |                        |
      |                        struct task_struct *
In file included from ./include/linux/kallsyms.h:12,
                 from ./include/linux/ftrace.h:12,
                 from ./include/linux/kprobes.h:29,
                 from ./include/linux/kgdb.h:19,
                 from ./include/linux/fb.h:5,
                 from ./include/drm/drm_crtc.h:31,
                 from /var/lib/dkms/amdgpu/5.6.5.24-1109583/build/include/kcl/backport/kcl_drm_backport.h:5,
                 from /var/lib/dkms/amdgpu/5.6.5.24-1109583/build/amd/backport/backport.h:12,
                 from <command-line>:
./include/linux/mm.h:1769:35: note: expected ‘long unsigned int’ but argument is of type ‘struct task_struct *’
 1769 | long get_user_pages(unsigned long start, unsigned long nr_pages,
      |                     ~~~~~~~~~~~~~~^~~~~
In file included from /var/lib/dkms/amdgpu/5.6.5.24-1109583/build/include/kcl/backport/kcl_mm_backport.h:4,
                 from /var/lib/dkms/amdgpu/5.6.5.24-1109583/build/amd/backport/backport.h:16,
                 from <command-line>:
/var/lib/dkms/amdgpu/5.6.5.24-1109583/build/include/kcl/kcl_mm.h:136:29: warning: passing argument 2 of ‘get_user_pages’ makes integer from pointer without a cast [-Wint-conversion]
  136 |  return get_user_pages(tsk, mm, start, nr_pages,
      |                             ^~
      |                             |
      |                             struct mm_struct *
In file included from ./include/linux/kallsyms.h:12,
                 from ./include/linux/ftrace.h:12,
                 from ./include/linux/kprobes.h:29,
                 from ./include/linux/kgdb.h:19,
                 from ./include/linux/fb.h:5,
                 from ./include/drm/drm_crtc.h:31,
                 from /var/lib/dkms/amdgpu/5.6.5.24-1109583/build/include/kcl/backport/kcl_drm_backport.h:5,
                 from /var/lib/dkms/amdgpu/5.6.5.24-1109583/build/amd/backport/backport.h:12,
                 from <command-line>:
./include/linux/mm.h:1769:56: note: expected ‘long unsigned int’ but argument is of type ‘struct mm_struct *’
 1769 | long get_user_pages(unsigned long start, unsigned long nr_pages,
      |                                          ~~~~~~~~~~~~~~^~~~~~~~
In file included from /var/lib/dkms/amdgpu/5.6.5.24-1109583/build/include/kcl/backport/kcl_mm_backport.h:4,
                 from /var/lib/dkms/amdgpu/5.6.5.24-1109583/build/amd/backport/backport.h:16,
                 from <command-line>:
/var/lib/dkms/amdgpu/5.6.5.24-1109583/build/include/kcl/kcl_mm.h:136:40: warning: passing argument 4 of ‘get_user_pages’ makes pointer from integer without a cast [-Wint-conversion]
  136 |  return get_user_pages(tsk, mm, start, nr_pages,
      |                                        ^~~~~~~~
      |                                        |
      |                                        long unsigned int
In file included from ./include/linux/kallsyms.h:12,
                 from ./include/linux/ftrace.h:12,
                 from ./include/linux/kprobes.h:29,
                 from ./include/linux/kgdb.h:19,
                 from ./include/linux/fb.h:5,
                 from ./include/drm/drm_crtc.h:31,
                 from /var/lib/dkms/amdgpu/5.6.5.24-1109583/build/include/kcl/backport/kcl_drm_backport.h:5,
                 from /var/lib/dkms/amdgpu/5.6.5.24-1109583/build/amd/backport/backport.h:12,
                 from <command-line>:
./include/linux/mm.h:1770:46: note: expected ‘struct page **’ but argument is of type ‘long unsigned int’
 1770 |        unsigned int gup_flags, struct page **pages,
      |                                ~~~~~~~~~~~~~~^~~~~
In file included from /var/lib/dkms/amdgpu/5.6.5.24-1109583/build/include/kcl/backport/kcl_mm_backport.h:4,
                 from /var/lib/dkms/amdgpu/5.6.5.24-1109583/build/amd/backport/backport.h:16,
                 from <command-line>:
/var/lib/dkms/amdgpu/5.6.5.24-1109583/build/include/kcl/kcl_mm.h:137:4: warning: passing argument 5 of ‘get_user_pages’ makes pointer from integer without a cast [-Wint-conversion]
  137 |    write, force, pages, vmas);
      |    ^~~~~
      |    |
      |    int
In file included from ./include/linux/kallsyms.h:12,
                 from ./include/linux/ftrace.h:12,
                 from ./include/linux/kprobes.h:29,
                 from ./include/linux/kgdb.h:19,
                 from ./include/linux/fb.h:5,
                 from ./include/drm/drm_crtc.h:31,
                 from /var/lib/dkms/amdgpu/5.6.5.24-1109583/build/include/kcl/backport/kcl_drm_backport.h:5,
                 from /var/lib/dkms/amdgpu/5.6.5.24-1109583/build/amd/backport/backport.h:12,
                 from <command-line>:
./include/linux/mm.h:1771:32: note: expected ‘struct vm_area_struct **’ but argument is of type ‘int’
 1771 |        struct vm_area_struct **vmas);
      |        ~~~~~~~~~~~~~~~~~~~~~~~~^~~~
In file included from /var/lib/dkms/amdgpu/5.6.5.24-1109583/build/include/kcl/backport/kcl_mm_backport.h:4,
                 from /var/lib/dkms/amdgpu/5.6.5.24-1109583/build/amd/backport/backport.h:16,
                 from <command-line>:
/var/lib/dkms/amdgpu/5.6.5.24-1109583/build/include/kcl/kcl_mm.h:136:9: error: too many arguments to function ‘get_user_pages’
  136 |  return get_user_pages(tsk, mm, start, nr_pages,
      |         ^~~~~~~~~~~~~~
In file included from ./include/linux/kallsyms.h:12,
                 from ./include/linux/ftrace.h:12,
                 from ./include/linux/kprobes.h:29,
                 from ./include/linux/kgdb.h:19,
                 from ./include/linux/fb.h:5,
                 from ./include/drm/drm_crtc.h:31,
                 from /var/lib/dkms/amdgpu/5.6.5.24-1109583/build/include/kcl/backport/kcl_drm_backport.h:5,
                 from /var/lib/dkms/amdgpu/5.6.5.24-1109583/build/amd/backport/backport.h:12,
                 from <command-line>:
./include/linux/mm.h:1769:6: note: declared here
 1769 | long get_user_pages(unsigned long start, unsigned long nr_pages,
      |      ^~~~~~~~~~~~~~
In file included from /var/lib/dkms/amdgpu/5.6.5.24-1109583/build/include/kcl/backport/kcl_mm_backport.h:4,
                 from /var/lib/dkms/amdgpu/5.6.5.24-1109583/build/amd/backport/backport.h:16,
                 from <command-line>:
/var/lib/dkms/amdgpu/5.6.5.24-1109583/build/include/kcl/kcl_mm.h: At top level:
/var/lib/dkms/amdgpu/5.6.5.24-1109583/build/include/kcl/kcl_mm.h:142:29: error: redefinition of ‘zone_managed_pages’
  142 | static inline unsigned long zone_managed_pages(struct zone *zone)
      |                             ^~~~~~~~~~~~~~~~~~
In file included from ./include/linux/gfp.h:6,
                 from ./include/linux/xarray.h:14,
                 from ./include/linux/radix-tree.h:19,
                 from ./include/linux/idr.h:15,
                 from ./include/linux/kernfs.h:13,
                 from ./include/linux/sysfs.h:16,
                 from ./include/linux/kobject.h:20,
                 from ./include/linux/of.h:17,
                 from ./include/linux/irqdomain.h:35,
                 from ./include/linux/acpi.h:13,
                 from ./include/linux/i2c.h:13,
                 from ./include/drm/drm_crtc.h:28,
                 from /var/lib/dkms/amdgpu/5.6.5.24-1109583/build/include/kcl/backport/kcl_drm_backport.h:5,
                 from /var/lib/dkms/amdgpu/5.6.5.24-1109583/build/amd/backport/backport.h:12,
                 from <command-line>:
./include/linux/mmzone.h:602:29: note: previous definition of ‘zone_managed_pages’ was here
  602 | static inline unsigned long zone_managed_pages(struct zone *zone)
      |                             ^~~~~~~~~~~~~~~~~~
In file included from /var/lib/dkms/amdgpu/5.6.5.24-1109583/build/include/kcl/backport/kcl_mm_backport.h:4,
                 from /var/lib/dkms/amdgpu/5.6.5.24-1109583/build/amd/backport/backport.h:16,
                 from <command-line>:
/var/lib/dkms/amdgpu/5.6.5.24-1109583/build/include/kcl/kcl_mm.h:155:26: error: conflicting types for ‘vmf_insert_mixed’
  155 | static inline vm_fault_t vmf_insert_mixed(struct vm_area_struct *vma,
      |                          ^~~~~~~~~~~~~~~~
In file included from ./include/linux/kallsyms.h:12,
                 from ./include/linux/ftrace.h:12,
                 from ./include/linux/kprobes.h:29,
                 from ./include/linux/kgdb.h:19,
                 from ./include/linux/fb.h:5,
                 from ./include/drm/drm_crtc.h:31,
                 from /var/lib/dkms/amdgpu/5.6.5.24-1109583/build/include/kcl/backport/kcl_drm_backport.h:5,
                 from /var/lib/dkms/amdgpu/5.6.5.24-1109583/build/amd/backport/backport.h:12,
                 from <command-line>:
./include/linux/mm.h:2780:12: note: previous declaration of ‘vmf_insert_mixed’ was here
 2780 | vm_fault_t vmf_insert_mixed(struct vm_area_struct *vma, unsigned long addr,
      |            ^~~~~~~~~~~~~~~~
In file included from /var/lib/dkms/amdgpu/5.6.5.24-1109583/build/include/kcl/backport/kcl_mm_backport.h:4,
                 from /var/lib/dkms/amdgpu/5.6.5.24-1109583/build/amd/backport/backport.h:16,
                 from <command-line>:
/var/lib/dkms/amdgpu/5.6.5.24-1109583/build/include/kcl/kcl_mm.h: In function ‘vmf_insert_mixed’:
/var/lib/dkms/amdgpu/5.6.5.24-1109583/build/include/kcl/kcl_mm.h:161:8: error: implicit declaration of function ‘vm_insert_mixed’; did you mean ‘vmf_insert_mixed’? [-Werror=implicit-function-declaration]
  161 |  err = vm_insert_mixed(vma, addr, pfn_t_to_pfn(pfn));
      |        ^~~~~~~~~~~~~~~
      |        vmf_insert_mixed
/var/lib/dkms/amdgpu/5.6.5.24-1109583/build/include/kcl/kcl_mm.h: At top level:
/var/lib/dkms/amdgpu/5.6.5.24-1109583/build/include/kcl/kcl_mm.h:173:26: error: conflicting types for ‘vmf_insert_pfn’
  173 | static inline vm_fault_t vmf_insert_pfn(struct vm_area_struct *vma,
      |                          ^~~~~~~~~~~~~~
In file included from ./include/linux/kallsyms.h:12,
                 from ./include/linux/ftrace.h:12,
                 from ./include/linux/kprobes.h:29,
                 from ./include/linux/kgdb.h:19,
                 from ./include/linux/fb.h:5,
                 from ./include/drm/drm_crtc.h:31,
                 from /var/lib/dkms/amdgpu/5.6.5.24-1109583/build/include/kcl/backport/kcl_drm_backport.h:5,
                 from /var/lib/dkms/amdgpu/5.6.5.24-1109583/build/amd/backport/backport.h:12,
                 from <command-line>:
./include/linux/mm.h:2776:12: note: previous declaration of ‘vmf_insert_pfn’ was here
 2776 | vm_fault_t vmf_insert_pfn(struct vm_area_struct *vma, unsigned long addr,
      |            ^~~~~~~~~~~~~~
In file included from /var/lib/dkms/amdgpu/5.6.5.24-1109583/build/include/kcl/backport/kcl_mm_backport.h:4,
                 from /var/lib/dkms/amdgpu/5.6.5.24-1109583/build/amd/backport/backport.h:16,
                 from <command-line>:
/var/lib/dkms/amdgpu/5.6.5.24-1109583/build/include/kcl/kcl_mm.h: In function ‘vmf_insert_pfn’:
/var/lib/dkms/amdgpu/5.6.5.24-1109583/build/include/kcl/kcl_mm.h:176:13: error: implicit declaration of function ‘vm_insert_pfn’; did you mean ‘vmf_insert_pfn’? [-Werror=implicit-function-declaration]
  176 |   int err = vm_insert_pfn(vma, addr, pfn);
      |             ^~~~~~~~~~~~~
      |             vmf_insert_pfn
/var/lib/dkms/amdgpu/5.6.5.24-1109583/build/include/kcl/kcl_mm.h: At top level:
/var/lib/dkms/amdgpu/5.6.5.24-1109583/build/include/kcl/kcl_mm.h:192:12: error: conflicting types for ‘vmf_insert_mixed_prot’
  192 | vm_fault_t vmf_insert_mixed_prot(struct vm_area_struct *vma, unsigned long addr,
      |            ^~~~~~~~~~~~~~~~~~~~~
In file included from ./include/linux/kallsyms.h:12,
                 from ./include/linux/ftrace.h:12,
                 from ./include/linux/kprobes.h:29,
                 from ./include/linux/kgdb.h:19,
                 from ./include/linux/fb.h:5,
                 from ./include/drm/drm_crtc.h:31,
                 from /var/lib/dkms/amdgpu/5.6.5.24-1109583/build/include/kcl/backport/kcl_drm_backport.h:5,
                 from /var/lib/dkms/amdgpu/5.6.5.24-1109583/build/amd/backport/backport.h:12,
                 from <command-line>:
./include/linux/mm.h:2782:12: note: previous declaration of ‘vmf_insert_mixed_prot’ was here
 2782 | vm_fault_t vmf_insert_mixed_prot(struct vm_area_struct *vma, unsigned long addr,
      |            ^~~~~~~~~~~~~~~~~~~~~
In file included from /var/lib/dkms/amdgpu/5.6.5.24-1109583/build/include/kcl/backport/kcl_mm_backport.h:4,
                 from /var/lib/dkms/amdgpu/5.6.5.24-1109583/build/amd/backport/backport.h:16,
                 from <command-line>:
/var/lib/dkms/amdgpu/5.6.5.24-1109583/build/include/kcl/kcl_mm.h:203:12: error: conflicting types for ‘vmf_insert_pfn_prot’
  203 | vm_fault_t vmf_insert_pfn_prot(struct vm_area_struct *vma, unsigned long addr,
      |            ^~~~~~~~~~~~~~~~~~~
In file included from ./include/linux/kallsyms.h:12,
                 from ./include/linux/ftrace.h:12,
                 from ./include/linux/kprobes.h:29,
                 from ./include/linux/kgdb.h:19,
                 from ./include/linux/fb.h:5,
                 from ./include/drm/drm_crtc.h:31,
                 from /var/lib/dkms/amdgpu/5.6.5.24-1109583/build/include/kcl/backport/kcl_drm_backport.h:5,
                 from /var/lib/dkms/amdgpu/5.6.5.24-1109583/build/amd/backport/backport.h:12,
                 from <command-line>:
./include/linux/mm.h:2778:12: note: previous declaration of ‘vmf_insert_pfn_prot’ was here
 2778 | vm_fault_t vmf_insert_pfn_prot(struct vm_area_struct *vma, unsigned long addr,
      |            ^~~~~~~~~~~~~~~~~~~
In file included from /var/lib/dkms/amdgpu/5.6.5.24-1109583/build/amd/backport/backport.h:17,
                 from <command-line>:
/var/lib/dkms/amdgpu/5.6.5.24-1109583/build/include/kcl/kcl_kref.h:8:28: error: redefinition of ‘kref_read’
    8 | static inline unsigned int kref_read(const struct kref *kref)
      |                            ^~~~~~~~~
In file included from ./include/linux/dma-fence.h:20,
                 from /var/lib/dkms/amdgpu/5.6.5.24-1109583/build/include/kcl/kcl_fence.h:11,
                 from /var/lib/dkms/amdgpu/5.6.5.24-1109583/build/include/kcl/backport/kcl_fence_backport.h:4,
                 from /var/lib/dkms/amdgpu/5.6.5.24-1109583/build/amd/backport/backport.h:11,
                 from <command-line>:
./include/linux/kref.h:34:28: note: previous definition of ‘kref_read’ was here
   34 | static inline unsigned int kref_read(const struct kref *kref)
      |                            ^~~~~~~~~
In file included from /var/lib/dkms/amdgpu/5.6.5.24-1109583/build/amd/backport/backport.h:17,
                 from <command-line>:
/var/lib/dkms/amdgpu/5.6.5.24-1109583/build/include/kcl/kcl_kref.h: In function ‘kref_read’:
/var/lib/dkms/amdgpu/5.6.5.24-1109583/build/include/kcl/kcl_kref.h:10:21: error: passing argument 1 of ‘atomic_read’ from incompatible pointer type [-Werror=incompatible-pointer-types]
   10 |  return atomic_read(&kref->refcount);
      |                     ^~~~~~~~~~~~~~~
      |                     |
      |                     const refcount_t * {aka const struct refcount_struct *}
In file included from ./include/linux/atomic.h:82,
                 from ./include/linux/rcupdate.h:25,
                 from /var/lib/dkms/amdgpu/5.6.5.24-1109583/build/include/kcl/kcl_rcupdate.h:5,
                 from /var/lib/dkms/amdgpu/5.6.5.24-1109583/build/include/kcl/kcl_fence.h:6,
                 from /var/lib/dkms/amdgpu/5.6.5.24-1109583/build/include/kcl/backport/kcl_fence_backport.h:4,
                 from /var/lib/dkms/amdgpu/5.6.5.24-1109583/build/amd/backport/backport.h:11,
                 from <command-line>:
./include/asm-generic/atomic-instrumented.h:25:29: note: expected ‘const atomic_t *’ {aka ‘const struct <anonymous> *’} but argument is of type ‘const refcount_t *’ {aka ‘const struct refcount_struct *’}
   25 | atomic_read(const atomic_t *v)
      |             ~~~~~~~~~~~~~~~~^
/var/lib/dkms/amdgpu/5.6.5.24-1109583/build/amd/amdgpu/amdgpu_drv.c:1568:24: error: ‘drm_gem_prime_fd_to_handle’ undeclared here (not in a function)
 1568 |  .prime_fd_to_handle = drm_gem_prime_fd_to_handle,
      |                        ^~~~~~~~~~~~~~~~~~~~~~~~~~
/var/lib/dkms/amdgpu/5.6.5.24-1109583/build/amd/amdgpu/amdgpu_drv.c:1569:3: error: ‘struct drm_driver’ has no member named ‘gem_prime_export’; did you mean ‘gem_prime_import’?
 1569 |  .gem_prime_export = amdgpu_gem_prime_export,
      |   ^~~~~~~~~~~~~~~~
      |   gem_prime_import
/var/lib/dkms/amdgpu/5.6.5.24-1109583/build/amd/amdgpu/amdgpu_drv.c:1569:22: error: initialization of ‘struct drm_gem_object * (*)(struct drm_device *, struct dma_buf *)’ from incompatible pointer type ‘struct dma_buf * (*)(struct drm_device *, struct drm_gem_object *, int)’ [-Werror=incompatible-pointer-types]
 1569 |  .gem_prime_export = amdgpu_gem_prime_export,
      |                      ^~~~~~~~~~~~~~~~~~~~~~~
/var/lib/dkms/amdgpu/5.6.5.24-1109583/build/amd/amdgpu/amdgpu_drv.c:1569:22: note: (near initialization for ‘kms_driver.gem_prime_import’)
/var/lib/dkms/amdgpu/5.6.5.24-1109583/build/amd/amdgpu/amdgpu_drv.c:1582:3: error: ‘struct drm_driver’ has no member named ‘gem_prime_get_sg_table’; did you mean ‘gem_prime_import_sg_table’?
 1582 |  .gem_prime_get_sg_table = amdgpu_gem_prime_get_sg_table,
      |   ^~~~~~~~~~~~~~~~~~~~~~
      |   gem_prime_import_sg_table
/var/lib/dkms/amdgpu/5.6.5.24-1109583/build/amd/amdgpu/amdgpu_drv.c:1582:28: error: initialization of ‘struct drm_gem_object * (*)(struct drm_device *, struct dma_buf_attachment *, struct sg_table *)’ from incompatible pointer type ‘struct sg_table * (*)(struct drm_gem_object *)’ [-Werror=incompatible-pointer-types]
 1582 |  .gem_prime_get_sg_table = amdgpu_gem_prime_get_sg_table,
      |                            ^~~~~~~~~~~~~~~~~~~~~~~~~~~~~
/var/lib/dkms/amdgpu/5.6.5.24-1109583/build/amd/amdgpu/amdgpu_drv.c:1582:28: note: (near initialization for ‘kms_driver.gem_prime_import_sg_table’)
/var/lib/dkms/amdgpu/5.6.5.24-1109583/build/amd/amdgpu/amdgpu_drv.c:1585:3: error: ‘struct drm_driver’ has no member named ‘gem_prime_vmap’; did you mean ‘gem_prime_mmap’?
 1585 |  .gem_prime_vmap = amdgpu_gem_prime_vmap,
      |   ^~~~~~~~~~~~~~
      |   gem_prime_mmap
/var/lib/dkms/amdgpu/5.6.5.24-1109583/build/amd/amdgpu/amdgpu_drv.c:1585:20: error: initialization of ‘int (*)(struct drm_gem_object *, struct vm_area_struct *)’ from incompatible pointer type ‘void * (*)(struct drm_gem_object *)’ [-Werror=incompatible-pointer-types]
 1585 |  .gem_prime_vmap = amdgpu_gem_prime_vmap,
      |                    ^~~~~~~~~~~~~~~~~~~~~
/var/lib/dkms/amdgpu/5.6.5.24-1109583/build/amd/amdgpu/amdgpu_drv.c:1585:20: note: (near initialization for ‘kms_driver.gem_prime_mmap’)
/var/lib/dkms/amdgpu/5.6.5.24-1109583/build/amd/amdgpu/amdgpu_drv.c:1586:3: error: ‘struct drm_driver’ has no member named ‘gem_prime_vunmap’; did you mean ‘gem_prime_mmap’?
 1586 |  .gem_prime_vunmap = amdgpu_gem_prime_vunmap,
      |   ^~~~~~~~~~~~~~~~
      |   gem_prime_mmap
/var/lib/dkms/amdgpu/5.6.5.24-1109583/build/amd/amdgpu/amdgpu_drv.c:1586:22: error: initialization of ‘int (*)(struct drm_file *, struct drm_device *, struct drm_mode_create_dumb *)’ from incompatible pointer type ‘void (*)(struct drm_gem_object *, void *)’ [-Werror=incompatible-pointer-types]
 1586 |  .gem_prime_vunmap = amdgpu_gem_prime_vunmap,
      |                      ^~~~~~~~~~~~~~~~~~~~~~~
/var/lib/dkms/amdgpu/5.6.5.24-1109583/build/amd/amdgpu/amdgpu_drv.c:1586:22: note: (near initialization for ‘kms_driver.dumb_create’)
cc1: some warnings being treated as errors
In file included from /var/lib/dkms/amdgpu/5.6.5.24-1109583/build/amd/backport/backport.h:18,
                 from <command-line>:
/var/lib/dkms/amdgpu/5.6.5.24-1109583/build/amd/backport/include/kcl/kcl_amdgpu.h: In function ‘kcl_amdgpu_get_vblank_timestamp_kms’:
/var/lib/dkms/amdgpu/5.6.5.24-1109583/build/amd/backport/include/kcl/kcl_amdgpu.h:88:9: error: implicit declaration of function ‘drm_calc_vbltimestamp_from_scanoutpos’ [-Werror=implicit-function-declaration]
   88 |  return drm_calc_vbltimestamp_from_scanoutpos(dev, pipe, max_error, vblank_time, in_vblank_irq);
      |         ^~~~~~~~~~~~~~~~~~~~~~~~~~~~~~~~~~~~~
make[2]: *** [scripts/Makefile.build:287: /var/lib/dkms/amdgpu/5.6.5.24-1109583/build/amd/amdgpu/amdgpu_drv.o] Error 1
make[2]: *** Waiting for unfinished jobs....
In file included from /var/lib/dkms/amdgpu/5.6.5.24-1109583/build/amd/backport/backport.h:21,
                 from <command-line>:
/var/lib/dkms/amdgpu/5.6.5.24-1109583/build/include/kcl/kcl_device.h: At top level:
/var/lib/dkms/amdgpu/5.6.5.24-1109583/build/include/kcl/kcl_device.h:9:30: error: redefinition of ‘kobj_to_dev’
    9 | static inline struct device *kobj_to_dev(struct kobject *kobj)
      |                              ^~~~~~~~~~~
In file included from ./include/linux/acpi.h:15,
                 from ./include/linux/i2c.h:13,
                 from ./include/drm/drm_crtc.h:28,
                 from /var/lib/dkms/amdgpu/5.6.5.24-1109583/build/include/kcl/backport/kcl_drm_backport.h:5,
                 from /var/lib/dkms/amdgpu/5.6.5.24-1109583/build/amd/backport/backport.h:12,
                 from <command-line>:
./include/linux/device.h:586:30: note: previous definition of ‘kobj_to_dev’ was here
  586 | static inline struct device *kobj_to_dev(struct kobject *kobj)
      |                              ^~~~~~~~~~~
In file included from /var/lib/dkms/amdgpu/5.6.5.24-1109583/build/amd/backport/backport.h:21,
                 from <command-line>:
/var/lib/dkms/amdgpu/5.6.5.24-1109583/build/include/kcl/kcl_device.h:59:20: error: redefinition of ‘dev_pm_set_driver_flags’
   59 | static inline void dev_pm_set_driver_flags(struct device *dev, u32 flags)
      |                    ^~~~~~~~~~~~~~~~~~~~~~~
In file included from ./include/linux/acpi.h:15,
                 from ./include/linux/i2c.h:13,
                 from ./include/drm/drm_crtc.h:28,
                 from /var/lib/dkms/amdgpu/5.6.5.24-1109583/build/include/kcl/backport/kcl_drm_backport.h:5,
                 from /var/lib/dkms/amdgpu/5.6.5.24-1109583/build/amd/backport/backport.h:12,
                 from <command-line>:
./include/linux/device.h:726:20: note: previous definition of ‘dev_pm_set_driver_flags’ was here
  726 | static inline void dev_pm_set_driver_flags(struct device *dev, u32 flags)
      |                    ^~~~~~~~~~~~~~~~~~~~~~~
In file included from /var/lib/dkms/amdgpu/5.6.5.24-1109583/build/amd/backport/backport.h:24,
                 from <command-line>:
/var/lib/dkms/amdgpu/5.6.5.24-1109583/build/include/kcl/kcl_drm_dp_mst_helper.h: In function ‘_kcl_drm_dp_calc_pbn_mode’:
/var/lib/dkms/amdgpu/5.6.5.24-1109583/build/include/kcl/kcl_drm_dp_mst_helper.h:17:9: error: too few arguments to function ‘drm_dp_calc_pbn_mode’
   17 |  return drm_dp_calc_pbn_mode(clock, bpp);
      |         ^~~~~~~~~~~~~~~~~~~~
In file included from /var/lib/dkms/amdgpu/5.6.5.24-1109583/build/amd/amdgpu/amdgpu_mode.h:47,
                 from /var/lib/dkms/amdgpu/5.6.5.24-1109583/build/amd/amdgpu/amdgpu.h:68,
                 from /var/lib/dkms/amdgpu/5.6.5.24-1109583/build/amd/backport/include/kcl/kcl_amdgpu.h:6,
                 from /var/lib/dkms/amdgpu/5.6.5.24-1109583/build/amd/backport/backport.h:18,
                 from <command-line>:
./include/drm/drm_dp_mst_helper.h:788:5: note: declared here
  788 | int drm_dp_calc_pbn_mode(int clock, int bpp, bool dsc);
      |     ^~~~~~~~~~~~~~~~~~~~
In file included from /var/lib/dkms/amdgpu/5.6.5.24-1109583/build/amd/backport/backport.h:26,
                 from <command-line>:
/var/lib/dkms/amdgpu/5.6.5.24-1109583/build/include/kcl/kcl_drm_connector.h: At top level:
/var/lib/dkms/amdgpu/5.6.5.24-1109583/build/include/kcl/kcl_drm_connector.h:37:20: error: redefinition of ‘drm_connector_put’
   37 | static inline void drm_connector_put(struct drm_connector *connector)
      |                    ^~~~~~~~~~~~~~~~~
In file included from ./include/drm/drm_modes.h:33,
                 from ./include/drm/drm_crtc.h:40,
                 from /var/lib/dkms/amdgpu/5.6.5.24-1109583/build/include/kcl/backport/kcl_drm_backport.h:5,
                 from /var/lib/dkms/amdgpu/5.6.5.24-1109583/build/amd/backport/backport.h:12,
                 from <command-line>:
./include/drm/drm_connector.h:1576:20: note: previous definition of ‘drm_connector_put’ was here
 1576 | static inline void drm_connector_put(struct drm_connector *connector)
      |                    ^~~~~~~~~~~~~~~~~
In file included from /var/lib/dkms/amdgpu/5.6.5.24-1109583/build/amd/backport/backport.h:26,
                 from <command-line>:
/var/lib/dkms/amdgpu/5.6.5.24-1109583/build/include/kcl/kcl_drm_connector.h:56:5: error: static declaration of ‘drm_connector_init_with_ddc’ follows non-static declaration
   56 | int drm_connector_init_with_ddc(struct drm_device *dev,
      |     ^~~~~~~~~~~~~~~~~~~~~~~~~~~
In file included from ./include/drm/drm_modeset_helper_vtables.h:33,
                 from ./include/drm/drm_crtc_helper.h:43,
                 from /var/lib/dkms/amdgpu/5.6.5.24-1109583/build/amd/amdgpu/amdgpu_mode.h:38,
                 from /var/lib/dkms/amdgpu/5.6.5.24-1109583/build/amd/amdgpu/amdgpu.h:68,
                 from /var/lib/dkms/amdgpu/5.6.5.24-1109583/build/amd/backport/include/kcl/kcl_amdgpu.h:6,
                 from /var/lib/dkms/amdgpu/5.6.5.24-1109583/build/amd/backport/backport.h:18,
                 from <command-line>:
./include/drm/drm_encoder.h: In function ‘drm_encoder_find’:
In file included from ./include/drm/drm_modes.h:33,
                 from ./include/drm/drm_crtc.h:40,
                 from /var/lib/dkms/amdgpu/5.6.5.24-1109583/build/include/kcl/backport/kcl_drm_backport.h:5,
                 from /var/lib/dkms/amdgpu/5.6.5.24-1109583/build/amd/backport/backport.h:12,
                 from <command-line>:
./include/drm/drm_connector.h:1517:5: note: previous declaration of ‘drm_connector_init_with_ddc’ was here
 1517 | int drm_connector_init_with_ddc(struct drm_device *dev,
      |     ^~~~~~~~~~~~~~~~~~~~~~~~~~~
./include/drm/drm_encoder.h:249:33: error: ‘file_priv’ undeclared (first use in this function); did you mean ‘file_path’?
  249 |  mo = drm_mode_object_find(dev, file_priv, id, DRM_MODE_OBJECT_ENCODER);
      |                                 ^~~~~~~~~
      |                                 file_path
In file included from /var/lib/dkms/amdgpu/5.6.5.24-1109583/build/include/kcl/backport/kcl_drm_dp_helper_backport.h:5,
                 from /var/lib/dkms/amdgpu/5.6.5.24-1109583/build/amd/backport/backport.h:27,
                 from <command-line>:
/var/lib/dkms/amdgpu/5.6.5.24-1109583/build/include/kcl/kcl_drm_dp_helper.h:162:20: error: static declaration of ‘drm_dp_cec_unregister_connector’ follows non-static declaration
  162 | static inline void drm_dp_cec_unregister_connector(struct drm_dp_aux *aux)
      |                    ^~~~~~~~~~~~~~~~~~~~~~~~~~~~~~~
In file included from /var/lib/dkms/amdgpu/5.6.5.24-1109583/build/include/kcl/kcl_drm.h:17,
                 from /var/lib/dkms/amdgpu/5.6.5.24-1109583/build/include/kcl/backport/kcl_drm_backport.h:16,
                 from /var/lib/dkms/amdgpu/5.6.5.24-1109583/build/amd/backport/backport.h:12,
                 from <command-line>:
./include/drm/drm_dp_helper.h:1919:6: note: previous declaration of ‘drm_dp_cec_unregister_connector’ was here
 1919 | void drm_dp_cec_unregister_connector(struct drm_dp_aux *aux);
      |      ^~~~~~~~~~~~~~~~~~~~~~~~~~~~~~~
In file included from /var/lib/dkms/amdgpu/5.6.5.24-1109583/build/amd/backport/backport.h:30,
                 from <command-line>:
/var/lib/dkms/amdgpu/5.6.5.24-1109583/build/include/kcl/kcl_hwmon.h:13:1: error: static declaration of ‘hwmon_device_register_with_groups’ follows non-static declaration
   13 | hwmon_device_register_with_groups(struct device *dev, const char *name,
      | ^~~~~~~~~~~~~~~~~~~~~~~~~~~~~~~~~
In file included from /var/lib/dkms/amdgpu/5.6.5.24-1109583/build/include/kcl/kcl_hwmon.h:5,
                 from /var/lib/dkms/amdgpu/5.6.5.24-1109583/build/amd/backport/backport.h:30,
                 from <command-line>:
./include/linux/hwmon.h:438:1: note: previous declaration of ‘hwmon_device_register_with_groups’ was here
  438 | hwmon_device_register_with_groups(struct device *dev, const char *name,
      | ^~~~~~~~~~~~~~~~~~~~~~~~~~~~~~~~~
In file included from /var/lib/dkms/amdgpu/5.6.5.24-1109583/build/amd/backport/backport.h:18,
                 from <command-line>:
/var/lib/dkms/amdgpu/5.6.5.24-1109583/build/amd/backport/include/kcl/kcl_amdgpu.h: In function ‘kcl_amdgpu_get_vblank_timestamp_kms’:
/var/lib/dkms/amdgpu/5.6.5.24-1109583/build/amd/backport/include/kcl/kcl_amdgpu.h:88:9: error: implicit declaration of function ‘drm_calc_vbltimestamp_from_scanoutpos’ [-Werror=implicit-function-declaration]
   88 |  return drm_calc_vbltimestamp_from_scanoutpos(dev, pipe, max_error, vblank_time, in_vblank_irq);
      |         ^~~~~~~~~~~~~~~~~~~~~~~~~~~~~~~~~~~~~
In file included from /var/lib/dkms/amdgpu/5.6.5.24-1109583/build/amd/backport/backport.h:21,
                 from <command-line>:
/var/lib/dkms/amdgpu/5.6.5.24-1109583/build/include/kcl/kcl_device.h: At top level:
/var/lib/dkms/amdgpu/5.6.5.24-1109583/build/include/kcl/kcl_device.h:9:30: error: redefinition of ‘kobj_to_dev’
    9 | static inline struct device *kobj_to_dev(struct kobject *kobj)
      |                              ^~~~~~~~~~~
In file included from ./include/linux/acpi.h:15,
                 from ./include/linux/i2c.h:13,
                 from ./include/drm/drm_crtc.h:28,
                 from /var/lib/dkms/amdgpu/5.6.5.24-1109583/build/include/kcl/backport/kcl_drm_backport.h:5,
                 from /var/lib/dkms/amdgpu/5.6.5.24-1109583/build/amd/backport/backport.h:12,
                 from <command-line>:
./include/linux/device.h:586:30: note: previous definition of ‘kobj_to_dev’ was here
  586 | static inline struct device *kobj_to_dev(struct kobject *kobj)
      |                              ^~~~~~~~~~~
In file included from /var/lib/dkms/amdgpu/5.6.5.24-1109583/build/amd/backport/backport.h:21,
                 from <command-line>:
/var/lib/dkms/amdgpu/5.6.5.24-1109583/build/include/kcl/kcl_device.h:59:20: error: redefinition of ‘dev_pm_set_driver_flags’
   59 | static inline void dev_pm_set_driver_flags(struct device *dev, u32 flags)
      |                    ^~~~~~~~~~~~~~~~~~~~~~~
In file included from ./include/linux/acpi.h:15,
                 from ./include/linux/i2c.h:13,
                 from ./include/drm/drm_crtc.h:28,
                 from /var/lib/dkms/amdgpu/5.6.5.24-1109583/build/include/kcl/backport/kcl_drm_backport.h:5,
                 from /var/lib/dkms/amdgpu/5.6.5.24-1109583/build/amd/backport/backport.h:12,
                 from <command-line>:
./include/linux/device.h:726:20: note: previous definition of ‘dev_pm_set_driver_flags’ was here
  726 | static inline void dev_pm_set_driver_flags(struct device *dev, u32 flags)
      |                    ^~~~~~~~~~~~~~~~~~~~~~~
In file included from /var/lib/dkms/amdgpu/5.6.5.24-1109583/build/amd/backport/backport.h:24,
                 from <command-line>:
/var/lib/dkms/amdgpu/5.6.5.24-1109583/build/include/kcl/kcl_drm_dp_mst_helper.h: In function ‘_kcl_drm_dp_calc_pbn_mode’:
/var/lib/dkms/amdgpu/5.6.5.24-1109583/build/include/kcl/kcl_drm_dp_mst_helper.h:17:9: error: too few arguments to function ‘drm_dp_calc_pbn_mode’
   17 |  return drm_dp_calc_pbn_mode(clock, bpp);
      |         ^~~~~~~~~~~~~~~~~~~~
In file included from /var/lib/dkms/amdgpu/5.6.5.24-1109583/build/amd/amdgpu/amdgpu_mode.h:47,
                 from /var/lib/dkms/amdgpu/5.6.5.24-1109583/build/amd/amdgpu/amdgpu.h:68,
                 from /var/lib/dkms/amdgpu/5.6.5.24-1109583/build/amd/backport/include/kcl/kcl_amdgpu.h:6,
                 from /var/lib/dkms/amdgpu/5.6.5.24-1109583/build/amd/backport/backport.h:18,
                 from <command-line>:
./include/drm/drm_dp_mst_helper.h:788:5: note: declared here
  788 | int drm_dp_calc_pbn_mode(int clock, int bpp, bool dsc);
      |     ^~~~~~~~~~~~~~~~~~~~
In file included from /var/lib/dkms/amdgpu/5.6.5.24-1109583/build/amd/backport/backport.h:26,
                 from <command-line>:
/var/lib/dkms/amdgpu/5.6.5.24-1109583/build/include/kcl/kcl_drm_connector.h: At top level:
/var/lib/dkms/amdgpu/5.6.5.24-1109583/build/include/kcl/kcl_drm_connector.h:37:20: error: redefinition of ‘drm_connector_put’
   37 | static inline void drm_connector_put(struct drm_connector *connector)
      |                    ^~~~~~~~~~~~~~~~~
In file included from ./include/drm/drm_modes.h:33,
                 from ./include/drm/drm_crtc.h:40,
                 from /var/lib/dkms/amdgpu/5.6.5.24-1109583/build/include/kcl/backport/kcl_drm_backport.h:5,
                 from /var/lib/dkms/amdgpu/5.6.5.24-1109583/build/amd/backport/backport.h:12,
                 from <command-line>:
./include/drm/drm_connector.h:1576:20: note: previous definition of ‘drm_connector_put’ was here
 1576 | static inline void drm_connector_put(struct drm_connector *connector)
      |                    ^~~~~~~~~~~~~~~~~
In file included from /var/lib/dkms/amdgpu/5.6.5.24-1109583/build/amd/backport/backport.h:26,
                 from <command-line>:
/var/lib/dkms/amdgpu/5.6.5.24-1109583/build/include/kcl/kcl_drm_connector.h:56:5: error: static declaration of ‘drm_connector_init_with_ddc’ follows non-static declaration
   56 | int drm_connector_init_with_ddc(struct drm_device *dev,
      |     ^~~~~~~~~~~~~~~~~~~~~~~~~~~
In file included from ./include/drm/drm_modes.h:33,
                 from ./include/drm/drm_crtc.h:40,
                 from /var/lib/dkms/amdgpu/5.6.5.24-1109583/build/include/kcl/backport/kcl_drm_backport.h:5,
                 from /var/lib/dkms/amdgpu/5.6.5.24-1109583/build/amd/backport/backport.h:12,
                 from <command-line>:
./include/drm/drm_connector.h:1517:5: note: previous declaration of ‘drm_connector_init_with_ddc’ was here
 1517 | int drm_connector_init_with_ddc(struct drm_device *dev,
      |     ^~~~~~~~~~~~~~~~~~~~~~~~~~~
In file included from /var/lib/dkms/amdgpu/5.6.5.24-1109583/build/include/kcl/backport/kcl_drm_dp_helper_backport.h:5,
                 from /var/lib/dkms/amdgpu/5.6.5.24-1109583/build/amd/backport/backport.h:27,
                 from <command-line>:
/var/lib/dkms/amdgpu/5.6.5.24-1109583/build/include/kcl/kcl_drm_dp_helper.h:162:20: error: static declaration of ‘drm_dp_cec_unregister_connector’ follows non-static declaration
  162 | static inline void drm_dp_cec_unregister_connector(struct drm_dp_aux *aux)
      |                    ^~~~~~~~~~~~~~~~~~~~~~~~~~~~~~~
In file included from /var/lib/dkms/amdgpu/5.6.5.24-1109583/build/include/kcl/kcl_drm.h:17,
                 from /var/lib/dkms/amdgpu/5.6.5.24-1109583/build/include/kcl/backport/kcl_drm_backport.h:16,
                 from /var/lib/dkms/amdgpu/5.6.5.24-1109583/build/amd/backport/backport.h:12,
                 from <command-line>:
./include/drm/drm_dp_helper.h:1919:6: note: previous declaration of ‘drm_dp_cec_unregister_connector’ was here
 1919 | void drm_dp_cec_unregister_connector(struct drm_dp_aux *aux);
      |      ^~~~~~~~~~~~~~~~~~~~~~~~~~~~~~~
In file included from /var/lib/dkms/amdgpu/5.6.5.24-1109583/build/amd/backport/backport.h:30,
                 from <command-line>:
/var/lib/dkms/amdgpu/5.6.5.24-1109583/build/include/kcl/kcl_hwmon.h:13:1: error: static declaration of ‘hwmon_device_register_with_groups’ follows non-static declaration
   13 | hwmon_device_register_with_groups(struct device *dev, const char *name,
      | ^~~~~~~~~~~~~~~~~~~~~~~~~~~~~~~~~
In file included from /var/lib/dkms/amdgpu/5.6.5.24-1109583/build/include/kcl/kcl_hwmon.h:5,
                 from /var/lib/dkms/amdgpu/5.6.5.24-1109583/build/amd/backport/backport.h:30,
                 from <command-line>:
./include/linux/hwmon.h:438:1: note: previous declaration of ‘hwmon_device_register_with_groups’ was here
  438 | hwmon_device_register_with_groups(struct device *dev, const char *name,
      | ^~~~~~~~~~~~~~~~~~~~~~~~~~~~~~~~~
In file included from /var/lib/dkms/amdgpu/5.6.5.24-1109583/build/amd/backport/backport.h:18,
                 from <command-line>:
/var/lib/dkms/amdgpu/5.6.5.24-1109583/build/amd/backport/include/kcl/kcl_amdgpu.h: In function ‘kcl_amdgpu_get_vblank_timestamp_kms’:
/var/lib/dkms/amdgpu/5.6.5.24-1109583/build/amd/backport/include/kcl/kcl_amdgpu.h:88:9: error: implicit declaration of function ‘drm_calc_vbltimestamp_from_scanoutpos’ [-Werror=implicit-function-declaration]
   88 |  return drm_calc_vbltimestamp_from_scanoutpos(dev, pipe, max_error, vblank_time, in_vblank_irq);
      |         ^~~~~~~~~~~~~~~~~~~~~~~~~~~~~~~~~~~~~
In file included from /var/lib/dkms/amdgpu/5.6.5.24-1109583/build/amd/backport/backport.h:21,
                 from <command-line>:
/var/lib/dkms/amdgpu/5.6.5.24-1109583/build/include/kcl/kcl_device.h: At top level:
/var/lib/dkms/amdgpu/5.6.5.24-1109583/build/include/kcl/kcl_device.h:9:30: error: redefinition of ‘kobj_to_dev’
    9 | static inline struct device *kobj_to_dev(struct kobject *kobj)
      |                              ^~~~~~~~~~~
In file included from ./include/linux/acpi.h:15,
                 from ./include/linux/i2c.h:13,
                 from ./include/drm/drm_crtc.h:28,
                 from /var/lib/dkms/amdgpu/5.6.5.24-1109583/build/include/kcl/backport/kcl_drm_backport.h:5,
                 from /var/lib/dkms/amdgpu/5.6.5.24-1109583/build/amd/backport/backport.h:12,
                 from <command-line>:
./include/linux/device.h:586:30: note: previous definition of ‘kobj_to_dev’ was here
  586 | static inline struct device *kobj_to_dev(struct kobject *kobj)
      |                              ^~~~~~~~~~~
In file included from /var/lib/dkms/amdgpu/5.6.5.24-1109583/build/amd/backport/backport.h:21,
                 from <command-line>:
/var/lib/dkms/amdgpu/5.6.5.24-1109583/build/include/kcl/kcl_device.h:59:20: error: redefinition of ‘dev_pm_set_driver_flags’
   59 | static inline void dev_pm_set_driver_flags(struct device *dev, u32 flags)
      |                    ^~~~~~~~~~~~~~~~~~~~~~~
In file included from ./include/linux/acpi.h:15,
                 from ./include/linux/i2c.h:13,
                 from ./include/drm/drm_crtc.h:28,
                 from /var/lib/dkms/amdgpu/5.6.5.24-1109583/build/include/kcl/backport/kcl_drm_backport.h:5,
                 from /var/lib/dkms/amdgpu/5.6.5.24-1109583/build/amd/backport/backport.h:12,
                 from <command-line>:
./include/linux/device.h:726:20: note: previous definition of ‘dev_pm_set_driver_flags’ was here
  726 | static inline void dev_pm_set_driver_flags(struct device *dev, u32 flags)
      |                    ^~~~~~~~~~~~~~~~~~~~~~~
In file included from /var/lib/dkms/amdgpu/5.6.5.24-1109583/build/amd/backport/backport.h:24,
                 from <command-line>:
/var/lib/dkms/amdgpu/5.6.5.24-1109583/build/include/kcl/kcl_drm_dp_mst_helper.h: In function ‘_kcl_drm_dp_calc_pbn_mode’:
In file included from /var/lib/dkms/amdgpu/5.6.5.24-1109583/build/amd/backport/backport.h:37,
                 from <command-line>:
/var/lib/dkms/amdgpu/5.6.5.24-1109583/build/include/kcl/kcl_pagemap.h: In function ‘_kcl_release_pages’:
/var/lib/dkms/amdgpu/5.6.5.24-1109583/build/include/kcl/kcl_drm_dp_mst_helper.h:17:9: error: too few arguments to function ‘drm_dp_calc_pbn_mode’
   17 |  return drm_dp_calc_pbn_mode(clock, bpp);
      |         ^~~~~~~~~~~~~~~~~~~~
/var/lib/dkms/amdgpu/5.6.5.24-1109583/build/include/kcl/kcl_pagemap.h:10:2: error: too many arguments to function ‘release_pages’
   10 |  release_pages(pages, nr, 0);
      |  ^~~~~~~~~~~~~
In file included from /var/lib/dkms/amdgpu/5.6.5.24-1109583/build/amd/amdgpu/amdgpu_mode.h:47,
                 from /var/lib/dkms/amdgpu/5.6.5.24-1109583/build/amd/amdgpu/amdgpu.h:68,
                 from /var/lib/dkms/amdgpu/5.6.5.24-1109583/build/amd/backport/include/kcl/kcl_amdgpu.h:6,
                 from /var/lib/dkms/amdgpu/5.6.5.24-1109583/build/amd/backport/backport.h:18,
                 from <command-line>:
./include/drm/drm_dp_mst_helper.h:788:5: note: declared here
  788 | int drm_dp_calc_pbn_mode(int clock, int bpp, bool dsc);
      |     ^~~~~~~~~~~~~~~~~~~~
In file included from /var/lib/dkms/amdgpu/5.6.5.24-1109583/build/include/kcl/kcl_pagemap.h:5,
                 from /var/lib/dkms/amdgpu/5.6.5.24-1109583/build/amd/backport/backport.h:37,
                 from <command-line>:
./include/linux/pagemap.h:158:6: note: declared here
  158 | void release_pages(struct page **pages, int nr);
      |      ^~~~~~~~~~~~~
In file included from /var/lib/dkms/amdgpu/5.6.5.24-1109583/build/amd/backport/backport.h:26,
                 from <command-line>:
/var/lib/dkms/amdgpu/5.6.5.24-1109583/build/include/kcl/kcl_drm_connector.h: At top level:
/var/lib/dkms/amdgpu/5.6.5.24-1109583/build/include/kcl/kcl_drm_connector.h:37:20: error: redefinition of ‘drm_connector_put’
   37 | static inline void drm_connector_put(struct drm_connector *connector)
      |                    ^~~~~~~~~~~~~~~~~
In file included from ./include/drm/drm_modes.h:33,
                 from ./include/drm/drm_crtc.h:40,
                 from /var/lib/dkms/amdgpu/5.6.5.24-1109583/build/include/kcl/backport/kcl_drm_backport.h:5,
                 from /var/lib/dkms/amdgpu/5.6.5.24-1109583/build/amd/backport/backport.h:12,
                 from <command-line>:
./include/drm/drm_connector.h:1576:20: note: previous definition of ‘drm_connector_put’ was here
 1576 | static inline void drm_connector_put(struct drm_connector *connector)
      |                    ^~~~~~~~~~~~~~~~~
In file included from /var/lib/dkms/amdgpu/5.6.5.24-1109583/build/amd/backport/backport.h:26,
                 from <command-line>:
/var/lib/dkms/amdgpu/5.6.5.24-1109583/build/include/kcl/kcl_drm_connector.h:56:5: error: static declaration of ‘drm_connector_init_with_ddc’ follows non-static declaration
   56 | int drm_connector_init_with_ddc(struct drm_device *dev,
      |     ^~~~~~~~~~~~~~~~~~~~~~~~~~~
In file included from ./include/drm/drm_modes.h:33,
                 from ./include/drm/drm_crtc.h:40,
                 from /var/lib/dkms/amdgpu/5.6.5.24-1109583/build/include/kcl/backport/kcl_drm_backport.h:5,
                 from /var/lib/dkms/amdgpu/5.6.5.24-1109583/build/amd/backport/backport.h:12,
                 from <command-line>:
./include/drm/drm_connector.h:1517:5: note: previous declaration of ‘drm_connector_init_with_ddc’ was here
 1517 | int drm_connector_init_with_ddc(struct drm_device *dev,
      |     ^~~~~~~~~~~~~~~~~~~~~~~~~~~
In file included from /var/lib/dkms/amdgpu/5.6.5.24-1109583/build/include/kcl/backport/kcl_drm_dp_helper_backport.h:5,
                 from /var/lib/dkms/amdgpu/5.6.5.24-1109583/build/amd/backport/backport.h:27,
                 from <command-line>:
/var/lib/dkms/amdgpu/5.6.5.24-1109583/build/include/kcl/kcl_drm_dp_helper.h:162:20: error: static declaration of ‘drm_dp_cec_unregister_connector’ follows non-static declaration
  162 | static inline void drm_dp_cec_unregister_connector(struct drm_dp_aux *aux)
      |                    ^~~~~~~~~~~~~~~~~~~~~~~~~~~~~~~
In file included from /var/lib/dkms/amdgpu/5.6.5.24-1109583/build/include/kcl/kcl_drm.h:17,
                 from /var/lib/dkms/amdgpu/5.6.5.24-1109583/build/include/kcl/backport/kcl_drm_backport.h:16,
                 from /var/lib/dkms/amdgpu/5.6.5.24-1109583/build/amd/backport/backport.h:12,
                 from <command-line>:
./include/drm/drm_dp_helper.h:1919:6: note: previous declaration of ‘drm_dp_cec_unregister_connector’ was here
 1919 | void drm_dp_cec_unregister_connector(struct drm_dp_aux *aux);
      |      ^~~~~~~~~~~~~~~~~~~~~~~~~~~~~~~
In file included from /var/lib/dkms/amdgpu/5.6.5.24-1109583/build/amd/backport/backport.h:30,
                 from <command-line>:
/var/lib/dkms/amdgpu/5.6.5.24-1109583/build/include/kcl/kcl_hwmon.h:13:1: error: static declaration of ‘hwmon_device_register_with_groups’ follows non-static declaration
   13 | hwmon_device_register_with_groups(struct device *dev, const char *name,
      | ^~~~~~~~~~~~~~~~~~~~~~~~~~~~~~~~~
In file included from /var/lib/dkms/amdgpu/5.6.5.24-1109583/build/include/kcl/kcl_hwmon.h:5,
                 from /var/lib/dkms/amdgpu/5.6.5.24-1109583/build/amd/backport/backport.h:30,
                 from <command-line>:
./include/linux/hwmon.h:438:1: note: previous declaration of ‘hwmon_device_register_with_groups’ was here
  438 | hwmon_device_register_with_groups(struct device *dev, const char *name,
      | ^~~~~~~~~~~~~~~~~~~~~~~~~~~~~~~~~
In file included from /var/lib/dkms/amdgpu/5.6.5.24-1109583/build/amd/backport/backport.h:37,
                 from <command-line>:
/var/lib/dkms/amdgpu/5.6.5.24-1109583/build/include/kcl/kcl_pagemap.h: In function ‘_kcl_release_pages’:
/var/lib/dkms/amdgpu/5.6.5.24-1109583/build/include/kcl/kcl_pagemap.h:10:2: error: too many arguments to function ‘release_pages’
   10 |  release_pages(pages, nr, 0);
      |  ^~~~~~~~~~~~~
In file included from /var/lib/dkms/amdgpu/5.6.5.24-1109583/build/include/kcl/kcl_pagemap.h:5,
                 from /var/lib/dkms/amdgpu/5.6.5.24-1109583/build/amd/backport/backport.h:37,
                 from <command-line>:
./include/linux/pagemap.h:158:6: note: declared here
  158 | void release_pages(struct page **pages, int nr);
      |      ^~~~~~~~~~~~~
In file included from /var/lib/dkms/amdgpu/5.6.5.24-1109583/build/include/kcl/backport/kcl_pci_backport.h:7,
                 from /var/lib/dkms/amdgpu/5.6.5.24-1109583/build/amd/backport/backport.h:38,
                 from <command-line>:
/var/lib/dkms/amdgpu/5.6.5.24-1109583/build/include/kcl/kcl_pci.h: At top level:
/var/lib/dkms/amdgpu/5.6.5.24-1109583/build/include/kcl/kcl_pci.h:105:5: error: static declaration of ‘pci_enable_atomic_ops_to_root’ follows non-static declaration
  105 | int pci_enable_atomic_ops_to_root(struct pci_dev *dev, u32 cap_mask)
      |     ^~~~~~~~~~~~~~~~~~~~~~~~~~~~~
In file included from /var/lib/dkms/amdgpu/5.6.5.24-1109583/build/include/kcl/backport/kcl_pci_backport.h:5,
                 from /var/lib/dkms/amdgpu/5.6.5.24-1109583/build/amd/backport/backport.h:38,
                 from <command-line>:
./include/linux/pci.h:2192:5: note: previous declaration of ‘pci_enable_atomic_ops_to_root’ was here
 2192 | int pci_enable_atomic_ops_to_root(struct pci_dev *dev, u32 cap_mask);
      |     ^~~~~~~~~~~~~~~~~~~~~~~~~~~~~
In file included from /var/lib/dkms/amdgpu/5.6.5.24-1109583/build/include/kcl/backport/kcl_pci_backport.h:7,
                 from /var/lib/dkms/amdgpu/5.6.5.24-1109583/build/amd/backport/backport.h:38,
                 from <command-line>:
/var/lib/dkms/amdgpu/5.6.5.24-1109583/build/include/kcl/kcl_pci.h:112:31: error: redefinition of ‘pci_upstream_bridge’
  112 | static inline struct pci_dev *pci_upstream_bridge(struct pci_dev *dev)
      |                               ^~~~~~~~~~~~~~~~~~~
In file included from /var/lib/dkms/amdgpu/5.6.5.24-1109583/build/include/kcl/backport/kcl_pci_backport.h:5,
                 from /var/lib/dkms/amdgpu/5.6.5.24-1109583/build/amd/backport/backport.h:38,
                 from <command-line>:
./include/linux/pci.h:686:31: note: previous definition of ‘pci_upstream_bridge’ was here
  686 | static inline struct pci_dev *pci_upstream_bridge(struct pci_dev *dev)
      |                               ^~~~~~~~~~~~~~~~~~~
In file included from /var/lib/dkms/amdgpu/5.6.5.24-1109583/build/include/kcl/backport/kcl_pci_backport.h:7,
                 from /var/lib/dkms/amdgpu/5.6.5.24-1109583/build/amd/backport/backport.h:38,
                 from <command-line>:
/var/lib/dkms/amdgpu/5.6.5.24-1109583/build/include/kcl/kcl_pci.h:127:5: error: static declaration of ‘pcie_bandwidth_available’ follows non-static declaration
  127 | u32 pcie_bandwidth_available(struct pci_dev *dev, struct pci_dev **limiting_dev,
      |     ^~~~~~~~~~~~~~~~~~~~~~~~
In file included from /var/lib/dkms/amdgpu/5.6.5.24-1109583/build/include/kcl/backport/kcl_pci_backport.h:5,
                 from /var/lib/dkms/amdgpu/5.6.5.24-1109583/build/amd/backport/backport.h:38,
                 from <command-line>:
./include/linux/pci.h:1218:5: note: previous declaration of ‘pcie_bandwidth_available’ was here
 1218 | u32 pcie_bandwidth_available(struct pci_dev *dev, struct pci_dev **limiting_dev,
      |     ^~~~~~~~~~~~~~~~~~~~~~~~
In file included from /var/lib/dkms/amdgpu/5.6.5.24-1109583/build/include/kcl/backport/kcl_pci_backport.h:7,
                 from /var/lib/dkms/amdgpu/5.6.5.24-1109583/build/amd/backport/backport.h:38,
                 from <command-line>:
/var/lib/dkms/amdgpu/5.6.5.24-1109583/build/include/kcl/kcl_pci.h:170:19: error: redefinition of ‘pci_dev_id’
  170 | static inline u16 pci_dev_id(struct pci_dev *dev)
      |                   ^~~~~~~~~~
In file included from /var/lib/dkms/amdgpu/5.6.5.24-1109583/build/include/kcl/backport/kcl_pci_backport.h:5,
                 from /var/lib/dkms/amdgpu/5.6.5.24-1109583/build/amd/backport/backport.h:38,
                 from <command-line>:
./include/linux/pci.h:651:19: note: previous definition of ‘pci_dev_id’ was here
  651 | static inline u16 pci_dev_id(struct pci_dev *dev)
      |                   ^~~~~~~~~~
In file included from /var/lib/dkms/amdgpu/5.6.5.24-1109583/build/include/kcl/backport/kcl_pci_backport.h:7,
                 from /var/lib/dkms/amdgpu/5.6.5.24-1109583/build/amd/backport/backport.h:38,
                 from <command-line>:
/var/lib/dkms/amdgpu/5.6.5.24-1109583/build/include/kcl/kcl_pci.h:177:20: error: redefinition of ‘pci_is_thunderbolt_attached’
  177 | static inline bool pci_is_thunderbolt_attached(struct pci_dev *pdev)
      |                    ^~~~~~~~~~~~~~~~~~~~~~~~~~~
In file included from /var/lib/dkms/amdgpu/5.6.5.24-1109583/build/include/kcl/backport/kcl_pci_backport.h:5,
                 from /var/lib/dkms/amdgpu/5.6.5.24-1109583/build/amd/backport/backport.h:38,
                 from <command-line>:
./include/linux/pci.h:2389:20: note: previous definition of ‘pci_is_thunderbolt_attached’ was here
 2389 | static inline bool pci_is_thunderbolt_attached(struct pci_dev *pdev)
      |                    ^~~~~~~~~~~~~~~~~~~~~~~~~~~
In file included from /var/lib/dkms/amdgpu/5.6.5.24-1109583/build/amd/backport/backport.h:37,
                 from <command-line>:
/var/lib/dkms/amdgpu/5.6.5.24-1109583/build/include/kcl/kcl_pagemap.h: In function ‘_kcl_release_pages’:
/var/lib/dkms/amdgpu/5.6.5.24-1109583/build/include/kcl/kcl_pagemap.h:10:2: error: too many arguments to function ‘release_pages’
   10 |  release_pages(pages, nr, 0);
      |  ^~~~~~~~~~~~~
In file included from /var/lib/dkms/amdgpu/5.6.5.24-1109583/build/include/kcl/kcl_pagemap.h:5,
                 from /var/lib/dkms/amdgpu/5.6.5.24-1109583/build/amd/backport/backport.h:37,
                 from <command-line>:
./include/linux/pagemap.h:158:6: note: declared here
  158 | void release_pages(struct page **pages, int nr);
      |      ^~~~~~~~~~~~~
In file included from /var/lib/dkms/amdgpu/5.6.5.24-1109583/build/include/kcl/backport/kcl_pci_backport.h:7,
                 from /var/lib/dkms/amdgpu/5.6.5.24-1109583/build/amd/backport/backport.h:38,
                 from <command-line>:
/var/lib/dkms/amdgpu/5.6.5.24-1109583/build/include/kcl/kcl_pci.h: At top level:
/var/lib/dkms/amdgpu/5.6.5.24-1109583/build/include/kcl/kcl_pci.h:105:5: error: static declaration of ‘pci_enable_atomic_ops_to_root’ follows non-static declaration
  105 | int pci_enable_atomic_ops_to_root(struct pci_dev *dev, u32 cap_mask)
      |     ^~~~~~~~~~~~~~~~~~~~~~~~~~~~~
In file included from /var/lib/dkms/amdgpu/5.6.5.24-1109583/build/include/kcl/backport/kcl_pci_backport.h:5,
                 from /var/lib/dkms/amdgpu/5.6.5.24-1109583/build/amd/backport/backport.h:38,
                 from <command-line>:
./include/linux/pci.h:2192:5: note: previous declaration of ‘pci_enable_atomic_ops_to_root’ was here
 2192 | int pci_enable_atomic_ops_to_root(struct pci_dev *dev, u32 cap_mask);
      |     ^~~~~~~~~~~~~~~~~~~~~~~~~~~~~
In file included from /var/lib/dkms/amdgpu/5.6.5.24-1109583/build/include/kcl/backport/kcl_pci_backport.h:7,
                 from /var/lib/dkms/amdgpu/5.6.5.24-1109583/build/amd/backport/backport.h:38,
                 from <command-line>:
/var/lib/dkms/amdgpu/5.6.5.24-1109583/build/include/kcl/kcl_pci.h:112:31: error: redefinition of ‘pci_upstream_bridge’
  112 | static inline struct pci_dev *pci_upstream_bridge(struct pci_dev *dev)
      |                               ^~~~~~~~~~~~~~~~~~~
In file included from /var/lib/dkms/amdgpu/5.6.5.24-1109583/build/include/kcl/backport/kcl_pci_backport.h:5,
                 from /var/lib/dkms/amdgpu/5.6.5.24-1109583/build/amd/backport/backport.h:38,
                 from <command-line>:
./include/linux/pci.h:686:31: note: previous definition of ‘pci_upstream_bridge’ was here
  686 | static inline struct pci_dev *pci_upstream_bridge(struct pci_dev *dev)
      |                               ^~~~~~~~~~~~~~~~~~~
In file included from /var/lib/dkms/amdgpu/5.6.5.24-1109583/build/include/kcl/backport/kcl_pci_backport.h:7,
                 from /var/lib/dkms/amdgpu/5.6.5.24-1109583/build/amd/backport/backport.h:38,
                 from <command-line>:
/var/lib/dkms/amdgpu/5.6.5.24-1109583/build/include/kcl/kcl_pci.h:127:5: error: static declaration of ‘pcie_bandwidth_available’ follows non-static declaration
  127 | u32 pcie_bandwidth_available(struct pci_dev *dev, struct pci_dev **limiting_dev,
      |     ^~~~~~~~~~~~~~~~~~~~~~~~
In file included from /var/lib/dkms/amdgpu/5.6.5.24-1109583/build/include/kcl/backport/kcl_pci_backport.h:5,
                 from /var/lib/dkms/amdgpu/5.6.5.24-1109583/build/amd/backport/backport.h:38,
                 from <command-line>:
./include/linux/pci.h:1218:5: note: previous declaration of ‘pcie_bandwidth_available’ was here
 1218 | u32 pcie_bandwidth_available(struct pci_dev *dev, struct pci_dev **limiting_dev,
      |     ^~~~~~~~~~~~~~~~~~~~~~~~
In file included from /var/lib/dkms/amdgpu/5.6.5.24-1109583/build/include/kcl/backport/kcl_pci_backport.h:7,
                 from /var/lib/dkms/amdgpu/5.6.5.24-1109583/build/amd/backport/backport.h:38,
                 from <command-line>:
/var/lib/dkms/amdgpu/5.6.5.24-1109583/build/include/kcl/kcl_pci.h:170:19: error: redefinition of ‘pci_dev_id’
  170 | static inline u16 pci_dev_id(struct pci_dev *dev)
      |                   ^~~~~~~~~~
In file included from /var/lib/dkms/amdgpu/5.6.5.24-1109583/build/include/kcl/backport/kcl_pci_backport.h:5,
                 from /var/lib/dkms/amdgpu/5.6.5.24-1109583/build/amd/backport/backport.h:38,
                 from <command-line>:
./include/linux/pci.h:651:19: note: previous definition of ‘pci_dev_id’ was here
  651 | static inline u16 pci_dev_id(struct pci_dev *dev)
      |                   ^~~~~~~~~~
In file included from /var/lib/dkms/amdgpu/5.6.5.24-1109583/build/include/kcl/backport/kcl_pci_backport.h:7,
                 from /var/lib/dkms/amdgpu/5.6.5.24-1109583/build/amd/backport/backport.h:38,
                 from <command-line>:
/var/lib/dkms/amdgpu/5.6.5.24-1109583/build/include/kcl/kcl_pci.h:177:20: error: redefinition of ‘pci_is_thunderbolt_attached’
  177 | static inline bool pci_is_thunderbolt_attached(struct pci_dev *pdev)
      |                    ^~~~~~~~~~~~~~~~~~~~~~~~~~~
In file included from /var/lib/dkms/amdgpu/5.6.5.24-1109583/build/include/kcl/backport/kcl_pci_backport.h:5,
                 from /var/lib/dkms/amdgpu/5.6.5.24-1109583/build/amd/backport/backport.h:38,
                 from <command-line>:
./include/linux/pci.h:2389:20: note: previous definition of ‘pci_is_thunderbolt_attached’ was here
 2389 | static inline bool pci_is_thunderbolt_attached(struct pci_dev *pdev)
      |                    ^~~~~~~~~~~~~~~~~~~~~~~~~~~
In file included from /var/lib/dkms/amdgpu/5.6.5.24-1109583/build/include/kcl/backport/kcl_pci_backport.h:7,
                 from /var/lib/dkms/amdgpu/5.6.5.24-1109583/build/amd/backport/backport.h:38,
                 from <command-line>:
/var/lib/dkms/amdgpu/5.6.5.24-1109583/build/include/kcl/kcl_pci.h: At top level:
/var/lib/dkms/amdgpu/5.6.5.24-1109583/build/include/kcl/kcl_pci.h:105:5: error: static declaration of ‘pci_enable_atomic_ops_to_root’ follows non-static declaration
  105 | int pci_enable_atomic_ops_to_root(struct pci_dev *dev, u32 cap_mask)
      |     ^~~~~~~~~~~~~~~~~~~~~~~~~~~~~
In file included from /var/lib/dkms/amdgpu/5.6.5.24-1109583/build/include/kcl/backport/kcl_pci_backport.h:5,
                 from /var/lib/dkms/amdgpu/5.6.5.24-1109583/build/amd/backport/backport.h:38,
                 from <command-line>:
./include/linux/pci.h:2192:5: note: previous declaration of ‘pci_enable_atomic_ops_to_root’ was here
 2192 | int pci_enable_atomic_ops_to_root(struct pci_dev *dev, u32 cap_mask);
      |     ^~~~~~~~~~~~~~~~~~~~~~~~~~~~~
In file included from /var/lib/dkms/amdgpu/5.6.5.24-1109583/build/include/kcl/backport/kcl_pci_backport.h:7,
                 from /var/lib/dkms/amdgpu/5.6.5.24-1109583/build/amd/backport/backport.h:38,
                 from <command-line>:
/var/lib/dkms/amdgpu/5.6.5.24-1109583/build/include/kcl/kcl_pci.h:112:31: error: redefinition of ‘pci_upstream_bridge’
  112 | static inline struct pci_dev *pci_upstream_bridge(struct pci_dev *dev)
      |                               ^~~~~~~~~~~~~~~~~~~
In file included from /var/lib/dkms/amdgpu/5.6.5.24-1109583/build/include/kcl/backport/kcl_pci_backport.h:5,
                 from /var/lib/dkms/amdgpu/5.6.5.24-1109583/build/amd/backport/backport.h:38,
                 from <command-line>:
./include/linux/pci.h:686:31: note: previous definition of ‘pci_upstream_bridge’ was here
  686 | static inline struct pci_dev *pci_upstream_bridge(struct pci_dev *dev)
      |                               ^~~~~~~~~~~~~~~~~~~
In file included from /var/lib/dkms/amdgpu/5.6.5.24-1109583/build/include/kcl/backport/kcl_pci_backport.h:7,
                 from /var/lib/dkms/amdgpu/5.6.5.24-1109583/build/amd/backport/backport.h:38,
                 from <command-line>:
/var/lib/dkms/amdgpu/5.6.5.24-1109583/build/include/kcl/kcl_pci.h:127:5: error: static declaration of ‘pcie_bandwidth_available’ follows non-static declaration
  127 | u32 pcie_bandwidth_available(struct pci_dev *dev, struct pci_dev **limiting_dev,
      |     ^~~~~~~~~~~~~~~~~~~~~~~~
In file included from /var/lib/dkms/amdgpu/5.6.5.24-1109583/build/include/kcl/backport/kcl_pci_backport.h:5,
                 from /var/lib/dkms/amdgpu/5.6.5.24-1109583/build/amd/backport/backport.h:38,
                 from <command-line>:
./include/linux/pci.h:1218:5: note: previous declaration of ‘pcie_bandwidth_available’ was here
 1218 | u32 pcie_bandwidth_available(struct pci_dev *dev, struct pci_dev **limiting_dev,
      |     ^~~~~~~~~~~~~~~~~~~~~~~~
In file included from /var/lib/dkms/amdgpu/5.6.5.24-1109583/build/include/kcl/backport/kcl_pci_backport.h:7,
                 from /var/lib/dkms/amdgpu/5.6.5.24-1109583/build/amd/backport/backport.h:38,
                 from <command-line>:
/var/lib/dkms/amdgpu/5.6.5.24-1109583/build/include/kcl/kcl_pci.h:170:19: error: redefinition of ‘pci_dev_id’
  170 | static inline u16 pci_dev_id(struct pci_dev *dev)
      |                   ^~~~~~~~~~
In file included from /var/lib/dkms/amdgpu/5.6.5.24-1109583/build/include/kcl/backport/kcl_pci_backport.h:5,
                 from /var/lib/dkms/amdgpu/5.6.5.24-1109583/build/amd/backport/backport.h:38,
                 from <command-line>:
./include/linux/pci.h:651:19: note: previous definition of ‘pci_dev_id’ was here
  651 | static inline u16 pci_dev_id(struct pci_dev *dev)
      |                   ^~~~~~~~~~
In file included from /var/lib/dkms/amdgpu/5.6.5.24-1109583/build/include/kcl/backport/kcl_pci_backport.h:7,
                 from /var/lib/dkms/amdgpu/5.6.5.24-1109583/build/amd/backport/backport.h:38,
                 from <command-line>:
/var/lib/dkms/amdgpu/5.6.5.24-1109583/build/include/kcl/kcl_pci.h:177:20: error: redefinition of ‘pci_is_thunderbolt_attached’
  177 | static inline bool pci_is_thunderbolt_attached(struct pci_dev *pdev)
      |                    ^~~~~~~~~~~~~~~~~~~~~~~~~~~
In file included from /var/lib/dkms/amdgpu/5.6.5.24-1109583/build/include/kcl/backport/kcl_pci_backport.h:5,
                 from /var/lib/dkms/amdgpu/5.6.5.24-1109583/build/amd/backport/backport.h:38,
                 from <command-line>:
./include/linux/pci.h:2389:20: note: previous definition of ‘pci_is_thunderbolt_attached’ was here
 2389 | static inline bool pci_is_thunderbolt_attached(struct pci_dev *pdev)
      |                    ^~~~~~~~~~~~~~~~~~~~~~~~~~~
In file included from /var/lib/dkms/amdgpu/5.6.5.24-1109583/build/amd/backport/backport.h:41,
                 from <command-line>:
/var/lib/dkms/amdgpu/5.6.5.24-1109583/build/include/kcl/kcl_timekeeping.h:7:19: error: redefinition of ‘ktime_get_ns’
    7 | static inline u64 ktime_get_ns(void)
      |                   ^~~~~~~~~~~~
In file included from ./include/linux/ktime.h:232,
                 from ./include/linux/timer.h:6,
                 from ./include/linux/workqueue.h:9,
                 from ./include/linux/rhashtable-types.h:15,
                 from ./include/linux/ipc.h:7,
                 from ./include/uapi/linux/sem.h:5,
                 from ./include/linux/sem.h:5,
                 from ./include/linux/sched.h:15,
                 from ./include/linux/dma-fence.h:21,
                 from /var/lib/dkms/amdgpu/5.6.5.24-1109583/build/include/kcl/kcl_fence.h:11,
                 from /var/lib/dkms/amdgpu/5.6.5.24-1109583/build/include/kcl/backport/kcl_fence_backport.h:4,
                 from /var/lib/dkms/amdgpu/5.6.5.24-1109583/build/amd/backport/backport.h:11,
                 from <command-line>:
./include/linux/timekeeping.h:151:19: note: previous definition of ‘ktime_get_ns’ was here
  151 | static inline u64 ktime_get_ns(void)
      |                   ^~~~~~~~~~~~
In file included from /var/lib/dkms/amdgpu/5.6.5.24-1109583/build/amd/backport/backport.h:41,
                 from <command-line>:
/var/lib/dkms/amdgpu/5.6.5.24-1109583/build/include/kcl/kcl_timekeeping.h:20:19: error: redefinition of ‘ktime_get_boottime_ns’
   20 | static inline u64 ktime_get_boottime_ns(void)
      |                   ^~~~~~~~~~~~~~~~~~~~~
In file included from ./include/linux/ktime.h:232,
                 from ./include/linux/timer.h:6,
                 from ./include/linux/workqueue.h:9,
                 from ./include/linux/rhashtable-types.h:15,
                 from ./include/linux/ipc.h:7,
                 from ./include/uapi/linux/sem.h:5,
                 from ./include/linux/sem.h:5,
                 from ./include/linux/sched.h:15,
                 from ./include/linux/dma-fence.h:21,
                 from /var/lib/dkms/amdgpu/5.6.5.24-1109583/build/include/kcl/kcl_fence.h:11,
                 from /var/lib/dkms/amdgpu/5.6.5.24-1109583/build/include/kcl/backport/kcl_fence_backport.h:4,
                 from /var/lib/dkms/amdgpu/5.6.5.24-1109583/build/amd/backport/backport.h:11,
                 from <command-line>:
./include/linux/timekeeping.h:161:19: note: previous definition of ‘ktime_get_boottime_ns’ was here
  161 | static inline u64 ktime_get_boottime_ns(void)
      |                   ^~~~~~~~~~~~~~~~~~~~~
In file included from /var/lib/dkms/amdgpu/5.6.5.24-1109583/build/amd/backport/backport.h:41,
                 from <command-line>:
/var/lib/dkms/amdgpu/5.6.5.24-1109583/build/include/kcl/kcl_timekeeping.h: In function ‘ktime_get_boottime_ns’:
/var/lib/dkms/amdgpu/5.6.5.24-1109583/build/include/kcl/kcl_timekeeping.h:22:18: error: storage size of ‘time’ isn’t known
   22 |  struct timespec time;
      |                  ^~~~
In file included from /var/lib/dkms/amdgpu/5.6.5.24-1109583/build/amd/backport/backport.h:41,
                 from <command-line>:
/var/lib/dkms/amdgpu/5.6.5.24-1109583/build/include/kcl/kcl_timekeeping.h:7:19: error: redefinition of ‘ktime_get_ns’
    7 | static inline u64 ktime_get_ns(void)
      |                   ^~~~~~~~~~~~
In file included from ./include/linux/ktime.h:232,
                 from ./include/linux/timer.h:6,
                 from ./include/linux/workqueue.h:9,
                 from ./include/linux/rhashtable-types.h:15,
                 from ./include/linux/ipc.h:7,
                 from ./include/uapi/linux/sem.h:5,
                 from ./include/linux/sem.h:5,
                 from ./include/linux/sched.h:15,
                 from ./include/linux/dma-fence.h:21,
                 from /var/lib/dkms/amdgpu/5.6.5.24-1109583/build/include/kcl/kcl_fence.h:11,
                 from /var/lib/dkms/amdgpu/5.6.5.24-1109583/build/include/kcl/backport/kcl_fence_backport.h:4,
                 from /var/lib/dkms/amdgpu/5.6.5.24-1109583/build/amd/backport/backport.h:11,
                 from <command-line>:
./include/linux/timekeeping.h:151:19: note: previous definition of ‘ktime_get_ns’ was here
  151 | static inline u64 ktime_get_ns(void)
      |                   ^~~~~~~~~~~~
In file included from /var/lib/dkms/amdgpu/5.6.5.24-1109583/build/amd/backport/backport.h:41,
                 from <command-line>:
/var/lib/dkms/amdgpu/5.6.5.24-1109583/build/include/kcl/kcl_timekeeping.h:20:19: error: redefinition of ‘ktime_get_boottime_ns’
   20 | static inline u64 ktime_get_boottime_ns(void)
      |                   ^~~~~~~~~~~~~~~~~~~~~
In file included from ./include/linux/ktime.h:232,
                 from ./include/linux/timer.h:6,
                 from ./include/linux/workqueue.h:9,
                 from ./include/linux/rhashtable-types.h:15,
                 from ./include/linux/ipc.h:7,
                 from ./include/uapi/linux/sem.h:5,
                 from ./include/linux/sem.h:5,
                 from ./include/linux/sched.h:15,
                 from ./include/linux/dma-fence.h:21,
                 from /var/lib/dkms/amdgpu/5.6.5.24-1109583/build/include/kcl/kcl_fence.h:11,
                 from /var/lib/dkms/amdgpu/5.6.5.24-1109583/build/include/kcl/backport/kcl_fence_backport.h:4,
                 from /var/lib/dkms/amdgpu/5.6.5.24-1109583/build/amd/backport/backport.h:11,
                 from <command-line>:
./include/linux/timekeeping.h:161:19: note: previous definition of ‘ktime_get_boottime_ns’ was here
  161 | static inline u64 ktime_get_boottime_ns(void)
      |                   ^~~~~~~~~~~~~~~~~~~~~
In file included from /var/lib/dkms/amdgpu/5.6.5.24-1109583/build/amd/backport/backport.h:41,
                 from <command-line>:
/var/lib/dkms/amdgpu/5.6.5.24-1109583/build/include/kcl/kcl_timekeeping.h: In function ‘ktime_get_boottime_ns’:
/var/lib/dkms/amdgpu/5.6.5.24-1109583/build/include/kcl/kcl_timekeeping.h:22:18: error: storage size of ‘time’ isn’t known
   22 |  struct timespec time;
      |                  ^~~~
In file included from /var/lib/dkms/amdgpu/5.6.5.24-1109583/build/amd/backport/backport.h:41,
                 from <command-line>:
/var/lib/dkms/amdgpu/5.6.5.24-1109583/build/include/kcl/kcl_timekeeping.h:7:19: error: redefinition of ‘ktime_get_ns’
    7 | static inline u64 ktime_get_ns(void)
      |                   ^~~~~~~~~~~~
In file included from ./include/linux/ktime.h:232,
                 from ./include/linux/timer.h:6,
                 from ./include/linux/workqueue.h:9,
                 from ./include/linux/rhashtable-types.h:15,
                 from ./include/linux/ipc.h:7,
                 from ./include/uapi/linux/sem.h:5,
                 from ./include/linux/sem.h:5,
                 from ./include/linux/sched.h:15,
                 from ./include/linux/dma-fence.h:21,
                 from /var/lib/dkms/amdgpu/5.6.5.24-1109583/build/include/kcl/kcl_fence.h:11,
                 from /var/lib/dkms/amdgpu/5.6.5.24-1109583/build/include/kcl/backport/kcl_fence_backport.h:4,
                 from /var/lib/dkms/amdgpu/5.6.5.24-1109583/build/amd/backport/backport.h:11,
                 from <command-line>:
./include/linux/timekeeping.h:151:19: note: previous definition of ‘ktime_get_ns’ was here
  151 | static inline u64 ktime_get_ns(void)
      |                   ^~~~~~~~~~~~
In file included from /var/lib/dkms/amdgpu/5.6.5.24-1109583/build/amd/backport/backport.h:41,
                 from <command-line>:
/var/lib/dkms/amdgpu/5.6.5.24-1109583/build/include/kcl/kcl_timekeeping.h:20:19: error: redefinition of ‘ktime_get_boottime_ns’
   20 | static inline u64 ktime_get_boottime_ns(void)
      |                   ^~~~~~~~~~~~~~~~~~~~~
In file included from ./include/linux/ktime.h:232,
                 from ./include/linux/timer.h:6,
                 from ./include/linux/workqueue.h:9,
                 from ./include/linux/rhashtable-types.h:15,
                 from ./include/linux/ipc.h:7,
                 from ./include/uapi/linux/sem.h:5,
                 from ./include/linux/sem.h:5,
                 from ./include/linux/sched.h:15,
                 from ./include/linux/dma-fence.h:21,
                 from /var/lib/dkms/amdgpu/5.6.5.24-1109583/build/include/kcl/kcl_fence.h:11,
                 from /var/lib/dkms/amdgpu/5.6.5.24-1109583/build/include/kcl/backport/kcl_fence_backport.h:4,
                 from /var/lib/dkms/amdgpu/5.6.5.24-1109583/build/amd/backport/backport.h:11,
                 from <command-line>:
./include/linux/timekeeping.h:161:19: note: previous definition of ‘ktime_get_boottime_ns’ was here
  161 | static inline u64 ktime_get_boottime_ns(void)
      |                   ^~~~~~~~~~~~~~~~~~~~~
In file included from /var/lib/dkms/amdgpu/5.6.5.24-1109583/build/amd/backport/backport.h:41,
                 from <command-line>:
/var/lib/dkms/amdgpu/5.6.5.24-1109583/build/include/kcl/kcl_timekeeping.h: In function ‘ktime_get_boottime_ns’:
/var/lib/dkms/amdgpu/5.6.5.24-1109583/build/include/kcl/kcl_timekeeping.h:22:18: error: storage size of ‘time’ isn’t known
   22 |  struct timespec time;
      |                  ^~~~
In file included from /var/lib/dkms/amdgpu/5.6.5.24-1109583/build/amd/backport/backport.h:18,
                 from <command-line>:
/var/lib/dkms/amdgpu/5.6.5.24-1109583/build/amd/backport/include/kcl/kcl_amdgpu.h: In function ‘kcl_amdgpu_get_vblank_timestamp_kms’:
/var/lib/dkms/amdgpu/5.6.5.24-1109583/build/amd/backport/include/kcl/kcl_amdgpu.h:88:9: error: implicit declaration of function ‘drm_calc_vbltimestamp_from_scanoutpos’ [-Werror=implicit-function-declaration]
   88 |  return drm_calc_vbltimestamp_from_scanoutpos(dev, pipe, max_error, vblank_time, in_vblank_irq);
      |         ^~~~~~~~~~~~~~~~~~~~~~~~~~~~~~~~~~~~~
In file included from /var/lib/dkms/amdgpu/5.6.5.24-1109583/build/amd/backport/backport.h:21,
                 from <command-line>:
/var/lib/dkms/amdgpu/5.6.5.24-1109583/build/include/kcl/kcl_device.h: At top level:
/var/lib/dkms/amdgpu/5.6.5.24-1109583/build/include/kcl/kcl_device.h:9:30: error: redefinition of ‘kobj_to_dev’
    9 | static inline struct device *kobj_to_dev(struct kobject *kobj)
      |                              ^~~~~~~~~~~
In file included from ./include/linux/acpi.h:15,
                 from ./include/linux/i2c.h:13,
                 from ./include/drm/drm_crtc.h:28,
                 from /var/lib/dkms/amdgpu/5.6.5.24-1109583/build/include/kcl/backport/kcl_drm_backport.h:5,
                 from /var/lib/dkms/amdgpu/5.6.5.24-1109583/build/amd/backport/backport.h:12,
                 from <command-line>:
./include/linux/device.h:586:30: note: previous definition of ‘kobj_to_dev’ was here
  586 | static inline struct device *kobj_to_dev(struct kobject *kobj)
      |                              ^~~~~~~~~~~
In file included from /var/lib/dkms/amdgpu/5.6.5.24-1109583/build/amd/backport/backport.h:21,
                 from <command-line>:
/var/lib/dkms/amdgpu/5.6.5.24-1109583/build/include/kcl/kcl_device.h:59:20: error: redefinition of ‘dev_pm_set_driver_flags’
   59 | static inline void dev_pm_set_driver_flags(struct device *dev, u32 flags)
      |                    ^~~~~~~~~~~~~~~~~~~~~~~
In file included from ./include/linux/acpi.h:15,
                 from ./include/linux/i2c.h:13,
                 from ./include/drm/drm_crtc.h:28,
                 from /var/lib/dkms/amdgpu/5.6.5.24-1109583/build/include/kcl/backport/kcl_drm_backport.h:5,
                 from /var/lib/dkms/amdgpu/5.6.5.24-1109583/build/amd/backport/backport.h:12,
                 from <command-line>:
./include/linux/device.h:726:20: note: previous definition of ‘dev_pm_set_driver_flags’ was here
  726 | static inline void dev_pm_set_driver_flags(struct device *dev, u32 flags)
      |                    ^~~~~~~~~~~~~~~~~~~~~~~
In file included from /var/lib/dkms/amdgpu/5.6.5.24-1109583/build/amd/backport/backport.h:24,
                 from <command-line>:
/var/lib/dkms/amdgpu/5.6.5.24-1109583/build/include/kcl/kcl_drm_dp_mst_helper.h: In function ‘_kcl_drm_dp_calc_pbn_mode’:
/var/lib/dkms/amdgpu/5.6.5.24-1109583/build/include/kcl/kcl_drm_dp_mst_helper.h:17:9: error: too few arguments to function ‘drm_dp_calc_pbn_mode’
   17 |  return drm_dp_calc_pbn_mode(clock, bpp);
      |         ^~~~~~~~~~~~~~~~~~~~
In file included from /var/lib/dkms/amdgpu/5.6.5.24-1109583/build/amd/amdgpu/amdgpu_mode.h:47,
                 from /var/lib/dkms/amdgpu/5.6.5.24-1109583/build/amd/amdgpu/amdgpu.h:68,
                 from /var/lib/dkms/amdgpu/5.6.5.24-1109583/build/amd/backport/include/kcl/kcl_amdgpu.h:6,
                 from /var/lib/dkms/amdgpu/5.6.5.24-1109583/build/amd/backport/backport.h:18,
                 from <command-line>:
./include/drm/drm_dp_mst_helper.h:788:5: note: declared here
  788 | int drm_dp_calc_pbn_mode(int clock, int bpp, bool dsc);
      |     ^~~~~~~~~~~~~~~~~~~~
In file included from /var/lib/dkms/amdgpu/5.6.5.24-1109583/build/amd/backport/backport.h:26,
                 from <command-line>:
/var/lib/dkms/amdgpu/5.6.5.24-1109583/build/include/kcl/kcl_drm_connector.h: At top level:
/var/lib/dkms/amdgpu/5.6.5.24-1109583/build/include/kcl/kcl_drm_connector.h:37:20: error: redefinition of ‘drm_connector_put’
   37 | static inline void drm_connector_put(struct drm_connector *connector)
      |                    ^~~~~~~~~~~~~~~~~
In file included from ./include/drm/drm_modes.h:33,
                 from ./include/drm/drm_crtc.h:40,
                 from /var/lib/dkms/amdgpu/5.6.5.24-1109583/build/include/kcl/backport/kcl_drm_backport.h:5,
                 from /var/lib/dkms/amdgpu/5.6.5.24-1109583/build/amd/backport/backport.h:12,
                 from <command-line>:
./include/drm/drm_connector.h:1576:20: note: previous definition of ‘drm_connector_put’ was here
 1576 | static inline void drm_connector_put(struct drm_connector *connector)
      |                    ^~~~~~~~~~~~~~~~~
In file included from /var/lib/dkms/amdgpu/5.6.5.24-1109583/build/amd/backport/backport.h:26,
                 from <command-line>:
/var/lib/dkms/amdgpu/5.6.5.24-1109583/build/include/kcl/kcl_drm_connector.h:56:5: error: static declaration of ‘drm_connector_init_with_ddc’ follows non-static declaration
   56 | int drm_connector_init_with_ddc(struct drm_device *dev,
      |     ^~~~~~~~~~~~~~~~~~~~~~~~~~~
In file included from ./include/drm/drm_modes.h:33,
                 from ./include/drm/drm_crtc.h:40,
                 from /var/lib/dkms/amdgpu/5.6.5.24-1109583/build/include/kcl/backport/kcl_drm_backport.h:5,
                 from /var/lib/dkms/amdgpu/5.6.5.24-1109583/build/amd/backport/backport.h:12,
                 from <command-line>:
./include/drm/drm_connector.h:1517:5: note: previous declaration of ‘drm_connector_init_with_ddc’ was here
 1517 | int drm_connector_init_with_ddc(struct drm_device *dev,
      |     ^~~~~~~~~~~~~~~~~~~~~~~~~~~
In file included from /var/lib/dkms/amdgpu/5.6.5.24-1109583/build/include/kcl/backport/kcl_drm_dp_helper_backport.h:5,
                 from /var/lib/dkms/amdgpu/5.6.5.24-1109583/build/amd/backport/backport.h:27,
                 from <command-line>:
/var/lib/dkms/amdgpu/5.6.5.24-1109583/build/include/kcl/kcl_drm_dp_helper.h:162:20: error: static declaration of ‘drm_dp_cec_unregister_connector’ follows non-static declaration
  162 | static inline void drm_dp_cec_unregister_connector(struct drm_dp_aux *aux)
      |                    ^~~~~~~~~~~~~~~~~~~~~~~~~~~~~~~
In file included from /var/lib/dkms/amdgpu/5.6.5.24-1109583/build/include/kcl/kcl_drm.h:17,
                 from /var/lib/dkms/amdgpu/5.6.5.24-1109583/build/include/kcl/backport/kcl_drm_backport.h:16,
                 from /var/lib/dkms/amdgpu/5.6.5.24-1109583/build/amd/backport/backport.h:12,
                 from <command-line>:
./include/drm/drm_dp_helper.h:1919:6: note: previous declaration of ‘drm_dp_cec_unregister_connector’ was here
 1919 | void drm_dp_cec_unregister_connector(struct drm_dp_aux *aux);
      |      ^~~~~~~~~~~~~~~~~~~~~~~~~~~~~~~
In file included from /var/lib/dkms/amdgpu/5.6.5.24-1109583/build/amd/backport/backport.h:30,
                 from <command-line>:
/var/lib/dkms/amdgpu/5.6.5.24-1109583/build/include/kcl/kcl_hwmon.h:13:1: error: static declaration of ‘hwmon_device_register_with_groups’ follows non-static declaration
   13 | hwmon_device_register_with_groups(struct device *dev, const char *name,
      | ^~~~~~~~~~~~~~~~~~~~~~~~~~~~~~~~~
In file included from /var/lib/dkms/amdgpu/5.6.5.24-1109583/build/include/kcl/kcl_hwmon.h:5,
                 from /var/lib/dkms/amdgpu/5.6.5.24-1109583/build/amd/backport/backport.h:30,
                 from <command-line>:
./include/linux/hwmon.h:438:1: note: previous declaration of ‘hwmon_device_register_with_groups’ was here
  438 | hwmon_device_register_with_groups(struct device *dev, const char *name,
      | ^~~~~~~~~~~~~~~~~~~~~~~~~~~~~~~~~
make[1]: *** [scripts/Makefile.build:518: /var/lib/dkms/amdgpu/5.6.5.24-1109583/build/amd/amdkcl] Error 2
In file included from /var/lib/dkms/amdgpu/5.6.5.24-1109583/build/amd/backport/backport.h:37,
                 from <command-line>:
/var/lib/dkms/amdgpu/5.6.5.24-1109583/build/include/kcl/kcl_pagemap.h: In function ‘_kcl_release_pages’:
/var/lib/dkms/amdgpu/5.6.5.24-1109583/build/include/kcl/kcl_pagemap.h:10:2: error: too many arguments to function ‘release_pages’
   10 |  release_pages(pages, nr, 0);
      |  ^~~~~~~~~~~~~
In file included from /var/lib/dkms/amdgpu/5.6.5.24-1109583/build/include/kcl/kcl_pagemap.h:5,
                 from /var/lib/dkms/amdgpu/5.6.5.24-1109583/build/amd/backport/backport.h:37,
                 from <command-line>:
./include/linux/pagemap.h:158:6: note: declared here
  158 | void release_pages(struct page **pages, int nr);
      |      ^~~~~~~~~~~~~
In file included from /var/lib/dkms/amdgpu/5.6.5.24-1109583/build/include/kcl/backport/kcl_drm_backport.h:16,
                 from /var/lib/dkms/amdgpu/5.6.5.24-1109583/build/amd/backport/backport.h:12,
                 from <command-line>:
/var/lib/dkms/amdgpu/5.6.5.24-1109583/build/include/kcl/kcl_drm.h:156:1: error: static declaration of ‘drm_crtc_from_index’ follows non-static declaration
  156 | drm_crtc_from_index(struct drm_device *dev, int idx)
      | ^~~~~~~~~~~~~~~~~~~
In file included from /var/lib/dkms/amdgpu/5.6.5.24-1109583/build/include/kcl/backport/kcl_drm_backport.h:5,
                 from /var/lib/dkms/amdgpu/5.6.5.24-1109583/build/amd/backport/backport.h:12,
                 from <command-line>:
./include/drm/drm_crtc.h:1251:18: note: previous declaration of ‘drm_crtc_from_index’ was here
 1251 | struct drm_crtc *drm_crtc_from_index(struct drm_device *dev, int idx);
      |                  ^~~~~~~~~~~~~~~~~~~
In file included from /var/lib/dkms/amdgpu/5.6.5.24-1109583/build/include/kcl/backport/kcl_pci_backport.h:7,
                 from /var/lib/dkms/amdgpu/5.6.5.24-1109583/build/amd/backport/backport.h:38,
                 from <command-line>:
/var/lib/dkms/amdgpu/5.6.5.24-1109583/build/include/kcl/kcl_pci.h: At top level:
/var/lib/dkms/amdgpu/5.6.5.24-1109583/build/include/kcl/kcl_pci.h:105:5: error: static declaration of ‘pci_enable_atomic_ops_to_root’ follows non-static declaration
  105 | int pci_enable_atomic_ops_to_root(struct pci_dev *dev, u32 cap_mask)
      |     ^~~~~~~~~~~~~~~~~~~~~~~~~~~~~
In file included from /var/lib/dkms/amdgpu/5.6.5.24-1109583/build/include/kcl/backport/kcl_pci_backport.h:5,
                 from /var/lib/dkms/amdgpu/5.6.5.24-1109583/build/amd/backport/backport.h:38,
                 from <command-line>:
./include/linux/pci.h:2192:5: note: previous declaration of ‘pci_enable_atomic_ops_to_root’ was here
 2192 | int pci_enable_atomic_ops_to_root(struct pci_dev *dev, u32 cap_mask);
      |     ^~~~~~~~~~~~~~~~~~~~~~~~~~~~~
In file included from /var/lib/dkms/amdgpu/5.6.5.24-1109583/build/include/kcl/backport/kcl_pci_backport.h:7,
                 from /var/lib/dkms/amdgpu/5.6.5.24-1109583/build/amd/backport/backport.h:38,
                 from <command-line>:
/var/lib/dkms/amdgpu/5.6.5.24-1109583/build/include/kcl/kcl_pci.h:112:31: error: redefinition of ‘pci_upstream_bridge’
  112 | static inline struct pci_dev *pci_upstream_bridge(struct pci_dev *dev)
      |                               ^~~~~~~~~~~~~~~~~~~
In file included from /var/lib/dkms/amdgpu/5.6.5.24-1109583/build/include/kcl/backport/kcl_pci_backport.h:5,
                 from /var/lib/dkms/amdgpu/5.6.5.24-1109583/build/amd/backport/backport.h:38,
                 from <command-line>:
./include/linux/pci.h:686:31: note: previous definition of ‘pci_upstream_bridge’ was here
  686 | static inline struct pci_dev *pci_upstream_bridge(struct pci_dev *dev)
      |                               ^~~~~~~~~~~~~~~~~~~
In file included from /var/lib/dkms/amdgpu/5.6.5.24-1109583/build/include/kcl/backport/kcl_pci_backport.h:7,
                 from /var/lib/dkms/amdgpu/5.6.5.24-1109583/build/amd/backport/backport.h:38,
                 from <command-line>:
/var/lib/dkms/amdgpu/5.6.5.24-1109583/build/include/kcl/kcl_pci.h:127:5: error: static declaration of ‘pcie_bandwidth_available’ follows non-static declaration
  127 | u32 pcie_bandwidth_available(struct pci_dev *dev, struct pci_dev **limiting_dev,
      |     ^~~~~~~~~~~~~~~~~~~~~~~~
In file included from /var/lib/dkms/amdgpu/5.6.5.24-1109583/build/include/kcl/backport/kcl_pci_backport.h:5,
                 from /var/lib/dkms/amdgpu/5.6.5.24-1109583/build/amd/backport/backport.h:38,
                 from <command-line>:
./include/linux/pci.h:1218:5: note: previous declaration of ‘pcie_bandwidth_available’ was here
 1218 | u32 pcie_bandwidth_available(struct pci_dev *dev, struct pci_dev **limiting_dev,
      |     ^~~~~~~~~~~~~~~~~~~~~~~~
In file included from /var/lib/dkms/amdgpu/5.6.5.24-1109583/build/include/kcl/backport/kcl_pci_backport.h:7,
                 from /var/lib/dkms/amdgpu/5.6.5.24-1109583/build/amd/backport/backport.h:38,
                 from <command-line>:
/var/lib/dkms/amdgpu/5.6.5.24-1109583/build/include/kcl/kcl_pci.h:170:19: error: redefinition of ‘pci_dev_id’
  170 | static inline u16 pci_dev_id(struct pci_dev *dev)
      |                   ^~~~~~~~~~
In file included from /var/lib/dkms/amdgpu/5.6.5.24-1109583/build/include/kcl/backport/kcl_pci_backport.h:5,
                 from /var/lib/dkms/amdgpu/5.6.5.24-1109583/build/amd/backport/backport.h:38,
                 from <command-line>:
./include/linux/pci.h:651:19: note: previous definition of ‘pci_dev_id’ was here
  651 | static inline u16 pci_dev_id(struct pci_dev *dev)
      |                   ^~~~~~~~~~
In file included from /var/lib/dkms/amdgpu/5.6.5.24-1109583/build/include/kcl/backport/kcl_pci_backport.h:7,
                 from /var/lib/dkms/amdgpu/5.6.5.24-1109583/build/amd/backport/backport.h:38,
                 from <command-line>:
/var/lib/dkms/amdgpu/5.6.5.24-1109583/build/include/kcl/kcl_pci.h:177:20: error: redefinition of ‘pci_is_thunderbolt_attached’
  177 | static inline bool pci_is_thunderbolt_attached(struct pci_dev *pdev)
      |                    ^~~~~~~~~~~~~~~~~~~~~~~~~~~
In file included from /var/lib/dkms/amdgpu/5.6.5.24-1109583/build/include/kcl/backport/kcl_pci_backport.h:5,
                 from /var/lib/dkms/amdgpu/5.6.5.24-1109583/build/amd/backport/backport.h:38,
                 from <command-line>:
./include/linux/pci.h:2389:20: note: previous definition of ‘pci_is_thunderbolt_attached’ was here
 2389 | static inline bool pci_is_thunderbolt_attached(struct pci_dev *pdev)
      |                    ^~~~~~~~~~~~~~~~~~~~~~~~~~~
/var/lib/dkms/amdgpu/5.6.5.24-1109583/build/include/kcl/kcl_timekeeping.h:24:2: error: implicit declaration of function ‘get_monotonic_boottime’ [-Werror=implicit-function-declaration]
   24 |  get_monotonic_boottime(&time);
      |  ^~~~~~~~~~~~~~~~~~~~~~
/var/lib/dkms/amdgpu/5.6.5.24-1109583/build/include/kcl/kcl_timekeeping.h:25:14: error: implicit declaration of function ‘timespec_to_ns’; did you mean ‘timespec64_to_ns’? [-Werror=implicit-function-declaration]
   25 |  return (u64)timespec_to_ns(&time);
      |              ^~~~~~~~~~~~~~
      |              timespec64_to_ns
/var/lib/dkms/amdgpu/5.6.5.24-1109583/build/include/kcl/kcl_timekeeping.h:22:18: warning: unused variable ‘time’ [-Wunused-variable]
   22 |  struct timespec time;
      |                  ^~~~
/var/lib/dkms/amdgpu/5.6.5.24-1109583/build/include/kcl/kcl_timekeeping.h: At top level:
/var/lib/dkms/amdgpu/5.6.5.24-1109583/build/include/kcl/kcl_timekeeping.h:31:19: error: redefinition of ‘ktime_get_raw_ns’
   31 | static inline u64 ktime_get_raw_ns(void)
      |                   ^~~~~~~~~~~~~~~~
In file included from ./include/linux/ktime.h:232,
                 from ./include/linux/timer.h:6,
                 from ./include/linux/workqueue.h:9,
                 from ./include/linux/rhashtable-types.h:15,
                 from ./include/linux/ipc.h:7,
                 from ./include/uapi/linux/sem.h:5,
                 from ./include/linux/sem.h:5,
                 from ./include/linux/sched.h:15,
                 from ./include/linux/dma-fence.h:21,
                 from /var/lib/dkms/amdgpu/5.6.5.24-1109583/build/include/kcl/kcl_fence.h:11,
                 from /var/lib/dkms/amdgpu/5.6.5.24-1109583/build/include/kcl/backport/kcl_fence_backport.h:4,
                 from /var/lib/dkms/amdgpu/5.6.5.24-1109583/build/amd/backport/backport.h:11,
                 from <command-line>:
./include/linux/timekeeping.h:171:19: note: previous definition of ‘ktime_get_raw_ns’ was here
  171 | static inline u64 ktime_get_raw_ns(void)
      |                   ^~~~~~~~~~~~~~~~
In file included from /var/lib/dkms/amdgpu/5.6.5.24-1109583/build/amd/backport/backport.h:41,
                 from <command-line>:
/var/lib/dkms/amdgpu/5.6.5.24-1109583/build/include/kcl/kcl_timekeeping.h: In function ‘ktime_get_raw_ns’:
/var/lib/dkms/amdgpu/5.6.5.24-1109583/build/include/kcl/kcl_timekeeping.h:33:18: error: storage size of ‘time’ isn’t known
   33 |  struct timespec time;
      |                  ^~~~
/var/lib/dkms/amdgpu/5.6.5.24-1109583/build/include/kcl/kcl_timekeeping.h:24:2: error: implicit declaration of function ‘get_monotonic_boottime’ [-Werror=implicit-function-declaration]
   24 |  get_monotonic_boottime(&time);
      |  ^~~~~~~~~~~~~~~~~~~~~~
In file included from /var/lib/dkms/amdgpu/5.6.5.24-1109583/build/include/kcl/backport/kcl_drm_backport.h:16,
                 from /var/lib/dkms/amdgpu/5.6.5.24-1109583/build/amd/backport/backport.h:12,
                 from <command-line>:
/var/lib/dkms/amdgpu/5.6.5.24-1109583/build/include/kcl/kcl_drm.h: In function ‘drm_gem_object_put_unlocked’:
/var/lib/dkms/amdgpu/5.6.5.24-1109583/build/include/kcl/kcl_drm.h:208:9: error: implicit declaration of function ‘drm_gem_object_unreference_unlocked’; did you mean ‘drm_gem_object_put_unlocked’? [-Werror=implicit-function-declaration]
  208 |  return drm_gem_object_unreference_unlocked(obj);
      |         ^~~~~~~~~~~~~~~~~~~~~~~~~~~~~~~~~~~
      |         drm_gem_object_put_unlocked
/var/lib/dkms/amdgpu/5.6.5.24-1109583/build/include/kcl/kcl_drm.h:208:9: error: ‘return’ with a value, in function returning void [-Werror=return-type]
  208 |  return drm_gem_object_unreference_unlocked(obj);
      |         ^~~~~~~~~~~~~~~~~~~~~~~~~~~~~~~~~~~~~~~~
/var/lib/dkms/amdgpu/5.6.5.24-1109583/build/include/kcl/kcl_drm.h:206:1: note: declared here
  206 | drm_gem_object_put_unlocked(struct drm_gem_object *obj)
      | ^~~~~~~~~~~~~~~~~~~~~~~~~~~
/var/lib/dkms/amdgpu/5.6.5.24-1109583/build/include/kcl/kcl_drm.h: At top level:
/var/lib/dkms/amdgpu/5.6.5.24-1109583/build/include/kcl/kcl_drm.h:212:1: error: redefinition of ‘drm_gem_object_get’
  212 | drm_gem_object_get(struct drm_gem_object *obj)
      | ^~~~~~~~~~~~~~~~~~
In file included from /var/lib/dkms/amdgpu/5.6.5.24-1109583/build/include/kcl/backport/kcl_drm_backport.h:11,
                 from /var/lib/dkms/amdgpu/5.6.5.24-1109583/build/amd/backport/backport.h:12,
                 from <command-line>:
./include/drm/drm_gem.h:362:20: note: previous definition of ‘drm_gem_object_get’ was here
  362 | static inline void drm_gem_object_get(struct drm_gem_object *obj)
      |                    ^~~~~~~~~~~~~~~~~~
In file included from /var/lib/dkms/amdgpu/5.6.5.24-1109583/build/include/kcl/backport/kcl_drm_backport.h:16,
                 from /var/lib/dkms/amdgpu/5.6.5.24-1109583/build/amd/backport/backport.h:12,
                 from <command-line>:
/var/lib/dkms/amdgpu/5.6.5.24-1109583/build/include/kcl/kcl_drm.h:261:20: error: static declaration of ‘drm_dev_get’ follows non-static declaration
  261 | static inline void drm_dev_get(struct drm_device *dev)
      |                    ^~~~~~~~~~~
In file included from /var/lib/dkms/amdgpu/5.6.5.24-1109583/build/include/kcl/header/kcl_drm_drv_h.h:6,
                 from /var/lib/dkms/amdgpu/5.6.5.24-1109583/build/include/kcl/kcl_drm.h:24,
                 from /var/lib/dkms/amdgpu/5.6.5.24-1109583/build/include/kcl/backport/kcl_drm_backport.h:16,
                 from /var/lib/dkms/amdgpu/5.6.5.24-1109583/build/amd/backport/backport.h:12,
                 from <command-line>:
./include/drm/drm_drv.h:555:6: note: previous declaration of ‘drm_dev_get’ was here
  555 | void drm_dev_get(struct drm_device *dev);
      |      ^~~~~~~~~~~
In file included from /var/lib/dkms/amdgpu/5.6.5.24-1109583/build/include/kcl/backport/kcl_drm_backport.h:16,
                 from /var/lib/dkms/amdgpu/5.6.5.24-1109583/build/amd/backport/backport.h:12,
                 from <command-line>:
/var/lib/dkms/amdgpu/5.6.5.24-1109583/build/include/kcl/kcl_drm.h: In function ‘drm_dev_get’:
/var/lib/dkms/amdgpu/5.6.5.24-1109583/build/include/kcl/kcl_drm.h:263:2: error: implicit declaration of function ‘drm_dev_ref’; did you mean ‘drm_dev_get’? [-Werror=implicit-function-declaration]
  263 |  drm_dev_ref(dev);
      |  ^~~~~~~~~~~
      |  drm_dev_get
/var/lib/dkms/amdgpu/5.6.5.24-1109583/build/include/kcl/kcl_drm.h: At top level:
/var/lib/dkms/amdgpu/5.6.5.24-1109583/build/include/kcl/kcl_drm.h:266:20: error: static declaration of ‘drm_dev_put’ follows non-static declaration
  266 | static inline void drm_dev_put(struct drm_device *dev)
      |                    ^~~~~~~~~~~
In file included from /var/lib/dkms/amdgpu/5.6.5.24-1109583/build/include/kcl/header/kcl_drm_drv_h.h:6,
                 from /var/lib/dkms/amdgpu/5.6.5.24-1109583/build/include/kcl/kcl_drm.h:24,
                 from /var/lib/dkms/amdgpu/5.6.5.24-1109583/build/include/kcl/backport/kcl_drm_backport.h:16,
                 from /var/lib/dkms/amdgpu/5.6.5.24-1109583/build/amd/backport/backport.h:12,
                 from <command-line>:
./include/drm/drm_drv.h:556:6: note: previous declaration of ‘drm_dev_put’ was here
  556 | void drm_dev_put(struct drm_device *dev);
      |      ^~~~~~~~~~~
In file included from /var/lib/dkms/amdgpu/5.6.5.24-1109583/build/amd/backport/backport.h:41,
                 from <command-line>:
/var/lib/dkms/amdgpu/5.6.5.24-1109583/build/include/kcl/kcl_timekeeping.h:7:19: error: redefinition of ‘ktime_get_ns’
    7 | static inline u64 ktime_get_ns(void)
      |                   ^~~~~~~~~~~~
In file included from ./include/linux/ktime.h:232,
                 from ./include/linux/timer.h:6,
                 from ./include/linux/workqueue.h:9,
                 from ./include/linux/rhashtable-types.h:15,
                 from ./include/linux/ipc.h:7,
                 from ./include/uapi/linux/sem.h:5,
                 from ./include/linux/sem.h:5,
                 from ./include/linux/sched.h:15,
                 from ./include/linux/dma-fence.h:21,
                 from /var/lib/dkms/amdgpu/5.6.5.24-1109583/build/include/kcl/kcl_fence.h:11,
                 from /var/lib/dkms/amdgpu/5.6.5.24-1109583/build/include/kcl/backport/kcl_fence_backport.h:4,
                 from /var/lib/dkms/amdgpu/5.6.5.24-1109583/build/amd/backport/backport.h:11,
                 from <command-line>:
./include/linux/timekeeping.h:151:19: note: previous definition of ‘ktime_get_ns’ was here
  151 | static inline u64 ktime_get_ns(void)
      |                   ^~~~~~~~~~~~
In file included from /var/lib/dkms/amdgpu/5.6.5.24-1109583/build/amd/backport/backport.h:41,
                 from <command-line>:
/var/lib/dkms/amdgpu/5.6.5.24-1109583/build/include/kcl/kcl_timekeeping.h:20:19: error: redefinition of ‘ktime_get_boottime_ns’
   20 | static inline u64 ktime_get_boottime_ns(void)
      |                   ^~~~~~~~~~~~~~~~~~~~~
In file included from ./include/linux/ktime.h:232,
                 from ./include/linux/timer.h:6,
                 from ./include/linux/workqueue.h:9,
                 from ./include/linux/rhashtable-types.h:15,
                 from ./include/linux/ipc.h:7,
                 from ./include/uapi/linux/sem.h:5,
                 from ./include/linux/sem.h:5,
                 from ./include/linux/sched.h:15,
                 from ./include/linux/dma-fence.h:21,
                 from /var/lib/dkms/amdgpu/5.6.5.24-1109583/build/include/kcl/kcl_fence.h:11,
                 from /var/lib/dkms/amdgpu/5.6.5.24-1109583/build/include/kcl/backport/kcl_fence_backport.h:4,
                 from /var/lib/dkms/amdgpu/5.6.5.24-1109583/build/amd/backport/backport.h:11,
                 from <command-line>:
./include/linux/timekeeping.h:161:19: note: previous definition of ‘ktime_get_boottime_ns’ was here
  161 | static inline u64 ktime_get_boottime_ns(void)
      |                   ^~~~~~~~~~~~~~~~~~~~~
In file included from /var/lib/dkms/amdgpu/5.6.5.24-1109583/build/amd/backport/backport.h:41,
                 from <command-line>:
/var/lib/dkms/amdgpu/5.6.5.24-1109583/build/include/kcl/kcl_timekeeping.h: In function ‘ktime_get_boottime_ns’:
/var/lib/dkms/amdgpu/5.6.5.24-1109583/build/include/kcl/kcl_timekeeping.h:22:18: error: storage size of ‘time’ isn’t known
   22 |  struct timespec time;
      |                  ^~~~
/var/lib/dkms/amdgpu/5.6.5.24-1109583/build/include/kcl/kcl_timekeeping.h:24:2: error: implicit declaration of function ‘get_monotonic_boottime’ [-Werror=implicit-function-declaration]
   24 |  get_monotonic_boottime(&time);
      |  ^~~~~~~~~~~~~~~~~~~~~~
/var/lib/dkms/amdgpu/5.6.5.24-1109583/build/include/kcl/kcl_timekeeping.h:25:14: error: implicit declaration of function ‘timespec_to_ns’; did you mean ‘timespec64_to_ns’? [-Werror=implicit-function-declaration]
   25 |  return (u64)timespec_to_ns(&time);
      |              ^~~~~~~~~~~~~~
      |              timespec64_to_ns
/var/lib/dkms/amdgpu/5.6.5.24-1109583/build/include/kcl/kcl_timekeeping.h:22:18: warning: unused variable ‘time’ [-Wunused-variable]
   22 |  struct timespec time;
      |                  ^~~~
/var/lib/dkms/amdgpu/5.6.5.24-1109583/build/include/kcl/kcl_timekeeping.h: At top level:
/var/lib/dkms/amdgpu/5.6.5.24-1109583/build/include/kcl/kcl_timekeeping.h:31:19: error: redefinition of ‘ktime_get_raw_ns’
   31 | static inline u64 ktime_get_raw_ns(void)
      |                   ^~~~~~~~~~~~~~~~
In file included from ./include/linux/ktime.h:232,
                 from ./include/linux/timer.h:6,
                 from ./include/linux/workqueue.h:9,
                 from ./include/linux/rhashtable-types.h:15,
                 from ./include/linux/ipc.h:7,
                 from ./include/uapi/linux/sem.h:5,
                 from ./include/linux/sem.h:5,
                 from ./include/linux/sched.h:15,
                 from ./include/linux/dma-fence.h:21,
                 from /var/lib/dkms/amdgpu/5.6.5.24-1109583/build/include/kcl/kcl_fence.h:11,
                 from /var/lib/dkms/amdgpu/5.6.5.24-1109583/build/include/kcl/backport/kcl_fence_backport.h:4,
                 from /var/lib/dkms/amdgpu/5.6.5.24-1109583/build/amd/backport/backport.h:11,
                 from <command-line>:
./include/linux/timekeeping.h:171:19: note: previous definition of ‘ktime_get_raw_ns’ was here
  171 | static inline u64 ktime_get_raw_ns(void)
      |                   ^~~~~~~~~~~~~~~~
In file included from /var/lib/dkms/amdgpu/5.6.5.24-1109583/build/amd/backport/backport.h:41,
                 from <command-line>:
/var/lib/dkms/amdgpu/5.6.5.24-1109583/build/include/kcl/kcl_timekeeping.h: In function ‘ktime_get_raw_ns’:
/var/lib/dkms/amdgpu/5.6.5.24-1109583/build/include/kcl/kcl_timekeeping.h:33:18: error: storage size of ‘time’ isn’t known
   33 |  struct timespec time;
      |                  ^~~~
/var/lib/dkms/amdgpu/5.6.5.24-1109583/build/include/kcl/kcl_timekeeping.h:35:2: error: implicit declaration of function ‘getrawmonotonic’ [-Werror=implicit-function-declaration]
   35 |  getrawmonotonic(&time);
      |  ^~~~~~~~~~~~~~~
/var/lib/dkms/amdgpu/5.6.5.24-1109583/build/include/kcl/kcl_timekeeping.h:33:18: warning: unused variable ‘time’ [-Wunused-variable]
   33 |  struct timespec time;
      |                  ^~~~
/var/lib/dkms/amdgpu/5.6.5.24-1109583/build/include/kcl/kcl_timekeeping.h: At top level:
/var/lib/dkms/amdgpu/5.6.5.24-1109583/build/include/kcl/kcl_timekeeping.h:41:24: error: static declaration of ‘ktime_get_real_seconds’ follows non-static declaration
   41 | static inline time64_t ktime_get_real_seconds(void)
      |                        ^~~~~~~~~~~~~~~~~~~~~~
In file included from ./include/linux/ktime.h:232,
                 from ./include/linux/timer.h:6,
                 from ./include/linux/workqueue.h:9,
                 from ./include/linux/rhashtable-types.h:15,
                 from ./include/linux/ipc.h:7,
                 from ./include/uapi/linux/sem.h:5,
                 from ./include/linux/sem.h:5,
                 from ./include/linux/sched.h:15,
                 from ./include/linux/dma-fence.h:21,
                 from /var/lib/dkms/amdgpu/5.6.5.24-1109583/build/include/kcl/kcl_fence.h:11,
                 from /var/lib/dkms/amdgpu/5.6.5.24-1109583/build/include/kcl/backport/kcl_fence_backport.h:4,
                 from /var/lib/dkms/amdgpu/5.6.5.24-1109583/build/amd/backport/backport.h:11,
                 from <command-line>:
./include/linux/timekeeping.h:53:17: note: previous declaration of ‘ktime_get_real_seconds’ was here
   53 | extern time64_t ktime_get_real_seconds(void);
      |                 ^~~~~~~~~~~~~~~~~~~~~~
In file included from /var/lib/dkms/amdgpu/5.6.5.24-1109583/build/amd/backport/backport.h:41,
                 from <command-line>:
/var/lib/dkms/amdgpu/5.6.5.24-1109583/build/include/kcl/kcl_timekeeping.h: In function ‘ktime_get_real_seconds’:
/var/lib/dkms/amdgpu/5.6.5.24-1109583/build/include/kcl/kcl_timekeeping.h:43:17: error: storage size of ‘ts’ isn’t known
   43 |  struct timeval ts;
      |                 ^~
In file included from /var/lib/dkms/amdgpu/5.6.5.24-1109583/build/include/kcl/backport/kcl_drm_backport.h:16,
                 from /var/lib/dkms/amdgpu/5.6.5.24-1109583/build/amd/backport/backport.h:12,
                 from <command-line>:
/var/lib/dkms/amdgpu/5.6.5.24-1109583/build/include/kcl/kcl_drm.h: In function ‘drm_dev_put’:
/var/lib/dkms/amdgpu/5.6.5.24-1109583/build/include/kcl/kcl_drm.h:268:9: error: implicit declaration of function ‘drm_dev_unref’; did you mean ‘drm_dev_enter’? [-Werror=implicit-function-declaration]
  268 |  return drm_dev_unref(dev);
      |         ^~~~~~~~~~~~~
      |         drm_dev_enter
/var/lib/dkms/amdgpu/5.6.5.24-1109583/build/include/kcl/kcl_drm.h:268:9: error: ‘return’ with a value, in function returning void [-Werror=return-type]
  268 |  return drm_dev_unref(dev);
      |         ^~~~~~~~~~~~~~~~~~
/var/lib/dkms/amdgpu/5.6.5.24-1109583/build/include/kcl/kcl_drm.h:266:20: note: declared here
  266 | static inline void drm_dev_put(struct drm_device *dev)
      |                    ^~~~~~~~~~~
/var/lib/dkms/amdgpu/5.6.5.24-1109583/build/include/kcl/kcl_drm.h: At top level:
/var/lib/dkms/amdgpu/5.6.5.24-1109583/build/include/kcl/kcl_drm.h:282:34: error: redefinition of ‘drm_debug_printer’
  282 | static inline struct drm_printer drm_debug_printer(const char *prefix)
      |                                  ^~~~~~~~~~~~~~~~~
In file included from ./include/drm/drm_mm.h:49,
                 from ./include/drm/drm_vma_manager.h:26,
                 from ./include/drm/drm_gem.h:40,
                 from /var/lib/dkms/amdgpu/5.6.5.24-1109583/build/include/kcl/backport/kcl_drm_backport.h:11,
                 from /var/lib/dkms/amdgpu/5.6.5.24-1109583/build/amd/backport/backport.h:12,
                 from <command-line>:
./include/drm/drm_print.h:227:34: note: previous definition of ‘drm_debug_printer’ was here
  227 | static inline struct drm_printer drm_debug_printer(const char *prefix)
      |                                  ^~~~~~~~~~~~~~~~~
In file included from /var/lib/dkms/amdgpu/5.6.5.24-1109583/build/include/kcl/backport/kcl_drm_backport.h:16,
                 from /var/lib/dkms/amdgpu/5.6.5.24-1109583/build/amd/backport/backport.h:12,
                 from <command-line>:
/var/lib/dkms/amdgpu/5.6.5.24-1109583/build/include/kcl/kcl_drm.h:156:1: error: static declaration of ‘drm_crtc_from_index’ follows non-static declaration
  156 | drm_crtc_from_index(struct drm_device *dev, int idx)
      | ^~~~~~~~~~~~~~~~~~~
In file included from /var/lib/dkms/amdgpu/5.6.5.24-1109583/build/include/kcl/backport/kcl_drm_backport.h:5,
                 from /var/lib/dkms/amdgpu/5.6.5.24-1109583/build/amd/backport/backport.h:12,
                 from <command-line>:
./include/drm/drm_crtc.h:1251:18: note: previous declaration of ‘drm_crtc_from_index’ was here
 1251 | struct drm_crtc *drm_crtc_from_index(struct drm_device *dev, int idx);
      |                  ^~~~~~~~~~~~~~~~~~~
/var/lib/dkms/amdgpu/5.6.5.24-1109583/build/include/kcl/kcl_timekeeping.h:25:14: error: implicit declaration of function ‘timespec_to_ns’; did you mean ‘timespec64_to_ns’? [-Werror=implicit-function-declaration]
   25 |  return (u64)timespec_to_ns(&time);
      |              ^~~~~~~~~~~~~~
      |              timespec64_to_ns
/var/lib/dkms/amdgpu/5.6.5.24-1109583/build/include/kcl/kcl_timekeeping.h:22:18: warning: unused variable ‘time’ [-Wunused-variable]
   22 |  struct timespec time;
      |                  ^~~~
/var/lib/dkms/amdgpu/5.6.5.24-1109583/build/include/kcl/kcl_timekeeping.h: At top level:
/var/lib/dkms/amdgpu/5.6.5.24-1109583/build/include/kcl/kcl_timekeeping.h:31:19: error: redefinition of ‘ktime_get_raw_ns’
   31 | static inline u64 ktime_get_raw_ns(void)
      |                   ^~~~~~~~~~~~~~~~
In file included from ./include/linux/ktime.h:232,
                 from ./include/linux/timer.h:6,
                 from ./include/linux/workqueue.h:9,
                 from ./include/linux/rhashtable-types.h:15,
                 from ./include/linux/ipc.h:7,
                 from ./include/uapi/linux/sem.h:5,
                 from ./include/linux/sem.h:5,
                 from ./include/linux/sched.h:15,
                 from ./include/linux/dma-fence.h:21,
                 from /var/lib/dkms/amdgpu/5.6.5.24-1109583/build/include/kcl/kcl_fence.h:11,
                 from /var/lib/dkms/amdgpu/5.6.5.24-1109583/build/include/kcl/backport/kcl_fence_backport.h:4,
                 from /var/lib/dkms/amdgpu/5.6.5.24-1109583/build/amd/backport/backport.h:11,
                 from <command-line>:
./include/linux/timekeeping.h:171:19: note: previous definition of ‘ktime_get_raw_ns’ was here
  171 | static inline u64 ktime_get_raw_ns(void)
      |                   ^~~~~~~~~~~~~~~~
In file included from /var/lib/dkms/amdgpu/5.6.5.24-1109583/build/amd/backport/backport.h:41,
                 from <command-line>:
/var/lib/dkms/amdgpu/5.6.5.24-1109583/build/include/kcl/kcl_timekeeping.h: In function ‘ktime_get_raw_ns’:
/var/lib/dkms/amdgpu/5.6.5.24-1109583/build/include/kcl/kcl_timekeeping.h:33:18: error: storage size of ‘time’ isn’t known
   33 |  struct timespec time;
      |                  ^~~~
/var/lib/dkms/amdgpu/5.6.5.24-1109583/build/include/kcl/kcl_timekeeping.h:45:2: error: implicit declaration of function ‘do_gettimeofday’; did you mean ‘do_settimeofday64’? [-Werror=implicit-function-declaration]
   45 |  do_gettimeofday(&ts);
      |  ^~~~~~~~~~~~~~~
      |  do_settimeofday64
/var/lib/dkms/amdgpu/5.6.5.24-1109583/build/include/kcl/kcl_timekeeping.h:43:17: warning: unused variable ‘ts’ [-Wunused-variable]
   43 |  struct timeval ts;
      |                 ^~
/var/lib/dkms/amdgpu/5.6.5.24-1109583/build/include/kcl/kcl_timekeeping.h: At top level:
/var/lib/dkms/amdgpu/5.6.5.24-1109583/build/include/kcl/kcl_timekeeping.h:51:19: error: static declaration of ‘ktime_get_mono_fast_ns’ follows non-static declaration
   51 | static inline u64 ktime_get_mono_fast_ns(void)
      |                   ^~~~~~~~~~~~~~~~~~~~~~
In file included from ./include/linux/ktime.h:232,
                 from ./include/linux/timer.h:6,
                 from ./include/linux/workqueue.h:9,
                 from ./include/linux/rhashtable-types.h:15,
                 from ./include/linux/ipc.h:7,
                 from ./include/uapi/linux/sem.h:5,
                 from ./include/linux/sem.h:5,
                 from ./include/linux/sched.h:15,
                 from ./include/linux/dma-fence.h:21,
                 from /var/lib/dkms/amdgpu/5.6.5.24-1109583/build/include/kcl/kcl_fence.h:11,
                 from /var/lib/dkms/amdgpu/5.6.5.24-1109583/build/include/kcl/backport/kcl_fence_backport.h:4,
                 from /var/lib/dkms/amdgpu/5.6.5.24-1109583/build/amd/backport/backport.h:11,
                 from <command-line>:
./include/linux/timekeeping.h:176:12: note: previous declaration of ‘ktime_get_mono_fast_ns’ was here
  176 | extern u64 ktime_get_mono_fast_ns(void);
      |            ^~~~~~~~~~~~~~~~~~~~~~
In file included from /var/lib/dkms/amdgpu/5.6.5.24-1109583/build/amd/backport/backport.h:42,
                 from <command-line>:
/var/lib/dkms/amdgpu/5.6.5.24-1109583/build/include/kcl/backport/kcl_uaccess_backport.h: In function ‘_kcl_access_ok’:
/var/lib/dkms/amdgpu/5.6.5.24-1109583/build/include/kcl/backport/kcl_uaccess_backport.h:9:47: error: macro "access_ok" passed 3 arguments, but takes just 2
    9 |  return access_ok(VERIFY_WRITE, (addr), (size));
      |                                               ^
In file included from ./include/linux/uaccess.h:11,
                 from ./arch/x86/include/asm/fpu/xstate.h:5,
                 from ./arch/x86/include/asm/pgtable.h:26,
                 from ./include/linux/pgtable.h:6,
                 from ./include/linux/mm.h:33,
                 from ./include/linux/kallsyms.h:12,
                 from ./include/linux/ftrace.h:12,
                 from ./include/linux/kprobes.h:29,
                 from ./include/linux/kgdb.h:19,
                 from ./include/linux/fb.h:5,
                 from ./include/drm/drm_crtc.h:31,
                 from /var/lib/dkms/amdgpu/5.6.5.24-1109583/build/include/kcl/backport/kcl_drm_backport.h:5,
                 from /var/lib/dkms/amdgpu/5.6.5.24-1109583/build/amd/backport/backport.h:12,
                 from <command-line>:
./arch/x86/include/asm/uaccess.h:69: note: macro "access_ok" defined here
   69 | #define access_ok(addr, size)     \
      | 
In file included from /var/lib/dkms/amdgpu/5.6.5.24-1109583/build/amd/backport/backport.h:42,
                 from <command-line>:
/var/lib/dkms/amdgpu/5.6.5.24-1109583/build/include/kcl/backport/kcl_uaccess_backport.h:9:9: error: ‘access_ok’ undeclared (first use in this function); did you mean ‘_kcl_access_ok’?
    9 |  return access_ok(VERIFY_WRITE, (addr), (size));
      |         ^~~~~~~~~
      |         _kcl_access_ok
In file included from /var/lib/dkms/amdgpu/5.6.5.24-1109583/build/include/kcl/backport/kcl_vga_switcheroo_backport.h:4,
                 from /var/lib/dkms/amdgpu/5.6.5.24-1109583/build/amd/backport/backport.h:43,
                 from <command-line>:
/var/lib/dkms/amdgpu/5.6.5.24-1109583/build/include/kcl/kcl_vga_switcheroo.h: At top level:
/var/lib/dkms/amdgpu/5.6.5.24-1109583/build/include/kcl/kcl_vga_switcheroo.h:8:8: error: redefinition of ‘struct vga_switcheroo_client_ops’
    8 | struct vga_switcheroo_client_ops {
      |        ^~~~~~~~~~~~~~~~~~~~~~~~~
In file included from /var/lib/dkms/amdgpu/5.6.5.24-1109583/build/include/kcl/kcl_vga_switcheroo.h:5,
                 from /var/lib/dkms/amdgpu/5.6.5.24-1109583/build/include/kcl/backport/kcl_vga_switcheroo_backport.h:4,
                 from /var/lib/dkms/amdgpu/5.6.5.24-1109583/build/amd/backport/backport.h:43,
                 from <command-line>:
./include/linux/vga_switcheroo.h:143:8: note: originally defined here
  143 | struct vga_switcheroo_client_ops {
      |        ^~~~~~~~~~~~~~~~~~~~~~~~~
In file included from /var/lib/dkms/amdgpu/5.6.5.24-1109583/build/include/kcl/backport/kcl_vga_switcheroo_backport.h:4,
                 from /var/lib/dkms/amdgpu/5.6.5.24-1109583/build/amd/backport/backport.h:43,
                 from <command-line>:
/var/lib/dkms/amdgpu/5.6.5.24-1109583/build/include/kcl/kcl_vga_switcheroo.h: In function ‘_kcl_vga_switcheroo_register_client’:
/var/lib/dkms/amdgpu/5.6.5.24-1109583/build/include/kcl/kcl_vga_switcheroo.h:25:48: error: passing argument 2 of ‘vga_switcheroo_register_client’ from incompatible pointer type [-Werror=incompatible-pointer-types]
   25 |  return vga_switcheroo_register_client(dev, ops->set_gpu_state, ops->can_switch);
      |                                             ~~~^~~~~~~~~~~~~~~
      |                                                |
      |                                                void (* const)(struct pci_dev *, enum vga_switcheroo_state)
In file included from /var/lib/dkms/amdgpu/5.6.5.24-1109583/build/include/kcl/kcl_vga_switcheroo.h:5,
                 from /var/lib/dkms/amdgpu/5.6.5.24-1109583/build/include/kcl/backport/kcl_vga_switcheroo_backport.h:4,
                 from /var/lib/dkms/amdgpu/5.6.5.24-1109583/build/amd/backport/backport.h:43,
                 from <command-line>:
./include/linux/vga_switcheroo.h:153:48: note: expected ‘const struct vga_switcheroo_client_ops *’ but argument is of type ‘void (* const)(struct pci_dev *, enum vga_switcheroo_state)’
  153 |        const struct vga_switcheroo_client_ops *ops,
      |        ~~~~~~~~~~~~~~~~~~~~~~~~~~~~~~~~~~~~~~~~^~~
In file included from /var/lib/dkms/amdgpu/5.6.5.24-1109583/build/include/kcl/backport/kcl_vga_switcheroo_backport.h:4,
                 from /var/lib/dkms/amdgpu/5.6.5.24-1109583/build/amd/backport/backport.h:43,
                 from <command-line>:
/var/lib/dkms/amdgpu/5.6.5.24-1109583/build/include/kcl/kcl_vga_switcheroo.h: At top level:
/var/lib/dkms/amdgpu/5.6.5.24-1109583/build/include/kcl/kcl_vga_switcheroo.h:31:6: error: nested redefinition of ‘enum vga_switcheroo_handler_flags_t’
   31 | enum vga_switcheroo_handler_flags_t {
      |      ^~~~~~~~~~~~~~~~~~~~~~~~~~~~~~
/var/lib/dkms/amdgpu/5.6.5.24-1109583/build/include/kcl/kcl_vga_switcheroo.h:31:6: error: redeclaration of ‘enum vga_switcheroo_handler_flags_t’
In file included from /var/lib/dkms/amdgpu/5.6.5.24-1109583/build/include/kcl/kcl_vga_switcheroo.h:5,
                 from /var/lib/dkms/amdgpu/5.6.5.24-1109583/build/include/kcl/backport/kcl_vga_switcheroo_backport.h:4,
                 from /var/lib/dkms/amdgpu/5.6.5.24-1109583/build/amd/backport/backport.h:43,
                 from <command-line>:
./include/linux/vga_switcheroo.h:53:6: note: originally defined here
   53 | enum vga_switcheroo_handler_flags_t {
      |      ^~~~~~~~~~~~~~~~~~~~~~~~~~~~~~
In file included from /var/lib/dkms/amdgpu/5.6.5.24-1109583/build/include/kcl/backport/kcl_vga_switcheroo_backport.h:4,
                 from /var/lib/dkms/amdgpu/5.6.5.24-1109583/build/amd/backport/backport.h:43,
                 from <command-line>:
/var/lib/dkms/amdgpu/5.6.5.24-1109583/build/include/kcl/kcl_vga_switcheroo.h:32:2: error: redeclaration of enumerator ‘VGA_SWITCHEROO_CAN_SWITCH_DDC’
   32 |  VGA_SWITCHEROO_CAN_SWITCH_DDC = (1 << 0),
      |  ^~~~~~~~~~~~~~~~~~~~~~~~~~~~~
In file included from /var/lib/dkms/amdgpu/5.6.5.24-1109583/build/include/kcl/kcl_vga_switcheroo.h:5,
                 from /var/lib/dkms/amdgpu/5.6.5.24-1109583/build/include/kcl/backport/kcl_vga_switcheroo_backport.h:4,
                 from /var/lib/dkms/amdgpu/5.6.5.24-1109583/build/amd/backport/backport.h:43,
                 from <command-line>:
./include/linux/vga_switcheroo.h:54:2: note: previous definition of ‘VGA_SWITCHEROO_CAN_SWITCH_DDC’ was here
   54 |  VGA_SWITCHEROO_CAN_SWITCH_DDC = (1 << 0),
      |  ^~~~~~~~~~~~~~~~~~~~~~~~~~~~~
In file included from /var/lib/dkms/amdgpu/5.6.5.24-1109583/build/include/kcl/backport/kcl_vga_switcheroo_backport.h:4,
                 from /var/lib/dkms/amdgpu/5.6.5.24-1109583/build/amd/backport/backport.h:43,
                 from <command-line>:
/var/lib/dkms/amdgpu/5.6.5.24-1109583/build/include/kcl/kcl_vga_switcheroo.h:33:2: error: redeclaration of enumerator ‘VGA_SWITCHEROO_NEEDS_EDP_CONFIG’
   33 |  VGA_SWITCHEROO_NEEDS_EDP_CONFIG = (1 << 1),
      |  ^~~~~~~~~~~~~~~~~~~~~~~~~~~~~~~
In file included from /var/lib/dkms/amdgpu/5.6.5.24-1109583/build/include/kcl/kcl_vga_switcheroo.h:5,
                 from /var/lib/dkms/amdgpu/5.6.5.24-1109583/build/include/kcl/backport/kcl_vga_switcheroo_backport.h:4,
                 from /var/lib/dkms/amdgpu/5.6.5.24-1109583/build/amd/backport/backport.h:43,
                 from <command-line>:
./include/linux/vga_switcheroo.h:55:2: note: previous definition of ‘VGA_SWITCHEROO_NEEDS_EDP_CONFIG’ was here
   55 |  VGA_SWITCHEROO_NEEDS_EDP_CONFIG = (1 << 1),
      |  ^~~~~~~~~~~~~~~~~~~~~~~~~~~~~~~
In file included from /var/lib/dkms/amdgpu/5.6.5.24-1109583/build/include/kcl/backport/kcl_vga_switcheroo_backport.h:4,
                 from /var/lib/dkms/amdgpu/5.6.5.24-1109583/build/amd/backport/backport.h:43,
                 from <command-line>:
/var/lib/dkms/amdgpu/5.6.5.24-1109583/build/include/kcl/kcl_vga_switcheroo.h: In function ‘_kcl_vga_switcheroo_register_handler’:
/var/lib/dkms/amdgpu/5.6.5.24-1109583/build/include/kcl/kcl_vga_switcheroo.h:45:9: error: too few arguments to function ‘vga_switcheroo_register_handler’
   45 |  return vga_switcheroo_register_handler((struct vga_switcheroo_handler *)handler);
      |         ^~~~~~~~~~~~~~~~~~~~~~~~~~~~~~~
In file included from /var/lib/dkms/amdgpu/5.6.5.24-1109583/build/include/kcl/kcl_vga_switcheroo.h:5,
                 from /var/lib/dkms/amdgpu/5.6.5.24-1109583/build/include/kcl/backport/kcl_vga_switcheroo_backport.h:4,
                 from /var/lib/dkms/amdgpu/5.6.5.24-1109583/build/amd/backport/backport.h:43,
                 from <command-line>:
./include/linux/vga_switcheroo.h:162:5: note: declared here
  162 | int vga_switcheroo_register_handler(const struct vga_switcheroo_handler *handler,
      |     ^~~~~~~~~~~~~~~~~~~~~~~~~~~~~~~
In file included from /var/lib/dkms/amdgpu/5.6.5.24-1109583/build/amd/backport/backport.h:46,
                 from <command-line>:
/var/lib/dkms/amdgpu/5.6.5.24-1109583/build/include/kcl/backport/kcl_drm_dp_mst_helper_backport.h: In function ‘_kcl_drm_dp_mst_topology_mgr_resume’:
/var/lib/dkms/amdgpu/5.6.5.24-1109583/build/include/kcl/backport/kcl_drm_dp_mst_helper_backport.h:12:9: error: too few arguments to function ‘drm_dp_mst_topology_mgr_resume’
   12 |  return drm_dp_mst_topology_mgr_resume(mgr);
      |         ^~~~~~~~~~~~~~~~~~~~~~~~~~~~~~
In file included from /var/lib/dkms/amdgpu/5.6.5.24-1109583/build/amd/amdgpu/amdgpu_mode.h:47,
                 from /var/lib/dkms/amdgpu/5.6.5.24-1109583/build/amd/amdgpu/amdgpu.h:68,
                 from /var/lib/dkms/amdgpu/5.6.5.24-1109583/build/amd/backport/include/kcl/kcl_amdgpu.h:6,
                 from /var/lib/dkms/amdgpu/5.6.5.24-1109583/build/amd/backport/backport.h:18,
                 from <command-line>:
./include/drm/drm_dp_mst_helper.h:819:1: note: declared here
  819 | drm_dp_mst_topology_mgr_resume(struct drm_dp_mst_topology_mgr *mgr,
      | ^~~~~~~~~~~~~~~~~~~~~~~~~~~~~~
In file included from /var/lib/dkms/amdgpu/5.6.5.24-1109583/build/amd/backport/backport.h:49,
                 from <command-line>:
/var/lib/dkms/amdgpu/5.6.5.24-1109583/build/include/kcl/kcl_seq_file.h: At top level:
/var/lib/dkms/amdgpu/5.6.5.24-1109583/build/include/kcl/kcl_seq_file.h:28:20: error: static declaration of ‘seq_hex_dump’ follows non-static declaration
   28 | static inline void seq_hex_dump(struct seq_file *m, const char *prefix_str, int prefix_type,
      |                    ^~~~~~~~~~~~
In file included from ./include/drm/drm_print.h:31,
                 from ./include/drm/drm_mm.h:49,
                 from ./include/drm/drm_vma_manager.h:26,
                 from ./include/drm/drm_gem.h:40,
                 from /var/lib/dkms/amdgpu/5.6.5.24-1109583/build/include/kcl/backport/kcl_drm_backport.h:11,
                 from /var/lib/dkms/amdgpu/5.6.5.24-1109583/build/amd/backport/backport.h:12,
                 from <command-line>:
./include/linux/seq_file.h:132:6: note: previous declaration of ‘seq_hex_dump’ was here
  132 | void seq_hex_dump(struct seq_file *m, const char *prefix_str, int prefix_type,
      |      ^~~~~~~~~~~~
In file included from /var/lib/dkms/amdgpu/5.6.5.24-1109583/build/amd/backport/backport.h:50,
                 from <command-line>:
/var/lib/dkms/amdgpu/5.6.5.24-1109583/build/include/kcl/kcl_ptrace.h:8:35: error: redefinition of ‘ptrace_parent’
    8 | static inline struct task_struct *ptrace_parent(struct task_struct *task)
      |                                   ^~~~~~~~~~~~~
In file included from ./include/linux/ftrace.h:15,
                 from ./include/linux/kprobes.h:29,
                 from ./include/linux/kgdb.h:19,
                 from ./include/linux/fb.h:5,
                 from ./include/drm/drm_crtc.h:31,
                 from /var/lib/dkms/amdgpu/5.6.5.24-1109583/build/include/kcl/backport/kcl_drm_backport.h:5,
                 from /var/lib/dkms/amdgpu/5.6.5.24-1109583/build/amd/backport/backport.h:12,
                 from <command-line>:
./include/linux/ptrace.h:124:35: note: previous definition of ‘ptrace_parent’ was here
  124 | static inline struct task_struct *ptrace_parent(struct task_struct *task)
      |                                   ^~~~~~~~~~~~~
In file included from /var/lib/dkms/amdgpu/5.6.5.24-1109583/build/amd/backport/backport.h:56,
                 from <command-line>:
/var/lib/dkms/amdgpu/5.6.5.24-1109583/build/include/kcl/kcl_list.h:7:20: error: redefinition of ‘list_bulk_move_tail’
    7 | static inline void list_bulk_move_tail(struct list_head *head,
      |                    ^~~~~~~~~~~~~~~~~~~
In file included from ./include/linux/preempt.h:11,
                 from ./include/linux/rcupdate.h:27,
                 from /var/lib/dkms/amdgpu/5.6.5.24-1109583/build/include/kcl/kcl_rcupdate.h:5,
                 from /var/lib/dkms/amdgpu/5.6.5.24-1109583/build/include/kcl/kcl_fence.h:6,
                 from /var/lib/dkms/amdgpu/5.6.5.24-1109583/build/include/kcl/backport/kcl_fence_backport.h:4,
                 from /var/lib/dkms/amdgpu/5.6.5.24-1109583/build/amd/backport/backport.h:11,
                 from <command-line>:
./include/linux/list.h:240:20: note: previous definition of ‘list_bulk_move_tail’ was here
  240 | static inline void list_bulk_move_tail(struct list_head *head,
      |                    ^~~~~~~~~~~~~~~~~~~
In file included from /var/lib/dkms/amdgpu/5.6.5.24-1109583/build/amd/backport/backport.h:56,
                 from <command-line>:
/var/lib/dkms/amdgpu/5.6.5.24-1109583/build/include/kcl/kcl_list.h:24:20: error: redefinition of ‘list_rotate_to_front’
   24 | static inline void list_rotate_to_front(struct list_head *list,
      |                    ^~~~~~~~~~~~~~~~~~~~
In file included from ./include/linux/preempt.h:11,
                 from ./include/linux/rcupdate.h:27,
                 from /var/lib/dkms/amdgpu/5.6.5.24-1109583/build/include/kcl/kcl_rcupdate.h:5,
                 from /var/lib/dkms/amdgpu/5.6.5.24-1109583/build/include/kcl/kcl_fence.h:6,
                 from /var/lib/dkms/amdgpu/5.6.5.24-1109583/build/include/kcl/backport/kcl_fence_backport.h:4,
                 from /var/lib/dkms/amdgpu/5.6.5.24-1109583/build/amd/backport/backport.h:11,
                 from <command-line>:
./include/linux/list.h:343:20: note: previous definition of ‘list_rotate_to_front’ was here
  343 | static inline void list_rotate_to_front(struct list_head *list,
      |                    ^~~~~~~~~~~~~~~~~~~~
In file included from /var/lib/dkms/amdgpu/5.6.5.24-1109583/build/amd/backport/backport.h:56,
                 from <command-line>:
/var/lib/dkms/amdgpu/5.6.5.24-1109583/build/include/kcl/kcl_list.h:33:19: error: redefinition of ‘list_is_first’
   33 | static inline int list_is_first(const struct list_head *list,
      |                   ^~~~~~~~~~~~~
In file included from ./include/linux/preempt.h:11,
                 from ./include/linux/rcupdate.h:27,
                 from /var/lib/dkms/amdgpu/5.6.5.24-1109583/build/include/kcl/kcl_rcupdate.h:5,
                 from /var/lib/dkms/amdgpu/5.6.5.24-1109583/build/include/kcl/kcl_fence.h:6,
                 from /var/lib/dkms/amdgpu/5.6.5.24-1109583/build/include/kcl/backport/kcl_fence_backport.h:4,
                 from /var/lib/dkms/amdgpu/5.6.5.24-1109583/build/amd/backport/backport.h:11,
                 from <command-line>:
./include/linux/list.h:259:19: note: previous definition of ‘list_is_first’ was here
  259 | static inline int list_is_first(const struct list_head *list,
      |                   ^~~~~~~~~~~~~
In file included from /var/lib/dkms/amdgpu/5.6.5.24-1109583/build/include/kcl/backport/kcl_drm_atomic_helper_backport.h:5,
                 from /var/lib/dkms/amdgpu/5.6.5.24-1109583/build/amd/backport/backport.h:58,
                 from <command-line>:
/var/lib/dkms/amdgpu/5.6.5.24-1109583/build/include/kcl/kcl_drm_atomic_helper.h:31:1: error: static declaration of ‘__drm_atomic_helper_connector_reset’ follows non-static declaration
   31 | __drm_atomic_helper_connector_reset(struct drm_connector *connector,
      | ^~~~~~~~~~~~~~~~~~~~~~~~~~~~~~~~~~~
In file included from ./include/drm/drm_atomic_helper.h:34,
                 from /var/lib/dkms/amdgpu/5.6.5.24-1109583/build/include/kcl/kcl_drm_atomic_helper.h:5,
                 from /var/lib/dkms/amdgpu/5.6.5.24-1109583/build/include/kcl/backport/kcl_drm_atomic_helper_backport.h:5,
                 from /var/lib/dkms/amdgpu/5.6.5.24-1109583/build/amd/backport/backport.h:58,
                 from <command-line>:
./include/drm/drm_atomic_state_helper.h:70:6: note: previous declaration of ‘__drm_atomic_helper_connector_reset’ was here
   70 | void __drm_atomic_helper_connector_reset(struct drm_connector *connector,
      |      ^~~~~~~~~~~~~~~~~~~~~~~~~~~~~~~~~~~
In file included from /var/lib/dkms/amdgpu/5.6.5.24-1109583/build/include/kcl/backport/kcl_drm_atomic_helper_backport.h:5,
                 from /var/lib/dkms/amdgpu/5.6.5.24-1109583/build/amd/backport/backport.h:58,
                 from <command-line>:
/var/lib/dkms/amdgpu/5.6.5.24-1109583/build/include/kcl/kcl_drm_atomic_helper.h:43:1: error: static declaration of ‘drm_atomic_helper_update_legacy_modeset_state’ follows non-static declaration
   43 | drm_atomic_helper_update_legacy_modeset_state(struct drm_device *dev,
      | ^~~~~~~~~~~~~~~~~~~~~~~~~~~~~~~~~~~~~~~~~~~~~
In file included from /var/lib/dkms/amdgpu/5.6.5.24-1109583/build/include/kcl/kcl_drm_atomic_helper.h:5,
                 from /var/lib/dkms/amdgpu/5.6.5.24-1109583/build/include/kcl/backport/kcl_drm_atomic_helper_backport.h:5,
                 from /var/lib/dkms/amdgpu/5.6.5.24-1109583/build/amd/backport/backport.h:58,
                 from <command-line>:
./include/drm/drm_atomic_helper.h:74:1: note: previous declaration of ‘drm_atomic_helper_update_legacy_modeset_state’ was here
   74 | drm_atomic_helper_update_legacy_modeset_state(struct drm_device *dev,
      | ^~~~~~~~~~~~~~~~~~~~~~~~~~~~~~~~~~~~~~~~~~~~~
In file included from /var/lib/dkms/amdgpu/5.6.5.24-1109583/build/include/kcl/backport/kcl_drm_atomic_helper_backport.h:5,
                 from /var/lib/dkms/amdgpu/5.6.5.24-1109583/build/amd/backport/backport.h:58,
                 from <command-line>:
/var/lib/dkms/amdgpu/5.6.5.24-1109583/build/include/kcl/kcl_drm_atomic_helper.h: In function ‘kcl_drm_atomic_get_old_crtc_state_before_commit’:
/var/lib/dkms/amdgpu/5.6.5.24-1109583/build/include/kcl/kcl_drm_atomic_helper.h:59:43: error: invalid type argument of ‘->’ (have ‘struct __drm_crtcs_state’)
   59 |  return state->crtcs[drm_crtc_index(crtc)]->state;
      |                                           ^~
/var/lib/dkms/amdgpu/5.6.5.24-1109583/build/include/kcl/kcl_drm_atomic_helper.h: In function ‘kcl_drm_atomic_get_new_crtc_state_after_commit’:
/var/lib/dkms/amdgpu/5.6.5.24-1109583/build/include/kcl/kcl_drm_atomic_helper.h:94:43: error: invalid type argument of ‘->’ (have ‘struct __drm_crtcs_state’)
   94 |  return state->crtcs[drm_crtc_index(crtc)]->state;
      |                                           ^~
In file included from /var/lib/dkms/amdgpu/5.6.5.24-1109583/build/amd/backport/backport.h:59,
                 from <command-line>:
/var/lib/dkms/amdgpu/5.6.5.24-1109583/build/include/kcl/kcl_drm_atomic.h: At top level:
/var/lib/dkms/amdgpu/5.6.5.24-1109583/build/include/kcl/kcl_drm_atomic.h:7:20: error: redefinition of ‘drm_atomic_state_put’
    7 | static inline void drm_atomic_state_put(struct drm_atomic_state *state)
      |                    ^~~~~~~~~~~~~~~~~~~~
In file included from /var/lib/dkms/amdgpu/5.6.5.24-1109583/build/include/kcl/kcl_drm.h:11,
                 from /var/lib/dkms/amdgpu/5.6.5.24-1109583/build/include/kcl/backport/kcl_drm_backport.h:16,
                 from /var/lib/dkms/amdgpu/5.6.5.24-1109583/build/amd/backport/backport.h:12,
                 from <command-line>:
./include/drm/drm_atomic.h:445:20: note: previous definition of ‘drm_atomic_state_put’ was here
  445 | static inline void drm_atomic_state_put(struct drm_atomic_state *state)
      |                    ^~~~~~~~~~~~~~~~~~~~
In file included from /var/lib/dkms/amdgpu/5.6.5.24-1109583/build/include/kcl/backport/kcl_drm_backport.h:16,
                 from /var/lib/dkms/amdgpu/5.6.5.24-1109583/build/amd/backport/backport.h:12,
                 from <command-line>:
/var/lib/dkms/amdgpu/5.6.5.24-1109583/build/include/kcl/kcl_drm.h: In function ‘drm_crtc_accurate_vblank_count’:
/var/lib/dkms/amdgpu/5.6.5.24-1109583/build/include/kcl/kcl_drm.h:357:9: error: implicit declaration of function ‘drm_accurate_vblank_count’; did you mean ‘drm_crtc_accurate_vblank_count’? [-Werror=implicit-function-declaration]
  357 |  return drm_accurate_vblank_count(crtc);
      |         ^~~~~~~~~~~~~~~~~~~~~~~~~
      |         drm_crtc_accurate_vblank_count
In file included from /var/lib/dkms/amdgpu/5.6.5.24-1109583/build/amd/backport/backport.h:12,
                 from <command-line>:
/var/lib/dkms/amdgpu/5.6.5.24-1109583/build/include/kcl/backport/kcl_drm_backport.h: In function ‘_kcl_drm_crtc_init_with_planes’:
/var/lib/dkms/amdgpu/5.6.5.24-1109583/build/include/kcl/backport/kcl_drm_backport.h:65:9: error: too few arguments to function ‘drm_crtc_init_with_planes’
   65 |  return drm_crtc_init_with_planes(dev, crtc, primary, cursor, funcs);
      |         ^~~~~~~~~~~~~~~~~~~~~~~~~
In file included from /var/lib/dkms/amdgpu/5.6.5.24-1109583/build/include/kcl/backport/kcl_drm_backport.h:5,
                 from /var/lib/dkms/amdgpu/5.6.5.24-1109583/build/amd/backport/backport.h:12,
                 from <command-line>:
./include/drm/drm_crtc.h:1218:5: note: declared here
 1218 | int drm_crtc_init_with_planes(struct drm_device *dev,
      |     ^~~~~~~~~~~~~~~~~~~~~~~~~
In file included from /var/lib/dkms/amdgpu/5.6.5.24-1109583/build/amd/backport/backport.h:12,
                 from <command-line>:
/var/lib/dkms/amdgpu/5.6.5.24-1109583/build/include/kcl/backport/kcl_drm_backport.h: In function ‘_kcl_drm_universal_plane_init’:
/var/lib/dkms/amdgpu/5.6.5.24-1109583/build/include/kcl/backport/kcl_drm_backport.h:84:28: error: incompatible type for argument 7 of ‘drm_universal_plane_init’
   84 |     formats, format_count, type);
      |                            ^~~~
      |                            |
      |                            enum drm_plane_type
In file included from ./include/drm/drm_crtc.h:45,
                 from /var/lib/dkms/amdgpu/5.6.5.24-1109583/build/include/kcl/backport/kcl_drm_backport.h:5,
                 from /var/lib/dkms/amdgpu/5.6.5.24-1109583/build/amd/backport/backport.h:12,
                 from <command-line>:
./include/drm/drm_plane.h:756:25: note: expected ‘const uint64_t *’ {aka ‘const long long unsigned int *’} but argument is of type ‘enum drm_plane_type’
  756 |         const uint64_t *format_modifiers,
      |         ~~~~~~~~~~~~~~~~^~~~~~~~~~~~~~~~
In file included from /var/lib/dkms/amdgpu/5.6.5.24-1109583/build/amd/backport/backport.h:12,
                 from <command-line>:
/var/lib/dkms/amdgpu/5.6.5.24-1109583/build/include/kcl/backport/kcl_drm_backport.h:83:9: error: too few arguments to function ‘drm_universal_plane_init’
   83 |  return drm_universal_plane_init(dev, plane, possible_crtcs, funcs,
      |         ^~~~~~~~~~~~~~~~~~~~~~~~
In file included from ./include/drm/drm_crtc.h:45,
                 from /var/lib/dkms/amdgpu/5.6.5.24-1109583/build/include/kcl/backport/kcl_drm_backport.h:5,
                 from /var/lib/dkms/amdgpu/5.6.5.24-1109583/build/amd/backport/backport.h:12,
                 from <command-line>:
./include/drm/drm_plane.h:750:5: note: declared here
  750 | int drm_universal_plane_init(struct drm_device *dev,
      |     ^~~~~~~~~~~~~~~~~~~~~~~~
In file included from /var/lib/dkms/amdgpu/5.6.5.24-1109583/build/amd/backport/backport.h:12,
                 from <command-line>:
/var/lib/dkms/amdgpu/5.6.5.24-1109583/build/include/kcl/backport/kcl_drm_backport.h: At top level:
/var/lib/dkms/amdgpu/5.6.5.24-1109583/build/include/kcl/backport/kcl_drm_backport.h:95:8: error: redefinition of ‘struct drm_format_name_buf’
   95 | struct drm_format_name_buf {
      |        ^~~~~~~~~~~~~~~~~~~
In file included from /var/lib/dkms/amdgpu/5.6.5.24-1109583/build/include/kcl/kcl_drm.h:15,
                 from /var/lib/dkms/amdgpu/5.6.5.24-1109583/build/include/kcl/backport/kcl_drm_backport.h:16,
                 from /var/lib/dkms/amdgpu/5.6.5.24-1109583/build/amd/backport/backport.h:12,
                 from <command-line>:
./include/drm/drm_fourcc.h:142:8: note: originally defined here
  142 | struct drm_format_name_buf {
      |        ^~~~~~~~~~~~~~~~~~~
In file included from /var/lib/dkms/amdgpu/5.6.5.24-1109583/build/amd/backport/backport.h:12,
                 from <command-line>:
/var/lib/dkms/amdgpu/5.6.5.24-1109583/build/include/kcl/backport/kcl_drm_backport.h: In function ‘_kcl_drm_gem_object_lookup’:
/var/lib/dkms/amdgpu/5.6.5.24-1109583/build/include/kcl/backport/kcl_drm_backport.h:161:35: error: dereferencing pointer to incomplete type ‘struct drm_file’
  161 |  return drm_gem_object_lookup(filp->minor->dev, filp, handle);
      |                                   ^~
/var/lib/dkms/amdgpu/5.6.5.24-1109583/build/include/kcl/backport/kcl_drm_backport.h:161:49: warning: passing argument 2 of ‘drm_gem_object_lookup’ makes integer from pointer without a cast [-Wint-conversion]
  161 |  return drm_gem_object_lookup(filp->minor->dev, filp, handle);
      |                                                 ^~~~
      |                                                 |
      |                                                 struct drm_file *
In file included from /var/lib/dkms/amdgpu/5.6.5.24-1109583/build/include/kcl/backport/kcl_drm_backport.h:11,
                 from /var/lib/dkms/amdgpu/5.6.5.24-1109583/build/amd/backport/backport.h:12,
                 from <command-line>:
./include/drm/drm_gem.h:405:24: note: expected ‘u32’ {aka ‘unsigned int’} but argument is of type ‘struct drm_file *’
  405 | struct drm_gem_object *drm_gem_object_lookup(struct drm_file *filp, u32 handle);
      |                        ^~~~~~~~~~~~~~~~~~~~~
In file included from /var/lib/dkms/amdgpu/5.6.5.24-1109583/build/amd/backport/backport.h:12,
                 from <command-line>:
/var/lib/dkms/amdgpu/5.6.5.24-1109583/build/include/kcl/backport/kcl_drm_backport.h:161:9: error: too many arguments to function ‘drm_gem_object_lookup’
  161 |  return drm_gem_object_lookup(filp->minor->dev, filp, handle);
      |         ^~~~~~~~~~~~~~~~~~~~~
In file included from /var/lib/dkms/amdgpu/5.6.5.24-1109583/build/include/kcl/backport/kcl_drm_backport.h:11,
                 from /var/lib/dkms/amdgpu/5.6.5.24-1109583/build/amd/backport/backport.h:12,
                 from <command-line>:
./include/drm/drm_gem.h:405:24: note: declared here
  405 | struct drm_gem_object *drm_gem_object_lookup(struct drm_file *filp, u32 handle);
      |                        ^~~~~~~~~~~~~~~~~~~~~
In file included from /var/lib/dkms/amdgpu/5.6.5.24-1109583/build/amd/backport/backport.h:14,
                 from <command-line>:
/var/lib/dkms/amdgpu/5.6.5.24-1109583/build/include/kcl/kcl_drm_print.h: At top level:
/var/lib/dkms/amdgpu/5.6.5.24-1109583/build/include/kcl/kcl_drm_print.h:9:21: error: redefinition of ‘drm_debug_enabled’
    9 | static  inline bool drm_debug_enabled(unsigned int category)
      |                     ^~~~~~~~~~~~~~~~~
In file included from ./include/drm/drm_mm.h:49,
                 from ./include/drm/drm_vma_manager.h:26,
                 from ./include/drm/drm_gem.h:40,
                 from /var/lib/dkms/amdgpu/5.6.5.24-1109583/build/include/kcl/backport/kcl_drm_backport.h:11,
                 from /var/lib/dkms/amdgpu/5.6.5.24-1109583/build/amd/backport/backport.h:12,
                 from <command-line>:
./include/drm/drm_print.h:322:20: note: previous definition of ‘drm_debug_enabled’ was here
  322 | static inline bool drm_debug_enabled(enum drm_debug_category category)
      |                    ^~~~~~~~~~~~~~~~~
In file included from ./include/linux/rcupdate.h:24,
                 from /var/lib/dkms/amdgpu/5.6.5.24-1109583/build/include/kcl/kcl_rcupdate.h:5,
                 from /var/lib/dkms/amdgpu/5.6.5.24-1109583/build/include/kcl/kcl_fence.h:6,
                 from /var/lib/dkms/amdgpu/5.6.5.24-1109583/build/include/kcl/backport/kcl_fence_backport.h:4,
                 from /var/lib/dkms/amdgpu/5.6.5.24-1109583/build/amd/backport/backport.h:11,
                 from <command-line>:
/var/lib/dkms/amdgpu/5.6.5.24-1109583/build/include/kcl/kcl_drm_print.h: In function ‘drm_debug_enabled’:
/var/lib/dkms/amdgpu/5.6.5.24-1109583/build/include/kcl/kcl_drm_print.h:11:18: error: ‘drm_debug’ undeclared (first use in this function); did you mean ‘pr_debug’?
   11 |  return unlikely(drm_debug & category);
      |                  ^~~~~~~~~
./include/linux/compiler.h:78:42: note: in definition of macro ‘unlikely’
   78 | # define unlikely(x) __builtin_expect(!!(x), 0)
      |                                          ^
/var/lib/dkms/amdgpu/5.6.5.24-1109583/build/include/kcl/kcl_drm_print.h:11:18: note: each undeclared identifier is reported only once for each function it appears in
   11 |  return unlikely(drm_debug & category);
      |                  ^~~~~~~~~
./include/linux/compiler.h:78:42: note: in definition of macro ‘unlikely’
   78 | # define unlikely(x) __builtin_expect(!!(x), 0)
      |                                          ^
In file included from /var/lib/dkms/amdgpu/5.6.5.24-1109583/build/amd/backport/backport.h:15,
                 from <command-line>:
/var/lib/dkms/amdgpu/5.6.5.24-1109583/build/include/kcl/kcl_fs.h: At top level:
/var/lib/dkms/amdgpu/5.6.5.24-1109583/build/include/kcl/kcl_fs.h:12:20: error: static declaration of ‘compat_ptr_ioctl’ follows non-static declaration
   12 | static inline long compat_ptr_ioctl(struct file *file, unsigned int cmd,
      |                    ^~~~~~~~~~~~~~~~
In file included from ./include/linux/huge_mm.h:8,
                 from ./include/linux/mm.h:703,
                 from ./include/linux/kallsyms.h:12,
                 from ./include/linux/ftrace.h:12,
                 from ./include/linux/kprobes.h:29,
                 from ./include/linux/kgdb.h:19,
                 from ./include/linux/fb.h:5,
                 from ./include/drm/drm_crtc.h:31,
                 from /var/lib/dkms/amdgpu/5.6.5.24-1109583/build/include/kcl/backport/kcl_drm_backport.h:5,
                 from /var/lib/dkms/amdgpu/5.6.5.24-1109583/build/amd/backport/backport.h:12,
                 from <command-line>:
./include/linux/fs.h:1753:13: note: previous declaration of ‘compat_ptr_ioctl’ was here
 1753 | extern long compat_ptr_ioctl(struct file *file, unsigned int cmd,
      |             ^~~~~~~~~~~~~~~~
/var/lib/dkms/amdgpu/5.6.5.24-1109583/build/include/kcl/kcl_timekeeping.h:35:2: error: implicit declaration of function ‘getrawmonotonic’ [-Werror=implicit-function-declaration]
   35 |  getrawmonotonic(&time);
      |  ^~~~~~~~~~~~~~~
/var/lib/dkms/amdgpu/5.6.5.24-1109583/build/include/kcl/kcl_timekeeping.h:33:18: warning: unused variable ‘time’ [-Wunused-variable]
   33 |  struct timespec time;
      |                  ^~~~
/var/lib/dkms/amdgpu/5.6.5.24-1109583/build/include/kcl/kcl_timekeeping.h: At top level:
/var/lib/dkms/amdgpu/5.6.5.24-1109583/build/include/kcl/kcl_timekeeping.h:41:24: error: static declaration of ‘ktime_get_real_seconds’ follows non-static declaration
   41 | static inline time64_t ktime_get_real_seconds(void)
      |                        ^~~~~~~~~~~~~~~~~~~~~~
In file included from ./include/linux/ktime.h:232,
                 from ./include/linux/timer.h:6,
                 from ./include/linux/workqueue.h:9,
                 from ./include/linux/rhashtable-types.h:15,
                 from ./include/linux/ipc.h:7,
                 from ./include/uapi/linux/sem.h:5,
                 from ./include/linux/sem.h:5,
                 from ./include/linux/sched.h:15,
                 from ./include/linux/dma-fence.h:21,
                 from /var/lib/dkms/amdgpu/5.6.5.24-1109583/build/include/kcl/kcl_fence.h:11,
                 from /var/lib/dkms/amdgpu/5.6.5.24-1109583/build/include/kcl/backport/kcl_fence_backport.h:4,
                 from /var/lib/dkms/amdgpu/5.6.5.24-1109583/build/amd/backport/backport.h:11,
                 from <command-line>:
./include/linux/timekeeping.h:53:17: note: previous declaration of ‘ktime_get_real_seconds’ was here
   53 | extern time64_t ktime_get_real_seconds(void);
      |                 ^~~~~~~~~~~~~~~~~~~~~~
In file included from /var/lib/dkms/amdgpu/5.6.5.24-1109583/build/include/kcl/kcl_mm.h:15,
                 from /var/lib/dkms/amdgpu/5.6.5.24-1109583/build/include/kcl/backport/kcl_mm_backport.h:4,
                 from /var/lib/dkms/amdgpu/5.6.5.24-1109583/build/amd/backport/backport.h:16,
                 from <command-line>:
/var/lib/dkms/amdgpu/5.6.5.24-1109583/build/include/kcl/kcl_mm_types.h:11:3: error: conflicting types for ‘pfn_t’
   11 | } pfn_t;
      |   ^~~~~
In file included from /var/lib/dkms/amdgpu/5.6.5.24-1109583/build/amd/backport/backport.h:41,
                 from <command-line>:
/var/lib/dkms/amdgpu/5.6.5.24-1109583/build/include/kcl/kcl_timekeeping.h: In function ‘ktime_get_real_seconds’:
/var/lib/dkms/amdgpu/5.6.5.24-1109583/build/include/kcl/kcl_timekeeping.h:43:17: error: storage size of ‘ts’ isn’t known
   43 |  struct timeval ts;
      |                 ^~
In file included from ./include/asm-generic/memory_model.h:5,
                 from ./arch/x86/include/asm/page.h:76,
                 from ./arch/x86/include/asm/thread_info.h:12,
                 from ./include/linux/thread_info.h:59,
                 from ./arch/x86/include/asm/preempt.h:7,
                 from ./include/linux/preempt.h:78,
                 from ./include/linux/rcupdate.h:27,
                 from /var/lib/dkms/amdgpu/5.6.5.24-1109583/build/include/kcl/kcl_rcupdate.h:5,
                 from /var/lib/dkms/amdgpu/5.6.5.24-1109583/build/include/kcl/kcl_fence.h:6,
                 from /var/lib/dkms/amdgpu/5.6.5.24-1109583/build/include/kcl/backport/kcl_fence_backport.h:4,
                 from /var/lib/dkms/amdgpu/5.6.5.24-1109583/build/amd/backport/backport.h:11,
                 from <command-line>:
./include/linux/pfn.h:15:3: note: previous declaration of ‘pfn_t’ was here
   15 | } pfn_t;
      |   ^~~~~
In file included from /var/lib/dkms/amdgpu/5.6.5.24-1109583/build/include/kcl/kcl_mm.h:15,
                 from /var/lib/dkms/amdgpu/5.6.5.24-1109583/build/include/kcl/backport/kcl_mm_backport.h:4,
                 from /var/lib/dkms/amdgpu/5.6.5.24-1109583/build/amd/backport/backport.h:16,
                 from <command-line>:
/var/lib/dkms/amdgpu/5.6.5.24-1109583/build/include/kcl/kcl_mm_types.h:34:13: error: conflicting types for ‘vm_fault_t’
   34 | typedef int vm_fault_t;
      |             ^~~~~~~~~~
In file included from ./include/linux/mmzone.h:21,
                 from ./include/linux/gfp.h:6,
                 from ./include/linux/xarray.h:14,
                 from ./include/linux/radix-tree.h:19,
                 from ./include/linux/idr.h:15,
                 from ./include/linux/kernfs.h:13,
                 from ./include/linux/sysfs.h:16,
                 from ./include/linux/kobject.h:20,
                 from ./include/linux/of.h:17,
                 from ./include/linux/irqdomain.h:35,
                 from ./include/linux/acpi.h:13,
                 from ./include/linux/i2c.h:13,
                 from ./include/drm/drm_crtc.h:28,
                 from /var/lib/dkms/amdgpu/5.6.5.24-1109583/build/include/kcl/backport/kcl_drm_backport.h:5,
                 from /var/lib/dkms/amdgpu/5.6.5.24-1109583/build/amd/backport/backport.h:12,
                 from <command-line>:
./include/linux/mm_types.h:690:32: note: previous declaration of ‘vm_fault_t’ was here
  690 | typedef __bitwise unsigned int vm_fault_t;
      |                                ^~~~~~~~~~
In file included from /var/lib/dkms/amdgpu/5.6.5.24-1109583/build/include/kcl/backport/kcl_mm_backport.h:4,
                 from /var/lib/dkms/amdgpu/5.6.5.24-1109583/build/amd/backport/backport.h:16,
                 from <command-line>:
/var/lib/dkms/amdgpu/5.6.5.24-1109583/build/include/kcl/kcl_mm.h:22:21: error: redefinition of ‘kvmalloc’
   22 | static inline void *kvmalloc(size_t size, gfp_t flags)
      |                     ^~~~~~~~
In file included from ./include/linux/kallsyms.h:12,
                 from ./include/linux/ftrace.h:12,
                 from ./include/linux/kprobes.h:29,
                 from ./include/linux/kgdb.h:19,
                 from ./include/linux/fb.h:5,
                 from ./include/drm/drm_crtc.h:31,
                 from /var/lib/dkms/amdgpu/5.6.5.24-1109583/build/include/kcl/backport/kcl_drm_backport.h:5,
                 from /var/lib/dkms/amdgpu/5.6.5.24-1109583/build/amd/backport/backport.h:12,
                 from <command-line>:
./include/linux/mm.h:779:21: note: previous definition of ‘kvmalloc’ was here
  779 | static inline void *kvmalloc(size_t size, gfp_t flags)
      |                     ^~~~~~~~
In file included from /var/lib/dkms/amdgpu/5.6.5.24-1109583/build/include/kcl/backport/kcl_mm_backport.h:4,
                 from /var/lib/dkms/amdgpu/5.6.5.24-1109583/build/amd/backport/backport.h:16,
                 from <command-line>:
/var/lib/dkms/amdgpu/5.6.5.24-1109583/build/include/kcl/kcl_mm.h: In function ‘kvmalloc’:
/var/lib/dkms/amdgpu/5.6.5.24-1109583/build/include/kcl/kcl_mm.h:27:9: error: too many arguments to function ‘__vmalloc’
   27 |   out = __vmalloc(size, flags, PAGE_KERNEL);
      |         ^~~~~~~~~
In file included from ./include/asm-generic/io.h:911,
                 from ./arch/x86/include/asm/io.h:375,
                 from ./include/linux/io.h:13,
                 from ./include/acpi/acpi_io.h:5,
                 from ./include/linux/acpi.h:35,
                 from ./include/linux/i2c.h:13,
                 from ./include/drm/drm_crtc.h:28,
                 from /var/lib/dkms/amdgpu/5.6.5.24-1109583/build/include/kcl/backport/kcl_drm_backport.h:5,
                 from /var/lib/dkms/amdgpu/5.6.5.24-1109583/build/amd/backport/backport.h:12,
                 from <command-line>:
./include/linux/vmalloc.h:105:14: note: declared here
  105 | extern void *__vmalloc(unsigned long size, gfp_t gfp_mask);
      |              ^~~~~~~~~
In file included from /var/lib/dkms/amdgpu/5.6.5.24-1109583/build/include/kcl/backport/kcl_mm_backport.h:4,
                 from /var/lib/dkms/amdgpu/5.6.5.24-1109583/build/amd/backport/backport.h:16,
                 from <command-line>:
/var/lib/dkms/amdgpu/5.6.5.24-1109583/build/include/kcl/kcl_mm.h: At top level:
/var/lib/dkms/amdgpu/5.6.5.24-1109583/build/include/kcl/kcl_mm.h:32:21: error: redefinition of ‘kvzalloc’
   32 | static inline void *kvzalloc(size_t size, gfp_t flags)
      |                     ^~~~~~~~
In file included from ./include/linux/kallsyms.h:12,
                 from ./include/linux/ftrace.h:12,
                 from ./include/linux/kprobes.h:29,
                 from ./include/linux/kgdb.h:19,
                 from ./include/linux/fb.h:5,
                 from ./include/drm/drm_crtc.h:31,
                 from /var/lib/dkms/amdgpu/5.6.5.24-1109583/build/include/kcl/backport/kcl_drm_backport.h:5,
                 from /var/lib/dkms/amdgpu/5.6.5.24-1109583/build/amd/backport/backport.h:12,
                 from <command-line>:
./include/linux/mm.h:787:21: note: previous definition of ‘kvzalloc’ was here
  787 | static inline void *kvzalloc(size_t size, gfp_t flags)
      |                     ^~~~~~~~
In file included from /var/lib/dkms/amdgpu/5.6.5.24-1109583/build/include/kcl/backport/kcl_mm_backport.h:4,
                 from /var/lib/dkms/amdgpu/5.6.5.24-1109583/build/amd/backport/backport.h:16,
                 from <command-line>:
/var/lib/dkms/amdgpu/5.6.5.24-1109583/build/include/kcl/kcl_mm.h:45:20: error: static declaration of ‘kvfree’ follows non-static declaration
   45 | static inline void kvfree(const void *addr)
      |                    ^~~~~~
In file included from ./include/linux/kallsyms.h:12,
                 from ./include/linux/ftrace.h:12,
                 from ./include/linux/kprobes.h:29,
                 from ./include/linux/kgdb.h:19,
                 from ./include/linux/fb.h:5,
                 from ./include/drm/drm_crtc.h:31,
                 from /var/lib/dkms/amdgpu/5.6.5.24-1109583/build/include/kcl/backport/kcl_drm_backport.h:5,
                 from /var/lib/dkms/amdgpu/5.6.5.24-1109583/build/amd/backport/backport.h:12,
                 from <command-line>:
./include/linux/mm.h:807:13: note: previous declaration of ‘kvfree’ was here
  807 | extern void kvfree(const void *addr);
      |             ^~~~~~
In file included from /var/lib/dkms/amdgpu/5.6.5.24-1109583/build/include/kcl/backport/kcl_mm_backport.h:4,
                 from /var/lib/dkms/amdgpu/5.6.5.24-1109583/build/amd/backport/backport.h:16,
                 from <command-line>:
/var/lib/dkms/amdgpu/5.6.5.24-1109583/build/include/kcl/kcl_mm.h:65:21: error: redefinition of ‘kvmalloc_array’
   65 | static inline void *kvmalloc_array(size_t n, size_t size, gfp_t flags)
      |                     ^~~~~~~~~~~~~~
In file included from ./include/linux/kallsyms.h:12,
                 from ./include/linux/ftrace.h:12,
                 from ./include/linux/kprobes.h:29,
                 from ./include/linux/kgdb.h:19,
                 from ./include/linux/fb.h:5,
                 from ./include/drm/drm_crtc.h:31,
                 from /var/lib/dkms/amdgpu/5.6.5.24-1109583/build/include/kcl/backport/kcl_drm_backport.h:5,
                 from /var/lib/dkms/amdgpu/5.6.5.24-1109583/build/amd/backport/backport.h:12,
                 from <command-line>:
./include/linux/mm.h:792:21: note: previous definition of ‘kvmalloc_array’ was here
  792 | static inline void *kvmalloc_array(size_t n, size_t size, gfp_t flags)
      |                     ^~~~~~~~~~~~~~
In file included from /var/lib/dkms/amdgpu/5.6.5.24-1109583/build/include/kcl/backport/kcl_mm_backport.h:4,
                 from /var/lib/dkms/amdgpu/5.6.5.24-1109583/build/amd/backport/backport.h:16,
                 from <command-line>:
/var/lib/dkms/amdgpu/5.6.5.24-1109583/build/include/kcl/kcl_mm.h:78:21: error: redefinition of ‘kvcalloc’
   78 | static inline void *kvcalloc(size_t n, size_t size, gfp_t flags)
      |                     ^~~~~~~~
In file included from ./include/linux/kallsyms.h:12,
                 from ./include/linux/ftrace.h:12,
                 from ./include/linux/kprobes.h:29,
                 from ./include/linux/kgdb.h:19,
                 from ./include/linux/fb.h:5,
                 from ./include/drm/drm_crtc.h:31,
                 from /var/lib/dkms/amdgpu/5.6.5.24-1109583/build/include/kcl/backport/kcl_drm_backport.h:5,
                 from /var/lib/dkms/amdgpu/5.6.5.24-1109583/build/amd/backport/backport.h:12,
                 from <command-line>:
./include/linux/mm.h:802:21: note: previous definition of ‘kvcalloc’ was here
  802 | static inline void *kvcalloc(size_t n, size_t size, gfp_t flags)
      |                     ^~~~~~~~
In file included from /var/lib/dkms/amdgpu/5.6.5.24-1109583/build/include/kcl/backport/kcl_mm_backport.h:4,
                 from /var/lib/dkms/amdgpu/5.6.5.24-1109583/build/amd/backport/backport.h:16,
                 from <command-line>:
/var/lib/dkms/amdgpu/5.6.5.24-1109583/build/include/kcl/kcl_mm.h:85:20: error: redefinition of ‘mmgrab’
   85 | static inline void mmgrab(struct mm_struct *mm)
      |                    ^~~~~~
In file included from /var/lib/dkms/amdgpu/5.6.5.24-1109583/build/include/kcl/header/kcl_sched_mm_h.h:6,
                 from /var/lib/dkms/amdgpu/5.6.5.24-1109583/build/include/kcl/kcl_mm.h:5,
                 from /var/lib/dkms/amdgpu/5.6.5.24-1109583/build/include/kcl/backport/kcl_mm_backport.h:4,
                 from /var/lib/dkms/amdgpu/5.6.5.24-1109583/build/amd/backport/backport.h:16,
                 from <command-line>:
./include/linux/sched/mm.h:34:20: note: previous definition of ‘mmgrab’ was here
   34 | static inline void mmgrab(struct mm_struct *mm)
      |                    ^~~~~~
In file included from /var/lib/dkms/amdgpu/5.6.5.24-1109583/build/include/kcl/backport/kcl_mm_backport.h:4,
                 from /var/lib/dkms/amdgpu/5.6.5.24-1109583/build/amd/backport/backport.h:16,
                 from <command-line>:
/var/lib/dkms/amdgpu/5.6.5.24-1109583/build/include/kcl/kcl_mm.h:96:28: error: redefinition of ‘memalloc_nofs_save’
   96 | static inline unsigned int memalloc_nofs_save(void)
      |                            ^~~~~~~~~~~~~~~~~~
In file included from /var/lib/dkms/amdgpu/5.6.5.24-1109583/build/include/kcl/header/kcl_sched_mm_h.h:6,
                 from /var/lib/dkms/amdgpu/5.6.5.24-1109583/build/include/kcl/kcl_mm.h:5,
                 from /var/lib/dkms/amdgpu/5.6.5.24-1109583/build/include/kcl/backport/kcl_mm_backport.h:4,
                 from /var/lib/dkms/amdgpu/5.6.5.24-1109583/build/amd/backport/backport.h:16,
                 from <command-line>:
./include/linux/sched/mm.h:242:28: note: previous definition of ‘memalloc_nofs_save’ was here
  242 | static inline unsigned int memalloc_nofs_save(void)
      |                            ^~~~~~~~~~~~~~~~~~
In file included from /var/lib/dkms/amdgpu/5.6.5.24-1109583/build/include/kcl/backport/kcl_mm_backport.h:4,
                 from /var/lib/dkms/amdgpu/5.6.5.24-1109583/build/amd/backport/backport.h:16,
                 from <command-line>:
/var/lib/dkms/amdgpu/5.6.5.24-1109583/build/include/kcl/kcl_mm.h:101:20: error: redefinition of ‘memalloc_nofs_restore’
  101 | static inline void memalloc_nofs_restore(unsigned int flags)
      |                    ^~~~~~~~~~~~~~~~~~~~~
In file included from /var/lib/dkms/amdgpu/5.6.5.24-1109583/build/include/kcl/header/kcl_sched_mm_h.h:6,
                 from /var/lib/dkms/amdgpu/5.6.5.24-1109583/build/include/kcl/kcl_mm.h:5,
                 from /var/lib/dkms/amdgpu/5.6.5.24-1109583/build/include/kcl/backport/kcl_mm_backport.h:4,
                 from /var/lib/dkms/amdgpu/5.6.5.24-1109583/build/amd/backport/backport.h:16,
                 from <command-line>:
./include/linux/sched/mm.h:257:20: note: previous definition of ‘memalloc_nofs_restore’ was here
  257 | static inline void memalloc_nofs_restore(unsigned int flags)
      |                    ^~~~~~~~~~~~~~~~~~~~~
In file included from /var/lib/dkms/amdgpu/5.6.5.24-1109583/build/include/kcl/backport/kcl_mm_backport.h:4,
                 from /var/lib/dkms/amdgpu/5.6.5.24-1109583/build/amd/backport/backport.h:16,
                 from <command-line>:
/var/lib/dkms/amdgpu/5.6.5.24-1109583/build/include/kcl/kcl_mm.h: In function ‘kcl_get_user_pages’:
/var/lib/dkms/amdgpu/5.6.5.24-1109583/build/include/kcl/kcl_mm.h:136:24: warning: passing argument 1 of ‘get_user_pages’ makes integer from pointer without a cast [-Wint-conversion]
  136 |  return get_user_pages(tsk, mm, start, nr_pages,
      |                        ^~~
      |                        |
      |                        struct task_struct *
In file included from ./include/linux/kallsyms.h:12,
                 from ./include/linux/ftrace.h:12,
                 from ./include/linux/kprobes.h:29,
                 from ./include/linux/kgdb.h:19,
                 from ./include/linux/fb.h:5,
                 from ./include/drm/drm_crtc.h:31,
                 from /var/lib/dkms/amdgpu/5.6.5.24-1109583/build/include/kcl/backport/kcl_drm_backport.h:5,
                 from /var/lib/dkms/amdgpu/5.6.5.24-1109583/build/amd/backport/backport.h:12,
                 from <command-line>:
./include/linux/mm.h:1769:35: note: expected ‘long unsigned int’ but argument is of type ‘struct task_struct *’
 1769 | long get_user_pages(unsigned long start, unsigned long nr_pages,
      |                     ~~~~~~~~~~~~~~^~~~~
In file included from /var/lib/dkms/amdgpu/5.6.5.24-1109583/build/include/kcl/backport/kcl_mm_backport.h:4,
                 from /var/lib/dkms/amdgpu/5.6.5.24-1109583/build/amd/backport/backport.h:16,
                 from <command-line>:
/var/lib/dkms/amdgpu/5.6.5.24-1109583/build/include/kcl/kcl_mm.h:136:29: warning: passing argument 2 of ‘get_user_pages’ makes integer from pointer without a cast [-Wint-conversion]
  136 |  return get_user_pages(tsk, mm, start, nr_pages,
      |                             ^~
      |                             |
      |                             struct mm_struct *
In file included from ./include/linux/kallsyms.h:12,
                 from ./include/linux/ftrace.h:12,
                 from ./include/linux/kprobes.h:29,
                 from ./include/linux/kgdb.h:19,
                 from ./include/linux/fb.h:5,
                 from ./include/drm/drm_crtc.h:31,
                 from /var/lib/dkms/amdgpu/5.6.5.24-1109583/build/include/kcl/backport/kcl_drm_backport.h:5,
                 from /var/lib/dkms/amdgpu/5.6.5.24-1109583/build/amd/backport/backport.h:12,
                 from <command-line>:
./include/linux/mm.h:1769:56: note: expected ‘long unsigned int’ but argument is of type ‘struct mm_struct *’
 1769 | long get_user_pages(unsigned long start, unsigned long nr_pages,
      |                                          ~~~~~~~~~~~~~~^~~~~~~~
In file included from /var/lib/dkms/amdgpu/5.6.5.24-1109583/build/include/kcl/backport/kcl_mm_backport.h:4,
                 from /var/lib/dkms/amdgpu/5.6.5.24-1109583/build/amd/backport/backport.h:16,
                 from <command-line>:
/var/lib/dkms/amdgpu/5.6.5.24-1109583/build/include/kcl/kcl_mm.h:136:40: warning: passing argument 4 of ‘get_user_pages’ makes pointer from integer without a cast [-Wint-conversion]
  136 |  return get_user_pages(tsk, mm, start, nr_pages,
      |                                        ^~~~~~~~
      |                                        |
      |                                        long unsigned int
In file included from ./include/linux/kallsyms.h:12,
                 from ./include/linux/ftrace.h:12,
                 from ./include/linux/kprobes.h:29,
                 from ./include/linux/kgdb.h:19,
                 from ./include/linux/fb.h:5,
                 from ./include/drm/drm_crtc.h:31,
                 from /var/lib/dkms/amdgpu/5.6.5.24-1109583/build/include/kcl/backport/kcl_drm_backport.h:5,
                 from /var/lib/dkms/amdgpu/5.6.5.24-1109583/build/amd/backport/backport.h:12,
                 from <command-line>:
./include/linux/mm.h:1770:46: note: expected ‘struct page **’ but argument is of type ‘long unsigned int’
 1770 |        unsigned int gup_flags, struct page **pages,
      |                                ~~~~~~~~~~~~~~^~~~~
In file included from /var/lib/dkms/amdgpu/5.6.5.24-1109583/build/include/kcl/backport/kcl_mm_backport.h:4,
                 from /var/lib/dkms/amdgpu/5.6.5.24-1109583/build/amd/backport/backport.h:16,
                 from <command-line>:
/var/lib/dkms/amdgpu/5.6.5.24-1109583/build/include/kcl/kcl_mm.h:137:4: warning: passing argument 5 of ‘get_user_pages’ makes pointer from integer without a cast [-Wint-conversion]
  137 |    write, force, pages, vmas);
      |    ^~~~~
      |    |
      |    int
In file included from ./include/linux/kallsyms.h:12,
                 from ./include/linux/ftrace.h:12,
                 from ./include/linux/kprobes.h:29,
                 from ./include/linux/kgdb.h:19,
                 from ./include/linux/fb.h:5,
                 from ./include/drm/drm_crtc.h:31,
                 from /var/lib/dkms/amdgpu/5.6.5.24-1109583/build/include/kcl/backport/kcl_drm_backport.h:5,
                 from /var/lib/dkms/amdgpu/5.6.5.24-1109583/build/amd/backport/backport.h:12,
                 from <command-line>:
./include/linux/mm.h:1771:32: note: expected ‘struct vm_area_struct **’ but argument is of type ‘int’
 1771 |        struct vm_area_struct **vmas);
      |        ~~~~~~~~~~~~~~~~~~~~~~~~^~~~
In file included from /var/lib/dkms/amdgpu/5.6.5.24-1109583/build/include/kcl/backport/kcl_mm_backport.h:4,
                 from /var/lib/dkms/amdgpu/5.6.5.24-1109583/build/amd/backport/backport.h:16,
                 from <command-line>:
/var/lib/dkms/amdgpu/5.6.5.24-1109583/build/include/kcl/kcl_mm.h:136:9: error: too many arguments to function ‘get_user_pages’
  136 |  return get_user_pages(tsk, mm, start, nr_pages,
      |         ^~~~~~~~~~~~~~
In file included from ./include/linux/kallsyms.h:12,
                 from ./include/linux/ftrace.h:12,
                 from ./include/linux/kprobes.h:29,
                 from ./include/linux/kgdb.h:19,
                 from ./include/linux/fb.h:5,
                 from ./include/drm/drm_crtc.h:31,
                 from /var/lib/dkms/amdgpu/5.6.5.24-1109583/build/include/kcl/backport/kcl_drm_backport.h:5,
                 from /var/lib/dkms/amdgpu/5.6.5.24-1109583/build/amd/backport/backport.h:12,
                 from <command-line>:
./include/linux/mm.h:1769:6: note: declared here
 1769 | long get_user_pages(unsigned long start, unsigned long nr_pages,
      |      ^~~~~~~~~~~~~~
In file included from /var/lib/dkms/amdgpu/5.6.5.24-1109583/build/include/kcl/backport/kcl_mm_backport.h:4,
                 from /var/lib/dkms/amdgpu/5.6.5.24-1109583/build/amd/backport/backport.h:16,
                 from <command-line>:
/var/lib/dkms/amdgpu/5.6.5.24-1109583/build/include/kcl/kcl_mm.h: At top level:
/var/lib/dkms/amdgpu/5.6.5.24-1109583/build/include/kcl/kcl_mm.h:142:29: error: redefinition of ‘zone_managed_pages’
  142 | static inline unsigned long zone_managed_pages(struct zone *zone)
      |                             ^~~~~~~~~~~~~~~~~~
In file included from ./include/linux/gfp.h:6,
                 from ./include/linux/xarray.h:14,
                 from ./include/linux/radix-tree.h:19,
                 from ./include/linux/idr.h:15,
                 from ./include/linux/kernfs.h:13,
                 from ./include/linux/sysfs.h:16,
                 from ./include/linux/kobject.h:20,
                 from ./include/linux/of.h:17,
                 from ./include/linux/irqdomain.h:35,
                 from ./include/linux/acpi.h:13,
                 from ./include/linux/i2c.h:13,
                 from ./include/drm/drm_crtc.h:28,
                 from /var/lib/dkms/amdgpu/5.6.5.24-1109583/build/include/kcl/backport/kcl_drm_backport.h:5,
                 from /var/lib/dkms/amdgpu/5.6.5.24-1109583/build/amd/backport/backport.h:12,
                 from <command-line>:
./include/linux/mmzone.h:602:29: note: previous definition of ‘zone_managed_pages’ was here
  602 | static inline unsigned long zone_managed_pages(struct zone *zone)
      |                             ^~~~~~~~~~~~~~~~~~
In file included from /var/lib/dkms/amdgpu/5.6.5.24-1109583/build/include/kcl/backport/kcl_mm_backport.h:4,
                 from /var/lib/dkms/amdgpu/5.6.5.24-1109583/build/amd/backport/backport.h:16,
                 from <command-line>:
/var/lib/dkms/amdgpu/5.6.5.24-1109583/build/include/kcl/kcl_mm.h:155:26: error: conflicting types for ‘vmf_insert_mixed’
  155 | static inline vm_fault_t vmf_insert_mixed(struct vm_area_struct *vma,
      |                          ^~~~~~~~~~~~~~~~
In file included from ./include/linux/kallsyms.h:12,
                 from ./include/linux/ftrace.h:12,
                 from ./include/linux/kprobes.h:29,
                 from ./include/linux/kgdb.h:19,
                 from ./include/linux/fb.h:5,
                 from ./include/drm/drm_crtc.h:31,
                 from /var/lib/dkms/amdgpu/5.6.5.24-1109583/build/include/kcl/backport/kcl_drm_backport.h:5,
                 from /var/lib/dkms/amdgpu/5.6.5.24-1109583/build/amd/backport/backport.h:12,
                 from <command-line>:
./include/linux/mm.h:2780:12: note: previous declaration of ‘vmf_insert_mixed’ was here
 2780 | vm_fault_t vmf_insert_mixed(struct vm_area_struct *vma, unsigned long addr,
      |            ^~~~~~~~~~~~~~~~
In file included from /var/lib/dkms/amdgpu/5.6.5.24-1109583/build/amd/backport/backport.h:59,
                 from <command-line>:
/var/lib/dkms/amdgpu/5.6.5.24-1109583/build/include/kcl/kcl_drm_atomic.h: In function ‘drm_atomic_state_put’:
/var/lib/dkms/amdgpu/5.6.5.24-1109583/build/include/kcl/kcl_drm_atomic.h:9:9: error: implicit declaration of function ‘drm_atomic_state_free’; did you mean ‘drm_atomic_state_get’? [-Werror=implicit-function-declaration]
    9 |  return drm_atomic_state_free(state);
      |         ^~~~~~~~~~~~~~~~~~~~~
      |         drm_atomic_state_get
/var/lib/dkms/amdgpu/5.6.5.24-1109583/build/include/kcl/kcl_drm_atomic.h:9:9: error: ‘return’ with a value, in function returning void [-Werror=return-type]
    9 |  return drm_atomic_state_free(state);
      |         ^~~~~~~~~~~~~~~~~~~~~~~~~~~~
/var/lib/dkms/amdgpu/5.6.5.24-1109583/build/include/kcl/kcl_drm_atomic.h:7:20: note: declared here
    7 | static inline void drm_atomic_state_put(struct drm_atomic_state *state)
      |                    ^~~~~~~~~~~~~~~~~~~~
In file included from /var/lib/dkms/amdgpu/5.6.5.24-1109583/build/include/kcl/backport/kcl_mm_backport.h:4,
                 from /var/lib/dkms/amdgpu/5.6.5.24-1109583/build/amd/backport/backport.h:16,
                 from <command-line>:
/var/lib/dkms/amdgpu/5.6.5.24-1109583/build/include/kcl/kcl_mm.h: In function ‘vmf_insert_mixed’:
/var/lib/dkms/amdgpu/5.6.5.24-1109583/build/include/kcl/kcl_mm.h:161:8: error: implicit declaration of function ‘vm_insert_mixed’; did you mean ‘vmf_insert_mixed’? [-Werror=implicit-function-declaration]
  161 |  err = vm_insert_mixed(vma, addr, pfn_t_to_pfn(pfn));
      |        ^~~~~~~~~~~~~~~
      |        vmf_insert_mixed
/var/lib/dkms/amdgpu/5.6.5.24-1109583/build/include/kcl/kcl_mm.h: At top level:
/var/lib/dkms/amdgpu/5.6.5.24-1109583/build/include/kcl/kcl_mm.h:173:26: error: conflicting types for ‘vmf_insert_pfn’
  173 | static inline vm_fault_t vmf_insert_pfn(struct vm_area_struct *vma,
      |                          ^~~~~~~~~~~~~~
In file included from ./include/linux/kallsyms.h:12,
                 from ./include/linux/ftrace.h:12,
                 from ./include/linux/kprobes.h:29,
                 from ./include/linux/kgdb.h:19,
                 from ./include/linux/fb.h:5,
                 from ./include/drm/drm_crtc.h:31,
                 from /var/lib/dkms/amdgpu/5.6.5.24-1109583/build/include/kcl/backport/kcl_drm_backport.h:5,
                 from /var/lib/dkms/amdgpu/5.6.5.24-1109583/build/amd/backport/backport.h:12,
                 from <command-line>:
./include/linux/mm.h:2776:12: note: previous declaration of ‘vmf_insert_pfn’ was here
 2776 | vm_fault_t vmf_insert_pfn(struct vm_area_struct *vma, unsigned long addr,
      |            ^~~~~~~~~~~~~~
In file included from /var/lib/dkms/amdgpu/5.6.5.24-1109583/build/include/kcl/backport/kcl_mm_backport.h:4,
                 from /var/lib/dkms/amdgpu/5.6.5.24-1109583/build/amd/backport/backport.h:16,
                 from <command-line>:
/var/lib/dkms/amdgpu/5.6.5.24-1109583/build/include/kcl/kcl_mm.h: In function ‘vmf_insert_pfn’:
/var/lib/dkms/amdgpu/5.6.5.24-1109583/build/include/kcl/kcl_mm.h:176:13: error: implicit declaration of function ‘vm_insert_pfn’; did you mean ‘vmf_insert_pfn’? [-Werror=implicit-function-declaration]
  176 |   int err = vm_insert_pfn(vma, addr, pfn);
      |             ^~~~~~~~~~~~~
      |             vmf_insert_pfn
/var/lib/dkms/amdgpu/5.6.5.24-1109583/build/include/kcl/kcl_mm.h: At top level:
/var/lib/dkms/amdgpu/5.6.5.24-1109583/build/include/kcl/kcl_mm.h:192:12: error: conflicting types for ‘vmf_insert_mixed_prot’
  192 | vm_fault_t vmf_insert_mixed_prot(struct vm_area_struct *vma, unsigned long addr,
      |            ^~~~~~~~~~~~~~~~~~~~~
In file included from ./include/linux/kallsyms.h:12,
                 from ./include/linux/ftrace.h:12,
                 from ./include/linux/kprobes.h:29,
                 from ./include/linux/kgdb.h:19,
                 from ./include/linux/fb.h:5,
                 from ./include/drm/drm_crtc.h:31,
                 from /var/lib/dkms/amdgpu/5.6.5.24-1109583/build/include/kcl/backport/kcl_drm_backport.h:5,
                 from /var/lib/dkms/amdgpu/5.6.5.24-1109583/build/amd/backport/backport.h:12,
                 from <command-line>:
./include/linux/mm.h:2782:12: note: previous declaration of ‘vmf_insert_mixed_prot’ was here
 2782 | vm_fault_t vmf_insert_mixed_prot(struct vm_area_struct *vma, unsigned long addr,
      |            ^~~~~~~~~~~~~~~~~~~~~
In file included from /var/lib/dkms/amdgpu/5.6.5.24-1109583/build/include/kcl/backport/kcl_mm_backport.h:4,
                 from /var/lib/dkms/amdgpu/5.6.5.24-1109583/build/amd/backport/backport.h:16,
                 from <command-line>:
/var/lib/dkms/amdgpu/5.6.5.24-1109583/build/include/kcl/kcl_mm.h:203:12: error: conflicting types for ‘vmf_insert_pfn_prot’
  203 | vm_fault_t vmf_insert_pfn_prot(struct vm_area_struct *vma, unsigned long addr,
      |            ^~~~~~~~~~~~~~~~~~~
In file included from ./include/linux/kallsyms.h:12,
                 from ./include/linux/ftrace.h:12,
                 from ./include/linux/kprobes.h:29,
                 from ./include/linux/kgdb.h:19,
                 from ./include/linux/fb.h:5,
                 from ./include/drm/drm_crtc.h:31,
                 from /var/lib/dkms/amdgpu/5.6.5.24-1109583/build/include/kcl/backport/kcl_drm_backport.h:5,
                 from /var/lib/dkms/amdgpu/5.6.5.24-1109583/build/amd/backport/backport.h:12,
                 from <command-line>:
./include/linux/mm.h:2778:12: note: previous declaration of ‘vmf_insert_pfn_prot’ was here
 2778 | vm_fault_t vmf_insert_pfn_prot(struct vm_area_struct *vma, unsigned long addr,
      |            ^~~~~~~~~~~~~~~~~~~
In file included from /var/lib/dkms/amdgpu/5.6.5.24-1109583/build/amd/backport/backport.h:17,
                 from <command-line>:
/var/lib/dkms/amdgpu/5.6.5.24-1109583/build/include/kcl/kcl_kref.h:8:28: error: redefinition of ‘kref_read’
    8 | static inline unsigned int kref_read(const struct kref *kref)
      |                            ^~~~~~~~~
In file included from ./include/linux/dma-fence.h:20,
                 from /var/lib/dkms/amdgpu/5.6.5.24-1109583/build/include/kcl/kcl_fence.h:11,
                 from /var/lib/dkms/amdgpu/5.6.5.24-1109583/build/include/kcl/backport/kcl_fence_backport.h:4,
                 from /var/lib/dkms/amdgpu/5.6.5.24-1109583/build/amd/backport/backport.h:11,
                 from <command-line>:
./include/linux/kref.h:34:28: note: previous definition of ‘kref_read’ was here
   34 | static inline unsigned int kref_read(const struct kref *kref)
      |                            ^~~~~~~~~
In file included from /var/lib/dkms/amdgpu/5.6.5.24-1109583/build/amd/backport/backport.h:17,
                 from <command-line>:
/var/lib/dkms/amdgpu/5.6.5.24-1109583/build/include/kcl/kcl_kref.h: In function ‘kref_read’:
/var/lib/dkms/amdgpu/5.6.5.24-1109583/build/include/kcl/kcl_kref.h:10:21: error: passing argument 1 of ‘atomic_read’ from incompatible pointer type [-Werror=incompatible-pointer-types]
   10 |  return atomic_read(&kref->refcount);
      |                     ^~~~~~~~~~~~~~~
      |                     |
      |                     const refcount_t * {aka const struct refcount_struct *}
In file included from ./include/linux/atomic.h:82,
                 from ./include/linux/rcupdate.h:25,
                 from /var/lib/dkms/amdgpu/5.6.5.24-1109583/build/include/kcl/kcl_rcupdate.h:5,
                 from /var/lib/dkms/amdgpu/5.6.5.24-1109583/build/include/kcl/kcl_fence.h:6,
                 from /var/lib/dkms/amdgpu/5.6.5.24-1109583/build/include/kcl/backport/kcl_fence_backport.h:4,
                 from /var/lib/dkms/amdgpu/5.6.5.24-1109583/build/amd/backport/backport.h:11,
                 from <command-line>:
./include/asm-generic/atomic-instrumented.h:25:29: note: expected ‘const atomic_t *’ {aka ‘const struct <anonymous> *’} but argument is of type ‘const refcount_t *’ {aka ‘const struct refcount_struct *’}
   25 | atomic_read(const atomic_t *v)
      |             ~~~~~~~~~~~~~~~~^
/var/lib/dkms/amdgpu/5.6.5.24-1109583/build/include/kcl/kcl_timekeeping.h:35:2: error: implicit declaration of function ‘getrawmonotonic’ [-Werror=implicit-function-declaration]
   35 |  getrawmonotonic(&time);
      |  ^~~~~~~~~~~~~~~
/var/lib/dkms/amdgpu/5.6.5.24-1109583/build/include/kcl/kcl_timekeeping.h:33:18: warning: unused variable ‘time’ [-Wunused-variable]
   33 |  struct timespec time;
      |                  ^~~~
/var/lib/dkms/amdgpu/5.6.5.24-1109583/build/include/kcl/kcl_timekeeping.h: At top level:
/var/lib/dkms/amdgpu/5.6.5.24-1109583/build/include/kcl/kcl_timekeeping.h:41:24: error: static declaration of ‘ktime_get_real_seconds’ follows non-static declaration
   41 | static inline time64_t ktime_get_real_seconds(void)
      |                        ^~~~~~~~~~~~~~~~~~~~~~
In file included from ./include/linux/ktime.h:232,
                 from ./include/linux/timer.h:6,
                 from ./include/linux/workqueue.h:9,
                 from ./include/linux/rhashtable-types.h:15,
                 from ./include/linux/ipc.h:7,
                 from ./include/uapi/linux/sem.h:5,
                 from ./include/linux/sem.h:5,
                 from ./include/linux/sched.h:15,
                 from ./include/linux/dma-fence.h:21,
                 from /var/lib/dkms/amdgpu/5.6.5.24-1109583/build/include/kcl/kcl_fence.h:11,
                 from /var/lib/dkms/amdgpu/5.6.5.24-1109583/build/include/kcl/backport/kcl_fence_backport.h:4,
                 from /var/lib/dkms/amdgpu/5.6.5.24-1109583/build/amd/backport/backport.h:11,
                 from <command-line>:
./include/linux/timekeeping.h:53:17: note: previous declaration of ‘ktime_get_real_seconds’ was here
   53 | extern time64_t ktime_get_real_seconds(void);
      |                 ^~~~~~~~~~~~~~~~~~~~~~
In file included from /var/lib/dkms/amdgpu/5.6.5.24-1109583/build/amd/backport/backport.h:41,
                 from <command-line>:
/var/lib/dkms/amdgpu/5.6.5.24-1109583/build/include/kcl/kcl_timekeeping.h: In function ‘ktime_get_real_seconds’:
/var/lib/dkms/amdgpu/5.6.5.24-1109583/build/include/kcl/kcl_timekeeping.h:43:17: error: storage size of ‘ts’ isn’t known
   43 |  struct timeval ts;
      |                 ^~
In file included from /var/lib/dkms/amdgpu/5.6.5.24-1109583/build/include/kcl/backport/kcl_drm_backport.h:16,
                 from /var/lib/dkms/amdgpu/5.6.5.24-1109583/build/amd/backport/backport.h:12,
                 from <command-line>:
/var/lib/dkms/amdgpu/5.6.5.24-1109583/build/include/kcl/kcl_drm.h: In function ‘drm_gem_object_put_unlocked’:
/var/lib/dkms/amdgpu/5.6.5.24-1109583/build/include/kcl/kcl_drm.h:208:9: error: implicit declaration of function ‘drm_gem_object_unreference_unlocked’; did you mean ‘drm_gem_object_put_unlocked’? [-Werror=implicit-function-declaration]
  208 |  return drm_gem_object_unreference_unlocked(obj);
      |         ^~~~~~~~~~~~~~~~~~~~~~~~~~~~~~~~~~~
      |         drm_gem_object_put_unlocked
/var/lib/dkms/amdgpu/5.6.5.24-1109583/build/include/kcl/kcl_drm.h:208:9: error: ‘return’ with a value, in function returning void [-Werror=return-type]
  208 |  return drm_gem_object_unreference_unlocked(obj);
      |         ^~~~~~~~~~~~~~~~~~~~~~~~~~~~~~~~~~~~~~~~
/var/lib/dkms/amdgpu/5.6.5.24-1109583/build/include/kcl/kcl_drm.h:206:1: note: declared here
  206 | drm_gem_object_put_unlocked(struct drm_gem_object *obj)
      | ^~~~~~~~~~~~~~~~~~~~~~~~~~~
/var/lib/dkms/amdgpu/5.6.5.24-1109583/build/include/kcl/kcl_drm.h: At top level:
/var/lib/dkms/amdgpu/5.6.5.24-1109583/build/include/kcl/kcl_drm.h:212:1: error: redefinition of ‘drm_gem_object_get’
  212 | drm_gem_object_get(struct drm_gem_object *obj)
      | ^~~~~~~~~~~~~~~~~~
In file included from /var/lib/dkms/amdgpu/5.6.5.24-1109583/build/include/kcl/backport/kcl_drm_backport.h:11,
                 from /var/lib/dkms/amdgpu/5.6.5.24-1109583/build/amd/backport/backport.h:12,
                 from <command-line>:
./include/drm/drm_gem.h:362:20: note: previous definition of ‘drm_gem_object_get’ was here
  362 | static inline void drm_gem_object_get(struct drm_gem_object *obj)
      |                    ^~~~~~~~~~~~~~~~~~
In file included from /var/lib/dkms/amdgpu/5.6.5.24-1109583/build/include/kcl/backport/kcl_drm_backport.h:16,
                 from /var/lib/dkms/amdgpu/5.6.5.24-1109583/build/amd/backport/backport.h:12,
                 from <command-line>:
/var/lib/dkms/amdgpu/5.6.5.24-1109583/build/include/kcl/kcl_drm.h:261:20: error: static declaration of ‘drm_dev_get’ follows non-static declaration
  261 | static inline void drm_dev_get(struct drm_device *dev)
      |                    ^~~~~~~~~~~
In file included from /var/lib/dkms/amdgpu/5.6.5.24-1109583/build/include/kcl/header/kcl_drm_drv_h.h:6,
                 from /var/lib/dkms/amdgpu/5.6.5.24-1109583/build/include/kcl/kcl_drm.h:24,
                 from /var/lib/dkms/amdgpu/5.6.5.24-1109583/build/include/kcl/backport/kcl_drm_backport.h:16,
                 from /var/lib/dkms/amdgpu/5.6.5.24-1109583/build/amd/backport/backport.h:12,
                 from <command-line>:
./include/drm/drm_drv.h:555:6: note: previous declaration of ‘drm_dev_get’ was here
  555 | void drm_dev_get(struct drm_device *dev);
      |      ^~~~~~~~~~~
/var/lib/dkms/amdgpu/5.6.5.24-1109583/build/include/kcl/kcl_timekeeping.h:45:2: error: implicit declaration of function ‘do_gettimeofday’; did you mean ‘do_settimeofday64’? [-Werror=implicit-function-declaration]
   45 |  do_gettimeofday(&ts);
      |  ^~~~~~~~~~~~~~~
      |  do_settimeofday64
/var/lib/dkms/amdgpu/5.6.5.24-1109583/build/include/kcl/kcl_timekeeping.h:43:17: warning: unused variable ‘ts’ [-Wunused-variable]
   43 |  struct timeval ts;
      |                 ^~
/var/lib/dkms/amdgpu/5.6.5.24-1109583/build/include/kcl/kcl_timekeeping.h: At top level:
/var/lib/dkms/amdgpu/5.6.5.24-1109583/build/include/kcl/kcl_timekeeping.h:51:19: error: static declaration of ‘ktime_get_mono_fast_ns’ follows non-static declaration
   51 | static inline u64 ktime_get_mono_fast_ns(void)
      |                   ^~~~~~~~~~~~~~~~~~~~~~
In file included from ./include/linux/ktime.h:232,
                 from ./include/linux/timer.h:6,
                 from ./include/linux/workqueue.h:9,
                 from ./include/linux/rhashtable-types.h:15,
                 from ./include/linux/ipc.h:7,
                 from ./include/uapi/linux/sem.h:5,
                 from ./include/linux/sem.h:5,
                 from ./include/linux/sched.h:15,
                 from ./include/linux/dma-fence.h:21,
                 from /var/lib/dkms/amdgpu/5.6.5.24-1109583/build/include/kcl/kcl_fence.h:11,
                 from /var/lib/dkms/amdgpu/5.6.5.24-1109583/build/include/kcl/backport/kcl_fence_backport.h:4,
                 from /var/lib/dkms/amdgpu/5.6.5.24-1109583/build/amd/backport/backport.h:11,
                 from <command-line>:
./include/linux/timekeeping.h:176:12: note: previous declaration of ‘ktime_get_mono_fast_ns’ was here
  176 | extern u64 ktime_get_mono_fast_ns(void);
      |            ^~~~~~~~~~~~~~~~~~~~~~
In file included from /var/lib/dkms/amdgpu/5.6.5.24-1109583/build/amd/backport/backport.h:42,
                 from <command-line>:
/var/lib/dkms/amdgpu/5.6.5.24-1109583/build/include/kcl/backport/kcl_uaccess_backport.h: In function ‘_kcl_access_ok’:
/var/lib/dkms/amdgpu/5.6.5.24-1109583/build/include/kcl/backport/kcl_uaccess_backport.h:9:47: error: macro "access_ok" passed 3 arguments, but takes just 2
    9 |  return access_ok(VERIFY_WRITE, (addr), (size));
      |                                               ^
In file included from ./include/linux/uaccess.h:11,
                 from ./arch/x86/include/asm/fpu/xstate.h:5,
                 from ./arch/x86/include/asm/pgtable.h:26,
                 from ./include/linux/pgtable.h:6,
                 from ./include/linux/mm.h:33,
                 from ./include/linux/kallsyms.h:12,
                 from ./include/linux/ftrace.h:12,
                 from ./include/linux/kprobes.h:29,
                 from ./include/linux/kgdb.h:19,
                 from ./include/linux/fb.h:5,
                 from ./include/drm/drm_crtc.h:31,
                 from /var/lib/dkms/amdgpu/5.6.5.24-1109583/build/include/kcl/backport/kcl_drm_backport.h:5,
                 from /var/lib/dkms/amdgpu/5.6.5.24-1109583/build/amd/backport/backport.h:12,
                 from <command-line>:
./arch/x86/include/asm/uaccess.h:69: note: macro "access_ok" defined here
   69 | #define access_ok(addr, size)     \
      | 
In file included from /var/lib/dkms/amdgpu/5.6.5.24-1109583/build/include/kcl/backport/kcl_drm_backport.h:16,
                 from /var/lib/dkms/amdgpu/5.6.5.24-1109583/build/amd/backport/backport.h:12,
                 from <command-line>:
/var/lib/dkms/amdgpu/5.6.5.24-1109583/build/include/kcl/kcl_drm.h: In function ‘drm_dev_get’:
/var/lib/dkms/amdgpu/5.6.5.24-1109583/build/include/kcl/kcl_drm.h:263:2: error: implicit declaration of function ‘drm_dev_ref’; did you mean ‘drm_dev_get’? [-Werror=implicit-function-declaration]
  263 |  drm_dev_ref(dev);
      |  ^~~~~~~~~~~
      |  drm_dev_get
/var/lib/dkms/amdgpu/5.6.5.24-1109583/build/include/kcl/kcl_drm.h: At top level:
/var/lib/dkms/amdgpu/5.6.5.24-1109583/build/include/kcl/kcl_drm.h:266:20: error: static declaration of ‘drm_dev_put’ follows non-static declaration
  266 | static inline void drm_dev_put(struct drm_device *dev)
      |                    ^~~~~~~~~~~
In file included from /var/lib/dkms/amdgpu/5.6.5.24-1109583/build/include/kcl/header/kcl_drm_drv_h.h:6,
                 from /var/lib/dkms/amdgpu/5.6.5.24-1109583/build/include/kcl/kcl_drm.h:24,
                 from /var/lib/dkms/amdgpu/5.6.5.24-1109583/build/include/kcl/backport/kcl_drm_backport.h:16,
                 from /var/lib/dkms/amdgpu/5.6.5.24-1109583/build/amd/backport/backport.h:12,
                 from <command-line>:
./include/drm/drm_drv.h:556:6: note: previous declaration of ‘drm_dev_put’ was here
  556 | void drm_dev_put(struct drm_device *dev);
      |      ^~~~~~~~~~~
In file included from /var/lib/dkms/amdgpu/5.6.5.24-1109583/build/amd/backport/backport.h:42,
                 from <command-line>:
/var/lib/dkms/amdgpu/5.6.5.24-1109583/build/include/kcl/backport/kcl_uaccess_backport.h:9:9: error: ‘access_ok’ undeclared (first use in this function); did you mean ‘_kcl_access_ok’?
    9 |  return access_ok(VERIFY_WRITE, (addr), (size));
      |         ^~~~~~~~~
      |         _kcl_access_ok
In file included from /var/lib/dkms/amdgpu/5.6.5.24-1109583/build/include/kcl/backport/kcl_vga_switcheroo_backport.h:4,
                 from /var/lib/dkms/amdgpu/5.6.5.24-1109583/build/amd/backport/backport.h:43,
                 from <command-line>:
/var/lib/dkms/amdgpu/5.6.5.24-1109583/build/include/kcl/kcl_vga_switcheroo.h: At top level:
/var/lib/dkms/amdgpu/5.6.5.24-1109583/build/include/kcl/kcl_vga_switcheroo.h:8:8: error: redefinition of ‘struct vga_switcheroo_client_ops’
    8 | struct vga_switcheroo_client_ops {
      |        ^~~~~~~~~~~~~~~~~~~~~~~~~
In file included from /var/lib/dkms/amdgpu/5.6.5.24-1109583/build/include/kcl/kcl_vga_switcheroo.h:5,
                 from /var/lib/dkms/amdgpu/5.6.5.24-1109583/build/include/kcl/backport/kcl_vga_switcheroo_backport.h:4,
                 from /var/lib/dkms/amdgpu/5.6.5.24-1109583/build/amd/backport/backport.h:43,
                 from <command-line>:
./include/linux/vga_switcheroo.h:143:8: note: originally defined here
  143 | struct vga_switcheroo_client_ops {
      |        ^~~~~~~~~~~~~~~~~~~~~~~~~
In file included from /var/lib/dkms/amdgpu/5.6.5.24-1109583/build/include/kcl/backport/kcl_vga_switcheroo_backport.h:4,
                 from /var/lib/dkms/amdgpu/5.6.5.24-1109583/build/amd/backport/backport.h:43,
                 from <command-line>:
/var/lib/dkms/amdgpu/5.6.5.24-1109583/build/include/kcl/kcl_vga_switcheroo.h: In function ‘_kcl_vga_switcheroo_register_client’:
/var/lib/dkms/amdgpu/5.6.5.24-1109583/build/include/kcl/kcl_vga_switcheroo.h:25:48: error: passing argument 2 of ‘vga_switcheroo_register_client’ from incompatible pointer type [-Werror=incompatible-pointer-types]
   25 |  return vga_switcheroo_register_client(dev, ops->set_gpu_state, ops->can_switch);
      |                                             ~~~^~~~~~~~~~~~~~~
      |                                                |
      |                                                void (* const)(struct pci_dev *, enum vga_switcheroo_state)
In file included from /var/lib/dkms/amdgpu/5.6.5.24-1109583/build/include/kcl/kcl_vga_switcheroo.h:5,
                 from /var/lib/dkms/amdgpu/5.6.5.24-1109583/build/include/kcl/backport/kcl_vga_switcheroo_backport.h:4,
                 from /var/lib/dkms/amdgpu/5.6.5.24-1109583/build/amd/backport/backport.h:43,
                 from <command-line>:
./include/linux/vga_switcheroo.h:153:48: note: expected ‘const struct vga_switcheroo_client_ops *’ but argument is of type ‘void (* const)(struct pci_dev *, enum vga_switcheroo_state)’
  153 |        const struct vga_switcheroo_client_ops *ops,
      |        ~~~~~~~~~~~~~~~~~~~~~~~~~~~~~~~~~~~~~~~~^~~
In file included from /var/lib/dkms/amdgpu/5.6.5.24-1109583/build/include/kcl/backport/kcl_vga_switcheroo_backport.h:4,
                 from /var/lib/dkms/amdgpu/5.6.5.24-1109583/build/amd/backport/backport.h:43,
                 from <command-line>:
/var/lib/dkms/amdgpu/5.6.5.24-1109583/build/include/kcl/kcl_vga_switcheroo.h: At top level:
/var/lib/dkms/amdgpu/5.6.5.24-1109583/build/include/kcl/kcl_vga_switcheroo.h:31:6: error: nested redefinition of ‘enum vga_switcheroo_handler_flags_t’
   31 | enum vga_switcheroo_handler_flags_t {
      |      ^~~~~~~~~~~~~~~~~~~~~~~~~~~~~~
/var/lib/dkms/amdgpu/5.6.5.24-1109583/build/include/kcl/kcl_vga_switcheroo.h:31:6: error: redeclaration of ‘enum vga_switcheroo_handler_flags_t’
In file included from /var/lib/dkms/amdgpu/5.6.5.24-1109583/build/include/kcl/kcl_vga_switcheroo.h:5,
                 from /var/lib/dkms/amdgpu/5.6.5.24-1109583/build/include/kcl/backport/kcl_vga_switcheroo_backport.h:4,
                 from /var/lib/dkms/amdgpu/5.6.5.24-1109583/build/amd/backport/backport.h:43,
                 from <command-line>:
./include/linux/vga_switcheroo.h:53:6: note: originally defined here
   53 | enum vga_switcheroo_handler_flags_t {
      |      ^~~~~~~~~~~~~~~~~~~~~~~~~~~~~~
In file included from /var/lib/dkms/amdgpu/5.6.5.24-1109583/build/include/kcl/backport/kcl_vga_switcheroo_backport.h:4,
                 from /var/lib/dkms/amdgpu/5.6.5.24-1109583/build/amd/backport/backport.h:43,
                 from <command-line>:
/var/lib/dkms/amdgpu/5.6.5.24-1109583/build/include/kcl/kcl_vga_switcheroo.h:32:2: error: redeclaration of enumerator ‘VGA_SWITCHEROO_CAN_SWITCH_DDC’
   32 |  VGA_SWITCHEROO_CAN_SWITCH_DDC = (1 << 0),
      |  ^~~~~~~~~~~~~~~~~~~~~~~~~~~~~
In file included from /var/lib/dkms/amdgpu/5.6.5.24-1109583/build/include/kcl/kcl_vga_switcheroo.h:5,
                 from /var/lib/dkms/amdgpu/5.6.5.24-1109583/build/include/kcl/backport/kcl_vga_switcheroo_backport.h:4,
                 from /var/lib/dkms/amdgpu/5.6.5.24-1109583/build/amd/backport/backport.h:43,
                 from <command-line>:
./include/linux/vga_switcheroo.h:54:2: note: previous definition of ‘VGA_SWITCHEROO_CAN_SWITCH_DDC’ was here
   54 |  VGA_SWITCHEROO_CAN_SWITCH_DDC = (1 << 0),
      |  ^~~~~~~~~~~~~~~~~~~~~~~~~~~~~
In file included from /var/lib/dkms/amdgpu/5.6.5.24-1109583/build/include/kcl/backport/kcl_vga_switcheroo_backport.h:4,
                 from /var/lib/dkms/amdgpu/5.6.5.24-1109583/build/amd/backport/backport.h:43,
                 from <command-line>:
/var/lib/dkms/amdgpu/5.6.5.24-1109583/build/include/kcl/kcl_vga_switcheroo.h:33:2: error: redeclaration of enumerator ‘VGA_SWITCHEROO_NEEDS_EDP_CONFIG’
   33 |  VGA_SWITCHEROO_NEEDS_EDP_CONFIG = (1 << 1),
      |  ^~~~~~~~~~~~~~~~~~~~~~~~~~~~~~~
In file included from /var/lib/dkms/amdgpu/5.6.5.24-1109583/build/include/kcl/kcl_vga_switcheroo.h:5,
                 from /var/lib/dkms/amdgpu/5.6.5.24-1109583/build/include/kcl/backport/kcl_vga_switcheroo_backport.h:4,
                 from /var/lib/dkms/amdgpu/5.6.5.24-1109583/build/amd/backport/backport.h:43,
                 from <command-line>:
./include/linux/vga_switcheroo.h:55:2: note: previous definition of ‘VGA_SWITCHEROO_NEEDS_EDP_CONFIG’ was here
   55 |  VGA_SWITCHEROO_NEEDS_EDP_CONFIG = (1 << 1),
      |  ^~~~~~~~~~~~~~~~~~~~~~~~~~~~~~~
In file included from /var/lib/dkms/amdgpu/5.6.5.24-1109583/build/include/kcl/backport/kcl_vga_switcheroo_backport.h:4,
                 from /var/lib/dkms/amdgpu/5.6.5.24-1109583/build/amd/backport/backport.h:43,
                 from <command-line>:
/var/lib/dkms/amdgpu/5.6.5.24-1109583/build/include/kcl/kcl_vga_switcheroo.h: In function ‘_kcl_vga_switcheroo_register_handler’:
/var/lib/dkms/amdgpu/5.6.5.24-1109583/build/include/kcl/kcl_vga_switcheroo.h:45:9: error: too few arguments to function ‘vga_switcheroo_register_handler’
   45 |  return vga_switcheroo_register_handler((struct vga_switcheroo_handler *)handler);
      |         ^~~~~~~~~~~~~~~~~~~~~~~~~~~~~~~
In file included from /var/lib/dkms/amdgpu/5.6.5.24-1109583/build/include/kcl/kcl_vga_switcheroo.h:5,
                 from /var/lib/dkms/amdgpu/5.6.5.24-1109583/build/include/kcl/backport/kcl_vga_switcheroo_backport.h:4,
                 from /var/lib/dkms/amdgpu/5.6.5.24-1109583/build/amd/backport/backport.h:43,
                 from <command-line>:
./include/linux/vga_switcheroo.h:162:5: note: declared here
  162 | int vga_switcheroo_register_handler(const struct vga_switcheroo_handler *handler,
      |     ^~~~~~~~~~~~~~~~~~~~~~~~~~~~~~~
In file included from /var/lib/dkms/amdgpu/5.6.5.24-1109583/build/amd/backport/backport.h:46,
                 from <command-line>:
/var/lib/dkms/amdgpu/5.6.5.24-1109583/build/include/kcl/backport/kcl_drm_dp_mst_helper_backport.h: In function ‘_kcl_drm_dp_mst_topology_mgr_resume’:
/var/lib/dkms/amdgpu/5.6.5.24-1109583/build/include/kcl/backport/kcl_drm_dp_mst_helper_backport.h:12:9: error: too few arguments to function ‘drm_dp_mst_topology_mgr_resume’
   12 |  return drm_dp_mst_topology_mgr_resume(mgr);
      |         ^~~~~~~~~~~~~~~~~~~~~~~~~~~~~~
In file included from /var/lib/dkms/amdgpu/5.6.5.24-1109583/build/amd/amdgpu/amdgpu_mode.h:47,
                 from /var/lib/dkms/amdgpu/5.6.5.24-1109583/build/amd/amdgpu/amdgpu.h:68,
                 from /var/lib/dkms/amdgpu/5.6.5.24-1109583/build/amd/backport/include/kcl/kcl_amdgpu.h:6,
                 from /var/lib/dkms/amdgpu/5.6.5.24-1109583/build/amd/backport/backport.h:18,
                 from <command-line>:
./include/drm/drm_dp_mst_helper.h:819:1: note: declared here
  819 | drm_dp_mst_topology_mgr_resume(struct drm_dp_mst_topology_mgr *mgr,
      | ^~~~~~~~~~~~~~~~~~~~~~~~~~~~~~
In file included from /var/lib/dkms/amdgpu/5.6.5.24-1109583/build/amd/backport/backport.h:49,
                 from <command-line>:
/var/lib/dkms/amdgpu/5.6.5.24-1109583/build/include/kcl/kcl_seq_file.h: At top level:
/var/lib/dkms/amdgpu/5.6.5.24-1109583/build/include/kcl/kcl_seq_file.h:28:20: error: static declaration of ‘seq_hex_dump’ follows non-static declaration
   28 | static inline void seq_hex_dump(struct seq_file *m, const char *prefix_str, int prefix_type,
      |                    ^~~~~~~~~~~~
In file included from ./include/drm/drm_print.h:31,
                 from ./include/drm/drm_mm.h:49,
                 from ./include/drm/drm_vma_manager.h:26,
                 from ./include/drm/drm_gem.h:40,
                 from /var/lib/dkms/amdgpu/5.6.5.24-1109583/build/include/kcl/backport/kcl_drm_backport.h:11,
                 from /var/lib/dkms/amdgpu/5.6.5.24-1109583/build/amd/backport/backport.h:12,
                 from <command-line>:
./include/linux/seq_file.h:132:6: note: previous declaration of ‘seq_hex_dump’ was here
  132 | void seq_hex_dump(struct seq_file *m, const char *prefix_str, int prefix_type,
      |      ^~~~~~~~~~~~
In file included from /var/lib/dkms/amdgpu/5.6.5.24-1109583/build/amd/backport/backport.h:50,
                 from <command-line>:
/var/lib/dkms/amdgpu/5.6.5.24-1109583/build/include/kcl/kcl_ptrace.h:8:35: error: redefinition of ‘ptrace_parent’
    8 | static inline struct task_struct *ptrace_parent(struct task_struct *task)
      |                                   ^~~~~~~~~~~~~
In file included from ./include/linux/ftrace.h:15,
                 from ./include/linux/kprobes.h:29,
                 from ./include/linux/kgdb.h:19,
                 from ./include/linux/fb.h:5,
                 from ./include/drm/drm_crtc.h:31,
                 from /var/lib/dkms/amdgpu/5.6.5.24-1109583/build/include/kcl/backport/kcl_drm_backport.h:5,
                 from /var/lib/dkms/amdgpu/5.6.5.24-1109583/build/amd/backport/backport.h:12,
                 from <command-line>:
./include/linux/ptrace.h:124:35: note: previous definition of ‘ptrace_parent’ was here
  124 | static inline struct task_struct *ptrace_parent(struct task_struct *task)
      |                                   ^~~~~~~~~~~~~
In file included from /var/lib/dkms/amdgpu/5.6.5.24-1109583/build/amd/backport/backport.h:56,
                 from <command-line>:
/var/lib/dkms/amdgpu/5.6.5.24-1109583/build/include/kcl/kcl_list.h:7:20: error: redefinition of ‘list_bulk_move_tail’
    7 | static inline void list_bulk_move_tail(struct list_head *head,
      |                    ^~~~~~~~~~~~~~~~~~~
In file included from ./include/linux/preempt.h:11,
                 from ./include/linux/rcupdate.h:27,
                 from /var/lib/dkms/amdgpu/5.6.5.24-1109583/build/include/kcl/kcl_rcupdate.h:5,
                 from /var/lib/dkms/amdgpu/5.6.5.24-1109583/build/include/kcl/kcl_fence.h:6,
                 from /var/lib/dkms/amdgpu/5.6.5.24-1109583/build/include/kcl/backport/kcl_fence_backport.h:4,
                 from /var/lib/dkms/amdgpu/5.6.5.24-1109583/build/amd/backport/backport.h:11,
                 from <command-line>:
./include/linux/list.h:240:20: note: previous definition of ‘list_bulk_move_tail’ was here
  240 | static inline void list_bulk_move_tail(struct list_head *head,
      |                    ^~~~~~~~~~~~~~~~~~~
In file included from /var/lib/dkms/amdgpu/5.6.5.24-1109583/build/amd/backport/backport.h:56,
                 from <command-line>:
/var/lib/dkms/amdgpu/5.6.5.24-1109583/build/include/kcl/kcl_list.h:24:20: error: redefinition of ‘list_rotate_to_front’
   24 | static inline void list_rotate_to_front(struct list_head *list,
      |                    ^~~~~~~~~~~~~~~~~~~~
In file included from ./include/linux/preempt.h:11,
                 from ./include/linux/rcupdate.h:27,
                 from /var/lib/dkms/amdgpu/5.6.5.24-1109583/build/include/kcl/kcl_rcupdate.h:5,
                 from /var/lib/dkms/amdgpu/5.6.5.24-1109583/build/include/kcl/kcl_fence.h:6,
                 from /var/lib/dkms/amdgpu/5.6.5.24-1109583/build/include/kcl/backport/kcl_fence_backport.h:4,
                 from /var/lib/dkms/amdgpu/5.6.5.24-1109583/build/amd/backport/backport.h:11,
                 from <command-line>:
./include/linux/list.h:343:20: note: previous definition of ‘list_rotate_to_front’ was here
  343 | static inline void list_rotate_to_front(struct list_head *list,
      |                    ^~~~~~~~~~~~~~~~~~~~
In file included from /var/lib/dkms/amdgpu/5.6.5.24-1109583/build/amd/backport/backport.h:56,
                 from <command-line>:
/var/lib/dkms/amdgpu/5.6.5.24-1109583/build/include/kcl/kcl_list.h:33:19: error: redefinition of ‘list_is_first’
   33 | static inline int list_is_first(const struct list_head *list,
      |                   ^~~~~~~~~~~~~
In file included from ./include/linux/preempt.h:11,
                 from ./include/linux/rcupdate.h:27,
                 from /var/lib/dkms/amdgpu/5.6.5.24-1109583/build/include/kcl/kcl_rcupdate.h:5,
                 from /var/lib/dkms/amdgpu/5.6.5.24-1109583/build/include/kcl/kcl_fence.h:6,
                 from /var/lib/dkms/amdgpu/5.6.5.24-1109583/build/include/kcl/backport/kcl_fence_backport.h:4,
                 from /var/lib/dkms/amdgpu/5.6.5.24-1109583/build/amd/backport/backport.h:11,
                 from <command-line>:
./include/linux/list.h:259:19: note: previous definition of ‘list_is_first’ was here
  259 | static inline int list_is_first(const struct list_head *list,
      |                   ^~~~~~~~~~~~~
In file included from ./include/drm/drm_modeset_helper_vtables.h:33,
                 from ./include/drm/drm_crtc_helper.h:43,
                 from /var/lib/dkms/amdgpu/5.6.5.24-1109583/build/amd/amdgpu/amdgpu_mode.h:38,
                 from /var/lib/dkms/amdgpu/5.6.5.24-1109583/build/amd/amdgpu/amdgpu.h:68,
                 from /var/lib/dkms/amdgpu/5.6.5.24-1109583/build/amd/backport/include/kcl/kcl_amdgpu.h:6,
                 from /var/lib/dkms/amdgpu/5.6.5.24-1109583/build/amd/backport/backport.h:18,
                 from <command-line>:
./include/drm/drm_encoder.h: In function ‘drm_encoder_find’:
./include/drm/drm_encoder.h:249:33: error: ‘file_priv’ undeclared (first use in this function); did you mean ‘file_path’?
  249 |  mo = drm_mode_object_find(dev, file_priv, id, DRM_MODE_OBJECT_ENCODER);
      |                                 ^~~~~~~~~
      |                                 file_path
/var/lib/dkms/amdgpu/5.6.5.24-1109583/build/include/kcl/kcl_timekeeping.h:45:2: error: implicit declaration of function ‘do_gettimeofday’; did you mean ‘do_settimeofday64’? [-Werror=implicit-function-declaration]
   45 |  do_gettimeofday(&ts);
      |  ^~~~~~~~~~~~~~~
      |  do_settimeofday64
In file included from /var/lib/dkms/amdgpu/5.6.5.24-1109583/build/include/kcl/backport/kcl_drm_atomic_helper_backport.h:5,
                 from /var/lib/dkms/amdgpu/5.6.5.24-1109583/build/amd/backport/backport.h:58,
                 from <command-line>:
/var/lib/dkms/amdgpu/5.6.5.24-1109583/build/include/kcl/kcl_drm_atomic_helper.h:31:1: error: static declaration of ‘__drm_atomic_helper_connector_reset’ follows non-static declaration
   31 | __drm_atomic_helper_connector_reset(struct drm_connector *connector,
      | ^~~~~~~~~~~~~~~~~~~~~~~~~~~~~~~~~~~
/var/lib/dkms/amdgpu/5.6.5.24-1109583/build/include/kcl/kcl_timekeeping.h:43:17: warning: unused variable ‘ts’ [-Wunused-variable]
   43 |  struct timeval ts;
      |                 ^~
In file included from ./include/drm/drm_atomic_helper.h:34,
                 from /var/lib/dkms/amdgpu/5.6.5.24-1109583/build/include/kcl/kcl_drm_atomic_helper.h:5,
                 from /var/lib/dkms/amdgpu/5.6.5.24-1109583/build/include/kcl/backport/kcl_drm_atomic_helper_backport.h:5,
                 from /var/lib/dkms/amdgpu/5.6.5.24-1109583/build/amd/backport/backport.h:58,
                 from <command-line>:
./include/drm/drm_atomic_state_helper.h:70:6: note: previous declaration of ‘__drm_atomic_helper_connector_reset’ was here
   70 | void __drm_atomic_helper_connector_reset(struct drm_connector *connector,
      |      ^~~~~~~~~~~~~~~~~~~~~~~~~~~~~~~~~~~
/var/lib/dkms/amdgpu/5.6.5.24-1109583/build/include/kcl/kcl_timekeeping.h: At top level:
/var/lib/dkms/amdgpu/5.6.5.24-1109583/build/include/kcl/kcl_timekeeping.h:51:19: error: static declaration of ‘ktime_get_mono_fast_ns’ follows non-static declaration
   51 | static inline u64 ktime_get_mono_fast_ns(void)
      |                   ^~~~~~~~~~~~~~~~~~~~~~
In file included from /var/lib/dkms/amdgpu/5.6.5.24-1109583/build/include/kcl/backport/kcl_drm_atomic_helper_backport.h:5,
                 from /var/lib/dkms/amdgpu/5.6.5.24-1109583/build/amd/backport/backport.h:58,
                 from <command-line>:
/var/lib/dkms/amdgpu/5.6.5.24-1109583/build/include/kcl/kcl_drm_atomic_helper.h:43:1: error: static declaration of ‘drm_atomic_helper_update_legacy_modeset_state’ follows non-static declaration
   43 | drm_atomic_helper_update_legacy_modeset_state(struct drm_device *dev,
      | ^~~~~~~~~~~~~~~~~~~~~~~~~~~~~~~~~~~~~~~~~~~~~
In file included from ./include/linux/ktime.h:232,
                 from ./include/linux/timer.h:6,
                 from ./include/linux/workqueue.h:9,
                 from ./include/linux/rhashtable-types.h:15,
                 from ./include/linux/ipc.h:7,
                 from ./include/uapi/linux/sem.h:5,
                 from ./include/linux/sem.h:5,
                 from ./include/linux/sched.h:15,
                 from ./include/linux/dma-fence.h:21,
                 from /var/lib/dkms/amdgpu/5.6.5.24-1109583/build/include/kcl/kcl_fence.h:11,
                 from /var/lib/dkms/amdgpu/5.6.5.24-1109583/build/include/kcl/backport/kcl_fence_backport.h:4,
                 from /var/lib/dkms/amdgpu/5.6.5.24-1109583/build/amd/backport/backport.h:11,
                 from <command-line>:
./include/linux/timekeeping.h:176:12: note: previous declaration of ‘ktime_get_mono_fast_ns’ was here
  176 | extern u64 ktime_get_mono_fast_ns(void);
      |            ^~~~~~~~~~~~~~~~~~~~~~
In file included from /var/lib/dkms/amdgpu/5.6.5.24-1109583/build/include/kcl/kcl_drm_atomic_helper.h:5,
                 from /var/lib/dkms/amdgpu/5.6.5.24-1109583/build/include/kcl/backport/kcl_drm_atomic_helper_backport.h:5,
                 from /var/lib/dkms/amdgpu/5.6.5.24-1109583/build/amd/backport/backport.h:58,
                 from <command-line>:
./include/drm/drm_atomic_helper.h:74:1: note: previous declaration of ‘drm_atomic_helper_update_legacy_modeset_state’ was here
   74 | drm_atomic_helper_update_legacy_modeset_state(struct drm_device *dev,
      | ^~~~~~~~~~~~~~~~~~~~~~~~~~~~~~~~~~~~~~~~~~~~~
In file included from /var/lib/dkms/amdgpu/5.6.5.24-1109583/build/include/kcl/backport/kcl_drm_atomic_helper_backport.h:5,
                 from /var/lib/dkms/amdgpu/5.6.5.24-1109583/build/amd/backport/backport.h:58,
                 from <command-line>:
/var/lib/dkms/amdgpu/5.6.5.24-1109583/build/include/kcl/kcl_drm_atomic_helper.h: In function ‘kcl_drm_atomic_get_old_crtc_state_before_commit’:
/var/lib/dkms/amdgpu/5.6.5.24-1109583/build/include/kcl/kcl_drm_atomic_helper.h:59:43: error: invalid type argument of ‘->’ (have ‘struct __drm_crtcs_state’)
   59 |  return state->crtcs[drm_crtc_index(crtc)]->state;
      |                                           ^~
In file included from /var/lib/dkms/amdgpu/5.6.5.24-1109583/build/amd/backport/backport.h:42,
                 from <command-line>:
/var/lib/dkms/amdgpu/5.6.5.24-1109583/build/include/kcl/backport/kcl_uaccess_backport.h: In function ‘_kcl_access_ok’:
/var/lib/dkms/amdgpu/5.6.5.24-1109583/build/include/kcl/backport/kcl_uaccess_backport.h:9:47: error: macro "access_ok" passed 3 arguments, but takes just 2
    9 |  return access_ok(VERIFY_WRITE, (addr), (size));
      |                                               ^
/var/lib/dkms/amdgpu/5.6.5.24-1109583/build/include/kcl/kcl_drm_atomic_helper.h: In function ‘kcl_drm_atomic_get_new_crtc_state_after_commit’:
/var/lib/dkms/amdgpu/5.6.5.24-1109583/build/include/kcl/kcl_drm_atomic_helper.h:94:43: error: invalid type argument of ‘->’ (have ‘struct __drm_crtcs_state’)
   94 |  return state->crtcs[drm_crtc_index(crtc)]->state;
      |                                           ^~
In file included from ./include/linux/uaccess.h:11,
                 from ./arch/x86/include/asm/fpu/xstate.h:5,
                 from ./arch/x86/include/asm/pgtable.h:26,
                 from ./include/linux/pgtable.h:6,
                 from ./include/linux/mm.h:33,
                 from ./include/linux/kallsyms.h:12,
                 from ./include/linux/ftrace.h:12,
                 from ./include/linux/kprobes.h:29,
                 from ./include/linux/kgdb.h:19,
                 from ./include/linux/fb.h:5,
                 from ./include/drm/drm_crtc.h:31,
                 from /var/lib/dkms/amdgpu/5.6.5.24-1109583/build/include/kcl/backport/kcl_drm_backport.h:5,
                 from /var/lib/dkms/amdgpu/5.6.5.24-1109583/build/amd/backport/backport.h:12,
                 from <command-line>:
./arch/x86/include/asm/uaccess.h:69: note: macro "access_ok" defined here
   69 | #define access_ok(addr, size)     \
      | 
In file included from /var/lib/dkms/amdgpu/5.6.5.24-1109583/build/amd/backport/backport.h:59,
                 from <command-line>:
/var/lib/dkms/amdgpu/5.6.5.24-1109583/build/include/kcl/kcl_drm_atomic.h: At top level:
/var/lib/dkms/amdgpu/5.6.5.24-1109583/build/include/kcl/kcl_drm_atomic.h:7:20: error: redefinition of ‘drm_atomic_state_put’
    7 | static inline void drm_atomic_state_put(struct drm_atomic_state *state)
      |                    ^~~~~~~~~~~~~~~~~~~~
In file included from /var/lib/dkms/amdgpu/5.6.5.24-1109583/build/include/kcl/kcl_drm.h:11,
                 from /var/lib/dkms/amdgpu/5.6.5.24-1109583/build/include/kcl/backport/kcl_drm_backport.h:16,
                 from /var/lib/dkms/amdgpu/5.6.5.24-1109583/build/amd/backport/backport.h:12,
                 from <command-line>:
./include/drm/drm_atomic.h:445:20: note: previous definition of ‘drm_atomic_state_put’ was here
  445 | static inline void drm_atomic_state_put(struct drm_atomic_state *state)
      |                    ^~~~~~~~~~~~~~~~~~~~
/var/lib/dkms/amdgpu/5.6.5.24-1109583/build/include/kcl/kcl_timekeeping.h:24:2: error: implicit declaration of function ‘get_monotonic_boottime’ [-Werror=implicit-function-declaration]
   24 |  get_monotonic_boottime(&time);
      |  ^~~~~~~~~~~~~~~~~~~~~~
In file included from /var/lib/dkms/amdgpu/5.6.5.24-1109583/build/include/kcl/backport/kcl_drm_backport.h:16,
                 from /var/lib/dkms/amdgpu/5.6.5.24-1109583/build/amd/backport/backport.h:12,
                 from <command-line>:
/var/lib/dkms/amdgpu/5.6.5.24-1109583/build/include/kcl/kcl_drm.h: In function ‘drm_dev_put’:
/var/lib/dkms/amdgpu/5.6.5.24-1109583/build/include/kcl/kcl_drm.h:268:9: error: implicit declaration of function ‘drm_dev_unref’; did you mean ‘drm_dev_enter’? [-Werror=implicit-function-declaration]
  268 |  return drm_dev_unref(dev);
      |         ^~~~~~~~~~~~~
      |         drm_dev_enter
/var/lib/dkms/amdgpu/5.6.5.24-1109583/build/include/kcl/kcl_drm.h:268:9: error: ‘return’ with a value, in function returning void [-Werror=return-type]
  268 |  return drm_dev_unref(dev);
      |         ^~~~~~~~~~~~~~~~~~
/var/lib/dkms/amdgpu/5.6.5.24-1109583/build/include/kcl/kcl_drm.h:266:20: note: declared here
  266 | static inline void drm_dev_put(struct drm_device *dev)
      |                    ^~~~~~~~~~~
/var/lib/dkms/amdgpu/5.6.5.24-1109583/build/include/kcl/kcl_drm.h: At top level:
/var/lib/dkms/amdgpu/5.6.5.24-1109583/build/include/kcl/kcl_drm.h:282:34: error: redefinition of ‘drm_debug_printer’
  282 | static inline struct drm_printer drm_debug_printer(const char *prefix)
      |                                  ^~~~~~~~~~~~~~~~~
In file included from ./include/drm/drm_mm.h:49,
                 from ./include/drm/drm_vma_manager.h:26,
                 from ./include/drm/drm_gem.h:40,
                 from /var/lib/dkms/amdgpu/5.6.5.24-1109583/build/include/kcl/backport/kcl_drm_backport.h:11,
                 from /var/lib/dkms/amdgpu/5.6.5.24-1109583/build/amd/backport/backport.h:12,
                 from <command-line>:
./include/drm/drm_print.h:227:34: note: previous definition of ‘drm_debug_printer’ was here
  227 | static inline struct drm_printer drm_debug_printer(const char *prefix)
      |                                  ^~~~~~~~~~~~~~~~~
cc1: some warnings being treated as errors
In file included from /var/lib/dkms/amdgpu/5.6.5.24-1109583/build/amd/backport/backport.h:42,
                 from <command-line>:
/var/lib/dkms/amdgpu/5.6.5.24-1109583/build/include/kcl/backport/kcl_uaccess_backport.h:9:9: error: ‘access_ok’ undeclared (first use in this function); did you mean ‘_kcl_access_ok’?
    9 |  return access_ok(VERIFY_WRITE, (addr), (size));
      |         ^~~~~~~~~
      |         _kcl_access_ok
In file included from /var/lib/dkms/amdgpu/5.6.5.24-1109583/build/include/kcl/backport/kcl_vga_switcheroo_backport.h:4,
                 from /var/lib/dkms/amdgpu/5.6.5.24-1109583/build/amd/backport/backport.h:43,
                 from <command-line>:
/var/lib/dkms/amdgpu/5.6.5.24-1109583/build/include/kcl/kcl_vga_switcheroo.h: At top level:
/var/lib/dkms/amdgpu/5.6.5.24-1109583/build/include/kcl/kcl_vga_switcheroo.h:8:8: error: redefinition of ‘struct vga_switcheroo_client_ops’
    8 | struct vga_switcheroo_client_ops {
      |        ^~~~~~~~~~~~~~~~~~~~~~~~~
In file included from /var/lib/dkms/amdgpu/5.6.5.24-1109583/build/include/kcl/kcl_vga_switcheroo.h:5,
                 from /var/lib/dkms/amdgpu/5.6.5.24-1109583/build/include/kcl/backport/kcl_vga_switcheroo_backport.h:4,
                 from /var/lib/dkms/amdgpu/5.6.5.24-1109583/build/amd/backport/backport.h:43,
                 from <command-line>:
./include/linux/vga_switcheroo.h:143:8: note: originally defined here
  143 | struct vga_switcheroo_client_ops {
      |        ^~~~~~~~~~~~~~~~~~~~~~~~~
In file included from /var/lib/dkms/amdgpu/5.6.5.24-1109583/build/include/kcl/backport/kcl_vga_switcheroo_backport.h:4,
                 from /var/lib/dkms/amdgpu/5.6.5.24-1109583/build/amd/backport/backport.h:43,
                 from <command-line>:
/var/lib/dkms/amdgpu/5.6.5.24-1109583/build/include/kcl/kcl_vga_switcheroo.h: In function ‘_kcl_vga_switcheroo_register_client’:
/var/lib/dkms/amdgpu/5.6.5.24-1109583/build/include/kcl/kcl_vga_switcheroo.h:25:48: error: passing argument 2 of ‘vga_switcheroo_register_client’ from incompatible pointer type [-Werror=incompatible-pointer-types]
   25 |  return vga_switcheroo_register_client(dev, ops->set_gpu_state, ops->can_switch);
      |                                             ~~~^~~~~~~~~~~~~~~
      |                                                |
      |                                                void (* const)(struct pci_dev *, enum vga_switcheroo_state)
In file included from /var/lib/dkms/amdgpu/5.6.5.24-1109583/build/include/kcl/kcl_vga_switcheroo.h:5,
                 from /var/lib/dkms/amdgpu/5.6.5.24-1109583/build/include/kcl/backport/kcl_vga_switcheroo_backport.h:4,
                 from /var/lib/dkms/amdgpu/5.6.5.24-1109583/build/amd/backport/backport.h:43,
                 from <command-line>:
./include/linux/vga_switcheroo.h:153:48: note: expected ‘const struct vga_switcheroo_client_ops *’ but argument is of type ‘void (* const)(struct pci_dev *, enum vga_switcheroo_state)’
  153 |        const struct vga_switcheroo_client_ops *ops,
      |        ~~~~~~~~~~~~~~~~~~~~~~~~~~~~~~~~~~~~~~~~^~~
In file included from /var/lib/dkms/amdgpu/5.6.5.24-1109583/build/include/kcl/backport/kcl_vga_switcheroo_backport.h:4,
                 from /var/lib/dkms/amdgpu/5.6.5.24-1109583/build/amd/backport/backport.h:43,
                 from <command-line>:
/var/lib/dkms/amdgpu/5.6.5.24-1109583/build/include/kcl/kcl_vga_switcheroo.h: At top level:
/var/lib/dkms/amdgpu/5.6.5.24-1109583/build/include/kcl/kcl_vga_switcheroo.h:31:6: error: nested redefinition of ‘enum vga_switcheroo_handler_flags_t’
   31 | enum vga_switcheroo_handler_flags_t {
      |      ^~~~~~~~~~~~~~~~~~~~~~~~~~~~~~
/var/lib/dkms/amdgpu/5.6.5.24-1109583/build/include/kcl/kcl_vga_switcheroo.h:31:6: error: redeclaration of ‘enum vga_switcheroo_handler_flags_t’
In file included from /var/lib/dkms/amdgpu/5.6.5.24-1109583/build/include/kcl/kcl_vga_switcheroo.h:5,
                 from /var/lib/dkms/amdgpu/5.6.5.24-1109583/build/include/kcl/backport/kcl_vga_switcheroo_backport.h:4,
                 from /var/lib/dkms/amdgpu/5.6.5.24-1109583/build/amd/backport/backport.h:43,
                 from <command-line>:
./include/linux/vga_switcheroo.h:53:6: note: originally defined here
   53 | enum vga_switcheroo_handler_flags_t {
      |      ^~~~~~~~~~~~~~~~~~~~~~~~~~~~~~
In file included from /var/lib/dkms/amdgpu/5.6.5.24-1109583/build/include/kcl/backport/kcl_vga_switcheroo_backport.h:4,
                 from /var/lib/dkms/amdgpu/5.6.5.24-1109583/build/amd/backport/backport.h:43,
                 from <command-line>:
/var/lib/dkms/amdgpu/5.6.5.24-1109583/build/include/kcl/kcl_vga_switcheroo.h:32:2: error: redeclaration of enumerator ‘VGA_SWITCHEROO_CAN_SWITCH_DDC’
   32 |  VGA_SWITCHEROO_CAN_SWITCH_DDC = (1 << 0),
      |  ^~~~~~~~~~~~~~~~~~~~~~~~~~~~~
In file included from /var/lib/dkms/amdgpu/5.6.5.24-1109583/build/include/kcl/kcl_vga_switcheroo.h:5,
                 from /var/lib/dkms/amdgpu/5.6.5.24-1109583/build/include/kcl/backport/kcl_vga_switcheroo_backport.h:4,
                 from /var/lib/dkms/amdgpu/5.6.5.24-1109583/build/amd/backport/backport.h:43,
                 from <command-line>:
./include/linux/vga_switcheroo.h:54:2: note: previous definition of ‘VGA_SWITCHEROO_CAN_SWITCH_DDC’ was here
   54 |  VGA_SWITCHEROO_CAN_SWITCH_DDC = (1 << 0),
      |  ^~~~~~~~~~~~~~~~~~~~~~~~~~~~~
In file included from /var/lib/dkms/amdgpu/5.6.5.24-1109583/build/include/kcl/backport/kcl_vga_switcheroo_backport.h:4,
                 from /var/lib/dkms/amdgpu/5.6.5.24-1109583/build/amd/backport/backport.h:43,
                 from <command-line>:
/var/lib/dkms/amdgpu/5.6.5.24-1109583/build/include/kcl/kcl_vga_switcheroo.h:33:2: error: redeclaration of enumerator ‘VGA_SWITCHEROO_NEEDS_EDP_CONFIG’
   33 |  VGA_SWITCHEROO_NEEDS_EDP_CONFIG = (1 << 1),
      |  ^~~~~~~~~~~~~~~~~~~~~~~~~~~~~~~
make[2]: *** [scripts/Makefile.build:287: /var/lib/dkms/amdgpu/5.6.5.24-1109583/build/amd/amdgpu/amdgpu_atombios.o] Error 1
In file included from /var/lib/dkms/amdgpu/5.6.5.24-1109583/build/include/kcl/kcl_vga_switcheroo.h:5,
                 from /var/lib/dkms/amdgpu/5.6.5.24-1109583/build/include/kcl/backport/kcl_vga_switcheroo_backport.h:4,
                 from /var/lib/dkms/amdgpu/5.6.5.24-1109583/build/amd/backport/backport.h:43,
                 from <command-line>:
./include/linux/vga_switcheroo.h:55:2: note: previous definition of ‘VGA_SWITCHEROO_NEEDS_EDP_CONFIG’ was here
   55 |  VGA_SWITCHEROO_NEEDS_EDP_CONFIG = (1 << 1),
      |  ^~~~~~~~~~~~~~~~~~~~~~~~~~~~~~~
In file included from /var/lib/dkms/amdgpu/5.6.5.24-1109583/build/include/kcl/backport/kcl_vga_switcheroo_backport.h:4,
                 from /var/lib/dkms/amdgpu/5.6.5.24-1109583/build/amd/backport/backport.h:43,
                 from <command-line>:
/var/lib/dkms/amdgpu/5.6.5.24-1109583/build/include/kcl/kcl_vga_switcheroo.h: In function ‘_kcl_vga_switcheroo_register_handler’:
/var/lib/dkms/amdgpu/5.6.5.24-1109583/build/include/kcl/kcl_vga_switcheroo.h:45:9: error: too few arguments to function ‘vga_switcheroo_register_handler’
   45 |  return vga_switcheroo_register_handler((struct vga_switcheroo_handler *)handler);
      |         ^~~~~~~~~~~~~~~~~~~~~~~~~~~~~~~
In file included from /var/lib/dkms/amdgpu/5.6.5.24-1109583/build/include/kcl/kcl_vga_switcheroo.h:5,
                 from /var/lib/dkms/amdgpu/5.6.5.24-1109583/build/include/kcl/backport/kcl_vga_switcheroo_backport.h:4,
                 from /var/lib/dkms/amdgpu/5.6.5.24-1109583/build/amd/backport/backport.h:43,
                 from <command-line>:
./include/linux/vga_switcheroo.h:162:5: note: declared here
  162 | int vga_switcheroo_register_handler(const struct vga_switcheroo_handler *handler,
      |     ^~~~~~~~~~~~~~~~~~~~~~~~~~~~~~~
In file included from /var/lib/dkms/amdgpu/5.6.5.24-1109583/build/amd/backport/backport.h:46,
                 from <command-line>:
/var/lib/dkms/amdgpu/5.6.5.24-1109583/build/include/kcl/backport/kcl_drm_dp_mst_helper_backport.h: In function ‘_kcl_drm_dp_mst_topology_mgr_resume’:
/var/lib/dkms/amdgpu/5.6.5.24-1109583/build/include/kcl/backport/kcl_drm_dp_mst_helper_backport.h:12:9: error: too few arguments to function ‘drm_dp_mst_topology_mgr_resume’
   12 |  return drm_dp_mst_topology_mgr_resume(mgr);
      |         ^~~~~~~~~~~~~~~~~~~~~~~~~~~~~~
In file included from /var/lib/dkms/amdgpu/5.6.5.24-1109583/build/amd/amdgpu/amdgpu_mode.h:47,
                 from /var/lib/dkms/amdgpu/5.6.5.24-1109583/build/amd/amdgpu/amdgpu.h:68,
                 from /var/lib/dkms/amdgpu/5.6.5.24-1109583/build/amd/backport/include/kcl/kcl_amdgpu.h:6,
                 from /var/lib/dkms/amdgpu/5.6.5.24-1109583/build/amd/backport/backport.h:18,
                 from <command-line>:
./include/drm/drm_dp_mst_helper.h:819:1: note: declared here
  819 | drm_dp_mst_topology_mgr_resume(struct drm_dp_mst_topology_mgr *mgr,
      | ^~~~~~~~~~~~~~~~~~~~~~~~~~~~~~
In file included from /var/lib/dkms/amdgpu/5.6.5.24-1109583/build/amd/backport/backport.h:49,
                 from <command-line>:
/var/lib/dkms/amdgpu/5.6.5.24-1109583/build/include/kcl/kcl_seq_file.h: At top level:
/var/lib/dkms/amdgpu/5.6.5.24-1109583/build/include/kcl/kcl_seq_file.h:28:20: error: static declaration of ‘seq_hex_dump’ follows non-static declaration
   28 | static inline void seq_hex_dump(struct seq_file *m, const char *prefix_str, int prefix_type,
      |                    ^~~~~~~~~~~~
In file included from ./include/drm/drm_print.h:31,
                 from ./include/drm/drm_mm.h:49,
                 from ./include/drm/drm_vma_manager.h:26,
                 from ./include/drm/drm_gem.h:40,
                 from /var/lib/dkms/amdgpu/5.6.5.24-1109583/build/include/kcl/backport/kcl_drm_backport.h:11,
                 from /var/lib/dkms/amdgpu/5.6.5.24-1109583/build/amd/backport/backport.h:12,
                 from <command-line>:
./include/linux/seq_file.h:132:6: note: previous declaration of ‘seq_hex_dump’ was here
  132 | void seq_hex_dump(struct seq_file *m, const char *prefix_str, int prefix_type,
      |      ^~~~~~~~~~~~
In file included from /var/lib/dkms/amdgpu/5.6.5.24-1109583/build/amd/backport/backport.h:50,
                 from <command-line>:
/var/lib/dkms/amdgpu/5.6.5.24-1109583/build/include/kcl/kcl_ptrace.h:8:35: error: redefinition of ‘ptrace_parent’
    8 | static inline struct task_struct *ptrace_parent(struct task_struct *task)
      |                                   ^~~~~~~~~~~~~
In file included from ./include/linux/ftrace.h:15,
                 from ./include/linux/kprobes.h:29,
                 from ./include/linux/kgdb.h:19,
                 from ./include/linux/fb.h:5,
                 from ./include/drm/drm_crtc.h:31,
                 from /var/lib/dkms/amdgpu/5.6.5.24-1109583/build/include/kcl/backport/kcl_drm_backport.h:5,
                 from /var/lib/dkms/amdgpu/5.6.5.24-1109583/build/amd/backport/backport.h:12,
                 from <command-line>:
./include/linux/ptrace.h:124:35: note: previous definition of ‘ptrace_parent’ was here
  124 | static inline struct task_struct *ptrace_parent(struct task_struct *task)
      |                                   ^~~~~~~~~~~~~
In file included from /var/lib/dkms/amdgpu/5.6.5.24-1109583/build/amd/backport/backport.h:56,
                 from <command-line>:
/var/lib/dkms/amdgpu/5.6.5.24-1109583/build/include/kcl/kcl_list.h:7:20: error: redefinition of ‘list_bulk_move_tail’
    7 | static inline void list_bulk_move_tail(struct list_head *head,
      |                    ^~~~~~~~~~~~~~~~~~~
In file included from ./include/linux/preempt.h:11,
                 from ./include/linux/rcupdate.h:27,
                 from /var/lib/dkms/amdgpu/5.6.5.24-1109583/build/include/kcl/kcl_rcupdate.h:5,
                 from /var/lib/dkms/amdgpu/5.6.5.24-1109583/build/include/kcl/kcl_fence.h:6,
                 from /var/lib/dkms/amdgpu/5.6.5.24-1109583/build/include/kcl/backport/kcl_fence_backport.h:4,
                 from /var/lib/dkms/amdgpu/5.6.5.24-1109583/build/amd/backport/backport.h:11,
                 from <command-line>:
./include/linux/list.h:240:20: note: previous definition of ‘list_bulk_move_tail’ was here
  240 | static inline void list_bulk_move_tail(struct list_head *head,
      |                    ^~~~~~~~~~~~~~~~~~~
In file included from /var/lib/dkms/amdgpu/5.6.5.24-1109583/build/amd/backport/backport.h:56,
                 from <command-line>:
/var/lib/dkms/amdgpu/5.6.5.24-1109583/build/include/kcl/kcl_list.h:24:20: error: redefinition of ‘list_rotate_to_front’
   24 | static inline void list_rotate_to_front(struct list_head *list,
      |                    ^~~~~~~~~~~~~~~~~~~~
In file included from ./include/linux/preempt.h:11,
                 from ./include/linux/rcupdate.h:27,
                 from /var/lib/dkms/amdgpu/5.6.5.24-1109583/build/include/kcl/kcl_rcupdate.h:5,
                 from /var/lib/dkms/amdgpu/5.6.5.24-1109583/build/include/kcl/kcl_fence.h:6,
                 from /var/lib/dkms/amdgpu/5.6.5.24-1109583/build/include/kcl/backport/kcl_fence_backport.h:4,
                 from /var/lib/dkms/amdgpu/5.6.5.24-1109583/build/amd/backport/backport.h:11,
                 from <command-line>:
./include/linux/list.h:343:20: note: previous definition of ‘list_rotate_to_front’ was here
  343 | static inline void list_rotate_to_front(struct list_head *list,
      |                    ^~~~~~~~~~~~~~~~~~~~
In file included from /var/lib/dkms/amdgpu/5.6.5.24-1109583/build/amd/backport/backport.h:56,
                 from <command-line>:
/var/lib/dkms/amdgpu/5.6.5.24-1109583/build/include/kcl/kcl_list.h:33:19: error: redefinition of ‘list_is_first’
   33 | static inline int list_is_first(const struct list_head *list,
      |                   ^~~~~~~~~~~~~
In file included from ./include/linux/preempt.h:11,
                 from ./include/linux/rcupdate.h:27,
                 from /var/lib/dkms/amdgpu/5.6.5.24-1109583/build/include/kcl/kcl_rcupdate.h:5,
                 from /var/lib/dkms/amdgpu/5.6.5.24-1109583/build/include/kcl/kcl_fence.h:6,
                 from /var/lib/dkms/amdgpu/5.6.5.24-1109583/build/include/kcl/backport/kcl_fence_backport.h:4,
                 from /var/lib/dkms/amdgpu/5.6.5.24-1109583/build/amd/backport/backport.h:11,
                 from <command-line>:
./include/linux/list.h:259:19: note: previous definition of ‘list_is_first’ was here
  259 | static inline int list_is_first(const struct list_head *list,
      |                   ^~~~~~~~~~~~~
In file included from /var/lib/dkms/amdgpu/5.6.5.24-1109583/build/include/kcl/backport/kcl_drm_atomic_helper_backport.h:5,
                 from /var/lib/dkms/amdgpu/5.6.5.24-1109583/build/amd/backport/backport.h:58,
                 from <command-line>:
/var/lib/dkms/amdgpu/5.6.5.24-1109583/build/include/kcl/kcl_drm_atomic_helper.h:31:1: error: static declaration of ‘__drm_atomic_helper_connector_reset’ follows non-static declaration
   31 | __drm_atomic_helper_connector_reset(struct drm_connector *connector,
      | ^~~~~~~~~~~~~~~~~~~~~~~~~~~~~~~~~~~
In file included from ./include/drm/drm_atomic_helper.h:34,
                 from /var/lib/dkms/amdgpu/5.6.5.24-1109583/build/include/kcl/kcl_drm_atomic_helper.h:5,
                 from /var/lib/dkms/amdgpu/5.6.5.24-1109583/build/include/kcl/backport/kcl_drm_atomic_helper_backport.h:5,
                 from /var/lib/dkms/amdgpu/5.6.5.24-1109583/build/amd/backport/backport.h:58,
                 from <command-line>:
./include/drm/drm_atomic_state_helper.h:70:6: note: previous declaration of ‘__drm_atomic_helper_connector_reset’ was here
   70 | void __drm_atomic_helper_connector_reset(struct drm_connector *connector,
      |      ^~~~~~~~~~~~~~~~~~~~~~~~~~~~~~~~~~~
In file included from /var/lib/dkms/amdgpu/5.6.5.24-1109583/build/include/kcl/backport/kcl_drm_atomic_helper_backport.h:5,
                 from /var/lib/dkms/amdgpu/5.6.5.24-1109583/build/amd/backport/backport.h:58,
                 from <command-line>:
/var/lib/dkms/amdgpu/5.6.5.24-1109583/build/include/kcl/kcl_drm_atomic_helper.h:43:1: error: static declaration of ‘drm_atomic_helper_update_legacy_modeset_state’ follows non-static declaration
   43 | drm_atomic_helper_update_legacy_modeset_state(struct drm_device *dev,
      | ^~~~~~~~~~~~~~~~~~~~~~~~~~~~~~~~~~~~~~~~~~~~~
In file included from /var/lib/dkms/amdgpu/5.6.5.24-1109583/build/include/kcl/kcl_drm_atomic_helper.h:5,
                 from /var/lib/dkms/amdgpu/5.6.5.24-1109583/build/include/kcl/backport/kcl_drm_atomic_helper_backport.h:5,
                 from /var/lib/dkms/amdgpu/5.6.5.24-1109583/build/amd/backport/backport.h:58,
                 from <command-line>:
./include/drm/drm_atomic_helper.h:74:1: note: previous declaration of ‘drm_atomic_helper_update_legacy_modeset_state’ was here
   74 | drm_atomic_helper_update_legacy_modeset_state(struct drm_device *dev,
      | ^~~~~~~~~~~~~~~~~~~~~~~~~~~~~~~~~~~~~~~~~~~~~
In file included from /var/lib/dkms/amdgpu/5.6.5.24-1109583/build/include/kcl/backport/kcl_drm_atomic_helper_backport.h:5,
                 from /var/lib/dkms/amdgpu/5.6.5.24-1109583/build/amd/backport/backport.h:58,
                 from <command-line>:
/var/lib/dkms/amdgpu/5.6.5.24-1109583/build/include/kcl/kcl_drm_atomic_helper.h: In function ‘kcl_drm_atomic_get_old_crtc_state_before_commit’:
/var/lib/dkms/amdgpu/5.6.5.24-1109583/build/include/kcl/kcl_drm_atomic_helper.h:59:43: error: invalid type argument of ‘->’ (have ‘struct __drm_crtcs_state’)
   59 |  return state->crtcs[drm_crtc_index(crtc)]->state;
      |                                           ^~
/var/lib/dkms/amdgpu/5.6.5.24-1109583/build/include/kcl/kcl_drm_atomic_helper.h: In function ‘kcl_drm_atomic_get_new_crtc_state_after_commit’:
/var/lib/dkms/amdgpu/5.6.5.24-1109583/build/include/kcl/kcl_drm_atomic_helper.h:94:43: error: invalid type argument of ‘->’ (have ‘struct __drm_crtcs_state’)
   94 |  return state->crtcs[drm_crtc_index(crtc)]->state;
      |                                           ^~
In file included from /var/lib/dkms/amdgpu/5.6.5.24-1109583/build/amd/backport/backport.h:59,
                 from <command-line>:
/var/lib/dkms/amdgpu/5.6.5.24-1109583/build/include/kcl/kcl_drm_atomic.h: At top level:
/var/lib/dkms/amdgpu/5.6.5.24-1109583/build/include/kcl/kcl_drm_atomic.h:7:20: error: redefinition of ‘drm_atomic_state_put’
    7 | static inline void drm_atomic_state_put(struct drm_atomic_state *state)
      |                    ^~~~~~~~~~~~~~~~~~~~
In file included from /var/lib/dkms/amdgpu/5.6.5.24-1109583/build/include/kcl/kcl_drm.h:11,
                 from /var/lib/dkms/amdgpu/5.6.5.24-1109583/build/include/kcl/backport/kcl_drm_backport.h:16,
                 from /var/lib/dkms/amdgpu/5.6.5.24-1109583/build/amd/backport/backport.h:12,
                 from <command-line>:
./include/drm/drm_atomic.h:445:20: note: previous definition of ‘drm_atomic_state_put’ was here
  445 | static inline void drm_atomic_state_put(struct drm_atomic_state *state)
      |                    ^~~~~~~~~~~~~~~~~~~~
/var/lib/dkms/amdgpu/5.6.5.24-1109583/build/include/kcl/kcl_timekeeping.h:25:14: error: implicit declaration of function ‘timespec_to_ns’; did you mean ‘timespec64_to_ns’? [-Werror=implicit-function-declaration]
   25 |  return (u64)timespec_to_ns(&time);
      |              ^~~~~~~~~~~~~~
      |              timespec64_to_ns
/var/lib/dkms/amdgpu/5.6.5.24-1109583/build/include/kcl/kcl_timekeeping.h:22:18: warning: unused variable ‘time’ [-Wunused-variable]
   22 |  struct timespec time;
      |                  ^~~~
/var/lib/dkms/amdgpu/5.6.5.24-1109583/build/include/kcl/kcl_timekeeping.h: At top level:
/var/lib/dkms/amdgpu/5.6.5.24-1109583/build/include/kcl/kcl_timekeeping.h:31:19: error: redefinition of ‘ktime_get_raw_ns’
   31 | static inline u64 ktime_get_raw_ns(void)
      |                   ^~~~~~~~~~~~~~~~
In file included from ./include/linux/ktime.h:232,
                 from ./include/linux/timer.h:6,
                 from ./include/linux/workqueue.h:9,
                 from ./include/linux/rhashtable-types.h:15,
                 from ./include/linux/ipc.h:7,
                 from ./include/uapi/linux/sem.h:5,
                 from ./include/linux/sem.h:5,
                 from ./include/linux/sched.h:15,
                 from ./include/linux/dma-fence.h:21,
                 from /var/lib/dkms/amdgpu/5.6.5.24-1109583/build/include/kcl/kcl_fence.h:11,
                 from /var/lib/dkms/amdgpu/5.6.5.24-1109583/build/include/kcl/backport/kcl_fence_backport.h:4,
                 from /var/lib/dkms/amdgpu/5.6.5.24-1109583/build/amd/backport/backport.h:11,
                 from <command-line>:
./include/linux/timekeeping.h:171:19: note: previous definition of ‘ktime_get_raw_ns’ was here
  171 | static inline u64 ktime_get_raw_ns(void)
      |                   ^~~~~~~~~~~~~~~~
In file included from /var/lib/dkms/amdgpu/5.6.5.24-1109583/build/amd/backport/backport.h:41,
                 from <command-line>:
/var/lib/dkms/amdgpu/5.6.5.24-1109583/build/include/kcl/kcl_timekeeping.h: In function ‘ktime_get_raw_ns’:
/var/lib/dkms/amdgpu/5.6.5.24-1109583/build/include/kcl/kcl_timekeeping.h:33:18: error: storage size of ‘time’ isn’t known
   33 |  struct timespec time;
      |                  ^~~~
In file included from /var/lib/dkms/amdgpu/5.6.5.24-1109583/build/amd/backport/backport.h:59,
                 from <command-line>:
/var/lib/dkms/amdgpu/5.6.5.24-1109583/build/include/kcl/kcl_drm_atomic.h: In function ‘drm_atomic_state_put’:
/var/lib/dkms/amdgpu/5.6.5.24-1109583/build/include/kcl/kcl_drm_atomic.h:9:9: error: implicit declaration of function ‘drm_atomic_state_free’; did you mean ‘drm_atomic_state_get’? [-Werror=implicit-function-declaration]
    9 |  return drm_atomic_state_free(state);
      |         ^~~~~~~~~~~~~~~~~~~~~
      |         drm_atomic_state_get
/var/lib/dkms/amdgpu/5.6.5.24-1109583/build/include/kcl/kcl_drm_atomic.h:9:9: error: ‘return’ with a value, in function returning void [-Werror=return-type]
    9 |  return drm_atomic_state_free(state);
      |         ^~~~~~~~~~~~~~~~~~~~~~~~~~~~
/var/lib/dkms/amdgpu/5.6.5.24-1109583/build/include/kcl/kcl_drm_atomic.h:7:20: note: declared here
    7 | static inline void drm_atomic_state_put(struct drm_atomic_state *state)
      |                    ^~~~~~~~~~~~~~~~~~~~
In file included from /var/lib/dkms/amdgpu/5.6.5.24-1109583/build/amd/backport/backport.h:59,
                 from <command-line>:
/var/lib/dkms/amdgpu/5.6.5.24-1109583/build/include/kcl/kcl_drm_atomic.h: In function ‘drm_atomic_state_put’:
/var/lib/dkms/amdgpu/5.6.5.24-1109583/build/include/kcl/kcl_drm_atomic.h:9:9: error: implicit declaration of function ‘drm_atomic_state_free’; did you mean ‘drm_atomic_state_get’? [-Werror=implicit-function-declaration]
    9 |  return drm_atomic_state_free(state);
      |         ^~~~~~~~~~~~~~~~~~~~~
      |         drm_atomic_state_get
/var/lib/dkms/amdgpu/5.6.5.24-1109583/build/include/kcl/kcl_drm_atomic.h:9:9: error: ‘return’ with a value, in function returning void [-Werror=return-type]
    9 |  return drm_atomic_state_free(state);
      |         ^~~~~~~~~~~~~~~~~~~~~~~~~~~~
/var/lib/dkms/amdgpu/5.6.5.24-1109583/build/include/kcl/kcl_drm_atomic.h:7:20: note: declared here
    7 | static inline void drm_atomic_state_put(struct drm_atomic_state *state)
      |                    ^~~~~~~~~~~~~~~~~~~~
In file included from /var/lib/dkms/amdgpu/5.6.5.24-1109583/build/include/kcl/backport/kcl_drm_backport.h:16,
                 from /var/lib/dkms/amdgpu/5.6.5.24-1109583/build/amd/backport/backport.h:12,
                 from <command-line>:
/var/lib/dkms/amdgpu/5.6.5.24-1109583/build/include/kcl/kcl_drm.h: In function ‘drm_crtc_accurate_vblank_count’:
/var/lib/dkms/amdgpu/5.6.5.24-1109583/build/include/kcl/kcl_drm.h:357:9: error: implicit declaration of function ‘drm_accurate_vblank_count’; did you mean ‘drm_crtc_accurate_vblank_count’? [-Werror=implicit-function-declaration]
  357 |  return drm_accurate_vblank_count(crtc);
      |         ^~~~~~~~~~~~~~~~~~~~~~~~~
      |         drm_crtc_accurate_vblank_count
In file included from /var/lib/dkms/amdgpu/5.6.5.24-1109583/build/amd/backport/backport.h:12,
                 from <command-line>:
/var/lib/dkms/amdgpu/5.6.5.24-1109583/build/include/kcl/backport/kcl_drm_backport.h: In function ‘_kcl_drm_crtc_init_with_planes’:
/var/lib/dkms/amdgpu/5.6.5.24-1109583/build/include/kcl/backport/kcl_drm_backport.h:65:9: error: too few arguments to function ‘drm_crtc_init_with_planes’
   65 |  return drm_crtc_init_with_planes(dev, crtc, primary, cursor, funcs);
      |         ^~~~~~~~~~~~~~~~~~~~~~~~~
In file included from /var/lib/dkms/amdgpu/5.6.5.24-1109583/build/include/kcl/backport/kcl_drm_backport.h:5,
                 from /var/lib/dkms/amdgpu/5.6.5.24-1109583/build/amd/backport/backport.h:12,
                 from <command-line>:
./include/drm/drm_crtc.h:1218:5: note: declared here
 1218 | int drm_crtc_init_with_planes(struct drm_device *dev,
      |     ^~~~~~~~~~~~~~~~~~~~~~~~~
In file included from /var/lib/dkms/amdgpu/5.6.5.24-1109583/build/amd/backport/backport.h:12,
                 from <command-line>:
/var/lib/dkms/amdgpu/5.6.5.24-1109583/build/include/kcl/backport/kcl_drm_backport.h: In function ‘_kcl_drm_universal_plane_init’:
/var/lib/dkms/amdgpu/5.6.5.24-1109583/build/include/kcl/backport/kcl_drm_backport.h:84:28: error: incompatible type for argument 7 of ‘drm_universal_plane_init’
   84 |     formats, format_count, type);
      |                            ^~~~
      |                            |
      |                            enum drm_plane_type
In file included from ./include/drm/drm_crtc.h:45,
                 from /var/lib/dkms/amdgpu/5.6.5.24-1109583/build/include/kcl/backport/kcl_drm_backport.h:5,
                 from /var/lib/dkms/amdgpu/5.6.5.24-1109583/build/amd/backport/backport.h:12,
                 from <command-line>:
./include/drm/drm_plane.h:756:25: note: expected ‘const uint64_t *’ {aka ‘const long long unsigned int *’} but argument is of type ‘enum drm_plane_type’
  756 |         const uint64_t *format_modifiers,
      |         ~~~~~~~~~~~~~~~~^~~~~~~~~~~~~~~~
In file included from /var/lib/dkms/amdgpu/5.6.5.24-1109583/build/amd/backport/backport.h:12,
                 from <command-line>:
/var/lib/dkms/amdgpu/5.6.5.24-1109583/build/include/kcl/backport/kcl_drm_backport.h:83:9: error: too few arguments to function ‘drm_universal_plane_init’
   83 |  return drm_universal_plane_init(dev, plane, possible_crtcs, funcs,
      |         ^~~~~~~~~~~~~~~~~~~~~~~~
In file included from ./include/drm/drm_crtc.h:45,
                 from /var/lib/dkms/amdgpu/5.6.5.24-1109583/build/include/kcl/backport/kcl_drm_backport.h:5,
                 from /var/lib/dkms/amdgpu/5.6.5.24-1109583/build/amd/backport/backport.h:12,
                 from <command-line>:
./include/drm/drm_plane.h:750:5: note: declared here
  750 | int drm_universal_plane_init(struct drm_device *dev,
      |     ^~~~~~~~~~~~~~~~~~~~~~~~
In file included from /var/lib/dkms/amdgpu/5.6.5.24-1109583/build/amd/backport/backport.h:12,
                 from <command-line>:
/var/lib/dkms/amdgpu/5.6.5.24-1109583/build/include/kcl/backport/kcl_drm_backport.h: At top level:
/var/lib/dkms/amdgpu/5.6.5.24-1109583/build/include/kcl/backport/kcl_drm_backport.h:95:8: error: redefinition of ‘struct drm_format_name_buf’
   95 | struct drm_format_name_buf {
      |        ^~~~~~~~~~~~~~~~~~~
In file included from /var/lib/dkms/amdgpu/5.6.5.24-1109583/build/include/kcl/kcl_drm.h:15,
                 from /var/lib/dkms/amdgpu/5.6.5.24-1109583/build/include/kcl/backport/kcl_drm_backport.h:16,
                 from /var/lib/dkms/amdgpu/5.6.5.24-1109583/build/amd/backport/backport.h:12,
                 from <command-line>:
./include/drm/drm_fourcc.h:142:8: note: originally defined here
  142 | struct drm_format_name_buf {
      |        ^~~~~~~~~~~~~~~~~~~
In file included from /var/lib/dkms/amdgpu/5.6.5.24-1109583/build/amd/backport/backport.h:12,
                 from <command-line>:
/var/lib/dkms/amdgpu/5.6.5.24-1109583/build/include/kcl/backport/kcl_drm_backport.h: In function ‘_kcl_drm_gem_object_lookup’:
/var/lib/dkms/amdgpu/5.6.5.24-1109583/build/include/kcl/backport/kcl_drm_backport.h:161:35: error: dereferencing pointer to incomplete type ‘struct drm_file’
  161 |  return drm_gem_object_lookup(filp->minor->dev, filp, handle);
      |                                   ^~
/var/lib/dkms/amdgpu/5.6.5.24-1109583/build/include/kcl/backport/kcl_drm_backport.h:161:49: warning: passing argument 2 of ‘drm_gem_object_lookup’ makes integer from pointer without a cast [-Wint-conversion]
  161 |  return drm_gem_object_lookup(filp->minor->dev, filp, handle);
      |                                                 ^~~~
      |                                                 |
      |                                                 struct drm_file *
In file included from /var/lib/dkms/amdgpu/5.6.5.24-1109583/build/include/kcl/backport/kcl_drm_backport.h:11,
                 from /var/lib/dkms/amdgpu/5.6.5.24-1109583/build/amd/backport/backport.h:12,
                 from <command-line>:
./include/drm/drm_gem.h:405:24: note: expected ‘u32’ {aka ‘unsigned int’} but argument is of type ‘struct drm_file *’
  405 | struct drm_gem_object *drm_gem_object_lookup(struct drm_file *filp, u32 handle);
      |                        ^~~~~~~~~~~~~~~~~~~~~
In file included from /var/lib/dkms/amdgpu/5.6.5.24-1109583/build/amd/backport/backport.h:12,
                 from <command-line>:
/var/lib/dkms/amdgpu/5.6.5.24-1109583/build/include/kcl/backport/kcl_drm_backport.h:161:9: error: too many arguments to function ‘drm_gem_object_lookup’
  161 |  return drm_gem_object_lookup(filp->minor->dev, filp, handle);
      |         ^~~~~~~~~~~~~~~~~~~~~
In file included from /var/lib/dkms/amdgpu/5.6.5.24-1109583/build/include/kcl/backport/kcl_drm_backport.h:11,
                 from /var/lib/dkms/amdgpu/5.6.5.24-1109583/build/amd/backport/backport.h:12,
                 from <command-line>:
./include/drm/drm_gem.h:405:24: note: declared here
  405 | struct drm_gem_object *drm_gem_object_lookup(struct drm_file *filp, u32 handle);
      |                        ^~~~~~~~~~~~~~~~~~~~~
In file included from /var/lib/dkms/amdgpu/5.6.5.24-1109583/build/amd/backport/backport.h:14,
                 from <command-line>:
/var/lib/dkms/amdgpu/5.6.5.24-1109583/build/include/kcl/kcl_drm_print.h: At top level:
/var/lib/dkms/amdgpu/5.6.5.24-1109583/build/include/kcl/kcl_drm_print.h:9:21: error: redefinition of ‘drm_debug_enabled’
    9 | static  inline bool drm_debug_enabled(unsigned int category)
      |                     ^~~~~~~~~~~~~~~~~
In file included from ./include/drm/drm_mm.h:49,
                 from ./include/drm/drm_vma_manager.h:26,
                 from ./include/drm/drm_gem.h:40,
                 from /var/lib/dkms/amdgpu/5.6.5.24-1109583/build/include/kcl/backport/kcl_drm_backport.h:11,
                 from /var/lib/dkms/amdgpu/5.6.5.24-1109583/build/amd/backport/backport.h:12,
                 from <command-line>:
./include/drm/drm_print.h:322:20: note: previous definition of ‘drm_debug_enabled’ was here
  322 | static inline bool drm_debug_enabled(enum drm_debug_category category)
      |                    ^~~~~~~~~~~~~~~~~
In file included from ./include/linux/rcupdate.h:24,
                 from /var/lib/dkms/amdgpu/5.6.5.24-1109583/build/include/kcl/kcl_rcupdate.h:5,
                 from /var/lib/dkms/amdgpu/5.6.5.24-1109583/build/include/kcl/kcl_fence.h:6,
                 from /var/lib/dkms/amdgpu/5.6.5.24-1109583/build/include/kcl/backport/kcl_fence_backport.h:4,
                 from /var/lib/dkms/amdgpu/5.6.5.24-1109583/build/amd/backport/backport.h:11,
                 from <command-line>:
/var/lib/dkms/amdgpu/5.6.5.24-1109583/build/include/kcl/kcl_drm_print.h: In function ‘drm_debug_enabled’:
/var/lib/dkms/amdgpu/5.6.5.24-1109583/build/include/kcl/kcl_drm_print.h:11:18: error: ‘drm_debug’ undeclared (first use in this function); did you mean ‘pr_debug’?
   11 |  return unlikely(drm_debug & category);
      |                  ^~~~~~~~~
./include/linux/compiler.h:78:42: note: in definition of macro ‘unlikely’
   78 | # define unlikely(x) __builtin_expect(!!(x), 0)
      |                                          ^
/var/lib/dkms/amdgpu/5.6.5.24-1109583/build/include/kcl/kcl_drm_print.h:11:18: note: each undeclared identifier is reported only once for each function it appears in
   11 |  return unlikely(drm_debug & category);
      |                  ^~~~~~~~~
./include/linux/compiler.h:78:42: note: in definition of macro ‘unlikely’
   78 | # define unlikely(x) __builtin_expect(!!(x), 0)
      |                                          ^
In file included from /var/lib/dkms/amdgpu/5.6.5.24-1109583/build/amd/backport/backport.h:15,
                 from <command-line>:
/var/lib/dkms/amdgpu/5.6.5.24-1109583/build/include/kcl/kcl_fs.h: At top level:
/var/lib/dkms/amdgpu/5.6.5.24-1109583/build/include/kcl/kcl_fs.h:12:20: error: static declaration of ‘compat_ptr_ioctl’ follows non-static declaration
   12 | static inline long compat_ptr_ioctl(struct file *file, unsigned int cmd,
      |                    ^~~~~~~~~~~~~~~~
In file included from ./include/linux/huge_mm.h:8,
                 from ./include/linux/mm.h:703,
                 from ./include/linux/kallsyms.h:12,
                 from ./include/linux/ftrace.h:12,
                 from ./include/linux/kprobes.h:29,
                 from ./include/linux/kgdb.h:19,
                 from ./include/linux/fb.h:5,
                 from ./include/drm/drm_crtc.h:31,
                 from /var/lib/dkms/amdgpu/5.6.5.24-1109583/build/include/kcl/backport/kcl_drm_backport.h:5,
                 from /var/lib/dkms/amdgpu/5.6.5.24-1109583/build/amd/backport/backport.h:12,
                 from <command-line>:
./include/linux/fs.h:1753:13: note: previous declaration of ‘compat_ptr_ioctl’ was here
 1753 | extern long compat_ptr_ioctl(struct file *file, unsigned int cmd,
      |             ^~~~~~~~~~~~~~~~
In file included from /var/lib/dkms/amdgpu/5.6.5.24-1109583/build/include/kcl/kcl_mm.h:15,
                 from /var/lib/dkms/amdgpu/5.6.5.24-1109583/build/include/kcl/backport/kcl_mm_backport.h:4,
                 from /var/lib/dkms/amdgpu/5.6.5.24-1109583/build/amd/backport/backport.h:16,
                 from <command-line>:
/var/lib/dkms/amdgpu/5.6.5.24-1109583/build/include/kcl/kcl_mm_types.h:11:3: error: conflicting types for ‘pfn_t’
   11 | } pfn_t;
      |   ^~~~~
In file included from ./include/asm-generic/memory_model.h:5,
                 from ./arch/x86/include/asm/page.h:76,
                 from ./arch/x86/include/asm/thread_info.h:12,
                 from ./include/linux/thread_info.h:59,
                 from ./arch/x86/include/asm/preempt.h:7,
                 from ./include/linux/preempt.h:78,
                 from ./include/linux/rcupdate.h:27,
                 from /var/lib/dkms/amdgpu/5.6.5.24-1109583/build/include/kcl/kcl_rcupdate.h:5,
                 from /var/lib/dkms/amdgpu/5.6.5.24-1109583/build/include/kcl/kcl_fence.h:6,
                 from /var/lib/dkms/amdgpu/5.6.5.24-1109583/build/include/kcl/backport/kcl_fence_backport.h:4,
                 from /var/lib/dkms/amdgpu/5.6.5.24-1109583/build/amd/backport/backport.h:11,
                 from <command-line>:
./include/linux/pfn.h:15:3: note: previous declaration of ‘pfn_t’ was here
   15 | } pfn_t;
      |   ^~~~~
In file included from /var/lib/dkms/amdgpu/5.6.5.24-1109583/build/include/kcl/kcl_mm.h:15,
                 from /var/lib/dkms/amdgpu/5.6.5.24-1109583/build/include/kcl/backport/kcl_mm_backport.h:4,
                 from /var/lib/dkms/amdgpu/5.6.5.24-1109583/build/amd/backport/backport.h:16,
                 from <command-line>:
/var/lib/dkms/amdgpu/5.6.5.24-1109583/build/include/kcl/kcl_mm_types.h:34:13: error: conflicting types for ‘vm_fault_t’
   34 | typedef int vm_fault_t;
      |             ^~~~~~~~~~
In file included from ./include/linux/mmzone.h:21,
                 from ./include/linux/gfp.h:6,
                 from ./include/linux/xarray.h:14,
                 from ./include/linux/radix-tree.h:19,
                 from ./include/linux/idr.h:15,
                 from ./include/linux/kernfs.h:13,
                 from ./include/linux/sysfs.h:16,
                 from ./include/linux/kobject.h:20,
                 from ./include/linux/of.h:17,
                 from ./include/linux/irqdomain.h:35,
                 from ./include/linux/acpi.h:13,
                 from ./include/linux/i2c.h:13,
                 from ./include/drm/drm_crtc.h:28,
                 from /var/lib/dkms/amdgpu/5.6.5.24-1109583/build/include/kcl/backport/kcl_drm_backport.h:5,
                 from /var/lib/dkms/amdgpu/5.6.5.24-1109583/build/amd/backport/backport.h:12,
                 from <command-line>:
./include/linux/mm_types.h:690:32: note: previous declaration of ‘vm_fault_t’ was here
  690 | typedef __bitwise unsigned int vm_fault_t;
      |                                ^~~~~~~~~~
In file included from /var/lib/dkms/amdgpu/5.6.5.24-1109583/build/include/kcl/backport/kcl_mm_backport.h:4,
                 from /var/lib/dkms/amdgpu/5.6.5.24-1109583/build/amd/backport/backport.h:16,
                 from <command-line>:
/var/lib/dkms/amdgpu/5.6.5.24-1109583/build/include/kcl/kcl_mm.h:22:21: error: redefinition of ‘kvmalloc’
   22 | static inline void *kvmalloc(size_t size, gfp_t flags)
      |                     ^~~~~~~~
In file included from ./include/linux/kallsyms.h:12,
                 from ./include/linux/ftrace.h:12,
                 from ./include/linux/kprobes.h:29,
                 from ./include/linux/kgdb.h:19,
                 from ./include/linux/fb.h:5,
                 from ./include/drm/drm_crtc.h:31,
                 from /var/lib/dkms/amdgpu/5.6.5.24-1109583/build/include/kcl/backport/kcl_drm_backport.h:5,
                 from /var/lib/dkms/amdgpu/5.6.5.24-1109583/build/amd/backport/backport.h:12,
                 from <command-line>:
./include/linux/mm.h:779:21: note: previous definition of ‘kvmalloc’ was here
  779 | static inline void *kvmalloc(size_t size, gfp_t flags)
      |                     ^~~~~~~~
In file included from /var/lib/dkms/amdgpu/5.6.5.24-1109583/build/include/kcl/backport/kcl_mm_backport.h:4,
                 from /var/lib/dkms/amdgpu/5.6.5.24-1109583/build/amd/backport/backport.h:16,
                 from <command-line>:
/var/lib/dkms/amdgpu/5.6.5.24-1109583/build/include/kcl/kcl_mm.h: In function ‘kvmalloc’:
/var/lib/dkms/amdgpu/5.6.5.24-1109583/build/include/kcl/kcl_mm.h:27:9: error: too many arguments to function ‘__vmalloc’
   27 |   out = __vmalloc(size, flags, PAGE_KERNEL);
      |         ^~~~~~~~~
In file included from ./include/asm-generic/io.h:911,
                 from ./arch/x86/include/asm/io.h:375,
                 from ./include/linux/io.h:13,
                 from ./include/acpi/acpi_io.h:5,
                 from ./include/linux/acpi.h:35,
                 from ./include/linux/i2c.h:13,
                 from ./include/drm/drm_crtc.h:28,
                 from /var/lib/dkms/amdgpu/5.6.5.24-1109583/build/include/kcl/backport/kcl_drm_backport.h:5,
                 from /var/lib/dkms/amdgpu/5.6.5.24-1109583/build/amd/backport/backport.h:12,
                 from <command-line>:
./include/linux/vmalloc.h:105:14: note: declared here
  105 | extern void *__vmalloc(unsigned long size, gfp_t gfp_mask);
      |              ^~~~~~~~~
In file included from /var/lib/dkms/amdgpu/5.6.5.24-1109583/build/include/kcl/backport/kcl_mm_backport.h:4,
                 from /var/lib/dkms/amdgpu/5.6.5.24-1109583/build/amd/backport/backport.h:16,
                 from <command-line>:
/var/lib/dkms/amdgpu/5.6.5.24-1109583/build/include/kcl/kcl_mm.h: At top level:
/var/lib/dkms/amdgpu/5.6.5.24-1109583/build/include/kcl/kcl_mm.h:32:21: error: redefinition of ‘kvzalloc’
   32 | static inline void *kvzalloc(size_t size, gfp_t flags)
      |                     ^~~~~~~~
In file included from ./include/linux/kallsyms.h:12,
                 from ./include/linux/ftrace.h:12,
                 from ./include/linux/kprobes.h:29,
                 from ./include/linux/kgdb.h:19,
                 from ./include/linux/fb.h:5,
                 from ./include/drm/drm_crtc.h:31,
                 from /var/lib/dkms/amdgpu/5.6.5.24-1109583/build/include/kcl/backport/kcl_drm_backport.h:5,
                 from /var/lib/dkms/amdgpu/5.6.5.24-1109583/build/amd/backport/backport.h:12,
                 from <command-line>:
./include/linux/mm.h:787:21: note: previous definition of ‘kvzalloc’ was here
  787 | static inline void *kvzalloc(size_t size, gfp_t flags)
      |                     ^~~~~~~~
In file included from /var/lib/dkms/amdgpu/5.6.5.24-1109583/build/include/kcl/backport/kcl_mm_backport.h:4,
                 from /var/lib/dkms/amdgpu/5.6.5.24-1109583/build/amd/backport/backport.h:16,
                 from <command-line>:
/var/lib/dkms/amdgpu/5.6.5.24-1109583/build/include/kcl/kcl_mm.h:45:20: error: static declaration of ‘kvfree’ follows non-static declaration
   45 | static inline void kvfree(const void *addr)
      |                    ^~~~~~
In file included from ./include/linux/kallsyms.h:12,
                 from ./include/linux/ftrace.h:12,
                 from ./include/linux/kprobes.h:29,
                 from ./include/linux/kgdb.h:19,
                 from ./include/linux/fb.h:5,
                 from ./include/drm/drm_crtc.h:31,
                 from /var/lib/dkms/amdgpu/5.6.5.24-1109583/build/include/kcl/backport/kcl_drm_backport.h:5,
                 from /var/lib/dkms/amdgpu/5.6.5.24-1109583/build/amd/backport/backport.h:12,
                 from <command-line>:
./include/linux/mm.h:807:13: note: previous declaration of ‘kvfree’ was here
  807 | extern void kvfree(const void *addr);
      |             ^~~~~~
In file included from /var/lib/dkms/amdgpu/5.6.5.24-1109583/build/include/kcl/backport/kcl_mm_backport.h:4,
                 from /var/lib/dkms/amdgpu/5.6.5.24-1109583/build/amd/backport/backport.h:16,
                 from <command-line>:
/var/lib/dkms/amdgpu/5.6.5.24-1109583/build/include/kcl/kcl_mm.h:65:21: error: redefinition of ‘kvmalloc_array’
   65 | static inline void *kvmalloc_array(size_t n, size_t size, gfp_t flags)
      |                     ^~~~~~~~~~~~~~
In file included from ./include/linux/kallsyms.h:12,
                 from ./include/linux/ftrace.h:12,
                 from ./include/linux/kprobes.h:29,
                 from ./include/linux/kgdb.h:19,
                 from ./include/linux/fb.h:5,
                 from ./include/drm/drm_crtc.h:31,
                 from /var/lib/dkms/amdgpu/5.6.5.24-1109583/build/include/kcl/backport/kcl_drm_backport.h:5,
                 from /var/lib/dkms/amdgpu/5.6.5.24-1109583/build/amd/backport/backport.h:12,
                 from <command-line>:
./include/linux/mm.h:792:21: note: previous definition of ‘kvmalloc_array’ was here
  792 | static inline void *kvmalloc_array(size_t n, size_t size, gfp_t flags)
      |                     ^~~~~~~~~~~~~~
In file included from /var/lib/dkms/amdgpu/5.6.5.24-1109583/build/include/kcl/backport/kcl_mm_backport.h:4,
                 from /var/lib/dkms/amdgpu/5.6.5.24-1109583/build/amd/backport/backport.h:16,
                 from <command-line>:
/var/lib/dkms/amdgpu/5.6.5.24-1109583/build/include/kcl/kcl_mm.h:78:21: error: redefinition of ‘kvcalloc’
   78 | static inline void *kvcalloc(size_t n, size_t size, gfp_t flags)
      |                     ^~~~~~~~
In file included from ./include/linux/kallsyms.h:12,
                 from ./include/linux/ftrace.h:12,
                 from ./include/linux/kprobes.h:29,
                 from ./include/linux/kgdb.h:19,
                 from ./include/linux/fb.h:5,
                 from ./include/drm/drm_crtc.h:31,
                 from /var/lib/dkms/amdgpu/5.6.5.24-1109583/build/include/kcl/backport/kcl_drm_backport.h:5,
                 from /var/lib/dkms/amdgpu/5.6.5.24-1109583/build/amd/backport/backport.h:12,
                 from <command-line>:
./include/linux/mm.h:802:21: note: previous definition of ‘kvcalloc’ was here
  802 | static inline void *kvcalloc(size_t n, size_t size, gfp_t flags)
      |                     ^~~~~~~~
In file included from /var/lib/dkms/amdgpu/5.6.5.24-1109583/build/include/kcl/backport/kcl_mm_backport.h:4,
                 from /var/lib/dkms/amdgpu/5.6.5.24-1109583/build/amd/backport/backport.h:16,
                 from <command-line>:
/var/lib/dkms/amdgpu/5.6.5.24-1109583/build/include/kcl/kcl_mm.h:85:20: error: redefinition of ‘mmgrab’
   85 | static inline void mmgrab(struct mm_struct *mm)
      |                    ^~~~~~
In file included from /var/lib/dkms/amdgpu/5.6.5.24-1109583/build/include/kcl/header/kcl_sched_mm_h.h:6,
                 from /var/lib/dkms/amdgpu/5.6.5.24-1109583/build/include/kcl/kcl_mm.h:5,
                 from /var/lib/dkms/amdgpu/5.6.5.24-1109583/build/include/kcl/backport/kcl_mm_backport.h:4,
                 from /var/lib/dkms/amdgpu/5.6.5.24-1109583/build/amd/backport/backport.h:16,
                 from <command-line>:
./include/linux/sched/mm.h:34:20: note: previous definition of ‘mmgrab’ was here
   34 | static inline void mmgrab(struct mm_struct *mm)
      |                    ^~~~~~
In file included from /var/lib/dkms/amdgpu/5.6.5.24-1109583/build/include/kcl/backport/kcl_mm_backport.h:4,
                 from /var/lib/dkms/amdgpu/5.6.5.24-1109583/build/amd/backport/backport.h:16,
                 from <command-line>:
/var/lib/dkms/amdgpu/5.6.5.24-1109583/build/include/kcl/kcl_mm.h:96:28: error: redefinition of ‘memalloc_nofs_save’
   96 | static inline unsigned int memalloc_nofs_save(void)
      |                            ^~~~~~~~~~~~~~~~~~
In file included from /var/lib/dkms/amdgpu/5.6.5.24-1109583/build/include/kcl/header/kcl_sched_mm_h.h:6,
                 from /var/lib/dkms/amdgpu/5.6.5.24-1109583/build/include/kcl/kcl_mm.h:5,
                 from /var/lib/dkms/amdgpu/5.6.5.24-1109583/build/include/kcl/backport/kcl_mm_backport.h:4,
                 from /var/lib/dkms/amdgpu/5.6.5.24-1109583/build/amd/backport/backport.h:16,
                 from <command-line>:
./include/linux/sched/mm.h:242:28: note: previous definition of ‘memalloc_nofs_save’ was here
  242 | static inline unsigned int memalloc_nofs_save(void)
      |                            ^~~~~~~~~~~~~~~~~~
In file included from /var/lib/dkms/amdgpu/5.6.5.24-1109583/build/include/kcl/backport/kcl_mm_backport.h:4,
                 from /var/lib/dkms/amdgpu/5.6.5.24-1109583/build/amd/backport/backport.h:16,
                 from <command-line>:
/var/lib/dkms/amdgpu/5.6.5.24-1109583/build/include/kcl/kcl_mm.h:101:20: error: redefinition of ‘memalloc_nofs_restore’
  101 | static inline void memalloc_nofs_restore(unsigned int flags)
      |                    ^~~~~~~~~~~~~~~~~~~~~
In file included from /var/lib/dkms/amdgpu/5.6.5.24-1109583/build/include/kcl/header/kcl_sched_mm_h.h:6,
                 from /var/lib/dkms/amdgpu/5.6.5.24-1109583/build/include/kcl/kcl_mm.h:5,
                 from /var/lib/dkms/amdgpu/5.6.5.24-1109583/build/include/kcl/backport/kcl_mm_backport.h:4,
                 from /var/lib/dkms/amdgpu/5.6.5.24-1109583/build/amd/backport/backport.h:16,
                 from <command-line>:
./include/linux/sched/mm.h:257:20: note: previous definition of ‘memalloc_nofs_restore’ was here
  257 | static inline void memalloc_nofs_restore(unsigned int flags)
      |                    ^~~~~~~~~~~~~~~~~~~~~
In file included from /var/lib/dkms/amdgpu/5.6.5.24-1109583/build/include/kcl/backport/kcl_mm_backport.h:4,
                 from /var/lib/dkms/amdgpu/5.6.5.24-1109583/build/amd/backport/backport.h:16,
                 from <command-line>:
/var/lib/dkms/amdgpu/5.6.5.24-1109583/build/include/kcl/kcl_mm.h: In function ‘kcl_get_user_pages’:
/var/lib/dkms/amdgpu/5.6.5.24-1109583/build/include/kcl/kcl_mm.h:136:24: warning: passing argument 1 of ‘get_user_pages’ makes integer from pointer without a cast [-Wint-conversion]
  136 |  return get_user_pages(tsk, mm, start, nr_pages,
      |                        ^~~
      |                        |
      |                        struct task_struct *
In file included from ./include/linux/kallsyms.h:12,
                 from ./include/linux/ftrace.h:12,
                 from ./include/linux/kprobes.h:29,
                 from ./include/linux/kgdb.h:19,
                 from ./include/linux/fb.h:5,
                 from ./include/drm/drm_crtc.h:31,
                 from /var/lib/dkms/amdgpu/5.6.5.24-1109583/build/include/kcl/backport/kcl_drm_backport.h:5,
                 from /var/lib/dkms/amdgpu/5.6.5.24-1109583/build/amd/backport/backport.h:12,
                 from <command-line>:
./include/linux/mm.h:1769:35: note: expected ‘long unsigned int’ but argument is of type ‘struct task_struct *’
 1769 | long get_user_pages(unsigned long start, unsigned long nr_pages,
      |                     ~~~~~~~~~~~~~~^~~~~
In file included from /var/lib/dkms/amdgpu/5.6.5.24-1109583/build/include/kcl/backport/kcl_mm_backport.h:4,
                 from /var/lib/dkms/amdgpu/5.6.5.24-1109583/build/amd/backport/backport.h:16,
                 from <command-line>:
/var/lib/dkms/amdgpu/5.6.5.24-1109583/build/include/kcl/kcl_mm.h:136:29: warning: passing argument 2 of ‘get_user_pages’ makes integer from pointer without a cast [-Wint-conversion]
  136 |  return get_user_pages(tsk, mm, start, nr_pages,
      |                             ^~
      |                             |
      |                             struct mm_struct *
In file included from ./include/linux/kallsyms.h:12,
                 from ./include/linux/ftrace.h:12,
                 from ./include/linux/kprobes.h:29,
                 from ./include/linux/kgdb.h:19,
                 from ./include/linux/fb.h:5,
                 from ./include/drm/drm_crtc.h:31,
                 from /var/lib/dkms/amdgpu/5.6.5.24-1109583/build/include/kcl/backport/kcl_drm_backport.h:5,
                 from /var/lib/dkms/amdgpu/5.6.5.24-1109583/build/amd/backport/backport.h:12,
                 from <command-line>:
./include/linux/mm.h:1769:56: note: expected ‘long unsigned int’ but argument is of type ‘struct mm_struct *’
 1769 | long get_user_pages(unsigned long start, unsigned long nr_pages,
      |                                          ~~~~~~~~~~~~~~^~~~~~~~
In file included from /var/lib/dkms/amdgpu/5.6.5.24-1109583/build/include/kcl/backport/kcl_mm_backport.h:4,
                 from /var/lib/dkms/amdgpu/5.6.5.24-1109583/build/amd/backport/backport.h:16,
                 from <command-line>:
/var/lib/dkms/amdgpu/5.6.5.24-1109583/build/include/kcl/kcl_mm.h:136:40: warning: passing argument 4 of ‘get_user_pages’ makes pointer from integer without a cast [-Wint-conversion]
  136 |  return get_user_pages(tsk, mm, start, nr_pages,
      |                                        ^~~~~~~~
      |                                        |
      |                                        long unsigned int
In file included from ./include/linux/kallsyms.h:12,
                 from ./include/linux/ftrace.h:12,
                 from ./include/linux/kprobes.h:29,
                 from ./include/linux/kgdb.h:19,
                 from ./include/linux/fb.h:5,
                 from ./include/drm/drm_crtc.h:31,
                 from /var/lib/dkms/amdgpu/5.6.5.24-1109583/build/include/kcl/backport/kcl_drm_backport.h:5,
                 from /var/lib/dkms/amdgpu/5.6.5.24-1109583/build/amd/backport/backport.h:12,
                 from <command-line>:
./include/linux/mm.h:1770:46: note: expected ‘struct page **’ but argument is of type ‘long unsigned int’
 1770 |        unsigned int gup_flags, struct page **pages,
      |                                ~~~~~~~~~~~~~~^~~~~
In file included from /var/lib/dkms/amdgpu/5.6.5.24-1109583/build/include/kcl/backport/kcl_mm_backport.h:4,
                 from /var/lib/dkms/amdgpu/5.6.5.24-1109583/build/amd/backport/backport.h:16,
                 from <command-line>:
/var/lib/dkms/amdgpu/5.6.5.24-1109583/build/include/kcl/kcl_mm.h:137:4: warning: passing argument 5 of ‘get_user_pages’ makes pointer from integer without a cast [-Wint-conversion]
  137 |    write, force, pages, vmas);
      |    ^~~~~
      |    |
      |    int
In file included from ./include/linux/kallsyms.h:12,
                 from ./include/linux/ftrace.h:12,
                 from ./include/linux/kprobes.h:29,
                 from ./include/linux/kgdb.h:19,
                 from ./include/linux/fb.h:5,
                 from ./include/drm/drm_crtc.h:31,
                 from /var/lib/dkms/amdgpu/5.6.5.24-1109583/build/include/kcl/backport/kcl_drm_backport.h:5,
                 from /var/lib/dkms/amdgpu/5.6.5.24-1109583/build/amd/backport/backport.h:12,
                 from <command-line>:
./include/linux/mm.h:1771:32: note: expected ‘struct vm_area_struct **’ but argument is of type ‘int’
 1771 |        struct vm_area_struct **vmas);
      |        ~~~~~~~~~~~~~~~~~~~~~~~~^~~~
In file included from /var/lib/dkms/amdgpu/5.6.5.24-1109583/build/include/kcl/backport/kcl_mm_backport.h:4,
                 from /var/lib/dkms/amdgpu/5.6.5.24-1109583/build/amd/backport/backport.h:16,
                 from <command-line>:
/var/lib/dkms/amdgpu/5.6.5.24-1109583/build/include/kcl/kcl_mm.h:136:9: error: too many arguments to function ‘get_user_pages’
  136 |  return get_user_pages(tsk, mm, start, nr_pages,
      |         ^~~~~~~~~~~~~~
In file included from ./include/linux/kallsyms.h:12,
                 from ./include/linux/ftrace.h:12,
                 from ./include/linux/kprobes.h:29,
                 from ./include/linux/kgdb.h:19,
                 from ./include/linux/fb.h:5,
                 from ./include/drm/drm_crtc.h:31,
                 from /var/lib/dkms/amdgpu/5.6.5.24-1109583/build/include/kcl/backport/kcl_drm_backport.h:5,
                 from /var/lib/dkms/amdgpu/5.6.5.24-1109583/build/amd/backport/backport.h:12,
                 from <command-line>:
./include/linux/mm.h:1769:6: note: declared here
 1769 | long get_user_pages(unsigned long start, unsigned long nr_pages,
      |      ^~~~~~~~~~~~~~
In file included from /var/lib/dkms/amdgpu/5.6.5.24-1109583/build/include/kcl/backport/kcl_mm_backport.h:4,
                 from /var/lib/dkms/amdgpu/5.6.5.24-1109583/build/amd/backport/backport.h:16,
                 from <command-line>:
/var/lib/dkms/amdgpu/5.6.5.24-1109583/build/include/kcl/kcl_mm.h: At top level:
/var/lib/dkms/amdgpu/5.6.5.24-1109583/build/include/kcl/kcl_mm.h:142:29: error: redefinition of ‘zone_managed_pages’
  142 | static inline unsigned long zone_managed_pages(struct zone *zone)
      |                             ^~~~~~~~~~~~~~~~~~
In file included from ./include/linux/gfp.h:6,
                 from ./include/linux/xarray.h:14,
                 from ./include/linux/radix-tree.h:19,
                 from ./include/linux/idr.h:15,
                 from ./include/linux/kernfs.h:13,
                 from ./include/linux/sysfs.h:16,
                 from ./include/linux/kobject.h:20,
                 from ./include/linux/of.h:17,
                 from ./include/linux/irqdomain.h:35,
                 from ./include/linux/acpi.h:13,
                 from ./include/linux/i2c.h:13,
                 from ./include/drm/drm_crtc.h:28,
                 from /var/lib/dkms/amdgpu/5.6.5.24-1109583/build/include/kcl/backport/kcl_drm_backport.h:5,
                 from /var/lib/dkms/amdgpu/5.6.5.24-1109583/build/amd/backport/backport.h:12,
                 from <command-line>:
./include/linux/mmzone.h:602:29: note: previous definition of ‘zone_managed_pages’ was here
  602 | static inline unsigned long zone_managed_pages(struct zone *zone)
      |                             ^~~~~~~~~~~~~~~~~~
In file included from /var/lib/dkms/amdgpu/5.6.5.24-1109583/build/include/kcl/backport/kcl_mm_backport.h:4,
                 from /var/lib/dkms/amdgpu/5.6.5.24-1109583/build/amd/backport/backport.h:16,
                 from <command-line>:
/var/lib/dkms/amdgpu/5.6.5.24-1109583/build/include/kcl/kcl_mm.h:155:26: error: conflicting types for ‘vmf_insert_mixed’
  155 | static inline vm_fault_t vmf_insert_mixed(struct vm_area_struct *vma,
      |                          ^~~~~~~~~~~~~~~~
In file included from ./include/linux/kallsyms.h:12,
                 from ./include/linux/ftrace.h:12,
                 from ./include/linux/kprobes.h:29,
                 from ./include/linux/kgdb.h:19,
                 from ./include/linux/fb.h:5,
                 from ./include/drm/drm_crtc.h:31,
                 from /var/lib/dkms/amdgpu/5.6.5.24-1109583/build/include/kcl/backport/kcl_drm_backport.h:5,
                 from /var/lib/dkms/amdgpu/5.6.5.24-1109583/build/amd/backport/backport.h:12,
                 from <command-line>:
./include/linux/mm.h:2780:12: note: previous declaration of ‘vmf_insert_mixed’ was here
 2780 | vm_fault_t vmf_insert_mixed(struct vm_area_struct *vma, unsigned long addr,
      |            ^~~~~~~~~~~~~~~~
In file included from /var/lib/dkms/amdgpu/5.6.5.24-1109583/build/include/kcl/backport/kcl_mm_backport.h:4,
                 from /var/lib/dkms/amdgpu/5.6.5.24-1109583/build/amd/backport/backport.h:16,
                 from <command-line>:
/var/lib/dkms/amdgpu/5.6.5.24-1109583/build/include/kcl/kcl_mm.h: In function ‘vmf_insert_mixed’:
/var/lib/dkms/amdgpu/5.6.5.24-1109583/build/include/kcl/kcl_mm.h:161:8: error: implicit declaration of function ‘vm_insert_mixed’; did you mean ‘vmf_insert_mixed’? [-Werror=implicit-function-declaration]
  161 |  err = vm_insert_mixed(vma, addr, pfn_t_to_pfn(pfn));
      |        ^~~~~~~~~~~~~~~
      |        vmf_insert_mixed
/var/lib/dkms/amdgpu/5.6.5.24-1109583/build/include/kcl/kcl_mm.h: At top level:
/var/lib/dkms/amdgpu/5.6.5.24-1109583/build/include/kcl/kcl_mm.h:173:26: error: conflicting types for ‘vmf_insert_pfn’
  173 | static inline vm_fault_t vmf_insert_pfn(struct vm_area_struct *vma,
      |                          ^~~~~~~~~~~~~~
In file included from ./include/linux/kallsyms.h:12,
                 from ./include/linux/ftrace.h:12,
                 from ./include/linux/kprobes.h:29,
                 from ./include/linux/kgdb.h:19,
                 from ./include/linux/fb.h:5,
                 from ./include/drm/drm_crtc.h:31,
                 from /var/lib/dkms/amdgpu/5.6.5.24-1109583/build/include/kcl/backport/kcl_drm_backport.h:5,
                 from /var/lib/dkms/amdgpu/5.6.5.24-1109583/build/amd/backport/backport.h:12,
                 from <command-line>:
./include/linux/mm.h:2776:12: note: previous declaration of ‘vmf_insert_pfn’ was here
 2776 | vm_fault_t vmf_insert_pfn(struct vm_area_struct *vma, unsigned long addr,
      |            ^~~~~~~~~~~~~~
/var/lib/dkms/amdgpu/5.6.5.24-1109583/build/include/kcl/kcl_timekeeping.h:35:2: error: implicit declaration of function ‘getrawmonotonic’ [-Werror=implicit-function-declaration]
   35 |  getrawmonotonic(&time);
      |  ^~~~~~~~~~~~~~~
/var/lib/dkms/amdgpu/5.6.5.24-1109583/build/include/kcl/kcl_timekeeping.h:33:18: warning: unused variable ‘time’ [-Wunused-variable]
   33 |  struct timespec time;
      |                  ^~~~
/var/lib/dkms/amdgpu/5.6.5.24-1109583/build/include/kcl/kcl_timekeeping.h: At top level:
/var/lib/dkms/amdgpu/5.6.5.24-1109583/build/include/kcl/kcl_timekeeping.h:41:24: error: static declaration of ‘ktime_get_real_seconds’ follows non-static declaration
   41 | static inline time64_t ktime_get_real_seconds(void)
      |                        ^~~~~~~~~~~~~~~~~~~~~~
In file included from ./include/linux/ktime.h:232,
                 from ./include/linux/timer.h:6,
                 from ./include/linux/workqueue.h:9,
                 from ./include/linux/rhashtable-types.h:15,
                 from ./include/linux/ipc.h:7,
                 from ./include/uapi/linux/sem.h:5,
                 from ./include/linux/sem.h:5,
                 from ./include/linux/sched.h:15,
                 from ./include/linux/dma-fence.h:21,
                 from /var/lib/dkms/amdgpu/5.6.5.24-1109583/build/include/kcl/kcl_fence.h:11,
                 from /var/lib/dkms/amdgpu/5.6.5.24-1109583/build/include/kcl/backport/kcl_fence_backport.h:4,
                 from /var/lib/dkms/amdgpu/5.6.5.24-1109583/build/amd/backport/backport.h:11,
                 from <command-line>:
./include/linux/timekeeping.h:53:17: note: previous declaration of ‘ktime_get_real_seconds’ was here
   53 | extern time64_t ktime_get_real_seconds(void);
      |                 ^~~~~~~~~~~~~~~~~~~~~~
In file included from /var/lib/dkms/amdgpu/5.6.5.24-1109583/build/amd/backport/backport.h:41,
                 from <command-line>:
/var/lib/dkms/amdgpu/5.6.5.24-1109583/build/include/kcl/kcl_timekeeping.h: In function ‘ktime_get_real_seconds’:
/var/lib/dkms/amdgpu/5.6.5.24-1109583/build/include/kcl/kcl_timekeeping.h:43:17: error: storage size of ‘ts’ isn’t known
   43 |  struct timeval ts;
      |                 ^~
In file included from /var/lib/dkms/amdgpu/5.6.5.24-1109583/build/include/kcl/backport/kcl_mm_backport.h:4,
                 from /var/lib/dkms/amdgpu/5.6.5.24-1109583/build/amd/backport/backport.h:16,
                 from <command-line>:
/var/lib/dkms/amdgpu/5.6.5.24-1109583/build/include/kcl/kcl_mm.h: In function ‘vmf_insert_pfn’:
/var/lib/dkms/amdgpu/5.6.5.24-1109583/build/include/kcl/kcl_mm.h:176:13: error: implicit declaration of function ‘vm_insert_pfn’; did you mean ‘vmf_insert_pfn’? [-Werror=implicit-function-declaration]
  176 |   int err = vm_insert_pfn(vma, addr, pfn);
      |             ^~~~~~~~~~~~~
      |             vmf_insert_pfn
/var/lib/dkms/amdgpu/5.6.5.24-1109583/build/include/kcl/kcl_mm.h: At top level:
/var/lib/dkms/amdgpu/5.6.5.24-1109583/build/include/kcl/kcl_mm.h:192:12: error: conflicting types for ‘vmf_insert_mixed_prot’
  192 | vm_fault_t vmf_insert_mixed_prot(struct vm_area_struct *vma, unsigned long addr,
      |            ^~~~~~~~~~~~~~~~~~~~~
In file included from ./include/linux/kallsyms.h:12,
                 from ./include/linux/ftrace.h:12,
                 from ./include/linux/kprobes.h:29,
                 from ./include/linux/kgdb.h:19,
                 from ./include/linux/fb.h:5,
                 from ./include/drm/drm_crtc.h:31,
                 from /var/lib/dkms/amdgpu/5.6.5.24-1109583/build/include/kcl/backport/kcl_drm_backport.h:5,
                 from /var/lib/dkms/amdgpu/5.6.5.24-1109583/build/amd/backport/backport.h:12,
                 from <command-line>:
./include/linux/mm.h:2782:12: note: previous declaration of ‘vmf_insert_mixed_prot’ was here
 2782 | vm_fault_t vmf_insert_mixed_prot(struct vm_area_struct *vma, unsigned long addr,
      |            ^~~~~~~~~~~~~~~~~~~~~
In file included from /var/lib/dkms/amdgpu/5.6.5.24-1109583/build/include/kcl/backport/kcl_mm_backport.h:4,
                 from /var/lib/dkms/amdgpu/5.6.5.24-1109583/build/amd/backport/backport.h:16,
                 from <command-line>:
/var/lib/dkms/amdgpu/5.6.5.24-1109583/build/include/kcl/kcl_mm.h:203:12: error: conflicting types for ‘vmf_insert_pfn_prot’
  203 | vm_fault_t vmf_insert_pfn_prot(struct vm_area_struct *vma, unsigned long addr,
      |            ^~~~~~~~~~~~~~~~~~~
In file included from ./include/linux/kallsyms.h:12,
                 from ./include/linux/ftrace.h:12,
                 from ./include/linux/kprobes.h:29,
                 from ./include/linux/kgdb.h:19,
                 from ./include/linux/fb.h:5,
                 from ./include/drm/drm_crtc.h:31,
                 from /var/lib/dkms/amdgpu/5.6.5.24-1109583/build/include/kcl/backport/kcl_drm_backport.h:5,
                 from /var/lib/dkms/amdgpu/5.6.5.24-1109583/build/amd/backport/backport.h:12,
                 from <command-line>:
./include/linux/mm.h:2778:12: note: previous declaration of ‘vmf_insert_pfn_prot’ was here
 2778 | vm_fault_t vmf_insert_pfn_prot(struct vm_area_struct *vma, unsigned long addr,
      |            ^~~~~~~~~~~~~~~~~~~
In file included from /var/lib/dkms/amdgpu/5.6.5.24-1109583/build/amd/backport/backport.h:17,
                 from <command-line>:
/var/lib/dkms/amdgpu/5.6.5.24-1109583/build/include/kcl/kcl_kref.h:8:28: error: redefinition of ‘kref_read’
    8 | static inline unsigned int kref_read(const struct kref *kref)
      |                            ^~~~~~~~~
In file included from ./include/linux/dma-fence.h:20,
                 from /var/lib/dkms/amdgpu/5.6.5.24-1109583/build/include/kcl/kcl_fence.h:11,
                 from /var/lib/dkms/amdgpu/5.6.5.24-1109583/build/include/kcl/backport/kcl_fence_backport.h:4,
                 from /var/lib/dkms/amdgpu/5.6.5.24-1109583/build/amd/backport/backport.h:11,
                 from <command-line>:
./include/linux/kref.h:34:28: note: previous definition of ‘kref_read’ was here
   34 | static inline unsigned int kref_read(const struct kref *kref)
      |                            ^~~~~~~~~
In file included from /var/lib/dkms/amdgpu/5.6.5.24-1109583/build/amd/backport/backport.h:17,
                 from <command-line>:
/var/lib/dkms/amdgpu/5.6.5.24-1109583/build/include/kcl/kcl_kref.h: In function ‘kref_read’:
/var/lib/dkms/amdgpu/5.6.5.24-1109583/build/include/kcl/kcl_kref.h:10:21: error: passing argument 1 of ‘atomic_read’ from incompatible pointer type [-Werror=incompatible-pointer-types]
   10 |  return atomic_read(&kref->refcount);
      |                     ^~~~~~~~~~~~~~~
      |                     |
      |                     const refcount_t * {aka const struct refcount_struct *}
In file included from ./include/linux/atomic.h:82,
                 from ./include/linux/rcupdate.h:25,
                 from /var/lib/dkms/amdgpu/5.6.5.24-1109583/build/include/kcl/kcl_rcupdate.h:5,
                 from /var/lib/dkms/amdgpu/5.6.5.24-1109583/build/include/kcl/kcl_fence.h:6,
                 from /var/lib/dkms/amdgpu/5.6.5.24-1109583/build/include/kcl/backport/kcl_fence_backport.h:4,
                 from /var/lib/dkms/amdgpu/5.6.5.24-1109583/build/amd/backport/backport.h:11,
                 from <command-line>:
./include/asm-generic/atomic-instrumented.h:25:29: note: expected ‘const atomic_t *’ {aka ‘const struct <anonymous> *’} but argument is of type ‘const refcount_t *’ {aka ‘const struct refcount_struct *’}
   25 | atomic_read(const atomic_t *v)
      |             ~~~~~~~~~~~~~~~~^
/var/lib/dkms/amdgpu/5.6.5.24-1109583/build/amd/amdgpu/amdgpu_kms.c: In function ‘amdgpu_debugfs_firmware_info’:
/var/lib/dkms/amdgpu/5.6.5.24-1109583/build/amd/amdgpu/amdgpu_kms.c:1379:38: error: dereferencing pointer to incomplete type ‘struct drm_minor’
 1379 |  struct drm_device *dev = node->minor->dev;
      |                                      ^~
In file included from /var/lib/dkms/amdgpu/5.6.5.24-1109583/build/amd/backport/backport.h:18,
                 from <command-line>:
/var/lib/dkms/amdgpu/5.6.5.24-1109583/build/amd/backport/include/kcl/kcl_amdgpu.h: In function ‘kcl_amdgpu_get_vblank_timestamp_kms’:
/var/lib/dkms/amdgpu/5.6.5.24-1109583/build/amd/backport/include/kcl/kcl_amdgpu.h:88:9: error: implicit declaration of function ‘drm_calc_vbltimestamp_from_scanoutpos’ [-Werror=implicit-function-declaration]
   88 |  return drm_calc_vbltimestamp_from_scanoutpos(dev, pipe, max_error, vblank_time, in_vblank_irq);
      |         ^~~~~~~~~~~~~~~~~~~~~~~~~~~~~~~~~~~~~
In file included from /var/lib/dkms/amdgpu/5.6.5.24-1109583/build/amd/backport/backport.h:21,
                 from <command-line>:
/var/lib/dkms/amdgpu/5.6.5.24-1109583/build/include/kcl/kcl_device.h: At top level:
/var/lib/dkms/amdgpu/5.6.5.24-1109583/build/include/kcl/kcl_device.h:9:30: error: redefinition of ‘kobj_to_dev’
    9 | static inline struct device *kobj_to_dev(struct kobject *kobj)
      |                              ^~~~~~~~~~~
In file included from ./include/linux/acpi.h:15,
                 from ./include/linux/i2c.h:13,
                 from ./include/drm/drm_crtc.h:28,
                 from /var/lib/dkms/amdgpu/5.6.5.24-1109583/build/include/kcl/backport/kcl_drm_backport.h:5,
                 from /var/lib/dkms/amdgpu/5.6.5.24-1109583/build/amd/backport/backport.h:12,
                 from <command-line>:
./include/linux/device.h:586:30: note: previous definition of ‘kobj_to_dev’ was here
  586 | static inline struct device *kobj_to_dev(struct kobject *kobj)
      |                              ^~~~~~~~~~~
In file included from /var/lib/dkms/amdgpu/5.6.5.24-1109583/build/amd/backport/backport.h:21,
                 from <command-line>:
/var/lib/dkms/amdgpu/5.6.5.24-1109583/build/include/kcl/kcl_device.h:59:20: error: redefinition of ‘dev_pm_set_driver_flags’
   59 | static inline void dev_pm_set_driver_flags(struct device *dev, u32 flags)
      |                    ^~~~~~~~~~~~~~~~~~~~~~~
In file included from ./include/linux/acpi.h:15,
                 from ./include/linux/i2c.h:13,
                 from ./include/drm/drm_crtc.h:28,
                 from /var/lib/dkms/amdgpu/5.6.5.24-1109583/build/include/kcl/backport/kcl_drm_backport.h:5,
                 from /var/lib/dkms/amdgpu/5.6.5.24-1109583/build/amd/backport/backport.h:12,
                 from <command-line>:
./include/linux/device.h:726:20: note: previous definition of ‘dev_pm_set_driver_flags’ was here
  726 | static inline void dev_pm_set_driver_flags(struct device *dev, u32 flags)
      |                    ^~~~~~~~~~~~~~~~~~~~~~~
In file included from /var/lib/dkms/amdgpu/5.6.5.24-1109583/build/amd/backport/backport.h:24,
                 from <command-line>:
/var/lib/dkms/amdgpu/5.6.5.24-1109583/build/include/kcl/kcl_drm_dp_mst_helper.h: In function ‘_kcl_drm_dp_calc_pbn_mode’:
/var/lib/dkms/amdgpu/5.6.5.24-1109583/build/include/kcl/kcl_drm_dp_mst_helper.h:17:9: error: too few arguments to function ‘drm_dp_calc_pbn_mode’
   17 |  return drm_dp_calc_pbn_mode(clock, bpp);
      |         ^~~~~~~~~~~~~~~~~~~~
In file included from /var/lib/dkms/amdgpu/5.6.5.24-1109583/build/amd/amdgpu/amdgpu_mode.h:47,
                 from /var/lib/dkms/amdgpu/5.6.5.24-1109583/build/amd/amdgpu/amdgpu.h:68,
                 from /var/lib/dkms/amdgpu/5.6.5.24-1109583/build/amd/backport/include/kcl/kcl_amdgpu.h:6,
                 from /var/lib/dkms/amdgpu/5.6.5.24-1109583/build/amd/backport/backport.h:18,
                 from <command-line>:
./include/drm/drm_dp_mst_helper.h:788:5: note: declared here
  788 | int drm_dp_calc_pbn_mode(int clock, int bpp, bool dsc);
      |     ^~~~~~~~~~~~~~~~~~~~
In file included from /var/lib/dkms/amdgpu/5.6.5.24-1109583/build/amd/backport/backport.h:26,
                 from <command-line>:
/var/lib/dkms/amdgpu/5.6.5.24-1109583/build/include/kcl/kcl_drm_connector.h: At top level:
/var/lib/dkms/amdgpu/5.6.5.24-1109583/build/include/kcl/kcl_drm_connector.h:37:20: error: redefinition of ‘drm_connector_put’
   37 | static inline void drm_connector_put(struct drm_connector *connector)
      |                    ^~~~~~~~~~~~~~~~~
In file included from ./include/drm/drm_modes.h:33,
                 from ./include/drm/drm_crtc.h:40,
                 from /var/lib/dkms/amdgpu/5.6.5.24-1109583/build/include/kcl/backport/kcl_drm_backport.h:5,
                 from /var/lib/dkms/amdgpu/5.6.5.24-1109583/build/amd/backport/backport.h:12,
                 from <command-line>:
./include/drm/drm_connector.h:1576:20: note: previous definition of ‘drm_connector_put’ was here
 1576 | static inline void drm_connector_put(struct drm_connector *connector)
      |                    ^~~~~~~~~~~~~~~~~
In file included from /var/lib/dkms/amdgpu/5.6.5.24-1109583/build/amd/backport/backport.h:26,
                 from <command-line>:
/var/lib/dkms/amdgpu/5.6.5.24-1109583/build/include/kcl/kcl_drm_connector.h:56:5: error: static declaration of ‘drm_connector_init_with_ddc’ follows non-static declaration
   56 | int drm_connector_init_with_ddc(struct drm_device *dev,
      |     ^~~~~~~~~~~~~~~~~~~~~~~~~~~
In file included from ./include/drm/drm_modes.h:33,
                 from ./include/drm/drm_crtc.h:40,
                 from /var/lib/dkms/amdgpu/5.6.5.24-1109583/build/include/kcl/backport/kcl_drm_backport.h:5,
                 from /var/lib/dkms/amdgpu/5.6.5.24-1109583/build/amd/backport/backport.h:12,
                 from <command-line>:
./include/drm/drm_connector.h:1517:5: note: previous declaration of ‘drm_connector_init_with_ddc’ was here
 1517 | int drm_connector_init_with_ddc(struct drm_device *dev,
      |     ^~~~~~~~~~~~~~~~~~~~~~~~~~~
In file included from /var/lib/dkms/amdgpu/5.6.5.24-1109583/build/include/kcl/backport/kcl_drm_dp_helper_backport.h:5,
                 from /var/lib/dkms/amdgpu/5.6.5.24-1109583/build/amd/backport/backport.h:27,
                 from <command-line>:
/var/lib/dkms/amdgpu/5.6.5.24-1109583/build/include/kcl/kcl_drm_dp_helper.h:162:20: error: static declaration of ‘drm_dp_cec_unregister_connector’ follows non-static declaration
  162 | static inline void drm_dp_cec_unregister_connector(struct drm_dp_aux *aux)
      |                    ^~~~~~~~~~~~~~~~~~~~~~~~~~~~~~~
In file included from /var/lib/dkms/amdgpu/5.6.5.24-1109583/build/include/kcl/kcl_drm.h:17,
                 from /var/lib/dkms/amdgpu/5.6.5.24-1109583/build/include/kcl/backport/kcl_drm_backport.h:16,
                 from /var/lib/dkms/amdgpu/5.6.5.24-1109583/build/amd/backport/backport.h:12,
                 from <command-line>:
./include/drm/drm_dp_helper.h:1919:6: note: previous declaration of ‘drm_dp_cec_unregister_connector’ was here
 1919 | void drm_dp_cec_unregister_connector(struct drm_dp_aux *aux);
      |      ^~~~~~~~~~~~~~~~~~~~~~~~~~~~~~~
In file included from /var/lib/dkms/amdgpu/5.6.5.24-1109583/build/amd/backport/backport.h:30,
                 from <command-line>:
/var/lib/dkms/amdgpu/5.6.5.24-1109583/build/include/kcl/kcl_hwmon.h:13:1: error: static declaration of ‘hwmon_device_register_with_groups’ follows non-static declaration
   13 | hwmon_device_register_with_groups(struct device *dev, const char *name,
      | ^~~~~~~~~~~~~~~~~~~~~~~~~~~~~~~~~
In file included from /var/lib/dkms/amdgpu/5.6.5.24-1109583/build/include/kcl/kcl_hwmon.h:5,
                 from /var/lib/dkms/amdgpu/5.6.5.24-1109583/build/amd/backport/backport.h:30,
                 from <command-line>:
./include/linux/hwmon.h:438:1: note: previous declaration of ‘hwmon_device_register_with_groups’ was here
  438 | hwmon_device_register_with_groups(struct device *dev, const char *name,
      | ^~~~~~~~~~~~~~~~~~~~~~~~~~~~~~~~~
In file included from /var/lib/dkms/amdgpu/5.6.5.24-1109583/build/amd/backport/backport.h:37,
                 from <command-line>:
/var/lib/dkms/amdgpu/5.6.5.24-1109583/build/include/kcl/kcl_pagemap.h: In function ‘_kcl_release_pages’:
/var/lib/dkms/amdgpu/5.6.5.24-1109583/build/include/kcl/kcl_pagemap.h:10:2: error: too many arguments to function ‘release_pages’
   10 |  release_pages(pages, nr, 0);
      |  ^~~~~~~~~~~~~
In file included from /var/lib/dkms/amdgpu/5.6.5.24-1109583/build/include/kcl/kcl_pagemap.h:5,
                 from /var/lib/dkms/amdgpu/5.6.5.24-1109583/build/amd/backport/backport.h:37,
                 from <command-line>:
./include/linux/pagemap.h:158:6: note: declared here
  158 | void release_pages(struct page **pages, int nr);
      |      ^~~~~~~~~~~~~
/var/lib/dkms/amdgpu/5.6.5.24-1109583/build/include/kcl/kcl_timekeeping.h:45:2: error: implicit declaration of function ‘do_gettimeofday’; did you mean ‘do_settimeofday64’? [-Werror=implicit-function-declaration]
   45 |  do_gettimeofday(&ts);
      |  ^~~~~~~~~~~~~~~
      |  do_settimeofday64
/var/lib/dkms/amdgpu/5.6.5.24-1109583/build/include/kcl/kcl_timekeeping.h:43:17: warning: unused variable ‘ts’ [-Wunused-variable]
   43 |  struct timeval ts;
      |                 ^~
/var/lib/dkms/amdgpu/5.6.5.24-1109583/build/include/kcl/kcl_timekeeping.h: At top level:
/var/lib/dkms/amdgpu/5.6.5.24-1109583/build/include/kcl/kcl_timekeeping.h:51:19: error: static declaration of ‘ktime_get_mono_fast_ns’ follows non-static declaration
   51 | static inline u64 ktime_get_mono_fast_ns(void)
      |                   ^~~~~~~~~~~~~~~~~~~~~~
In file included from ./include/linux/ktime.h:232,
                 from ./include/linux/timer.h:6,
                 from ./include/linux/workqueue.h:9,
                 from ./include/linux/rhashtable-types.h:15,
                 from ./include/linux/ipc.h:7,
                 from ./include/uapi/linux/sem.h:5,
                 from ./include/linux/sem.h:5,
                 from ./include/linux/sched.h:15,
                 from ./include/linux/dma-fence.h:21,
                 from /var/lib/dkms/amdgpu/5.6.5.24-1109583/build/include/kcl/kcl_fence.h:11,
                 from /var/lib/dkms/amdgpu/5.6.5.24-1109583/build/include/kcl/backport/kcl_fence_backport.h:4,
                 from /var/lib/dkms/amdgpu/5.6.5.24-1109583/build/amd/backport/backport.h:11,
                 from <command-line>:
./include/linux/timekeeping.h:176:12: note: previous declaration of ‘ktime_get_mono_fast_ns’ was here
  176 | extern u64 ktime_get_mono_fast_ns(void);
      |            ^~~~~~~~~~~~~~~~~~~~~~
In file included from /var/lib/dkms/amdgpu/5.6.5.24-1109583/build/amd/backport/backport.h:42,
                 from <command-line>:
/var/lib/dkms/amdgpu/5.6.5.24-1109583/build/include/kcl/backport/kcl_uaccess_backport.h: In function ‘_kcl_access_ok’:
/var/lib/dkms/amdgpu/5.6.5.24-1109583/build/include/kcl/backport/kcl_uaccess_backport.h:9:47: error: macro "access_ok" passed 3 arguments, but takes just 2
    9 |  return access_ok(VERIFY_WRITE, (addr), (size));
      |                                               ^
In file included from ./include/linux/uaccess.h:11,
                 from ./arch/x86/include/asm/fpu/xstate.h:5,
                 from ./arch/x86/include/asm/pgtable.h:26,
                 from ./include/linux/pgtable.h:6,
                 from ./include/linux/mm.h:33,
                 from ./include/linux/kallsyms.h:12,
                 from ./include/linux/ftrace.h:12,
                 from ./include/linux/kprobes.h:29,
                 from ./include/linux/kgdb.h:19,
                 from ./include/linux/fb.h:5,
                 from ./include/drm/drm_crtc.h:31,
                 from /var/lib/dkms/amdgpu/5.6.5.24-1109583/build/include/kcl/backport/kcl_drm_backport.h:5,
                 from /var/lib/dkms/amdgpu/5.6.5.24-1109583/build/amd/backport/backport.h:12,
                 from <command-line>:
./arch/x86/include/asm/uaccess.h:69: note: macro "access_ok" defined here
   69 | #define access_ok(addr, size)     \
      | 
cc1: some warnings being treated as errors
In file included from /var/lib/dkms/amdgpu/5.6.5.24-1109583/build/include/kcl/backport/kcl_pci_backport.h:7,
                 from /var/lib/dkms/amdgpu/5.6.5.24-1109583/build/amd/backport/backport.h:38,
                 from <command-line>:
/var/lib/dkms/amdgpu/5.6.5.24-1109583/build/include/kcl/kcl_pci.h: At top level:
/var/lib/dkms/amdgpu/5.6.5.24-1109583/build/include/kcl/kcl_pci.h:105:5: error: static declaration of ‘pci_enable_atomic_ops_to_root’ follows non-static declaration
  105 | int pci_enable_atomic_ops_to_root(struct pci_dev *dev, u32 cap_mask)
      |     ^~~~~~~~~~~~~~~~~~~~~~~~~~~~~
In file included from /var/lib/dkms/amdgpu/5.6.5.24-1109583/build/include/kcl/backport/kcl_pci_backport.h:5,
                 from /var/lib/dkms/amdgpu/5.6.5.24-1109583/build/amd/backport/backport.h:38,
                 from <command-line>:
./include/linux/pci.h:2192:5: note: previous declaration of ‘pci_enable_atomic_ops_to_root’ was here
 2192 | int pci_enable_atomic_ops_to_root(struct pci_dev *dev, u32 cap_mask);
      |     ^~~~~~~~~~~~~~~~~~~~~~~~~~~~~
In file included from /var/lib/dkms/amdgpu/5.6.5.24-1109583/build/include/kcl/backport/kcl_pci_backport.h:7,
                 from /var/lib/dkms/amdgpu/5.6.5.24-1109583/build/amd/backport/backport.h:38,
                 from <command-line>:
/var/lib/dkms/amdgpu/5.6.5.24-1109583/build/include/kcl/kcl_pci.h:112:31: error: redefinition of ‘pci_upstream_bridge’
  112 | static inline struct pci_dev *pci_upstream_bridge(struct pci_dev *dev)
      |                               ^~~~~~~~~~~~~~~~~~~
In file included from /var/lib/dkms/amdgpu/5.6.5.24-1109583/build/include/kcl/backport/kcl_pci_backport.h:5,
                 from /var/lib/dkms/amdgpu/5.6.5.24-1109583/build/amd/backport/backport.h:38,
                 from <command-line>:
./include/linux/pci.h:686:31: note: previous definition of ‘pci_upstream_bridge’ was here
  686 | static inline struct pci_dev *pci_upstream_bridge(struct pci_dev *dev)
      |                               ^~~~~~~~~~~~~~~~~~~
In file included from /var/lib/dkms/amdgpu/5.6.5.24-1109583/build/include/kcl/backport/kcl_pci_backport.h:7,
                 from /var/lib/dkms/amdgpu/5.6.5.24-1109583/build/amd/backport/backport.h:38,
                 from <command-line>:
/var/lib/dkms/amdgpu/5.6.5.24-1109583/build/include/kcl/kcl_pci.h:127:5: error: static declaration of ‘pcie_bandwidth_available’ follows non-static declaration
  127 | u32 pcie_bandwidth_available(struct pci_dev *dev, struct pci_dev **limiting_dev,
      |     ^~~~~~~~~~~~~~~~~~~~~~~~
In file included from /var/lib/dkms/amdgpu/5.6.5.24-1109583/build/include/kcl/backport/kcl_pci_backport.h:5,
                 from /var/lib/dkms/amdgpu/5.6.5.24-1109583/build/amd/backport/backport.h:38,
                 from <command-line>:
./include/linux/pci.h:1218:5: note: previous declaration of ‘pcie_bandwidth_available’ was here
 1218 | u32 pcie_bandwidth_available(struct pci_dev *dev, struct pci_dev **limiting_dev,
      |     ^~~~~~~~~~~~~~~~~~~~~~~~
In file included from /var/lib/dkms/amdgpu/5.6.5.24-1109583/build/include/kcl/backport/kcl_pci_backport.h:7,
                 from /var/lib/dkms/amdgpu/5.6.5.24-1109583/build/amd/backport/backport.h:38,
                 from <command-line>:
/var/lib/dkms/amdgpu/5.6.5.24-1109583/build/include/kcl/kcl_pci.h:170:19: error: redefinition of ‘pci_dev_id’
  170 | static inline u16 pci_dev_id(struct pci_dev *dev)
      |                   ^~~~~~~~~~
In file included from /var/lib/dkms/amdgpu/5.6.5.24-1109583/build/include/kcl/backport/kcl_pci_backport.h:5,
                 from /var/lib/dkms/amdgpu/5.6.5.24-1109583/build/amd/backport/backport.h:38,
                 from <command-line>:
./include/linux/pci.h:651:19: note: previous definition of ‘pci_dev_id’ was here
  651 | static inline u16 pci_dev_id(struct pci_dev *dev)
      |                   ^~~~~~~~~~
In file included from /var/lib/dkms/amdgpu/5.6.5.24-1109583/build/include/kcl/backport/kcl_pci_backport.h:7,
                 from /var/lib/dkms/amdgpu/5.6.5.24-1109583/build/amd/backport/backport.h:38,
                 from <command-line>:
/var/lib/dkms/amdgpu/5.6.5.24-1109583/build/include/kcl/kcl_pci.h:177:20: error: redefinition of ‘pci_is_thunderbolt_attached’
  177 | static inline bool pci_is_thunderbolt_attached(struct pci_dev *pdev)
      |                    ^~~~~~~~~~~~~~~~~~~~~~~~~~~
In file included from /var/lib/dkms/amdgpu/5.6.5.24-1109583/build/include/kcl/backport/kcl_pci_backport.h:5,
                 from /var/lib/dkms/amdgpu/5.6.5.24-1109583/build/amd/backport/backport.h:38,
                 from <command-line>:
./include/linux/pci.h:2389:20: note: previous definition of ‘pci_is_thunderbolt_attached’ was here
 2389 | static inline bool pci_is_thunderbolt_attached(struct pci_dev *pdev)
      |                    ^~~~~~~~~~~~~~~~~~~~~~~~~~~
In file included from ./include/drm/drm_modeset_helper_vtables.h:33,
                 from ./include/drm/drm_crtc_helper.h:43,
                 from /var/lib/dkms/amdgpu/5.6.5.24-1109583/build/amd/amdgpu/amdgpu_mode.h:38,
                 from /var/lib/dkms/amdgpu/5.6.5.24-1109583/build/amd/amdgpu/amdgpu.h:68,
                 from /var/lib/dkms/amdgpu/5.6.5.24-1109583/build/amd/backport/include/kcl/kcl_amdgpu.h:6,
                 from /var/lib/dkms/amdgpu/5.6.5.24-1109583/build/amd/backport/backport.h:18,
                 from <command-line>:
./include/drm/drm_encoder.h: In function ‘drm_encoder_find’:
./include/drm/drm_encoder.h:249:33: error: ‘file_priv’ undeclared (first use in this function); did you mean ‘file_path’?
  249 |  mo = drm_mode_object_find(dev, file_priv, id, DRM_MODE_OBJECT_ENCODER);
      |                                 ^~~~~~~~~
      |                                 file_path
make[2]: *** [scripts/Makefile.build:287: /var/lib/dkms/amdgpu/5.6.5.24-1109583/build/amd/amdgpu/amdgpu_kms.o] Error 1
In file included from /var/lib/dkms/amdgpu/5.6.5.24-1109583/build/amd/backport/backport.h:42,
                 from <command-line>:
/var/lib/dkms/amdgpu/5.6.5.24-1109583/build/include/kcl/backport/kcl_uaccess_backport.h:9:9: error: ‘access_ok’ undeclared (first use in this function); did you mean ‘_kcl_access_ok’?
    9 |  return access_ok(VERIFY_WRITE, (addr), (size));
      |         ^~~~~~~~~
      |         _kcl_access_ok
In file included from /var/lib/dkms/amdgpu/5.6.5.24-1109583/build/include/kcl/backport/kcl_vga_switcheroo_backport.h:4,
                 from /var/lib/dkms/amdgpu/5.6.5.24-1109583/build/amd/backport/backport.h:43,
                 from <command-line>:
/var/lib/dkms/amdgpu/5.6.5.24-1109583/build/include/kcl/kcl_vga_switcheroo.h: At top level:
/var/lib/dkms/amdgpu/5.6.5.24-1109583/build/include/kcl/kcl_vga_switcheroo.h:8:8: error: redefinition of ‘struct vga_switcheroo_client_ops’
    8 | struct vga_switcheroo_client_ops {
      |        ^~~~~~~~~~~~~~~~~~~~~~~~~
In file included from /var/lib/dkms/amdgpu/5.6.5.24-1109583/build/include/kcl/kcl_vga_switcheroo.h:5,
                 from /var/lib/dkms/amdgpu/5.6.5.24-1109583/build/include/kcl/backport/kcl_vga_switcheroo_backport.h:4,
                 from /var/lib/dkms/amdgpu/5.6.5.24-1109583/build/amd/backport/backport.h:43,
                 from <command-line>:
./include/linux/vga_switcheroo.h:143:8: note: originally defined here
  143 | struct vga_switcheroo_client_ops {
      |        ^~~~~~~~~~~~~~~~~~~~~~~~~
In file included from /var/lib/dkms/amdgpu/5.6.5.24-1109583/build/include/kcl/backport/kcl_vga_switcheroo_backport.h:4,
                 from /var/lib/dkms/amdgpu/5.6.5.24-1109583/build/amd/backport/backport.h:43,
                 from <command-line>:
/var/lib/dkms/amdgpu/5.6.5.24-1109583/build/include/kcl/kcl_vga_switcheroo.h: In function ‘_kcl_vga_switcheroo_register_client’:
/var/lib/dkms/amdgpu/5.6.5.24-1109583/build/include/kcl/kcl_vga_switcheroo.h:25:48: error: passing argument 2 of ‘vga_switcheroo_register_client’ from incompatible pointer type [-Werror=incompatible-pointer-types]
   25 |  return vga_switcheroo_register_client(dev, ops->set_gpu_state, ops->can_switch);
      |                                             ~~~^~~~~~~~~~~~~~~
      |                                                |
      |                                                void (* const)(struct pci_dev *, enum vga_switcheroo_state)
In file included from /var/lib/dkms/amdgpu/5.6.5.24-1109583/build/include/kcl/kcl_vga_switcheroo.h:5,
                 from /var/lib/dkms/amdgpu/5.6.5.24-1109583/build/include/kcl/backport/kcl_vga_switcheroo_backport.h:4,
                 from /var/lib/dkms/amdgpu/5.6.5.24-1109583/build/amd/backport/backport.h:43,
                 from <command-line>:
./include/linux/vga_switcheroo.h:153:48: note: expected ‘const struct vga_switcheroo_client_ops *’ but argument is of type ‘void (* const)(struct pci_dev *, enum vga_switcheroo_state)’
  153 |        const struct vga_switcheroo_client_ops *ops,
      |        ~~~~~~~~~~~~~~~~~~~~~~~~~~~~~~~~~~~~~~~~^~~
In file included from /var/lib/dkms/amdgpu/5.6.5.24-1109583/build/include/kcl/backport/kcl_vga_switcheroo_backport.h:4,
                 from /var/lib/dkms/amdgpu/5.6.5.24-1109583/build/amd/backport/backport.h:43,
                 from <command-line>:
/var/lib/dkms/amdgpu/5.6.5.24-1109583/build/include/kcl/kcl_vga_switcheroo.h: At top level:
/var/lib/dkms/amdgpu/5.6.5.24-1109583/build/include/kcl/kcl_vga_switcheroo.h:31:6: error: nested redefinition of ‘enum vga_switcheroo_handler_flags_t’
   31 | enum vga_switcheroo_handler_flags_t {
      |      ^~~~~~~~~~~~~~~~~~~~~~~~~~~~~~
/var/lib/dkms/amdgpu/5.6.5.24-1109583/build/include/kcl/kcl_vga_switcheroo.h:31:6: error: redeclaration of ‘enum vga_switcheroo_handler_flags_t’
In file included from /var/lib/dkms/amdgpu/5.6.5.24-1109583/build/include/kcl/kcl_vga_switcheroo.h:5,
                 from /var/lib/dkms/amdgpu/5.6.5.24-1109583/build/include/kcl/backport/kcl_vga_switcheroo_backport.h:4,
                 from /var/lib/dkms/amdgpu/5.6.5.24-1109583/build/amd/backport/backport.h:43,
                 from <command-line>:
./include/linux/vga_switcheroo.h:53:6: note: originally defined here
   53 | enum vga_switcheroo_handler_flags_t {
      |      ^~~~~~~~~~~~~~~~~~~~~~~~~~~~~~
In file included from /var/lib/dkms/amdgpu/5.6.5.24-1109583/build/include/kcl/backport/kcl_vga_switcheroo_backport.h:4,
                 from /var/lib/dkms/amdgpu/5.6.5.24-1109583/build/amd/backport/backport.h:43,
                 from <command-line>:
/var/lib/dkms/amdgpu/5.6.5.24-1109583/build/include/kcl/kcl_vga_switcheroo.h:32:2: error: redeclaration of enumerator ‘VGA_SWITCHEROO_CAN_SWITCH_DDC’
   32 |  VGA_SWITCHEROO_CAN_SWITCH_DDC = (1 << 0),
      |  ^~~~~~~~~~~~~~~~~~~~~~~~~~~~~
In file included from /var/lib/dkms/amdgpu/5.6.5.24-1109583/build/include/kcl/kcl_vga_switcheroo.h:5,
                 from /var/lib/dkms/amdgpu/5.6.5.24-1109583/build/include/kcl/backport/kcl_vga_switcheroo_backport.h:4,
                 from /var/lib/dkms/amdgpu/5.6.5.24-1109583/build/amd/backport/backport.h:43,
                 from <command-line>:
./include/linux/vga_switcheroo.h:54:2: note: previous definition of ‘VGA_SWITCHEROO_CAN_SWITCH_DDC’ was here
   54 |  VGA_SWITCHEROO_CAN_SWITCH_DDC = (1 << 0),
      |  ^~~~~~~~~~~~~~~~~~~~~~~~~~~~~
In file included from /var/lib/dkms/amdgpu/5.6.5.24-1109583/build/include/kcl/backport/kcl_vga_switcheroo_backport.h:4,
                 from /var/lib/dkms/amdgpu/5.6.5.24-1109583/build/amd/backport/backport.h:43,
                 from <command-line>:
/var/lib/dkms/amdgpu/5.6.5.24-1109583/build/include/kcl/kcl_vga_switcheroo.h:33:2: error: redeclaration of enumerator ‘VGA_SWITCHEROO_NEEDS_EDP_CONFIG’
   33 |  VGA_SWITCHEROO_NEEDS_EDP_CONFIG = (1 << 1),
      |  ^~~~~~~~~~~~~~~~~~~~~~~~~~~~~~~
In file included from /var/lib/dkms/amdgpu/5.6.5.24-1109583/build/include/kcl/kcl_vga_switcheroo.h:5,
                 from /var/lib/dkms/amdgpu/5.6.5.24-1109583/build/include/kcl/backport/kcl_vga_switcheroo_backport.h:4,
                 from /var/lib/dkms/amdgpu/5.6.5.24-1109583/build/amd/backport/backport.h:43,
                 from <command-line>:
./include/linux/vga_switcheroo.h:55:2: note: previous definition of ‘VGA_SWITCHEROO_NEEDS_EDP_CONFIG’ was here
   55 |  VGA_SWITCHEROO_NEEDS_EDP_CONFIG = (1 << 1),
      |  ^~~~~~~~~~~~~~~~~~~~~~~~~~~~~~~
In file included from /var/lib/dkms/amdgpu/5.6.5.24-1109583/build/include/kcl/backport/kcl_vga_switcheroo_backport.h:4,
                 from /var/lib/dkms/amdgpu/5.6.5.24-1109583/build/amd/backport/backport.h:43,
                 from <command-line>:
/var/lib/dkms/amdgpu/5.6.5.24-1109583/build/include/kcl/kcl_vga_switcheroo.h: In function ‘_kcl_vga_switcheroo_register_handler’:
/var/lib/dkms/amdgpu/5.6.5.24-1109583/build/include/kcl/kcl_vga_switcheroo.h:45:9: error: too few arguments to function ‘vga_switcheroo_register_handler’
   45 |  return vga_switcheroo_register_handler((struct vga_switcheroo_handler *)handler);
      |         ^~~~~~~~~~~~~~~~~~~~~~~~~~~~~~~
In file included from /var/lib/dkms/amdgpu/5.6.5.24-1109583/build/include/kcl/kcl_vga_switcheroo.h:5,
                 from /var/lib/dkms/amdgpu/5.6.5.24-1109583/build/include/kcl/backport/kcl_vga_switcheroo_backport.h:4,
                 from /var/lib/dkms/amdgpu/5.6.5.24-1109583/build/amd/backport/backport.h:43,
                 from <command-line>:
./include/linux/vga_switcheroo.h:162:5: note: declared here
  162 | int vga_switcheroo_register_handler(const struct vga_switcheroo_handler *handler,
      |     ^~~~~~~~~~~~~~~~~~~~~~~~~~~~~~~
In file included from /var/lib/dkms/amdgpu/5.6.5.24-1109583/build/amd/backport/backport.h:46,
                 from <command-line>:
/var/lib/dkms/amdgpu/5.6.5.24-1109583/build/include/kcl/backport/kcl_drm_dp_mst_helper_backport.h: In function ‘_kcl_drm_dp_mst_topology_mgr_resume’:
/var/lib/dkms/amdgpu/5.6.5.24-1109583/build/include/kcl/backport/kcl_drm_dp_mst_helper_backport.h:12:9: error: too few arguments to function ‘drm_dp_mst_topology_mgr_resume’
   12 |  return drm_dp_mst_topology_mgr_resume(mgr);
      |         ^~~~~~~~~~~~~~~~~~~~~~~~~~~~~~
In file included from /var/lib/dkms/amdgpu/5.6.5.24-1109583/build/amd/amdgpu/amdgpu_mode.h:47,
                 from /var/lib/dkms/amdgpu/5.6.5.24-1109583/build/amd/amdgpu/amdgpu.h:68,
                 from /var/lib/dkms/amdgpu/5.6.5.24-1109583/build/amd/backport/include/kcl/kcl_amdgpu.h:6,
                 from /var/lib/dkms/amdgpu/5.6.5.24-1109583/build/amd/backport/backport.h:18,
                 from <command-line>:
./include/drm/drm_dp_mst_helper.h:819:1: note: declared here
  819 | drm_dp_mst_topology_mgr_resume(struct drm_dp_mst_topology_mgr *mgr,
      | ^~~~~~~~~~~~~~~~~~~~~~~~~~~~~~
In file included from /var/lib/dkms/amdgpu/5.6.5.24-1109583/build/amd/backport/backport.h:49,
                 from <command-line>:
/var/lib/dkms/amdgpu/5.6.5.24-1109583/build/include/kcl/kcl_seq_file.h: At top level:
/var/lib/dkms/amdgpu/5.6.5.24-1109583/build/include/kcl/kcl_seq_file.h:28:20: error: static declaration of ‘seq_hex_dump’ follows non-static declaration
   28 | static inline void seq_hex_dump(struct seq_file *m, const char *prefix_str, int prefix_type,
      |                    ^~~~~~~~~~~~
In file included from ./include/drm/drm_print.h:31,
                 from ./include/drm/drm_mm.h:49,
                 from ./include/drm/drm_vma_manager.h:26,
                 from ./include/drm/drm_gem.h:40,
                 from /var/lib/dkms/amdgpu/5.6.5.24-1109583/build/include/kcl/backport/kcl_drm_backport.h:11,
                 from /var/lib/dkms/amdgpu/5.6.5.24-1109583/build/amd/backport/backport.h:12,
                 from <command-line>:
./include/linux/seq_file.h:132:6: note: previous declaration of ‘seq_hex_dump’ was here
  132 | void seq_hex_dump(struct seq_file *m, const char *prefix_str, int prefix_type,
      |      ^~~~~~~~~~~~
In file included from /var/lib/dkms/amdgpu/5.6.5.24-1109583/build/amd/backport/backport.h:50,
                 from <command-line>:
/var/lib/dkms/amdgpu/5.6.5.24-1109583/build/include/kcl/kcl_ptrace.h:8:35: error: redefinition of ‘ptrace_parent’
    8 | static inline struct task_struct *ptrace_parent(struct task_struct *task)
      |                                   ^~~~~~~~~~~~~
In file included from ./include/linux/ftrace.h:15,
                 from ./include/linux/kprobes.h:29,
                 from ./include/linux/kgdb.h:19,
                 from ./include/linux/fb.h:5,
                 from ./include/drm/drm_crtc.h:31,
                 from /var/lib/dkms/amdgpu/5.6.5.24-1109583/build/include/kcl/backport/kcl_drm_backport.h:5,
                 from /var/lib/dkms/amdgpu/5.6.5.24-1109583/build/amd/backport/backport.h:12,
                 from <command-line>:
./include/linux/ptrace.h:124:35: note: previous definition of ‘ptrace_parent’ was here
  124 | static inline struct task_struct *ptrace_parent(struct task_struct *task)
      |                                   ^~~~~~~~~~~~~
In file included from /var/lib/dkms/amdgpu/5.6.5.24-1109583/build/amd/backport/backport.h:56,
                 from <command-line>:
/var/lib/dkms/amdgpu/5.6.5.24-1109583/build/include/kcl/kcl_list.h:7:20: error: redefinition of ‘list_bulk_move_tail’
    7 | static inline void list_bulk_move_tail(struct list_head *head,
      |                    ^~~~~~~~~~~~~~~~~~~
In file included from ./include/linux/preempt.h:11,
                 from ./include/linux/rcupdate.h:27,
                 from /var/lib/dkms/amdgpu/5.6.5.24-1109583/build/include/kcl/kcl_rcupdate.h:5,
                 from /var/lib/dkms/amdgpu/5.6.5.24-1109583/build/include/kcl/kcl_fence.h:6,
                 from /var/lib/dkms/amdgpu/5.6.5.24-1109583/build/include/kcl/backport/kcl_fence_backport.h:4,
                 from /var/lib/dkms/amdgpu/5.6.5.24-1109583/build/amd/backport/backport.h:11,
                 from <command-line>:
./include/linux/list.h:240:20: note: previous definition of ‘list_bulk_move_tail’ was here
  240 | static inline void list_bulk_move_tail(struct list_head *head,
      |                    ^~~~~~~~~~~~~~~~~~~
In file included from /var/lib/dkms/amdgpu/5.6.5.24-1109583/build/amd/backport/backport.h:56,
                 from <command-line>:
/var/lib/dkms/amdgpu/5.6.5.24-1109583/build/include/kcl/kcl_list.h:24:20: error: redefinition of ‘list_rotate_to_front’
   24 | static inline void list_rotate_to_front(struct list_head *list,
      |                    ^~~~~~~~~~~~~~~~~~~~
In file included from ./include/linux/preempt.h:11,
                 from ./include/linux/rcupdate.h:27,
                 from /var/lib/dkms/amdgpu/5.6.5.24-1109583/build/include/kcl/kcl_rcupdate.h:5,
                 from /var/lib/dkms/amdgpu/5.6.5.24-1109583/build/include/kcl/kcl_fence.h:6,
                 from /var/lib/dkms/amdgpu/5.6.5.24-1109583/build/include/kcl/backport/kcl_fence_backport.h:4,
                 from /var/lib/dkms/amdgpu/5.6.5.24-1109583/build/amd/backport/backport.h:11,
                 from <command-line>:
./include/linux/list.h:343:20: note: previous definition of ‘list_rotate_to_front’ was here
  343 | static inline void list_rotate_to_front(struct list_head *list,
      |                    ^~~~~~~~~~~~~~~~~~~~
In file included from /var/lib/dkms/amdgpu/5.6.5.24-1109583/build/amd/backport/backport.h:56,
                 from <command-line>:
/var/lib/dkms/amdgpu/5.6.5.24-1109583/build/include/kcl/kcl_list.h:33:19: error: redefinition of ‘list_is_first’
   33 | static inline int list_is_first(const struct list_head *list,
      |                   ^~~~~~~~~~~~~
In file included from ./include/linux/preempt.h:11,
                 from ./include/linux/rcupdate.h:27,
                 from /var/lib/dkms/amdgpu/5.6.5.24-1109583/build/include/kcl/kcl_rcupdate.h:5,
                 from /var/lib/dkms/amdgpu/5.6.5.24-1109583/build/include/kcl/kcl_fence.h:6,
                 from /var/lib/dkms/amdgpu/5.6.5.24-1109583/build/include/kcl/backport/kcl_fence_backport.h:4,
                 from /var/lib/dkms/amdgpu/5.6.5.24-1109583/build/amd/backport/backport.h:11,
                 from <command-line>:
./include/linux/list.h:259:19: note: previous definition of ‘list_is_first’ was here
  259 | static inline int list_is_first(const struct list_head *list,
      |                   ^~~~~~~~~~~~~
In file included from /var/lib/dkms/amdgpu/5.6.5.24-1109583/build/include/kcl/backport/kcl_drm_atomic_helper_backport.h:5,
                 from /var/lib/dkms/amdgpu/5.6.5.24-1109583/build/amd/backport/backport.h:58,
                 from <command-line>:
/var/lib/dkms/amdgpu/5.6.5.24-1109583/build/include/kcl/kcl_drm_atomic_helper.h:31:1: error: static declaration of ‘__drm_atomic_helper_connector_reset’ follows non-static declaration
   31 | __drm_atomic_helper_connector_reset(struct drm_connector *connector,
      | ^~~~~~~~~~~~~~~~~~~~~~~~~~~~~~~~~~~
In file included from ./include/drm/drm_atomic_helper.h:34,
                 from /var/lib/dkms/amdgpu/5.6.5.24-1109583/build/include/kcl/kcl_drm_atomic_helper.h:5,
                 from /var/lib/dkms/amdgpu/5.6.5.24-1109583/build/include/kcl/backport/kcl_drm_atomic_helper_backport.h:5,
                 from /var/lib/dkms/amdgpu/5.6.5.24-1109583/build/amd/backport/backport.h:58,
                 from <command-line>:
./include/drm/drm_atomic_state_helper.h:70:6: note: previous declaration of ‘__drm_atomic_helper_connector_reset’ was here
   70 | void __drm_atomic_helper_connector_reset(struct drm_connector *connector,
      |      ^~~~~~~~~~~~~~~~~~~~~~~~~~~~~~~~~~~
In file included from /var/lib/dkms/amdgpu/5.6.5.24-1109583/build/include/kcl/backport/kcl_drm_atomic_helper_backport.h:5,
                 from /var/lib/dkms/amdgpu/5.6.5.24-1109583/build/amd/backport/backport.h:58,
                 from <command-line>:
/var/lib/dkms/amdgpu/5.6.5.24-1109583/build/include/kcl/kcl_drm_atomic_helper.h:43:1: error: static declaration of ‘drm_atomic_helper_update_legacy_modeset_state’ follows non-static declaration
   43 | drm_atomic_helper_update_legacy_modeset_state(struct drm_device *dev,
      | ^~~~~~~~~~~~~~~~~~~~~~~~~~~~~~~~~~~~~~~~~~~~~
In file included from /var/lib/dkms/amdgpu/5.6.5.24-1109583/build/include/kcl/kcl_drm_atomic_helper.h:5,
                 from /var/lib/dkms/amdgpu/5.6.5.24-1109583/build/include/kcl/backport/kcl_drm_atomic_helper_backport.h:5,
                 from /var/lib/dkms/amdgpu/5.6.5.24-1109583/build/amd/backport/backport.h:58,
                 from <command-line>:
./include/drm/drm_atomic_helper.h:74:1: note: previous declaration of ‘drm_atomic_helper_update_legacy_modeset_state’ was here
   74 | drm_atomic_helper_update_legacy_modeset_state(struct drm_device *dev,
      | ^~~~~~~~~~~~~~~~~~~~~~~~~~~~~~~~~~~~~~~~~~~~~
In file included from /var/lib/dkms/amdgpu/5.6.5.24-1109583/build/include/kcl/backport/kcl_drm_atomic_helper_backport.h:5,
                 from /var/lib/dkms/amdgpu/5.6.5.24-1109583/build/amd/backport/backport.h:58,
                 from <command-line>:
/var/lib/dkms/amdgpu/5.6.5.24-1109583/build/include/kcl/kcl_drm_atomic_helper.h: In function ‘kcl_drm_atomic_get_old_crtc_state_before_commit’:
/var/lib/dkms/amdgpu/5.6.5.24-1109583/build/include/kcl/kcl_drm_atomic_helper.h:59:43: error: invalid type argument of ‘->’ (have ‘struct __drm_crtcs_state’)
   59 |  return state->crtcs[drm_crtc_index(crtc)]->state;
      |                                           ^~
/var/lib/dkms/amdgpu/5.6.5.24-1109583/build/include/kcl/kcl_drm_atomic_helper.h: In function ‘kcl_drm_atomic_get_new_crtc_state_after_commit’:
/var/lib/dkms/amdgpu/5.6.5.24-1109583/build/include/kcl/kcl_drm_atomic_helper.h:94:43: error: invalid type argument of ‘->’ (have ‘struct __drm_crtcs_state’)
   94 |  return state->crtcs[drm_crtc_index(crtc)]->state;
      |                                           ^~
In file included from /var/lib/dkms/amdgpu/5.6.5.24-1109583/build/amd/backport/backport.h:59,
                 from <command-line>:
/var/lib/dkms/amdgpu/5.6.5.24-1109583/build/include/kcl/kcl_drm_atomic.h: At top level:
/var/lib/dkms/amdgpu/5.6.5.24-1109583/build/include/kcl/kcl_drm_atomic.h:7:20: error: redefinition of ‘drm_atomic_state_put’
    7 | static inline void drm_atomic_state_put(struct drm_atomic_state *state)
      |                    ^~~~~~~~~~~~~~~~~~~~
In file included from /var/lib/dkms/amdgpu/5.6.5.24-1109583/build/include/kcl/kcl_drm.h:11,
                 from /var/lib/dkms/amdgpu/5.6.5.24-1109583/build/include/kcl/backport/kcl_drm_backport.h:16,
                 from /var/lib/dkms/amdgpu/5.6.5.24-1109583/build/amd/backport/backport.h:12,
                 from <command-line>:
./include/drm/drm_atomic.h:445:20: note: previous definition of ‘drm_atomic_state_put’ was here
  445 | static inline void drm_atomic_state_put(struct drm_atomic_state *state)
      |                    ^~~~~~~~~~~~~~~~~~~~
In file included from /var/lib/dkms/amdgpu/5.6.5.24-1109583/build/amd/backport/backport.h:41,
                 from <command-line>:
/var/lib/dkms/amdgpu/5.6.5.24-1109583/build/include/kcl/kcl_timekeeping.h:7:19: error: redefinition of ‘ktime_get_ns’
    7 | static inline u64 ktime_get_ns(void)
      |                   ^~~~~~~~~~~~
In file included from ./include/linux/ktime.h:232,
                 from ./include/linux/timer.h:6,
                 from ./include/linux/workqueue.h:9,
                 from ./include/linux/rhashtable-types.h:15,
                 from ./include/linux/ipc.h:7,
                 from ./include/uapi/linux/sem.h:5,
                 from ./include/linux/sem.h:5,
                 from ./include/linux/sched.h:15,
                 from ./include/linux/dma-fence.h:21,
                 from /var/lib/dkms/amdgpu/5.6.5.24-1109583/build/include/kcl/kcl_fence.h:11,
                 from /var/lib/dkms/amdgpu/5.6.5.24-1109583/build/include/kcl/backport/kcl_fence_backport.h:4,
                 from /var/lib/dkms/amdgpu/5.6.5.24-1109583/build/amd/backport/backport.h:11,
                 from <command-line>:
./include/linux/timekeeping.h:151:19: note: previous definition of ‘ktime_get_ns’ was here
  151 | static inline u64 ktime_get_ns(void)
      |                   ^~~~~~~~~~~~
In file included from /var/lib/dkms/amdgpu/5.6.5.24-1109583/build/amd/backport/backport.h:41,
                 from <command-line>:
/var/lib/dkms/amdgpu/5.6.5.24-1109583/build/include/kcl/kcl_timekeeping.h:20:19: error: redefinition of ‘ktime_get_boottime_ns’
   20 | static inline u64 ktime_get_boottime_ns(void)
      |                   ^~~~~~~~~~~~~~~~~~~~~
In file included from ./include/linux/ktime.h:232,
                 from ./include/linux/timer.h:6,
                 from ./include/linux/workqueue.h:9,
                 from ./include/linux/rhashtable-types.h:15,
                 from ./include/linux/ipc.h:7,
                 from ./include/uapi/linux/sem.h:5,
                 from ./include/linux/sem.h:5,
                 from ./include/linux/sched.h:15,
                 from ./include/linux/dma-fence.h:21,
                 from /var/lib/dkms/amdgpu/5.6.5.24-1109583/build/include/kcl/kcl_fence.h:11,
                 from /var/lib/dkms/amdgpu/5.6.5.24-1109583/build/include/kcl/backport/kcl_fence_backport.h:4,
                 from /var/lib/dkms/amdgpu/5.6.5.24-1109583/build/amd/backport/backport.h:11,
                 from <command-line>:
./include/linux/timekeeping.h:161:19: note: previous definition of ‘ktime_get_boottime_ns’ was here
  161 | static inline u64 ktime_get_boottime_ns(void)
      |                   ^~~~~~~~~~~~~~~~~~~~~
In file included from /var/lib/dkms/amdgpu/5.6.5.24-1109583/build/amd/backport/backport.h:41,
                 from <command-line>:
/var/lib/dkms/amdgpu/5.6.5.24-1109583/build/include/kcl/kcl_timekeeping.h: In function ‘ktime_get_boottime_ns’:
/var/lib/dkms/amdgpu/5.6.5.24-1109583/build/include/kcl/kcl_timekeeping.h:22:18: error: storage size of ‘time’ isn’t known
   22 |  struct timespec time;
      |                  ^~~~
In file included from /var/lib/dkms/amdgpu/5.6.5.24-1109583/build/amd/backport/backport.h:59,
                 from <command-line>:
/var/lib/dkms/amdgpu/5.6.5.24-1109583/build/include/kcl/kcl_drm_atomic.h: In function ‘drm_atomic_state_put’:
/var/lib/dkms/amdgpu/5.6.5.24-1109583/build/include/kcl/kcl_drm_atomic.h:9:9: error: implicit declaration of function ‘drm_atomic_state_free’; did you mean ‘drm_atomic_state_get’? [-Werror=implicit-function-declaration]
    9 |  return drm_atomic_state_free(state);
      |         ^~~~~~~~~~~~~~~~~~~~~
      |         drm_atomic_state_get
/var/lib/dkms/amdgpu/5.6.5.24-1109583/build/include/kcl/kcl_drm_atomic.h:9:9: error: ‘return’ with a value, in function returning void [-Werror=return-type]
    9 |  return drm_atomic_state_free(state);
      |         ^~~~~~~~~~~~~~~~~~~~~~~~~~~~
/var/lib/dkms/amdgpu/5.6.5.24-1109583/build/include/kcl/kcl_drm_atomic.h:7:20: note: declared here
    7 | static inline void drm_atomic_state_put(struct drm_atomic_state *state)
      |                    ^~~~~~~~~~~~~~~~~~~~
cc1: some warnings being treated as errors
In file included from /var/lib/dkms/amdgpu/5.6.5.24-1109583/build/amd/backport/backport.h:18,
                 from <command-line>:
/var/lib/dkms/amdgpu/5.6.5.24-1109583/build/amd/backport/include/kcl/kcl_amdgpu.h: In function ‘kcl_amdgpu_get_vblank_timestamp_kms’:
/var/lib/dkms/amdgpu/5.6.5.24-1109583/build/amd/backport/include/kcl/kcl_amdgpu.h:88:9: error: implicit declaration of function ‘drm_calc_vbltimestamp_from_scanoutpos’ [-Werror=implicit-function-declaration]
   88 |  return drm_calc_vbltimestamp_from_scanoutpos(dev, pipe, max_error, vblank_time, in_vblank_irq);
      |         ^~~~~~~~~~~~~~~~~~~~~~~~~~~~~~~~~~~~~
In file included from /var/lib/dkms/amdgpu/5.6.5.24-1109583/build/amd/backport/backport.h:21,
                 from <command-line>:
/var/lib/dkms/amdgpu/5.6.5.24-1109583/build/include/kcl/kcl_device.h: At top level:
/var/lib/dkms/amdgpu/5.6.5.24-1109583/build/include/kcl/kcl_device.h:9:30: error: redefinition of ‘kobj_to_dev’
    9 | static inline struct device *kobj_to_dev(struct kobject *kobj)
      |                              ^~~~~~~~~~~
In file included from ./include/linux/acpi.h:15,
                 from ./include/linux/i2c.h:13,
                 from ./include/drm/drm_crtc.h:28,
                 from /var/lib/dkms/amdgpu/5.6.5.24-1109583/build/include/kcl/backport/kcl_drm_backport.h:5,
                 from /var/lib/dkms/amdgpu/5.6.5.24-1109583/build/amd/backport/backport.h:12,
                 from <command-line>:
./include/linux/device.h:586:30: note: previous definition of ‘kobj_to_dev’ was here
  586 | static inline struct device *kobj_to_dev(struct kobject *kobj)
      |                              ^~~~~~~~~~~
In file included from /var/lib/dkms/amdgpu/5.6.5.24-1109583/build/amd/backport/backport.h:21,
                 from <command-line>:
/var/lib/dkms/amdgpu/5.6.5.24-1109583/build/include/kcl/kcl_device.h:59:20: error: redefinition of ‘dev_pm_set_driver_flags’
   59 | static inline void dev_pm_set_driver_flags(struct device *dev, u32 flags)
      |                    ^~~~~~~~~~~~~~~~~~~~~~~
In file included from ./include/linux/acpi.h:15,
                 from ./include/linux/i2c.h:13,
                 from ./include/drm/drm_crtc.h:28,
                 from /var/lib/dkms/amdgpu/5.6.5.24-1109583/build/include/kcl/backport/kcl_drm_backport.h:5,
                 from /var/lib/dkms/amdgpu/5.6.5.24-1109583/build/amd/backport/backport.h:12,
                 from <command-line>:
./include/linux/device.h:726:20: note: previous definition of ‘dev_pm_set_driver_flags’ was here
  726 | static inline void dev_pm_set_driver_flags(struct device *dev, u32 flags)
      |                    ^~~~~~~~~~~~~~~~~~~~~~~
In file included from /var/lib/dkms/amdgpu/5.6.5.24-1109583/build/amd/backport/backport.h:24,
                 from <command-line>:
/var/lib/dkms/amdgpu/5.6.5.24-1109583/build/include/kcl/kcl_drm_dp_mst_helper.h: In function ‘_kcl_drm_dp_calc_pbn_mode’:
/var/lib/dkms/amdgpu/5.6.5.24-1109583/build/include/kcl/kcl_drm_dp_mst_helper.h:17:9: error: too few arguments to function ‘drm_dp_calc_pbn_mode’
   17 |  return drm_dp_calc_pbn_mode(clock, bpp);
      |         ^~~~~~~~~~~~~~~~~~~~
In file included from /var/lib/dkms/amdgpu/5.6.5.24-1109583/build/amd/amdgpu/amdgpu_mode.h:47,
                 from /var/lib/dkms/amdgpu/5.6.5.24-1109583/build/amd/amdgpu/amdgpu.h:68,
                 from /var/lib/dkms/amdgpu/5.6.5.24-1109583/build/amd/backport/include/kcl/kcl_amdgpu.h:6,
                 from /var/lib/dkms/amdgpu/5.6.5.24-1109583/build/amd/backport/backport.h:18,
                 from <command-line>:
./include/drm/drm_dp_mst_helper.h:788:5: note: declared here
  788 | int drm_dp_calc_pbn_mode(int clock, int bpp, bool dsc);
      |     ^~~~~~~~~~~~~~~~~~~~
In file included from /var/lib/dkms/amdgpu/5.6.5.24-1109583/build/amd/backport/backport.h:26,
                 from <command-line>:
/var/lib/dkms/amdgpu/5.6.5.24-1109583/build/include/kcl/kcl_drm_connector.h: At top level:
/var/lib/dkms/amdgpu/5.6.5.24-1109583/build/include/kcl/kcl_drm_connector.h:37:20: error: redefinition of ‘drm_connector_put’
   37 | static inline void drm_connector_put(struct drm_connector *connector)
      |                    ^~~~~~~~~~~~~~~~~
In file included from ./include/drm/drm_modes.h:33,
                 from ./include/drm/drm_crtc.h:40,
                 from /var/lib/dkms/amdgpu/5.6.5.24-1109583/build/include/kcl/backport/kcl_drm_backport.h:5,
                 from /var/lib/dkms/amdgpu/5.6.5.24-1109583/build/amd/backport/backport.h:12,
                 from <command-line>:
./include/drm/drm_connector.h:1576:20: note: previous definition of ‘drm_connector_put’ was here
 1576 | static inline void drm_connector_put(struct drm_connector *connector)
      |                    ^~~~~~~~~~~~~~~~~
In file included from /var/lib/dkms/amdgpu/5.6.5.24-1109583/build/amd/backport/backport.h:26,
                 from <command-line>:
/var/lib/dkms/amdgpu/5.6.5.24-1109583/build/include/kcl/kcl_drm_connector.h:56:5: error: static declaration of ‘drm_connector_init_with_ddc’ follows non-static declaration
   56 | int drm_connector_init_with_ddc(struct drm_device *dev,
      |     ^~~~~~~~~~~~~~~~~~~~~~~~~~~
In file included from ./include/drm/drm_modes.h:33,
                 from ./include/drm/drm_crtc.h:40,
                 from /var/lib/dkms/amdgpu/5.6.5.24-1109583/build/include/kcl/backport/kcl_drm_backport.h:5,
                 from /var/lib/dkms/amdgpu/5.6.5.24-1109583/build/amd/backport/backport.h:12,
                 from <command-line>:
./include/drm/drm_connector.h:1517:5: note: previous declaration of ‘drm_connector_init_with_ddc’ was here
 1517 | int drm_connector_init_with_ddc(struct drm_device *dev,
      |     ^~~~~~~~~~~~~~~~~~~~~~~~~~~
In file included from /var/lib/dkms/amdgpu/5.6.5.24-1109583/build/include/kcl/backport/kcl_drm_dp_helper_backport.h:5,
                 from /var/lib/dkms/amdgpu/5.6.5.24-1109583/build/amd/backport/backport.h:27,
                 from <command-line>:
/var/lib/dkms/amdgpu/5.6.5.24-1109583/build/include/kcl/kcl_drm_dp_helper.h:162:20: error: static declaration of ‘drm_dp_cec_unregister_connector’ follows non-static declaration
  162 | static inline void drm_dp_cec_unregister_connector(struct drm_dp_aux *aux)
      |                    ^~~~~~~~~~~~~~~~~~~~~~~~~~~~~~~
In file included from /var/lib/dkms/amdgpu/5.6.5.24-1109583/build/include/kcl/kcl_drm.h:17,
                 from /var/lib/dkms/amdgpu/5.6.5.24-1109583/build/include/kcl/backport/kcl_drm_backport.h:16,
                 from /var/lib/dkms/amdgpu/5.6.5.24-1109583/build/amd/backport/backport.h:12,
                 from <command-line>:
./include/drm/drm_dp_helper.h:1919:6: note: previous declaration of ‘drm_dp_cec_unregister_connector’ was here
 1919 | void drm_dp_cec_unregister_connector(struct drm_dp_aux *aux);
      |      ^~~~~~~~~~~~~~~~~~~~~~~~~~~~~~~
make[2]: *** [scripts/Makefile.build:287: /var/lib/dkms/amdgpu/5.6.5.24-1109583/build/amd/amdgpu/atombios_crtc.o] Error 1
In file included from /var/lib/dkms/amdgpu/5.6.5.24-1109583/build/amd/backport/backport.h:30,
                 from <command-line>:
/var/lib/dkms/amdgpu/5.6.5.24-1109583/build/include/kcl/kcl_hwmon.h:13:1: error: static declaration of ‘hwmon_device_register_with_groups’ follows non-static declaration
   13 | hwmon_device_register_with_groups(struct device *dev, const char *name,
      | ^~~~~~~~~~~~~~~~~~~~~~~~~~~~~~~~~
In file included from /var/lib/dkms/amdgpu/5.6.5.24-1109583/build/include/kcl/kcl_hwmon.h:5,
                 from /var/lib/dkms/amdgpu/5.6.5.24-1109583/build/amd/backport/backport.h:30,
                 from <command-line>:
./include/linux/hwmon.h:438:1: note: previous declaration of ‘hwmon_device_register_with_groups’ was here
  438 | hwmon_device_register_with_groups(struct device *dev, const char *name,
      | ^~~~~~~~~~~~~~~~~~~~~~~~~~~~~~~~~
In file included from /var/lib/dkms/amdgpu/5.6.5.24-1109583/build/amd/backport/backport.h:37,
                 from <command-line>:
/var/lib/dkms/amdgpu/5.6.5.24-1109583/build/include/kcl/kcl_pagemap.h: In function ‘_kcl_release_pages’:
/var/lib/dkms/amdgpu/5.6.5.24-1109583/build/include/kcl/kcl_pagemap.h:10:2: error: too many arguments to function ‘release_pages’
   10 |  release_pages(pages, nr, 0);
      |  ^~~~~~~~~~~~~
In file included from /var/lib/dkms/amdgpu/5.6.5.24-1109583/build/include/kcl/kcl_pagemap.h:5,
                 from /var/lib/dkms/amdgpu/5.6.5.24-1109583/build/amd/backport/backport.h:37,
                 from <command-line>:
./include/linux/pagemap.h:158:6: note: declared here
  158 | void release_pages(struct page **pages, int nr);
      |      ^~~~~~~~~~~~~
/var/lib/dkms/amdgpu/5.6.5.24-1109583/build/include/kcl/kcl_timekeeping.h:24:2: error: implicit declaration of function ‘get_monotonic_boottime’ [-Werror=implicit-function-declaration]
   24 |  get_monotonic_boottime(&time);
      |  ^~~~~~~~~~~~~~~~~~~~~~
In file included from /var/lib/dkms/amdgpu/5.6.5.24-1109583/build/include/kcl/backport/kcl_pci_backport.h:7,
                 from /var/lib/dkms/amdgpu/5.6.5.24-1109583/build/amd/backport/backport.h:38,
                 from <command-line>:
/var/lib/dkms/amdgpu/5.6.5.24-1109583/build/include/kcl/kcl_pci.h: At top level:
/var/lib/dkms/amdgpu/5.6.5.24-1109583/build/include/kcl/kcl_pci.h:105:5: error: static declaration of ‘pci_enable_atomic_ops_to_root’ follows non-static declaration
  105 | int pci_enable_atomic_ops_to_root(struct pci_dev *dev, u32 cap_mask)
      |     ^~~~~~~~~~~~~~~~~~~~~~~~~~~~~
In file included from /var/lib/dkms/amdgpu/5.6.5.24-1109583/build/include/kcl/backport/kcl_pci_backport.h:5,
                 from /var/lib/dkms/amdgpu/5.6.5.24-1109583/build/amd/backport/backport.h:38,
                 from <command-line>:
./include/linux/pci.h:2192:5: note: previous declaration of ‘pci_enable_atomic_ops_to_root’ was here
 2192 | int pci_enable_atomic_ops_to_root(struct pci_dev *dev, u32 cap_mask);
      |     ^~~~~~~~~~~~~~~~~~~~~~~~~~~~~
In file included from /var/lib/dkms/amdgpu/5.6.5.24-1109583/build/include/kcl/backport/kcl_pci_backport.h:7,
                 from /var/lib/dkms/amdgpu/5.6.5.24-1109583/build/amd/backport/backport.h:38,
                 from <command-line>:
/var/lib/dkms/amdgpu/5.6.5.24-1109583/build/include/kcl/kcl_pci.h:112:31: error: redefinition of ‘pci_upstream_bridge’
  112 | static inline struct pci_dev *pci_upstream_bridge(struct pci_dev *dev)
      |                               ^~~~~~~~~~~~~~~~~~~
In file included from /var/lib/dkms/amdgpu/5.6.5.24-1109583/build/include/kcl/backport/kcl_pci_backport.h:5,
                 from /var/lib/dkms/amdgpu/5.6.5.24-1109583/build/amd/backport/backport.h:38,
                 from <command-line>:
./include/linux/pci.h:686:31: note: previous definition of ‘pci_upstream_bridge’ was here
  686 | static inline struct pci_dev *pci_upstream_bridge(struct pci_dev *dev)
      |                               ^~~~~~~~~~~~~~~~~~~
In file included from /var/lib/dkms/amdgpu/5.6.5.24-1109583/build/include/kcl/backport/kcl_pci_backport.h:7,
                 from /var/lib/dkms/amdgpu/5.6.5.24-1109583/build/amd/backport/backport.h:38,
                 from <command-line>:
/var/lib/dkms/amdgpu/5.6.5.24-1109583/build/include/kcl/kcl_pci.h:127:5: error: static declaration of ‘pcie_bandwidth_available’ follows non-static declaration
  127 | u32 pcie_bandwidth_available(struct pci_dev *dev, struct pci_dev **limiting_dev,
      |     ^~~~~~~~~~~~~~~~~~~~~~~~
In file included from /var/lib/dkms/amdgpu/5.6.5.24-1109583/build/include/kcl/backport/kcl_pci_backport.h:5,
                 from /var/lib/dkms/amdgpu/5.6.5.24-1109583/build/amd/backport/backport.h:38,
                 from <command-line>:
./include/linux/pci.h:1218:5: note: previous declaration of ‘pcie_bandwidth_available’ was here
 1218 | u32 pcie_bandwidth_available(struct pci_dev *dev, struct pci_dev **limiting_dev,
      |     ^~~~~~~~~~~~~~~~~~~~~~~~
In file included from /var/lib/dkms/amdgpu/5.6.5.24-1109583/build/include/kcl/backport/kcl_pci_backport.h:7,
                 from /var/lib/dkms/amdgpu/5.6.5.24-1109583/build/amd/backport/backport.h:38,
                 from <command-line>:
/var/lib/dkms/amdgpu/5.6.5.24-1109583/build/include/kcl/kcl_pci.h:170:19: error: redefinition of ‘pci_dev_id’
  170 | static inline u16 pci_dev_id(struct pci_dev *dev)
      |                   ^~~~~~~~~~
In file included from /var/lib/dkms/amdgpu/5.6.5.24-1109583/build/include/kcl/backport/kcl_pci_backport.h:5,
                 from /var/lib/dkms/amdgpu/5.6.5.24-1109583/build/amd/backport/backport.h:38,
                 from <command-line>:
./include/linux/pci.h:651:19: note: previous definition of ‘pci_dev_id’ was here
  651 | static inline u16 pci_dev_id(struct pci_dev *dev)
      |                   ^~~~~~~~~~
In file included from /var/lib/dkms/amdgpu/5.6.5.24-1109583/build/include/kcl/backport/kcl_pci_backport.h:7,
                 from /var/lib/dkms/amdgpu/5.6.5.24-1109583/build/amd/backport/backport.h:38,
                 from <command-line>:
/var/lib/dkms/amdgpu/5.6.5.24-1109583/build/include/kcl/kcl_pci.h:177:20: error: redefinition of ‘pci_is_thunderbolt_attached’
  177 | static inline bool pci_is_thunderbolt_attached(struct pci_dev *pdev)
      |                    ^~~~~~~~~~~~~~~~~~~~~~~~~~~
In file included from /var/lib/dkms/amdgpu/5.6.5.24-1109583/build/include/kcl/backport/kcl_pci_backport.h:5,
                 from /var/lib/dkms/amdgpu/5.6.5.24-1109583/build/amd/backport/backport.h:38,
                 from <command-line>:
./include/linux/pci.h:2389:20: note: previous definition of ‘pci_is_thunderbolt_attached’ was here
 2389 | static inline bool pci_is_thunderbolt_attached(struct pci_dev *pdev)
      |                    ^~~~~~~~~~~~~~~~~~~~~~~~~~~
/var/lib/dkms/amdgpu/5.6.5.24-1109583/build/include/kcl/kcl_timekeeping.h:25:14: error: implicit declaration of function ‘timespec_to_ns’; did you mean ‘timespec64_to_ns’? [-Werror=implicit-function-declaration]
   25 |  return (u64)timespec_to_ns(&time);
      |              ^~~~~~~~~~~~~~
      |              timespec64_to_ns
/var/lib/dkms/amdgpu/5.6.5.24-1109583/build/include/kcl/kcl_timekeeping.h:22:18: warning: unused variable ‘time’ [-Wunused-variable]
   22 |  struct timespec time;
      |                  ^~~~
/var/lib/dkms/amdgpu/5.6.5.24-1109583/build/include/kcl/kcl_timekeeping.h: At top level:
/var/lib/dkms/amdgpu/5.6.5.24-1109583/build/include/kcl/kcl_timekeeping.h:31:19: error: redefinition of ‘ktime_get_raw_ns’
   31 | static inline u64 ktime_get_raw_ns(void)
      |                   ^~~~~~~~~~~~~~~~
In file included from ./include/linux/ktime.h:232,
                 from ./include/linux/timer.h:6,
                 from ./include/linux/workqueue.h:9,
                 from ./include/linux/rhashtable-types.h:15,
                 from ./include/linux/ipc.h:7,
                 from ./include/uapi/linux/sem.h:5,
                 from ./include/linux/sem.h:5,
                 from ./include/linux/sched.h:15,
                 from ./include/linux/dma-fence.h:21,
                 from /var/lib/dkms/amdgpu/5.6.5.24-1109583/build/include/kcl/kcl_fence.h:11,
                 from /var/lib/dkms/amdgpu/5.6.5.24-1109583/build/include/kcl/backport/kcl_fence_backport.h:4,
                 from /var/lib/dkms/amdgpu/5.6.5.24-1109583/build/amd/backport/backport.h:11,
                 from <command-line>:
./include/linux/timekeeping.h:171:19: note: previous definition of ‘ktime_get_raw_ns’ was here
  171 | static inline u64 ktime_get_raw_ns(void)
      |                   ^~~~~~~~~~~~~~~~
In file included from /var/lib/dkms/amdgpu/5.6.5.24-1109583/build/amd/backport/backport.h:41,
                 from <command-line>:
/var/lib/dkms/amdgpu/5.6.5.24-1109583/build/include/kcl/kcl_timekeeping.h: In function ‘ktime_get_raw_ns’:
/var/lib/dkms/amdgpu/5.6.5.24-1109583/build/include/kcl/kcl_timekeeping.h:33:18: error: storage size of ‘time’ isn’t known
   33 |  struct timespec time;
      |                  ^~~~
In file included from /var/lib/dkms/amdgpu/5.6.5.24-1109583/build/amd/backport/backport.h:41,
                 from <command-line>:
/var/lib/dkms/amdgpu/5.6.5.24-1109583/build/include/kcl/kcl_timekeeping.h:7:19: error: redefinition of ‘ktime_get_ns’
    7 | static inline u64 ktime_get_ns(void)
      |                   ^~~~~~~~~~~~
In file included from ./include/linux/ktime.h:232,
                 from ./include/linux/timer.h:6,
                 from ./include/linux/workqueue.h:9,
                 from ./include/linux/rhashtable-types.h:15,
                 from ./include/linux/ipc.h:7,
                 from ./include/uapi/linux/sem.h:5,
                 from ./include/linux/sem.h:5,
                 from ./include/linux/sched.h:15,
                 from ./include/linux/dma-fence.h:21,
                 from /var/lib/dkms/amdgpu/5.6.5.24-1109583/build/include/kcl/kcl_fence.h:11,
                 from /var/lib/dkms/amdgpu/5.6.5.24-1109583/build/include/kcl/backport/kcl_fence_backport.h:4,
                 from /var/lib/dkms/amdgpu/5.6.5.24-1109583/build/amd/backport/backport.h:11,
                 from <command-line>:
./include/linux/timekeeping.h:151:19: note: previous definition of ‘ktime_get_ns’ was here
  151 | static inline u64 ktime_get_ns(void)
      |                   ^~~~~~~~~~~~
In file included from /var/lib/dkms/amdgpu/5.6.5.24-1109583/build/amd/backport/backport.h:41,
                 from <command-line>:
/var/lib/dkms/amdgpu/5.6.5.24-1109583/build/include/kcl/kcl_timekeeping.h:20:19: error: redefinition of ‘ktime_get_boottime_ns’
   20 | static inline u64 ktime_get_boottime_ns(void)
      |                   ^~~~~~~~~~~~~~~~~~~~~
In file included from ./include/linux/ktime.h:232,
                 from ./include/linux/timer.h:6,
                 from ./include/linux/workqueue.h:9,
                 from ./include/linux/rhashtable-types.h:15,
                 from ./include/linux/ipc.h:7,
                 from ./include/uapi/linux/sem.h:5,
                 from ./include/linux/sem.h:5,
                 from ./include/linux/sched.h:15,
                 from ./include/linux/dma-fence.h:21,
                 from /var/lib/dkms/amdgpu/5.6.5.24-1109583/build/include/kcl/kcl_fence.h:11,
                 from /var/lib/dkms/amdgpu/5.6.5.24-1109583/build/include/kcl/backport/kcl_fence_backport.h:4,
                 from /var/lib/dkms/amdgpu/5.6.5.24-1109583/build/amd/backport/backport.h:11,
                 from <command-line>:
./include/linux/timekeeping.h:161:19: note: previous definition of ‘ktime_get_boottime_ns’ was here
  161 | static inline u64 ktime_get_boottime_ns(void)
      |                   ^~~~~~~~~~~~~~~~~~~~~
In file included from /var/lib/dkms/amdgpu/5.6.5.24-1109583/build/amd/backport/backport.h:41,
                 from <command-line>:
/var/lib/dkms/amdgpu/5.6.5.24-1109583/build/include/kcl/kcl_timekeeping.h: In function ‘ktime_get_boottime_ns’:
/var/lib/dkms/amdgpu/5.6.5.24-1109583/build/include/kcl/kcl_timekeeping.h:22:18: error: storage size of ‘time’ isn’t known
   22 |  struct timespec time;
      |                  ^~~~
/var/lib/dkms/amdgpu/5.6.5.24-1109583/build/include/kcl/kcl_timekeeping.h:35:2: error: implicit declaration of function ‘getrawmonotonic’ [-Werror=implicit-function-declaration]
   35 |  getrawmonotonic(&time);
      |  ^~~~~~~~~~~~~~~
/var/lib/dkms/amdgpu/5.6.5.24-1109583/build/include/kcl/kcl_timekeeping.h:33:18: warning: unused variable ‘time’ [-Wunused-variable]
   33 |  struct timespec time;
      |                  ^~~~
/var/lib/dkms/amdgpu/5.6.5.24-1109583/build/include/kcl/kcl_timekeeping.h: At top level:
/var/lib/dkms/amdgpu/5.6.5.24-1109583/build/include/kcl/kcl_timekeeping.h:41:24: error: static declaration of ‘ktime_get_real_seconds’ follows non-static declaration
   41 | static inline time64_t ktime_get_real_seconds(void)
      |                        ^~~~~~~~~~~~~~~~~~~~~~
In file included from ./include/linux/ktime.h:232,
                 from ./include/linux/timer.h:6,
                 from ./include/linux/workqueue.h:9,
                 from ./include/linux/rhashtable-types.h:15,
                 from ./include/linux/ipc.h:7,
                 from ./include/uapi/linux/sem.h:5,
                 from ./include/linux/sem.h:5,
                 from ./include/linux/sched.h:15,
                 from ./include/linux/dma-fence.h:21,
                 from /var/lib/dkms/amdgpu/5.6.5.24-1109583/build/include/kcl/kcl_fence.h:11,
                 from /var/lib/dkms/amdgpu/5.6.5.24-1109583/build/include/kcl/backport/kcl_fence_backport.h:4,
                 from /var/lib/dkms/amdgpu/5.6.5.24-1109583/build/amd/backport/backport.h:11,
                 from <command-line>:
./include/linux/timekeeping.h:53:17: note: previous declaration of ‘ktime_get_real_seconds’ was here
   53 | extern time64_t ktime_get_real_seconds(void);
      |                 ^~~~~~~~~~~~~~~~~~~~~~
In file included from /var/lib/dkms/amdgpu/5.6.5.24-1109583/build/amd/backport/backport.h:41,
                 from <command-line>:
/var/lib/dkms/amdgpu/5.6.5.24-1109583/build/include/kcl/kcl_timekeeping.h: In function ‘ktime_get_real_seconds’:
/var/lib/dkms/amdgpu/5.6.5.24-1109583/build/include/kcl/kcl_timekeeping.h:43:17: error: storage size of ‘ts’ isn’t known
   43 |  struct timeval ts;
      |                 ^~
cc1: some warnings being treated as errors
make[2]: *** [scripts/Makefile.build:287: /var/lib/dkms/amdgpu/5.6.5.24-1109583/build/amd/amdgpu/amdgpu_device.o] Error 1
/var/lib/dkms/amdgpu/5.6.5.24-1109583/build/include/kcl/kcl_timekeeping.h:45:2: error: implicit declaration of function ‘do_gettimeofday’; did you mean ‘do_settimeofday64’? [-Werror=implicit-function-declaration]
   45 |  do_gettimeofday(&ts);
      |  ^~~~~~~~~~~~~~~
      |  do_settimeofday64
/var/lib/dkms/amdgpu/5.6.5.24-1109583/build/include/kcl/kcl_timekeeping.h:43:17: warning: unused variable ‘ts’ [-Wunused-variable]
   43 |  struct timeval ts;
      |                 ^~
/var/lib/dkms/amdgpu/5.6.5.24-1109583/build/include/kcl/kcl_timekeeping.h: At top level:
/var/lib/dkms/amdgpu/5.6.5.24-1109583/build/include/kcl/kcl_timekeeping.h:51:19: error: static declaration of ‘ktime_get_mono_fast_ns’ follows non-static declaration
   51 | static inline u64 ktime_get_mono_fast_ns(void)
      |                   ^~~~~~~~~~~~~~~~~~~~~~
In file included from ./include/linux/ktime.h:232,
                 from ./include/linux/timer.h:6,
                 from ./include/linux/workqueue.h:9,
                 from ./include/linux/rhashtable-types.h:15,
                 from ./include/linux/ipc.h:7,
                 from ./include/uapi/linux/sem.h:5,
                 from ./include/linux/sem.h:5,
                 from ./include/linux/sched.h:15,
                 from ./include/linux/dma-fence.h:21,
                 from /var/lib/dkms/amdgpu/5.6.5.24-1109583/build/include/kcl/kcl_fence.h:11,
                 from /var/lib/dkms/amdgpu/5.6.5.24-1109583/build/include/kcl/backport/kcl_fence_backport.h:4,
                 from /var/lib/dkms/amdgpu/5.6.5.24-1109583/build/amd/backport/backport.h:11,
                 from <command-line>:
./include/linux/timekeeping.h:176:12: note: previous declaration of ‘ktime_get_mono_fast_ns’ was here
  176 | extern u64 ktime_get_mono_fast_ns(void);
      |            ^~~~~~~~~~~~~~~~~~~~~~
In file included from /var/lib/dkms/amdgpu/5.6.5.24-1109583/build/amd/backport/backport.h:42,
                 from <command-line>:
/var/lib/dkms/amdgpu/5.6.5.24-1109583/build/include/kcl/backport/kcl_uaccess_backport.h: In function ‘_kcl_access_ok’:
/var/lib/dkms/amdgpu/5.6.5.24-1109583/build/include/kcl/backport/kcl_uaccess_backport.h:9:47: error: macro "access_ok" passed 3 arguments, but takes just 2
    9 |  return access_ok(VERIFY_WRITE, (addr), (size));
      |                                               ^
In file included from ./include/linux/uaccess.h:11,
                 from ./arch/x86/include/asm/fpu/xstate.h:5,
                 from ./arch/x86/include/asm/pgtable.h:26,
                 from ./include/linux/pgtable.h:6,
                 from ./include/linux/mm.h:33,
                 from ./include/linux/kallsyms.h:12,
                 from ./include/linux/ftrace.h:12,
                 from ./include/linux/kprobes.h:29,
                 from ./include/linux/kgdb.h:19,
                 from ./include/linux/fb.h:5,
                 from ./include/drm/drm_crtc.h:31,
                 from /var/lib/dkms/amdgpu/5.6.5.24-1109583/build/include/kcl/backport/kcl_drm_backport.h:5,
                 from /var/lib/dkms/amdgpu/5.6.5.24-1109583/build/amd/backport/backport.h:12,
                 from <command-line>:
./arch/x86/include/asm/uaccess.h:69: note: macro "access_ok" defined here
   69 | #define access_ok(addr, size)     \
      | 
In file included from /var/lib/dkms/amdgpu/5.6.5.24-1109583/build/amd/backport/backport.h:42,
                 from <command-line>:
/var/lib/dkms/amdgpu/5.6.5.24-1109583/build/include/kcl/backport/kcl_uaccess_backport.h:9:9: error: ‘access_ok’ undeclared (first use in this function); did you mean ‘_kcl_access_ok’?
    9 |  return access_ok(VERIFY_WRITE, (addr), (size));
      |         ^~~~~~~~~
      |         _kcl_access_ok
In file included from /var/lib/dkms/amdgpu/5.6.5.24-1109583/build/include/kcl/backport/kcl_vga_switcheroo_backport.h:4,
                 from /var/lib/dkms/amdgpu/5.6.5.24-1109583/build/amd/backport/backport.h:43,
                 from <command-line>:
/var/lib/dkms/amdgpu/5.6.5.24-1109583/build/include/kcl/kcl_vga_switcheroo.h: At top level:
/var/lib/dkms/amdgpu/5.6.5.24-1109583/build/include/kcl/kcl_vga_switcheroo.h:8:8: error: redefinition of ‘struct vga_switcheroo_client_ops’
    8 | struct vga_switcheroo_client_ops {
      |        ^~~~~~~~~~~~~~~~~~~~~~~~~
In file included from /var/lib/dkms/amdgpu/5.6.5.24-1109583/build/include/kcl/kcl_vga_switcheroo.h:5,
                 from /var/lib/dkms/amdgpu/5.6.5.24-1109583/build/include/kcl/backport/kcl_vga_switcheroo_backport.h:4,
                 from /var/lib/dkms/amdgpu/5.6.5.24-1109583/build/amd/backport/backport.h:43,
                 from <command-line>:
./include/linux/vga_switcheroo.h:143:8: note: originally defined here
  143 | struct vga_switcheroo_client_ops {
      |        ^~~~~~~~~~~~~~~~~~~~~~~~~
In file included from /var/lib/dkms/amdgpu/5.6.5.24-1109583/build/include/kcl/backport/kcl_vga_switcheroo_backport.h:4,
                 from /var/lib/dkms/amdgpu/5.6.5.24-1109583/build/amd/backport/backport.h:43,
                 from <command-line>:
/var/lib/dkms/amdgpu/5.6.5.24-1109583/build/include/kcl/kcl_vga_switcheroo.h: In function ‘_kcl_vga_switcheroo_register_client’:
/var/lib/dkms/amdgpu/5.6.5.24-1109583/build/include/kcl/kcl_vga_switcheroo.h:25:48: error: passing argument 2 of ‘vga_switcheroo_register_client’ from incompatible pointer type [-Werror=incompatible-pointer-types]
   25 |  return vga_switcheroo_register_client(dev, ops->set_gpu_state, ops->can_switch);
      |                                             ~~~^~~~~~~~~~~~~~~
      |                                                |
      |                                                void (* const)(struct pci_dev *, enum vga_switcheroo_state)
In file included from /var/lib/dkms/amdgpu/5.6.5.24-1109583/build/include/kcl/kcl_vga_switcheroo.h:5,
                 from /var/lib/dkms/amdgpu/5.6.5.24-1109583/build/include/kcl/backport/kcl_vga_switcheroo_backport.h:4,
                 from /var/lib/dkms/amdgpu/5.6.5.24-1109583/build/amd/backport/backport.h:43,
                 from <command-line>:
./include/linux/vga_switcheroo.h:153:48: note: expected ‘const struct vga_switcheroo_client_ops *’ but argument is of type ‘void (* const)(struct pci_dev *, enum vga_switcheroo_state)’
  153 |        const struct vga_switcheroo_client_ops *ops,
      |        ~~~~~~~~~~~~~~~~~~~~~~~~~~~~~~~~~~~~~~~~^~~
In file included from /var/lib/dkms/amdgpu/5.6.5.24-1109583/build/include/kcl/backport/kcl_vga_switcheroo_backport.h:4,
                 from /var/lib/dkms/amdgpu/5.6.5.24-1109583/build/amd/backport/backport.h:43,
                 from <command-line>:
/var/lib/dkms/amdgpu/5.6.5.24-1109583/build/include/kcl/kcl_vga_switcheroo.h: At top level:
/var/lib/dkms/amdgpu/5.6.5.24-1109583/build/include/kcl/kcl_vga_switcheroo.h:31:6: error: nested redefinition of ‘enum vga_switcheroo_handler_flags_t’
   31 | enum vga_switcheroo_handler_flags_t {
      |      ^~~~~~~~~~~~~~~~~~~~~~~~~~~~~~
/var/lib/dkms/amdgpu/5.6.5.24-1109583/build/include/kcl/kcl_vga_switcheroo.h:31:6: error: redeclaration of ‘enum vga_switcheroo_handler_flags_t’
In file included from /var/lib/dkms/amdgpu/5.6.5.24-1109583/build/include/kcl/kcl_vga_switcheroo.h:5,
                 from /var/lib/dkms/amdgpu/5.6.5.24-1109583/build/include/kcl/backport/kcl_vga_switcheroo_backport.h:4,
                 from /var/lib/dkms/amdgpu/5.6.5.24-1109583/build/amd/backport/backport.h:43,
                 from <command-line>:
./include/linux/vga_switcheroo.h:53:6: note: originally defined here
   53 | enum vga_switcheroo_handler_flags_t {
      |      ^~~~~~~~~~~~~~~~~~~~~~~~~~~~~~
In file included from /var/lib/dkms/amdgpu/5.6.5.24-1109583/build/include/kcl/backport/kcl_vga_switcheroo_backport.h:4,
                 from /var/lib/dkms/amdgpu/5.6.5.24-1109583/build/amd/backport/backport.h:43,
                 from <command-line>:
/var/lib/dkms/amdgpu/5.6.5.24-1109583/build/include/kcl/kcl_vga_switcheroo.h:32:2: error: redeclaration of enumerator ‘VGA_SWITCHEROO_CAN_SWITCH_DDC’
   32 |  VGA_SWITCHEROO_CAN_SWITCH_DDC = (1 << 0),
      |  ^~~~~~~~~~~~~~~~~~~~~~~~~~~~~
In file included from /var/lib/dkms/amdgpu/5.6.5.24-1109583/build/include/kcl/kcl_vga_switcheroo.h:5,
                 from /var/lib/dkms/amdgpu/5.6.5.24-1109583/build/include/kcl/backport/kcl_vga_switcheroo_backport.h:4,
                 from /var/lib/dkms/amdgpu/5.6.5.24-1109583/build/amd/backport/backport.h:43,
                 from <command-line>:
./include/linux/vga_switcheroo.h:54:2: note: previous definition of ‘VGA_SWITCHEROO_CAN_SWITCH_DDC’ was here
   54 |  VGA_SWITCHEROO_CAN_SWITCH_DDC = (1 << 0),
      |  ^~~~~~~~~~~~~~~~~~~~~~~~~~~~~
In file included from /var/lib/dkms/amdgpu/5.6.5.24-1109583/build/include/kcl/backport/kcl_vga_switcheroo_backport.h:4,
                 from /var/lib/dkms/amdgpu/5.6.5.24-1109583/build/amd/backport/backport.h:43,
                 from <command-line>:
/var/lib/dkms/amdgpu/5.6.5.24-1109583/build/include/kcl/kcl_vga_switcheroo.h:33:2: error: redeclaration of enumerator ‘VGA_SWITCHEROO_NEEDS_EDP_CONFIG’
   33 |  VGA_SWITCHEROO_NEEDS_EDP_CONFIG = (1 << 1),
      |  ^~~~~~~~~~~~~~~~~~~~~~~~~~~~~~~
In file included from /var/lib/dkms/amdgpu/5.6.5.24-1109583/build/include/kcl/kcl_vga_switcheroo.h:5,
                 from /var/lib/dkms/amdgpu/5.6.5.24-1109583/build/include/kcl/backport/kcl_vga_switcheroo_backport.h:4,
                 from /var/lib/dkms/amdgpu/5.6.5.24-1109583/build/amd/backport/backport.h:43,
                 from <command-line>:
./include/linux/vga_switcheroo.h:55:2: note: previous definition of ‘VGA_SWITCHEROO_NEEDS_EDP_CONFIG’ was here
   55 |  VGA_SWITCHEROO_NEEDS_EDP_CONFIG = (1 << 1),
      |  ^~~~~~~~~~~~~~~~~~~~~~~~~~~~~~~
In file included from /var/lib/dkms/amdgpu/5.6.5.24-1109583/build/include/kcl/backport/kcl_vga_switcheroo_backport.h:4,
                 from /var/lib/dkms/amdgpu/5.6.5.24-1109583/build/amd/backport/backport.h:43,
                 from <command-line>:
/var/lib/dkms/amdgpu/5.6.5.24-1109583/build/include/kcl/kcl_vga_switcheroo.h: In function ‘_kcl_vga_switcheroo_register_handler’:
/var/lib/dkms/amdgpu/5.6.5.24-1109583/build/include/kcl/kcl_vga_switcheroo.h:45:9: error: too few arguments to function ‘vga_switcheroo_register_handler’
   45 |  return vga_switcheroo_register_handler((struct vga_switcheroo_handler *)handler);
      |         ^~~~~~~~~~~~~~~~~~~~~~~~~~~~~~~
In file included from /var/lib/dkms/amdgpu/5.6.5.24-1109583/build/include/kcl/kcl_vga_switcheroo.h:5,
                 from /var/lib/dkms/amdgpu/5.6.5.24-1109583/build/include/kcl/backport/kcl_vga_switcheroo_backport.h:4,
                 from /var/lib/dkms/amdgpu/5.6.5.24-1109583/build/amd/backport/backport.h:43,
                 from <command-line>:
./include/linux/vga_switcheroo.h:162:5: note: declared here
  162 | int vga_switcheroo_register_handler(const struct vga_switcheroo_handler *handler,
      |     ^~~~~~~~~~~~~~~~~~~~~~~~~~~~~~~
In file included from /var/lib/dkms/amdgpu/5.6.5.24-1109583/build/amd/backport/backport.h:46,
                 from <command-line>:
/var/lib/dkms/amdgpu/5.6.5.24-1109583/build/include/kcl/backport/kcl_drm_dp_mst_helper_backport.h: In function ‘_kcl_drm_dp_mst_topology_mgr_resume’:
/var/lib/dkms/amdgpu/5.6.5.24-1109583/build/include/kcl/backport/kcl_drm_dp_mst_helper_backport.h:12:9: error: too few arguments to function ‘drm_dp_mst_topology_mgr_resume’
   12 |  return drm_dp_mst_topology_mgr_resume(mgr);
      |         ^~~~~~~~~~~~~~~~~~~~~~~~~~~~~~
In file included from /var/lib/dkms/amdgpu/5.6.5.24-1109583/build/amd/amdgpu/amdgpu_mode.h:47,
                 from /var/lib/dkms/amdgpu/5.6.5.24-1109583/build/amd/amdgpu/amdgpu.h:68,
                 from /var/lib/dkms/amdgpu/5.6.5.24-1109583/build/amd/backport/include/kcl/kcl_amdgpu.h:6,
                 from /var/lib/dkms/amdgpu/5.6.5.24-1109583/build/amd/backport/backport.h:18,
                 from <command-line>:
./include/drm/drm_dp_mst_helper.h:819:1: note: declared here
  819 | drm_dp_mst_topology_mgr_resume(struct drm_dp_mst_topology_mgr *mgr,
      | ^~~~~~~~~~~~~~~~~~~~~~~~~~~~~~
In file included from /var/lib/dkms/amdgpu/5.6.5.24-1109583/build/amd/backport/backport.h:49,
                 from <command-line>:
/var/lib/dkms/amdgpu/5.6.5.24-1109583/build/include/kcl/kcl_seq_file.h: At top level:
/var/lib/dkms/amdgpu/5.6.5.24-1109583/build/include/kcl/kcl_seq_file.h:28:20: error: static declaration of ‘seq_hex_dump’ follows non-static declaration
   28 | static inline void seq_hex_dump(struct seq_file *m, const char *prefix_str, int prefix_type,
      |                    ^~~~~~~~~~~~
In file included from ./include/drm/drm_print.h:31,
                 from ./include/drm/drm_mm.h:49,
                 from ./include/drm/drm_vma_manager.h:26,
                 from ./include/drm/drm_gem.h:40,
                 from /var/lib/dkms/amdgpu/5.6.5.24-1109583/build/include/kcl/backport/kcl_drm_backport.h:11,
                 from /var/lib/dkms/amdgpu/5.6.5.24-1109583/build/amd/backport/backport.h:12,
                 from <command-line>:
./include/linux/seq_file.h:132:6: note: previous declaration of ‘seq_hex_dump’ was here
  132 | void seq_hex_dump(struct seq_file *m, const char *prefix_str, int prefix_type,
      |      ^~~~~~~~~~~~
In file included from /var/lib/dkms/amdgpu/5.6.5.24-1109583/build/amd/backport/backport.h:50,
                 from <command-line>:
/var/lib/dkms/amdgpu/5.6.5.24-1109583/build/include/kcl/kcl_ptrace.h:8:35: error: redefinition of ‘ptrace_parent’
    8 | static inline struct task_struct *ptrace_parent(struct task_struct *task)
      |                                   ^~~~~~~~~~~~~
In file included from ./include/linux/ftrace.h:15,
                 from ./include/linux/kprobes.h:29,
                 from ./include/linux/kgdb.h:19,
                 from ./include/linux/fb.h:5,
                 from ./include/drm/drm_crtc.h:31,
                 from /var/lib/dkms/amdgpu/5.6.5.24-1109583/build/include/kcl/backport/kcl_drm_backport.h:5,
                 from /var/lib/dkms/amdgpu/5.6.5.24-1109583/build/amd/backport/backport.h:12,
                 from <command-line>:
./include/linux/ptrace.h:124:35: note: previous definition of ‘ptrace_parent’ was here
  124 | static inline struct task_struct *ptrace_parent(struct task_struct *task)
      |                                   ^~~~~~~~~~~~~
In file included from /var/lib/dkms/amdgpu/5.6.5.24-1109583/build/amd/backport/backport.h:56,
                 from <command-line>:
/var/lib/dkms/amdgpu/5.6.5.24-1109583/build/include/kcl/kcl_list.h:7:20: error: redefinition of ‘list_bulk_move_tail’
    7 | static inline void list_bulk_move_tail(struct list_head *head,
      |                    ^~~~~~~~~~~~~~~~~~~
In file included from ./include/linux/preempt.h:11,
                 from ./include/linux/rcupdate.h:27,
                 from /var/lib/dkms/amdgpu/5.6.5.24-1109583/build/include/kcl/kcl_rcupdate.h:5,
                 from /var/lib/dkms/amdgpu/5.6.5.24-1109583/build/include/kcl/kcl_fence.h:6,
                 from /var/lib/dkms/amdgpu/5.6.5.24-1109583/build/include/kcl/backport/kcl_fence_backport.h:4,
                 from /var/lib/dkms/amdgpu/5.6.5.24-1109583/build/amd/backport/backport.h:11,
                 from <command-line>:
./include/linux/list.h:240:20: note: previous definition of ‘list_bulk_move_tail’ was here
  240 | static inline void list_bulk_move_tail(struct list_head *head,
      |                    ^~~~~~~~~~~~~~~~~~~
In file included from /var/lib/dkms/amdgpu/5.6.5.24-1109583/build/amd/backport/backport.h:56,
                 from <command-line>:
/var/lib/dkms/amdgpu/5.6.5.24-1109583/build/include/kcl/kcl_list.h:24:20: error: redefinition of ‘list_rotate_to_front’
   24 | static inline void list_rotate_to_front(struct list_head *list,
      |                    ^~~~~~~~~~~~~~~~~~~~
In file included from ./include/linux/preempt.h:11,
                 from ./include/linux/rcupdate.h:27,
                 from /var/lib/dkms/amdgpu/5.6.5.24-1109583/build/include/kcl/kcl_rcupdate.h:5,
                 from /var/lib/dkms/amdgpu/5.6.5.24-1109583/build/include/kcl/kcl_fence.h:6,
                 from /var/lib/dkms/amdgpu/5.6.5.24-1109583/build/include/kcl/backport/kcl_fence_backport.h:4,
                 from /var/lib/dkms/amdgpu/5.6.5.24-1109583/build/amd/backport/backport.h:11,
                 from <command-line>:
./include/linux/list.h:343:20: note: previous definition of ‘list_rotate_to_front’ was here
  343 | static inline void list_rotate_to_front(struct list_head *list,
      |                    ^~~~~~~~~~~~~~~~~~~~
In file included from /var/lib/dkms/amdgpu/5.6.5.24-1109583/build/amd/backport/backport.h:56,
                 from <command-line>:
/var/lib/dkms/amdgpu/5.6.5.24-1109583/build/include/kcl/kcl_list.h:33:19: error: redefinition of ‘list_is_first’
   33 | static inline int list_is_first(const struct list_head *list,
      |                   ^~~~~~~~~~~~~
In file included from ./include/linux/preempt.h:11,
                 from ./include/linux/rcupdate.h:27,
                 from /var/lib/dkms/amdgpu/5.6.5.24-1109583/build/include/kcl/kcl_rcupdate.h:5,
                 from /var/lib/dkms/amdgpu/5.6.5.24-1109583/build/include/kcl/kcl_fence.h:6,
                 from /var/lib/dkms/amdgpu/5.6.5.24-1109583/build/include/kcl/backport/kcl_fence_backport.h:4,
                 from /var/lib/dkms/amdgpu/5.6.5.24-1109583/build/amd/backport/backport.h:11,
                 from <command-line>:
./include/linux/list.h:259:19: note: previous definition of ‘list_is_first’ was here
  259 | static inline int list_is_first(const struct list_head *list,
      |                   ^~~~~~~~~~~~~
In file included from /var/lib/dkms/amdgpu/5.6.5.24-1109583/build/include/kcl/backport/kcl_drm_atomic_helper_backport.h:5,
                 from /var/lib/dkms/amdgpu/5.6.5.24-1109583/build/amd/backport/backport.h:58,
                 from <command-line>:
/var/lib/dkms/amdgpu/5.6.5.24-1109583/build/include/kcl/kcl_drm_atomic_helper.h:31:1: error: static declaration of ‘__drm_atomic_helper_connector_reset’ follows non-static declaration
   31 | __drm_atomic_helper_connector_reset(struct drm_connector *connector,
      | ^~~~~~~~~~~~~~~~~~~~~~~~~~~~~~~~~~~
In file included from ./include/drm/drm_atomic_helper.h:34,
                 from /var/lib/dkms/amdgpu/5.6.5.24-1109583/build/include/kcl/kcl_drm_atomic_helper.h:5,
                 from /var/lib/dkms/amdgpu/5.6.5.24-1109583/build/include/kcl/backport/kcl_drm_atomic_helper_backport.h:5,
                 from /var/lib/dkms/amdgpu/5.6.5.24-1109583/build/amd/backport/backport.h:58,
                 from <command-line>:
./include/drm/drm_atomic_state_helper.h:70:6: note: previous declaration of ‘__drm_atomic_helper_connector_reset’ was here
   70 | void __drm_atomic_helper_connector_reset(struct drm_connector *connector,
      |      ^~~~~~~~~~~~~~~~~~~~~~~~~~~~~~~~~~~
In file included from /var/lib/dkms/amdgpu/5.6.5.24-1109583/build/include/kcl/backport/kcl_drm_atomic_helper_backport.h:5,
                 from /var/lib/dkms/amdgpu/5.6.5.24-1109583/build/amd/backport/backport.h:58,
                 from <command-line>:
/var/lib/dkms/amdgpu/5.6.5.24-1109583/build/include/kcl/kcl_drm_atomic_helper.h:43:1: error: static declaration of ‘drm_atomic_helper_update_legacy_modeset_state’ follows non-static declaration
   43 | drm_atomic_helper_update_legacy_modeset_state(struct drm_device *dev,
      | ^~~~~~~~~~~~~~~~~~~~~~~~~~~~~~~~~~~~~~~~~~~~~
In file included from /var/lib/dkms/amdgpu/5.6.5.24-1109583/build/include/kcl/kcl_drm_atomic_helper.h:5,
                 from /var/lib/dkms/amdgpu/5.6.5.24-1109583/build/include/kcl/backport/kcl_drm_atomic_helper_backport.h:5,
                 from /var/lib/dkms/amdgpu/5.6.5.24-1109583/build/amd/backport/backport.h:58,
                 from <command-line>:
./include/drm/drm_atomic_helper.h:74:1: note: previous declaration of ‘drm_atomic_helper_update_legacy_modeset_state’ was here
   74 | drm_atomic_helper_update_legacy_modeset_state(struct drm_device *dev,
      | ^~~~~~~~~~~~~~~~~~~~~~~~~~~~~~~~~~~~~~~~~~~~~
In file included from /var/lib/dkms/amdgpu/5.6.5.24-1109583/build/include/kcl/backport/kcl_drm_atomic_helper_backport.h:5,
                 from /var/lib/dkms/amdgpu/5.6.5.24-1109583/build/amd/backport/backport.h:58,
                 from <command-line>:
/var/lib/dkms/amdgpu/5.6.5.24-1109583/build/include/kcl/kcl_drm_atomic_helper.h: In function ‘kcl_drm_atomic_get_old_crtc_state_before_commit’:
/var/lib/dkms/amdgpu/5.6.5.24-1109583/build/include/kcl/kcl_drm_atomic_helper.h:59:43: error: invalid type argument of ‘->’ (have ‘struct __drm_crtcs_state’)
   59 |  return state->crtcs[drm_crtc_index(crtc)]->state;
      |                                           ^~
/var/lib/dkms/amdgpu/5.6.5.24-1109583/build/include/kcl/kcl_drm_atomic_helper.h: In function ‘kcl_drm_atomic_get_new_crtc_state_after_commit’:
/var/lib/dkms/amdgpu/5.6.5.24-1109583/build/include/kcl/kcl_drm_atomic_helper.h:94:43: error: invalid type argument of ‘->’ (have ‘struct __drm_crtcs_state’)
   94 |  return state->crtcs[drm_crtc_index(crtc)]->state;
      |                                           ^~
In file included from /var/lib/dkms/amdgpu/5.6.5.24-1109583/build/amd/backport/backport.h:59,
                 from <command-line>:
/var/lib/dkms/amdgpu/5.6.5.24-1109583/build/include/kcl/kcl_drm_atomic.h: At top level:
/var/lib/dkms/amdgpu/5.6.5.24-1109583/build/include/kcl/kcl_drm_atomic.h:7:20: error: redefinition of ‘drm_atomic_state_put’
    7 | static inline void drm_atomic_state_put(struct drm_atomic_state *state)
      |                    ^~~~~~~~~~~~~~~~~~~~
In file included from /var/lib/dkms/amdgpu/5.6.5.24-1109583/build/include/kcl/kcl_drm.h:11,
                 from /var/lib/dkms/amdgpu/5.6.5.24-1109583/build/include/kcl/backport/kcl_drm_backport.h:16,
                 from /var/lib/dkms/amdgpu/5.6.5.24-1109583/build/amd/backport/backport.h:12,
                 from <command-line>:
./include/drm/drm_atomic.h:445:20: note: previous definition of ‘drm_atomic_state_put’ was here
  445 | static inline void drm_atomic_state_put(struct drm_atomic_state *state)
      |                    ^~~~~~~~~~~~~~~~~~~~
In file included from /var/lib/dkms/amdgpu/5.6.5.24-1109583/build/amd/backport/backport.h:59,
                 from <command-line>:
/var/lib/dkms/amdgpu/5.6.5.24-1109583/build/include/kcl/kcl_drm_atomic.h: In function ‘drm_atomic_state_put’:
/var/lib/dkms/amdgpu/5.6.5.24-1109583/build/include/kcl/kcl_drm_atomic.h:9:9: error: implicit declaration of function ‘drm_atomic_state_free’; did you mean ‘drm_atomic_state_get’? [-Werror=implicit-function-declaration]
    9 |  return drm_atomic_state_free(state);
      |         ^~~~~~~~~~~~~~~~~~~~~
      |         drm_atomic_state_get
/var/lib/dkms/amdgpu/5.6.5.24-1109583/build/include/kcl/kcl_drm_atomic.h:9:9: error: ‘return’ with a value, in function returning void [-Werror=return-type]
    9 |  return drm_atomic_state_free(state);
      |         ^~~~~~~~~~~~~~~~~~~~~~~~~~~~
/var/lib/dkms/amdgpu/5.6.5.24-1109583/build/include/kcl/kcl_drm_atomic.h:7:20: note: declared here
    7 | static inline void drm_atomic_state_put(struct drm_atomic_state *state)
      |                    ^~~~~~~~~~~~~~~~~~~~
/var/lib/dkms/amdgpu/5.6.5.24-1109583/build/include/kcl/kcl_timekeeping.h:24:2: error: implicit declaration of function ‘get_monotonic_boottime’ [-Werror=implicit-function-declaration]
   24 |  get_monotonic_boottime(&time);
      |  ^~~~~~~~~~~~~~~~~~~~~~
/var/lib/dkms/amdgpu/5.6.5.24-1109583/build/amd/amdgpu/amdgpu_connectors.c: In function ‘amdgpu_connector_update_scratch_regs’:
/var/lib/dkms/amdgpu/5.6.5.24-1109583/build/amd/amdgpu/amdgpu_connectors.c:242:63: error: macro "drm_connector_for_each_possible_encoder" passed 3 arguments, but takes just 2
  242 |  drm_connector_for_each_possible_encoder(connector, encoder, i) {
      |                                                               ^
In file included from ./include/drm/drm_modes.h:33,
                 from ./include/drm/drm_crtc.h:40,
                 from /var/lib/dkms/amdgpu/5.6.5.24-1109583/build/include/kcl/backport/kcl_drm_backport.h:5,
                 from /var/lib/dkms/amdgpu/5.6.5.24-1109583/build/amd/backport/backport.h:12,
                 from <command-line>:
./include/drm/drm_connector.h:1718: note: macro "drm_connector_for_each_possible_encoder" defined here
 1718 | #define drm_connector_for_each_possible_encoder(connector, encoder) \
      | 
/var/lib/dkms/amdgpu/5.6.5.24-1109583/build/include/kcl/kcl_timekeeping.h:25:14: error: implicit declaration of function ‘timespec_to_ns’; did you mean ‘timespec64_to_ns’? [-Werror=implicit-function-declaration]
   25 |  return (u64)timespec_to_ns(&time);
      |              ^~~~~~~~~~~~~~
      |              timespec64_to_ns
/var/lib/dkms/amdgpu/5.6.5.24-1109583/build/include/kcl/kcl_timekeeping.h:22:18: warning: unused variable ‘time’ [-Wunused-variable]
   22 |  struct timespec time;
      |                  ^~~~
/var/lib/dkms/amdgpu/5.6.5.24-1109583/build/include/kcl/kcl_timekeeping.h: At top level:
/var/lib/dkms/amdgpu/5.6.5.24-1109583/build/include/kcl/kcl_timekeeping.h:31:19: error: redefinition of ‘ktime_get_raw_ns’
   31 | static inline u64 ktime_get_raw_ns(void)
      |                   ^~~~~~~~~~~~~~~~
In file included from ./include/linux/ktime.h:232,
                 from ./include/linux/timer.h:6,
                 from ./include/linux/workqueue.h:9,
                 from ./include/linux/rhashtable-types.h:15,
                 from ./include/linux/ipc.h:7,
                 from ./include/uapi/linux/sem.h:5,
                 from ./include/linux/sem.h:5,
                 from ./include/linux/sched.h:15,
                 from ./include/linux/dma-fence.h:21,
                 from /var/lib/dkms/amdgpu/5.6.5.24-1109583/build/include/kcl/kcl_fence.h:11,
                 from /var/lib/dkms/amdgpu/5.6.5.24-1109583/build/include/kcl/backport/kcl_fence_backport.h:4,
                 from /var/lib/dkms/amdgpu/5.6.5.24-1109583/build/amd/backport/backport.h:11,
                 from <command-line>:
./include/linux/timekeeping.h:171:19: note: previous definition of ‘ktime_get_raw_ns’ was here
  171 | static inline u64 ktime_get_raw_ns(void)
      |                   ^~~~~~~~~~~~~~~~
In file included from /var/lib/dkms/amdgpu/5.6.5.24-1109583/build/amd/backport/backport.h:41,
                 from <command-line>:
/var/lib/dkms/amdgpu/5.6.5.24-1109583/build/include/kcl/kcl_timekeeping.h: In function ‘ktime_get_raw_ns’:
/var/lib/dkms/amdgpu/5.6.5.24-1109583/build/include/kcl/kcl_timekeeping.h:33:18: error: storage size of ‘time’ isn’t known
   33 |  struct timespec time;
      |                  ^~~~
/var/lib/dkms/amdgpu/5.6.5.24-1109583/build/amd/amdgpu/amdgpu_connectors.c:242:2: error: ‘drm_connector_for_each_possible_encoder’ undeclared (first use in this function); did you mean ‘drm_connector_has_possible_encoder’?
  242 |  drm_connector_for_each_possible_encoder(connector, encoder, i) {
      |  ^~~~~~~~~~~~~~~~~~~~~~~~~~~~~~~~~~~~~~~
      |  drm_connector_has_possible_encoder
/var/lib/dkms/amdgpu/5.6.5.24-1109583/build/amd/amdgpu/amdgpu_connectors.c:242:41: error: expected ‘;’ before ‘{’ token
  242 |  drm_connector_for_each_possible_encoder(connector, encoder, i) {
      |                                         ^                       ~
      |                                         ;
/var/lib/dkms/amdgpu/5.6.5.24-1109583/build/amd/amdgpu/amdgpu_connectors.c:235:6: warning: unused variable ‘i’ [-Wunused-variable]
  235 |  int i;
      |      ^
/var/lib/dkms/amdgpu/5.6.5.24-1109583/build/amd/amdgpu/amdgpu_connectors.c:234:7: warning: unused variable ‘connected’ [-Wunused-variable]
  234 |  bool connected;
      |       ^~~~~~~~~
/var/lib/dkms/amdgpu/5.6.5.24-1109583/build/amd/amdgpu/amdgpu_connectors.c:232:22: warning: unused variable ‘encoder’ [-Wunused-variable]
  232 |  struct drm_encoder *encoder;
      |                      ^~~~~~~
/var/lib/dkms/amdgpu/5.6.5.24-1109583/build/amd/amdgpu/amdgpu_connectors.c: In function ‘amdgpu_connector_find_encoder’:
/var/lib/dkms/amdgpu/5.6.5.24-1109583/build/amd/amdgpu/amdgpu_connectors.c:263:63: error: macro "drm_connector_for_each_possible_encoder" passed 3 arguments, but takes just 2
  263 |  drm_connector_for_each_possible_encoder(connector, encoder, i) {
      |                                                               ^
In file included from ./include/drm/drm_modes.h:33,
                 from ./include/drm/drm_crtc.h:40,
                 from /var/lib/dkms/amdgpu/5.6.5.24-1109583/build/include/kcl/backport/kcl_drm_backport.h:5,
                 from /var/lib/dkms/amdgpu/5.6.5.24-1109583/build/amd/backport/backport.h:12,
                 from <command-line>:
./include/drm/drm_connector.h:1718: note: macro "drm_connector_for_each_possible_encoder" defined here
 1718 | #define drm_connector_for_each_possible_encoder(connector, encoder) \
      | 
/var/lib/dkms/amdgpu/5.6.5.24-1109583/build/include/kcl/kcl_timekeeping.h:35:2: error: implicit declaration of function ‘getrawmonotonic’ [-Werror=implicit-function-declaration]
   35 |  getrawmonotonic(&time);
      |  ^~~~~~~~~~~~~~~
/var/lib/dkms/amdgpu/5.6.5.24-1109583/build/include/kcl/kcl_timekeeping.h:33:18: warning: unused variable ‘time’ [-Wunused-variable]
   33 |  struct timespec time;
      |                  ^~~~
/var/lib/dkms/amdgpu/5.6.5.24-1109583/build/include/kcl/kcl_timekeeping.h: At top level:
/var/lib/dkms/amdgpu/5.6.5.24-1109583/build/include/kcl/kcl_timekeeping.h:41:24: error: static declaration of ‘ktime_get_real_seconds’ follows non-static declaration
   41 | static inline time64_t ktime_get_real_seconds(void)
      |                        ^~~~~~~~~~~~~~~~~~~~~~
In file included from ./include/linux/ktime.h:232,
                 from ./include/linux/timer.h:6,
                 from ./include/linux/workqueue.h:9,
                 from ./include/linux/rhashtable-types.h:15,
                 from ./include/linux/ipc.h:7,
                 from ./include/uapi/linux/sem.h:5,
                 from ./include/linux/sem.h:5,
                 from ./include/linux/sched.h:15,
                 from ./include/linux/dma-fence.h:21,
                 from /var/lib/dkms/amdgpu/5.6.5.24-1109583/build/include/kcl/kcl_fence.h:11,
                 from /var/lib/dkms/amdgpu/5.6.5.24-1109583/build/include/kcl/backport/kcl_fence_backport.h:4,
                 from /var/lib/dkms/amdgpu/5.6.5.24-1109583/build/amd/backport/backport.h:11,
                 from <command-line>:
./include/linux/timekeeping.h:53:17: note: previous declaration of ‘ktime_get_real_seconds’ was here
   53 | extern time64_t ktime_get_real_seconds(void);
      |                 ^~~~~~~~~~~~~~~~~~~~~~
In file included from /var/lib/dkms/amdgpu/5.6.5.24-1109583/build/amd/backport/backport.h:41,
                 from <command-line>:
/var/lib/dkms/amdgpu/5.6.5.24-1109583/build/include/kcl/kcl_timekeeping.h: In function ‘ktime_get_real_seconds’:
/var/lib/dkms/amdgpu/5.6.5.24-1109583/build/include/kcl/kcl_timekeeping.h:43:17: error: storage size of ‘ts’ isn’t known
   43 |  struct timeval ts;
      |                 ^~
/var/lib/dkms/amdgpu/5.6.5.24-1109583/build/include/kcl/kcl_timekeeping.h:45:2: error: implicit declaration of function ‘do_gettimeofday’; did you mean ‘do_settimeofday64’? [-Werror=implicit-function-declaration]
   45 |  do_gettimeofday(&ts);
      |  ^~~~~~~~~~~~~~~
      |  do_settimeofday64
/var/lib/dkms/amdgpu/5.6.5.24-1109583/build/include/kcl/kcl_timekeeping.h:43:17: warning: unused variable ‘ts’ [-Wunused-variable]
   43 |  struct timeval ts;
      |                 ^~
/var/lib/dkms/amdgpu/5.6.5.24-1109583/build/include/kcl/kcl_timekeeping.h: At top level:
/var/lib/dkms/amdgpu/5.6.5.24-1109583/build/include/kcl/kcl_timekeeping.h:51:19: error: static declaration of ‘ktime_get_mono_fast_ns’ follows non-static declaration
   51 | static inline u64 ktime_get_mono_fast_ns(void)
      |                   ^~~~~~~~~~~~~~~~~~~~~~
In file included from ./include/linux/ktime.h:232,
                 from ./include/linux/timer.h:6,
                 from ./include/linux/workqueue.h:9,
                 from ./include/linux/rhashtable-types.h:15,
                 from ./include/linux/ipc.h:7,
                 from ./include/uapi/linux/sem.h:5,
                 from ./include/linux/sem.h:5,
                 from ./include/linux/sched.h:15,
                 from ./include/linux/dma-fence.h:21,
                 from /var/lib/dkms/amdgpu/5.6.5.24-1109583/build/include/kcl/kcl_fence.h:11,
                 from /var/lib/dkms/amdgpu/5.6.5.24-1109583/build/include/kcl/backport/kcl_fence_backport.h:4,
                 from /var/lib/dkms/amdgpu/5.6.5.24-1109583/build/amd/backport/backport.h:11,
                 from <command-line>:
./include/linux/timekeeping.h:176:12: note: previous declaration of ‘ktime_get_mono_fast_ns’ was here
  176 | extern u64 ktime_get_mono_fast_ns(void);
      |            ^~~~~~~~~~~~~~~~~~~~~~
In file included from /var/lib/dkms/amdgpu/5.6.5.24-1109583/build/amd/backport/backport.h:42,
                 from <command-line>:
/var/lib/dkms/amdgpu/5.6.5.24-1109583/build/include/kcl/backport/kcl_uaccess_backport.h: In function ‘_kcl_access_ok’:
/var/lib/dkms/amdgpu/5.6.5.24-1109583/build/include/kcl/backport/kcl_uaccess_backport.h:9:47: error: macro "access_ok" passed 3 arguments, but takes just 2
    9 |  return access_ok(VERIFY_WRITE, (addr), (size));
      |                                               ^
In file included from ./include/linux/uaccess.h:11,
                 from ./arch/x86/include/asm/fpu/xstate.h:5,
                 from ./arch/x86/include/asm/pgtable.h:26,
                 from ./include/linux/pgtable.h:6,
                 from ./include/linux/mm.h:33,
                 from ./include/linux/kallsyms.h:12,
                 from ./include/linux/ftrace.h:12,
                 from ./include/linux/kprobes.h:29,
                 from ./include/linux/kgdb.h:19,
                 from ./include/linux/fb.h:5,
                 from ./include/drm/drm_crtc.h:31,
                 from /var/lib/dkms/amdgpu/5.6.5.24-1109583/build/include/kcl/backport/kcl_drm_backport.h:5,
                 from /var/lib/dkms/amdgpu/5.6.5.24-1109583/build/amd/backport/backport.h:12,
                 from <command-line>:
./arch/x86/include/asm/uaccess.h:69: note: macro "access_ok" defined here
   69 | #define access_ok(addr, size)     \
      | 
In file included from /var/lib/dkms/amdgpu/5.6.5.24-1109583/build/amd/backport/backport.h:42,
                 from <command-line>:
/var/lib/dkms/amdgpu/5.6.5.24-1109583/build/include/kcl/backport/kcl_uaccess_backport.h:9:9: error: ‘access_ok’ undeclared (first use in this function); did you mean ‘_kcl_access_ok’?
    9 |  return access_ok(VERIFY_WRITE, (addr), (size));
      |         ^~~~~~~~~
      |         _kcl_access_ok
In file included from /var/lib/dkms/amdgpu/5.6.5.24-1109583/build/include/kcl/backport/kcl_vga_switcheroo_backport.h:4,
                 from /var/lib/dkms/amdgpu/5.6.5.24-1109583/build/amd/backport/backport.h:43,
                 from <command-line>:
/var/lib/dkms/amdgpu/5.6.5.24-1109583/build/include/kcl/kcl_vga_switcheroo.h: At top level:
/var/lib/dkms/amdgpu/5.6.5.24-1109583/build/include/kcl/kcl_vga_switcheroo.h:8:8: error: redefinition of ‘struct vga_switcheroo_client_ops’
    8 | struct vga_switcheroo_client_ops {
      |        ^~~~~~~~~~~~~~~~~~~~~~~~~
In file included from /var/lib/dkms/amdgpu/5.6.5.24-1109583/build/include/kcl/kcl_vga_switcheroo.h:5,
                 from /var/lib/dkms/amdgpu/5.6.5.24-1109583/build/include/kcl/backport/kcl_vga_switcheroo_backport.h:4,
                 from /var/lib/dkms/amdgpu/5.6.5.24-1109583/build/amd/backport/backport.h:43,
                 from <command-line>:
./include/linux/vga_switcheroo.h:143:8: note: originally defined here
  143 | struct vga_switcheroo_client_ops {
      |        ^~~~~~~~~~~~~~~~~~~~~~~~~
In file included from /var/lib/dkms/amdgpu/5.6.5.24-1109583/build/include/kcl/backport/kcl_vga_switcheroo_backport.h:4,
                 from /var/lib/dkms/amdgpu/5.6.5.24-1109583/build/amd/backport/backport.h:43,
                 from <command-line>:
/var/lib/dkms/amdgpu/5.6.5.24-1109583/build/include/kcl/kcl_vga_switcheroo.h: In function ‘_kcl_vga_switcheroo_register_client’:
/var/lib/dkms/amdgpu/5.6.5.24-1109583/build/include/kcl/kcl_vga_switcheroo.h:25:48: error: passing argument 2 of ‘vga_switcheroo_register_client’ from incompatible pointer type [-Werror=incompatible-pointer-types]
   25 |  return vga_switcheroo_register_client(dev, ops->set_gpu_state, ops->can_switch);
      |                                             ~~~^~~~~~~~~~~~~~~
      |                                                |
      |                                                void (* const)(struct pci_dev *, enum vga_switcheroo_state)
In file included from /var/lib/dkms/amdgpu/5.6.5.24-1109583/build/include/kcl/kcl_vga_switcheroo.h:5,
                 from /var/lib/dkms/amdgpu/5.6.5.24-1109583/build/include/kcl/backport/kcl_vga_switcheroo_backport.h:4,
                 from /var/lib/dkms/amdgpu/5.6.5.24-1109583/build/amd/backport/backport.h:43,
                 from <command-line>:
./include/linux/vga_switcheroo.h:153:48: note: expected ‘const struct vga_switcheroo_client_ops *’ but argument is of type ‘void (* const)(struct pci_dev *, enum vga_switcheroo_state)’
  153 |        const struct vga_switcheroo_client_ops *ops,
      |        ~~~~~~~~~~~~~~~~~~~~~~~~~~~~~~~~~~~~~~~~^~~
In file included from /var/lib/dkms/amdgpu/5.6.5.24-1109583/build/include/kcl/backport/kcl_vga_switcheroo_backport.h:4,
                 from /var/lib/dkms/amdgpu/5.6.5.24-1109583/build/amd/backport/backport.h:43,
                 from <command-line>:
/var/lib/dkms/amdgpu/5.6.5.24-1109583/build/include/kcl/kcl_vga_switcheroo.h: At top level:
/var/lib/dkms/amdgpu/5.6.5.24-1109583/build/include/kcl/kcl_vga_switcheroo.h:31:6: error: nested redefinition of ‘enum vga_switcheroo_handler_flags_t’
   31 | enum vga_switcheroo_handler_flags_t {
      |      ^~~~~~~~~~~~~~~~~~~~~~~~~~~~~~
/var/lib/dkms/amdgpu/5.6.5.24-1109583/build/include/kcl/kcl_vga_switcheroo.h:31:6: error: redeclaration of ‘enum vga_switcheroo_handler_flags_t’
In file included from /var/lib/dkms/amdgpu/5.6.5.24-1109583/build/include/kcl/kcl_vga_switcheroo.h:5,
                 from /var/lib/dkms/amdgpu/5.6.5.24-1109583/build/include/kcl/backport/kcl_vga_switcheroo_backport.h:4,
                 from /var/lib/dkms/amdgpu/5.6.5.24-1109583/build/amd/backport/backport.h:43,
                 from <command-line>:
./include/linux/vga_switcheroo.h:53:6: note: originally defined here
   53 | enum vga_switcheroo_handler_flags_t {
      |      ^~~~~~~~~~~~~~~~~~~~~~~~~~~~~~
In file included from /var/lib/dkms/amdgpu/5.6.5.24-1109583/build/include/kcl/backport/kcl_vga_switcheroo_backport.h:4,
                 from /var/lib/dkms/amdgpu/5.6.5.24-1109583/build/amd/backport/backport.h:43,
                 from <command-line>:
/var/lib/dkms/amdgpu/5.6.5.24-1109583/build/include/kcl/kcl_vga_switcheroo.h:32:2: error: redeclaration of enumerator ‘VGA_SWITCHEROO_CAN_SWITCH_DDC’
   32 |  VGA_SWITCHEROO_CAN_SWITCH_DDC = (1 << 0),
      |  ^~~~~~~~~~~~~~~~~~~~~~~~~~~~~
In file included from /var/lib/dkms/amdgpu/5.6.5.24-1109583/build/include/kcl/kcl_vga_switcheroo.h:5,
                 from /var/lib/dkms/amdgpu/5.6.5.24-1109583/build/include/kcl/backport/kcl_vga_switcheroo_backport.h:4,
                 from /var/lib/dkms/amdgpu/5.6.5.24-1109583/build/amd/backport/backport.h:43,
                 from <command-line>:
./include/linux/vga_switcheroo.h:54:2: note: previous definition of ‘VGA_SWITCHEROO_CAN_SWITCH_DDC’ was here
   54 |  VGA_SWITCHEROO_CAN_SWITCH_DDC = (1 << 0),
      |  ^~~~~~~~~~~~~~~~~~~~~~~~~~~~~
In file included from /var/lib/dkms/amdgpu/5.6.5.24-1109583/build/include/kcl/backport/kcl_vga_switcheroo_backport.h:4,
                 from /var/lib/dkms/amdgpu/5.6.5.24-1109583/build/amd/backport/backport.h:43,
                 from <command-line>:
/var/lib/dkms/amdgpu/5.6.5.24-1109583/build/include/kcl/kcl_vga_switcheroo.h:33:2: error: redeclaration of enumerator ‘VGA_SWITCHEROO_NEEDS_EDP_CONFIG’
   33 |  VGA_SWITCHEROO_NEEDS_EDP_CONFIG = (1 << 1),
      |  ^~~~~~~~~~~~~~~~~~~~~~~~~~~~~~~
In file included from /var/lib/dkms/amdgpu/5.6.5.24-1109583/build/include/kcl/kcl_vga_switcheroo.h:5,
                 from /var/lib/dkms/amdgpu/5.6.5.24-1109583/build/include/kcl/backport/kcl_vga_switcheroo_backport.h:4,
                 from /var/lib/dkms/amdgpu/5.6.5.24-1109583/build/amd/backport/backport.h:43,
                 from <command-line>:
./include/linux/vga_switcheroo.h:55:2: note: previous definition of ‘VGA_SWITCHEROO_NEEDS_EDP_CONFIG’ was here
   55 |  VGA_SWITCHEROO_NEEDS_EDP_CONFIG = (1 << 1),
      |  ^~~~~~~~~~~~~~~~~~~~~~~~~~~~~~~
In file included from /var/lib/dkms/amdgpu/5.6.5.24-1109583/build/include/kcl/backport/kcl_vga_switcheroo_backport.h:4,
                 from /var/lib/dkms/amdgpu/5.6.5.24-1109583/build/amd/backport/backport.h:43,
                 from <command-line>:
/var/lib/dkms/amdgpu/5.6.5.24-1109583/build/include/kcl/kcl_vga_switcheroo.h: In function ‘_kcl_vga_switcheroo_register_handler’:
/var/lib/dkms/amdgpu/5.6.5.24-1109583/build/amd/amdgpu/amdgpu_connectors.c:263:2: error: ‘drm_connector_for_each_possible_encoder’ undeclared (first use in this function); did you mean ‘drm_connector_has_possible_encoder’?
  263 |  drm_connector_for_each_possible_encoder(connector, encoder, i) {
      |  ^~~~~~~~~~~~~~~~~~~~~~~~~~~~~~~~~~~~~~~
      |  drm_connector_has_possible_encoder
/var/lib/dkms/amdgpu/5.6.5.24-1109583/build/include/kcl/kcl_vga_switcheroo.h:45:9: error: too few arguments to function ‘vga_switcheroo_register_handler’
   45 |  return vga_switcheroo_register_handler((struct vga_switcheroo_handler *)handler);
      |         ^~~~~~~~~~~~~~~~~~~~~~~~~~~~~~~
In file included from /var/lib/dkms/amdgpu/5.6.5.24-1109583/build/include/kcl/kcl_vga_switcheroo.h:5,
                 from /var/lib/dkms/amdgpu/5.6.5.24-1109583/build/include/kcl/backport/kcl_vga_switcheroo_backport.h:4,
                 from /var/lib/dkms/amdgpu/5.6.5.24-1109583/build/amd/backport/backport.h:43,
                 from <command-line>:
./include/linux/vga_switcheroo.h:162:5: note: declared here
  162 | int vga_switcheroo_register_handler(const struct vga_switcheroo_handler *handler,
      |     ^~~~~~~~~~~~~~~~~~~~~~~~~~~~~~~
/var/lib/dkms/amdgpu/5.6.5.24-1109583/build/amd/amdgpu/amdgpu_connectors.c:263:41: error: expected ‘;’ before ‘{’ token
  263 |  drm_connector_for_each_possible_encoder(connector, encoder, i) {
      |                                         ^                       ~
      |                                         ;
/var/lib/dkms/amdgpu/5.6.5.24-1109583/build/amd/amdgpu/amdgpu_connectors.c:258:6: warning: unused variable ‘i’ [-Wunused-variable]
  258 |  int i;
      |      ^
/var/lib/dkms/amdgpu/5.6.5.24-1109583/build/amd/amdgpu/amdgpu_connectors.c:257:22: warning: unused variable ‘encoder’ [-Wunused-variable]
  257 |  struct drm_encoder *encoder;
      |                      ^~~~~~~
/var/lib/dkms/amdgpu/5.6.5.24-1109583/build/amd/amdgpu/amdgpu_connectors.c:270:1: error: no return statement in function returning non-void [-Werror=return-type]
  270 | }
      | ^
In file included from /var/lib/dkms/amdgpu/5.6.5.24-1109583/build/amd/backport/backport.h:46,
                 from <command-line>:
/var/lib/dkms/amdgpu/5.6.5.24-1109583/build/include/kcl/backport/kcl_drm_dp_mst_helper_backport.h: In function ‘_kcl_drm_dp_mst_topology_mgr_resume’:
/var/lib/dkms/amdgpu/5.6.5.24-1109583/build/include/kcl/backport/kcl_drm_dp_mst_helper_backport.h:12:9: error: too few arguments to function ‘drm_dp_mst_topology_mgr_resume’
   12 |  return drm_dp_mst_topology_mgr_resume(mgr);
      |         ^~~~~~~~~~~~~~~~~~~~~~~~~~~~~~
In file included from /var/lib/dkms/amdgpu/5.6.5.24-1109583/build/amd/amdgpu/amdgpu_mode.h:47,
                 from /var/lib/dkms/amdgpu/5.6.5.24-1109583/build/amd/amdgpu/amdgpu.h:68,
                 from /var/lib/dkms/amdgpu/5.6.5.24-1109583/build/amd/backport/include/kcl/kcl_amdgpu.h:6,
                 from /var/lib/dkms/amdgpu/5.6.5.24-1109583/build/amd/backport/backport.h:18,
                 from <command-line>:
./include/drm/drm_dp_mst_helper.h:819:1: note: declared here
  819 | drm_dp_mst_topology_mgr_resume(struct drm_dp_mst_topology_mgr *mgr,
      | ^~~~~~~~~~~~~~~~~~~~~~~~~~~~~~
In file included from /var/lib/dkms/amdgpu/5.6.5.24-1109583/build/amd/backport/backport.h:49,
                 from <command-line>:
/var/lib/dkms/amdgpu/5.6.5.24-1109583/build/include/kcl/kcl_seq_file.h: At top level:
/var/lib/dkms/amdgpu/5.6.5.24-1109583/build/include/kcl/kcl_seq_file.h:28:20: error: static declaration of ‘seq_hex_dump’ follows non-static declaration
   28 | static inline void seq_hex_dump(struct seq_file *m, const char *prefix_str, int prefix_type,
      |                    ^~~~~~~~~~~~
In file included from ./include/drm/drm_print.h:31,
                 from ./include/drm/drm_mm.h:49,
                 from ./include/drm/drm_vma_manager.h:26,
                 from ./include/drm/drm_gem.h:40,
                 from /var/lib/dkms/amdgpu/5.6.5.24-1109583/build/include/kcl/backport/kcl_drm_backport.h:11,
                 from /var/lib/dkms/amdgpu/5.6.5.24-1109583/build/amd/backport/backport.h:12,
                 from <command-line>:
./include/linux/seq_file.h:132:6: note: previous declaration of ‘seq_hex_dump’ was here
  132 | void seq_hex_dump(struct seq_file *m, const char *prefix_str, int prefix_type,
      |      ^~~~~~~~~~~~
In file included from /var/lib/dkms/amdgpu/5.6.5.24-1109583/build/amd/backport/backport.h:50,
                 from <command-line>:
/var/lib/dkms/amdgpu/5.6.5.24-1109583/build/include/kcl/kcl_ptrace.h:8:35: error: redefinition of ‘ptrace_parent’
    8 | static inline struct task_struct *ptrace_parent(struct task_struct *task)
      |                                   ^~~~~~~~~~~~~
In file included from ./include/linux/ftrace.h:15,
                 from ./include/linux/kprobes.h:29,
                 from ./include/linux/kgdb.h:19,
                 from ./include/linux/fb.h:5,
                 from ./include/drm/drm_crtc.h:31,
                 from /var/lib/dkms/amdgpu/5.6.5.24-1109583/build/include/kcl/backport/kcl_drm_backport.h:5,
                 from /var/lib/dkms/amdgpu/5.6.5.24-1109583/build/amd/backport/backport.h:12,
                 from <command-line>:
./include/linux/ptrace.h:124:35: note: previous definition of ‘ptrace_parent’ was here
  124 | static inline struct task_struct *ptrace_parent(struct task_struct *task)
      |                                   ^~~~~~~~~~~~~
In file included from /var/lib/dkms/amdgpu/5.6.5.24-1109583/build/amd/backport/backport.h:56,
                 from <command-line>:
/var/lib/dkms/amdgpu/5.6.5.24-1109583/build/include/kcl/kcl_list.h:7:20: error: redefinition of ‘list_bulk_move_tail’
    7 | static inline void list_bulk_move_tail(struct list_head *head,
      |                    ^~~~~~~~~~~~~~~~~~~
In file included from ./include/linux/preempt.h:11,
                 from ./include/linux/rcupdate.h:27,
                 from /var/lib/dkms/amdgpu/5.6.5.24-1109583/build/include/kcl/kcl_rcupdate.h:5,
                 from /var/lib/dkms/amdgpu/5.6.5.24-1109583/build/include/kcl/kcl_fence.h:6,
                 from /var/lib/dkms/amdgpu/5.6.5.24-1109583/build/include/kcl/backport/kcl_fence_backport.h:4,
                 from /var/lib/dkms/amdgpu/5.6.5.24-1109583/build/amd/backport/backport.h:11,
                 from <command-line>:
./include/linux/list.h:240:20: note: previous definition of ‘list_bulk_move_tail’ was here
  240 | static inline void list_bulk_move_tail(struct list_head *head,
      |                    ^~~~~~~~~~~~~~~~~~~
In file included from /var/lib/dkms/amdgpu/5.6.5.24-1109583/build/amd/backport/backport.h:56,
                 from <command-line>:
/var/lib/dkms/amdgpu/5.6.5.24-1109583/build/include/kcl/kcl_list.h:24:20: error: redefinition of ‘list_rotate_to_front’
   24 | static inline void list_rotate_to_front(struct list_head *list,
      |                    ^~~~~~~~~~~~~~~~~~~~
In file included from ./include/linux/preempt.h:11,
                 from ./include/linux/rcupdate.h:27,
                 from /var/lib/dkms/amdgpu/5.6.5.24-1109583/build/include/kcl/kcl_rcupdate.h:5,
                 from /var/lib/dkms/amdgpu/5.6.5.24-1109583/build/include/kcl/kcl_fence.h:6,
                 from /var/lib/dkms/amdgpu/5.6.5.24-1109583/build/include/kcl/backport/kcl_fence_backport.h:4,
                 from /var/lib/dkms/amdgpu/5.6.5.24-1109583/build/amd/backport/backport.h:11,
                 from <command-line>:
./include/linux/list.h:343:20: note: previous definition of ‘list_rotate_to_front’ was here
  343 | static inline void list_rotate_to_front(struct list_head *list,
      |                    ^~~~~~~~~~~~~~~~~~~~
In file included from /var/lib/dkms/amdgpu/5.6.5.24-1109583/build/amd/backport/backport.h:56,
                 from <command-line>:
/var/lib/dkms/amdgpu/5.6.5.24-1109583/build/include/kcl/kcl_list.h:33:19: error: redefinition of ‘list_is_first’
   33 | static inline int list_is_first(const struct list_head *list,
      |                   ^~~~~~~~~~~~~
In file included from ./include/linux/preempt.h:11,
                 from ./include/linux/rcupdate.h:27,
                 from /var/lib/dkms/amdgpu/5.6.5.24-1109583/build/include/kcl/kcl_rcupdate.h:5,
                 from /var/lib/dkms/amdgpu/5.6.5.24-1109583/build/include/kcl/kcl_fence.h:6,
                 from /var/lib/dkms/amdgpu/5.6.5.24-1109583/build/include/kcl/backport/kcl_fence_backport.h:4,
                 from /var/lib/dkms/amdgpu/5.6.5.24-1109583/build/amd/backport/backport.h:11,
                 from <command-line>:
./include/linux/list.h:259:19: note: previous definition of ‘list_is_first’ was here
  259 | static inline int list_is_first(const struct list_head *list,
      |                   ^~~~~~~~~~~~~
In file included from /var/lib/dkms/amdgpu/5.6.5.24-1109583/build/include/kcl/backport/kcl_drm_atomic_helper_backport.h:5,
                 from /var/lib/dkms/amdgpu/5.6.5.24-1109583/build/amd/backport/backport.h:58,
                 from <command-line>:
/var/lib/dkms/amdgpu/5.6.5.24-1109583/build/include/kcl/kcl_drm_atomic_helper.h:31:1: error: static declaration of ‘__drm_atomic_helper_connector_reset’ follows non-static declaration
   31 | __drm_atomic_helper_connector_reset(struct drm_connector *connector,
      | ^~~~~~~~~~~~~~~~~~~~~~~~~~~~~~~~~~~
In file included from ./include/drm/drm_atomic_helper.h:34,
                 from /var/lib/dkms/amdgpu/5.6.5.24-1109583/build/include/kcl/kcl_drm_atomic_helper.h:5,
                 from /var/lib/dkms/amdgpu/5.6.5.24-1109583/build/include/kcl/backport/kcl_drm_atomic_helper_backport.h:5,
                 from /var/lib/dkms/amdgpu/5.6.5.24-1109583/build/amd/backport/backport.h:58,
                 from <command-line>:
./include/drm/drm_atomic_state_helper.h:70:6: note: previous declaration of ‘__drm_atomic_helper_connector_reset’ was here
   70 | void __drm_atomic_helper_connector_reset(struct drm_connector *connector,
      |      ^~~~~~~~~~~~~~~~~~~~~~~~~~~~~~~~~~~
In file included from /var/lib/dkms/amdgpu/5.6.5.24-1109583/build/include/kcl/backport/kcl_drm_atomic_helper_backport.h:5,
                 from /var/lib/dkms/amdgpu/5.6.5.24-1109583/build/amd/backport/backport.h:58,
                 from <command-line>:
/var/lib/dkms/amdgpu/5.6.5.24-1109583/build/include/kcl/kcl_drm_atomic_helper.h:43:1: error: static declaration of ‘drm_atomic_helper_update_legacy_modeset_state’ follows non-static declaration
   43 | drm_atomic_helper_update_legacy_modeset_state(struct drm_device *dev,
      | ^~~~~~~~~~~~~~~~~~~~~~~~~~~~~~~~~~~~~~~~~~~~~
In file included from /var/lib/dkms/amdgpu/5.6.5.24-1109583/build/include/kcl/kcl_drm_atomic_helper.h:5,
                 from /var/lib/dkms/amdgpu/5.6.5.24-1109583/build/include/kcl/backport/kcl_drm_atomic_helper_backport.h:5,
                 from /var/lib/dkms/amdgpu/5.6.5.24-1109583/build/amd/backport/backport.h:58,
                 from <command-line>:
./include/drm/drm_atomic_helper.h:74:1: note: previous declaration of ‘drm_atomic_helper_update_legacy_modeset_state’ was here
   74 | drm_atomic_helper_update_legacy_modeset_state(struct drm_device *dev,
      | ^~~~~~~~~~~~~~~~~~~~~~~~~~~~~~~~~~~~~~~~~~~~~
In file included from /var/lib/dkms/amdgpu/5.6.5.24-1109583/build/include/kcl/backport/kcl_drm_atomic_helper_backport.h:5,
                 from /var/lib/dkms/amdgpu/5.6.5.24-1109583/build/amd/backport/backport.h:58,
                 from <command-line>:
/var/lib/dkms/amdgpu/5.6.5.24-1109583/build/include/kcl/kcl_drm_atomic_helper.h: In function ‘kcl_drm_atomic_get_old_crtc_state_before_commit’:
/var/lib/dkms/amdgpu/5.6.5.24-1109583/build/include/kcl/kcl_drm_atomic_helper.h:59:43: error: invalid type argument of ‘->’ (have ‘struct __drm_crtcs_state’)
   59 |  return state->crtcs[drm_crtc_index(crtc)]->state;
      |                                           ^~
/var/lib/dkms/amdgpu/5.6.5.24-1109583/build/include/kcl/kcl_drm_atomic_helper.h: In function ‘kcl_drm_atomic_get_new_crtc_state_after_commit’:
/var/lib/dkms/amdgpu/5.6.5.24-1109583/build/include/kcl/kcl_drm_atomic_helper.h:94:43: error: invalid type argument of ‘->’ (have ‘struct __drm_crtcs_state’)
   94 |  return state->crtcs[drm_crtc_index(crtc)]->state;
      |                                           ^~
In file included from /var/lib/dkms/amdgpu/5.6.5.24-1109583/build/amd/backport/backport.h:59,
                 from <command-line>:
/var/lib/dkms/amdgpu/5.6.5.24-1109583/build/include/kcl/kcl_drm_atomic.h: At top level:
/var/lib/dkms/amdgpu/5.6.5.24-1109583/build/include/kcl/kcl_drm_atomic.h:7:20: error: redefinition of ‘drm_atomic_state_put’
    7 | static inline void drm_atomic_state_put(struct drm_atomic_state *state)
      |                    ^~~~~~~~~~~~~~~~~~~~
In file included from /var/lib/dkms/amdgpu/5.6.5.24-1109583/build/include/kcl/kcl_drm.h:11,
                 from /var/lib/dkms/amdgpu/5.6.5.24-1109583/build/include/kcl/backport/kcl_drm_backport.h:16,
                 from /var/lib/dkms/amdgpu/5.6.5.24-1109583/build/amd/backport/backport.h:12,
                 from <command-line>:
./include/drm/drm_atomic.h:445:20: note: previous definition of ‘drm_atomic_state_put’ was here
  445 | static inline void drm_atomic_state_put(struct drm_atomic_state *state)
      |                    ^~~~~~~~~~~~~~~~~~~~
In file included from /var/lib/dkms/amdgpu/5.6.5.24-1109583/build/amd/backport/backport.h:26,
                 from <command-line>:
/var/lib/dkms/amdgpu/5.6.5.24-1109583/build/amd/amdgpu/amdgpu_connectors.c: In function ‘amdgpu_connector_ddc_get_modes’:
/var/lib/dkms/amdgpu/5.6.5.24-1109583/build/include/kcl/kcl_drm_connector.h:11:44: error: implicit declaration of function ‘drm_mode_connector_update_edid_property’; did you mean ‘drm_connector_update_edid_property’? [-Werror=implicit-function-declaration]
   11 | #define drm_connector_update_edid_property drm_mode_connector_update_edid_property
      |                                            ^~~~~~~~~~~~~~~~~~~~~~~~~~~~~~~~~~~~~~~
/var/lib/dkms/amdgpu/5.6.5.24-1109583/build/include/kcl/kcl_drm_connector.h:11:44: note: in definition of macro ‘drm_connector_update_edid_property’
   11 | #define drm_connector_update_edid_property drm_mode_connector_update_edid_property
      |                                            ^~~~~~~~~~~~~~~~~~~~~~~~~~~~~~~~~~~~~~~
/var/lib/dkms/amdgpu/5.6.5.24-1109583/build/amd/amdgpu/amdgpu_connectors.c: In function ‘amdgpu_connector_best_single_encoder’:
/var/lib/dkms/amdgpu/5.6.5.24-1109583/build/amd/amdgpu/amdgpu_connectors.c:379:63: error: macro "drm_connector_for_each_possible_encoder" passed 3 arguments, but takes just 2
  379 |  drm_connector_for_each_possible_encoder(connector, encoder, i)
      |                                                               ^
In file included from ./include/drm/drm_modes.h:33,
                 from ./include/drm/drm_crtc.h:40,
                 from /var/lib/dkms/amdgpu/5.6.5.24-1109583/build/include/kcl/backport/kcl_drm_backport.h:5,
                 from /var/lib/dkms/amdgpu/5.6.5.24-1109583/build/amd/backport/backport.h:12,
                 from <command-line>:
./include/drm/drm_connector.h:1718: note: macro "drm_connector_for_each_possible_encoder" defined here
 1718 | #define drm_connector_for_each_possible_encoder(connector, encoder) \
      | 
In file included from /var/lib/dkms/amdgpu/5.6.5.24-1109583/build/amd/backport/backport.h:59,
                 from <command-line>:
/var/lib/dkms/amdgpu/5.6.5.24-1109583/build/include/kcl/kcl_drm_atomic.h: In function ‘drm_atomic_state_put’:
/var/lib/dkms/amdgpu/5.6.5.24-1109583/build/include/kcl/kcl_drm_atomic.h:9:9: error: implicit declaration of function ‘drm_atomic_state_free’; did you mean ‘drm_atomic_state_get’? [-Werror=implicit-function-declaration]
    9 |  return drm_atomic_state_free(state);
      |         ^~~~~~~~~~~~~~~~~~~~~
      |         drm_atomic_state_get
/var/lib/dkms/amdgpu/5.6.5.24-1109583/build/include/kcl/kcl_drm_atomic.h:9:9: error: ‘return’ with a value, in function returning void [-Werror=return-type]
    9 |  return drm_atomic_state_free(state);
      |         ^~~~~~~~~~~~~~~~~~~~~~~~~~~~
/var/lib/dkms/amdgpu/5.6.5.24-1109583/build/include/kcl/kcl_drm_atomic.h:7:20: note: declared here
    7 | static inline void drm_atomic_state_put(struct drm_atomic_state *state)
      |                    ^~~~~~~~~~~~~~~~~~~~
/var/lib/dkms/amdgpu/5.6.5.24-1109583/build/amd/amdgpu/amdgpu_connectors.c:379:2: error: ‘drm_connector_for_each_possible_encoder’ undeclared (first use in this function); did you mean ‘drm_connector_has_possible_encoder’?
  379 |  drm_connector_for_each_possible_encoder(connector, encoder, i)
      |  ^~~~~~~~~~~~~~~~~~~~~~~~~~~~~~~~~~~~~~~
      |  drm_connector_has_possible_encoder
/var/lib/dkms/amdgpu/5.6.5.24-1109583/build/amd/amdgpu/amdgpu_connectors.c:379:41: error: expected ‘;’ before ‘return’
  379 |  drm_connector_for_each_possible_encoder(connector, encoder, i)
      |                                         ^
      |                                         ;
  380 | #endif
  381 |   return encoder;
      |   ~~~~~~                                 
/var/lib/dkms/amdgpu/5.6.5.24-1109583/build/amd/amdgpu/amdgpu_connectors.c:373:6: warning: unused variable ‘i’ [-Wunused-variable]
  373 |  int i;
      |      ^
/var/lib/dkms/amdgpu/5.6.5.24-1109583/build/amd/amdgpu/amdgpu_connectors.c:372:22: warning: unused variable ‘encoder’ [-Wunused-variable]
  372 |  struct drm_encoder *encoder;
      |                      ^~~~~~~
/var/lib/dkms/amdgpu/5.6.5.24-1109583/build/amd/amdgpu/amdgpu_connectors.c: In function ‘amdgpu_connector_dvi_detect’:
/var/lib/dkms/amdgpu/5.6.5.24-1109583/build/amd/amdgpu/amdgpu_connectors.c:1120:64: error: macro "drm_connector_for_each_possible_encoder" passed 3 arguments, but takes just 2
 1120 |   drm_connector_for_each_possible_encoder(connector, encoder, i) {
      |                                                                ^
In file included from ./include/drm/drm_modes.h:33,
                 from ./include/drm/drm_crtc.h:40,
                 from /var/lib/dkms/amdgpu/5.6.5.24-1109583/build/include/kcl/backport/kcl_drm_backport.h:5,
                 from /var/lib/dkms/amdgpu/5.6.5.24-1109583/build/amd/backport/backport.h:12,
                 from <command-line>:
./include/drm/drm_connector.h:1718: note: macro "drm_connector_for_each_possible_encoder" defined here
 1718 | #define drm_connector_for_each_possible_encoder(connector, encoder) \
      | 
cc1: some warnings being treated as errors
make[2]: *** [scripts/Makefile.build:287: /var/lib/dkms/amdgpu/5.6.5.24-1109583/build/amd/amdgpu/atom.o] Error 1
/var/lib/dkms/amdgpu/5.6.5.24-1109583/build/amd/amdgpu/amdgpu_connectors.c:1120:3: error: ‘drm_connector_for_each_possible_encoder’ undeclared (first use in this function); did you mean ‘drm_connector_has_possible_encoder’?
 1120 |   drm_connector_for_each_possible_encoder(connector, encoder, i) {
      |   ^~~~~~~~~~~~~~~~~~~~~~~~~~~~~~~~~~~~~~~
      |   drm_connector_has_possible_encoder
/var/lib/dkms/amdgpu/5.6.5.24-1109583/build/amd/amdgpu/amdgpu_connectors.c:1120:42: error: expected ‘;’ before ‘{’ token
 1120 |   drm_connector_for_each_possible_encoder(connector, encoder, i) {
      |                                          ^                       ~
      |                                          ;
/var/lib/dkms/amdgpu/5.6.5.24-1109583/build/amd/amdgpu/amdgpu_connectors.c:1115:7: warning: unused variable ‘i’ [-Wunused-variable]
 1115 |   int i;
      |       ^
/var/lib/dkms/amdgpu/5.6.5.24-1109583/build/amd/amdgpu/amdgpu_connectors.c:1114:23: warning: unused variable ‘encoder’ [-Wunused-variable]
 1114 |   struct drm_encoder *encoder;
      |                       ^~~~~~~
/var/lib/dkms/amdgpu/5.6.5.24-1109583/build/amd/amdgpu/amdgpu_connectors.c:1009:41: warning: unused variable ‘encoder_funcs’ [-Wunused-variable]
 1009 |  const struct drm_encoder_helper_funcs *encoder_funcs;
      |                                         ^~~~~~~~~~~~~
/var/lib/dkms/amdgpu/5.6.5.24-1109583/build/amd/amdgpu/amdgpu_connectors.c: In function ‘amdgpu_connector_dvi_encoder’:
/var/lib/dkms/amdgpu/5.6.5.24-1109583/build/amd/amdgpu/amdgpu_connectors.c:1176:63: error: macro "drm_connector_for_each_possible_encoder" passed 3 arguments, but takes just 2
 1176 |  drm_connector_for_each_possible_encoder(connector, encoder, i) {
      |                                                               ^
In file included from ./include/drm/drm_modes.h:33,
                 from ./include/drm/drm_crtc.h:40,
                 from /var/lib/dkms/amdgpu/5.6.5.24-1109583/build/include/kcl/backport/kcl_drm_backport.h:5,
                 from /var/lib/dkms/amdgpu/5.6.5.24-1109583/build/amd/backport/backport.h:12,
                 from <command-line>:
./include/drm/drm_connector.h:1718: note: macro "drm_connector_for_each_possible_encoder" defined here
 1718 | #define drm_connector_for_each_possible_encoder(connector, encoder) \
      | 
/var/lib/dkms/amdgpu/5.6.5.24-1109583/build/amd/amdgpu/amdgpu_connectors.c:1176:2: error: ‘drm_connector_for_each_possible_encoder’ undeclared (first use in this function); did you mean ‘drm_connector_has_possible_encoder’?
 1176 |  drm_connector_for_each_possible_encoder(connector, encoder, i) {
      |  ^~~~~~~~~~~~~~~~~~~~~~~~~~~~~~~~~~~~~~~
      |  drm_connector_has_possible_encoder
/var/lib/dkms/amdgpu/5.6.5.24-1109583/build/amd/amdgpu/amdgpu_connectors.c:1176:41: error: expected ‘;’ before ‘{’ token
 1176 |  drm_connector_for_each_possible_encoder(connector, encoder, i) {
      |                                         ^                       ~
      |                                         ;
/var/lib/dkms/amdgpu/5.6.5.24-1109583/build/amd/amdgpu/amdgpu_connectors.c:1195:63: error: macro "drm_connector_for_each_possible_encoder" passed 3 arguments, but takes just 2
 1195 |  drm_connector_for_each_possible_encoder(connector, encoder, i)
      |                                                               ^
In file included from ./include/drm/drm_modes.h:33,
                 from ./include/drm/drm_crtc.h:40,
                 from /var/lib/dkms/amdgpu/5.6.5.24-1109583/build/include/kcl/backport/kcl_drm_backport.h:5,
                 from /var/lib/dkms/amdgpu/5.6.5.24-1109583/build/amd/backport/backport.h:12,
                 from <command-line>:
./include/drm/drm_connector.h:1718: note: macro "drm_connector_for_each_possible_encoder" defined here
 1718 | #define drm_connector_for_each_possible_encoder(connector, encoder) \
      | 
/var/lib/dkms/amdgpu/5.6.5.24-1109583/build/amd/amdgpu/amdgpu_connectors.c:1171:6: warning: unused variable ‘i’ [-Wunused-variable]
 1171 |  int i;
      |      ^
/var/lib/dkms/amdgpu/5.6.5.24-1109583/build/amd/amdgpu/amdgpu_connectors.c:1170:22: warning: unused variable ‘encoder’ [-Wunused-variable]
 1170 |  struct drm_encoder *encoder;
      |                      ^~~~~~~
/var/lib/dkms/amdgpu/5.6.5.24-1109583/build/amd/amdgpu/amdgpu_connectors.c:1169:27: warning: unused variable ‘amdgpu_connector’ [-Wunused-variable]
 1169 |  struct amdgpu_connector *amdgpu_connector = to_amdgpu_connector(connector);
      |                           ^~~~~~~~~~~~~~~~
/var/lib/dkms/amdgpu/5.6.5.24-1109583/build/amd/amdgpu/amdgpu_connectors.c: In function ‘amdgpu_connector_encoder_get_dp_bridge_encoder_id’:
/var/lib/dkms/amdgpu/5.6.5.24-1109583/build/amd/amdgpu/amdgpu_connectors.c:1340:63: error: macro "drm_connector_for_each_possible_encoder" passed 3 arguments, but takes just 2
 1340 |  drm_connector_for_each_possible_encoder(connector, encoder, i) {
      |                                                               ^
In file included from ./include/drm/drm_modes.h:33,
                 from ./include/drm/drm_crtc.h:40,
                 from /var/lib/dkms/amdgpu/5.6.5.24-1109583/build/include/kcl/backport/kcl_drm_backport.h:5,
                 from /var/lib/dkms/amdgpu/5.6.5.24-1109583/build/amd/backport/backport.h:12,
                 from <command-line>:
./include/drm/drm_connector.h:1718: note: macro "drm_connector_for_each_possible_encoder" defined here
 1718 | #define drm_connector_for_each_possible_encoder(connector, encoder) \
      | 
/var/lib/dkms/amdgpu/5.6.5.24-1109583/build/amd/amdgpu/amdgpu_connectors.c:1340:2: error: ‘drm_connector_for_each_possible_encoder’ undeclared (first use in this function); did you mean ‘drm_connector_has_possible_encoder’?
 1340 |  drm_connector_for_each_possible_encoder(connector, encoder, i) {
      |  ^~~~~~~~~~~~~~~~~~~~~~~~~~~~~~~~~~~~~~~
      |  drm_connector_has_possible_encoder
/var/lib/dkms/amdgpu/5.6.5.24-1109583/build/amd/amdgpu/amdgpu_connectors.c:1340:41: error: expected ‘;’ before ‘{’ token
 1340 |  drm_connector_for_each_possible_encoder(connector, encoder, i) {
      |                                         ^                       ~
      |                                         ;
/var/lib/dkms/amdgpu/5.6.5.24-1109583/build/amd/amdgpu/amdgpu_connectors.c:1335:6: warning: unused variable ‘i’ [-Wunused-variable]
 1335 |  int i;
      |      ^
/var/lib/dkms/amdgpu/5.6.5.24-1109583/build/amd/amdgpu/amdgpu_connectors.c:1334:25: warning: unused variable ‘amdgpu_encoder’ [-Wunused-variable]
 1334 |  struct amdgpu_encoder *amdgpu_encoder;
      |                         ^~~~~~~~~~~~~~
/var/lib/dkms/amdgpu/5.6.5.24-1109583/build/amd/amdgpu/amdgpu_connectors.c:1333:22: warning: unused variable ‘encoder’ [-Wunused-variable]
 1333 |  struct drm_encoder *encoder;
      |                      ^~~~~~~
/var/lib/dkms/amdgpu/5.6.5.24-1109583/build/amd/amdgpu/amdgpu_connectors.c: In function ‘amdgpu_connector_encoder_is_hbr2’:
/var/lib/dkms/amdgpu/5.6.5.24-1109583/build/amd/amdgpu/amdgpu_connectors.c:1366:63: error: macro "drm_connector_for_each_possible_encoder" passed 3 arguments, but takes just 2
 1366 |  drm_connector_for_each_possible_encoder(connector, encoder, i) {
      |                                                               ^
In file included from ./include/drm/drm_modes.h:33,
                 from ./include/drm/drm_crtc.h:40,
                 from /var/lib/dkms/amdgpu/5.6.5.24-1109583/build/include/kcl/backport/kcl_drm_backport.h:5,
                 from /var/lib/dkms/amdgpu/5.6.5.24-1109583/build/amd/backport/backport.h:12,
                 from <command-line>:
./include/drm/drm_connector.h:1718: note: macro "drm_connector_for_each_possible_encoder" defined here
 1718 | #define drm_connector_for_each_possible_encoder(connector, encoder) \
      | 
/var/lib/dkms/amdgpu/5.6.5.24-1109583/build/amd/amdgpu/amdgpu_connectors.c:1366:2: error: ‘drm_connector_for_each_possible_encoder’ undeclared (first use in this function); did you mean ‘drm_connector_has_possible_encoder’?
 1366 |  drm_connector_for_each_possible_encoder(connector, encoder, i) {
      |  ^~~~~~~~~~~~~~~~~~~~~~~~~~~~~~~~~~~~~~~
      |  drm_connector_has_possible_encoder
/var/lib/dkms/amdgpu/5.6.5.24-1109583/build/amd/amdgpu/amdgpu_connectors.c:1366:41: error: expected ‘;’ before ‘{’ token
 1366 |  drm_connector_for_each_possible_encoder(connector, encoder, i) {
      |                                         ^                       ~
      |                                         ;
/var/lib/dkms/amdgpu/5.6.5.24-1109583/build/amd/amdgpu/amdgpu_connectors.c:1361:7: warning: unused variable ‘found’ [-Wunused-variable]
 1361 |  bool found = false;
      |       ^~~~~
/var/lib/dkms/amdgpu/5.6.5.24-1109583/build/amd/amdgpu/amdgpu_connectors.c:1360:6: warning: unused variable ‘i’ [-Wunused-variable]
 1360 |  int i;
      |      ^
/var/lib/dkms/amdgpu/5.6.5.24-1109583/build/amd/amdgpu/amdgpu_connectors.c:1359:25: warning: unused variable ‘amdgpu_encoder’ [-Wunused-variable]
 1359 |  struct amdgpu_encoder *amdgpu_encoder;
      |                         ^~~~~~~~~~~~~~
/var/lib/dkms/amdgpu/5.6.5.24-1109583/build/amd/amdgpu/amdgpu_connectors.c:1358:22: warning: unused variable ‘encoder’ [-Wunused-variable]
 1358 |  struct drm_encoder *encoder;
      |                      ^~~~~~~
/var/lib/dkms/amdgpu/5.6.5.24-1109583/build/amd/amdgpu/amdgpu_connectors.c:1374:1: error: no return statement in function returning non-void [-Werror=return-type]
 1374 | }
      | ^
/var/lib/dkms/amdgpu/5.6.5.24-1109583/build/amd/amdgpu/amdgpu_connectors.c: In function ‘amdgpu_connector_encoder_get_dp_bridge_encoder_id’:
/var/lib/dkms/amdgpu/5.6.5.24-1109583/build/amd/amdgpu/amdgpu_connectors.c:1354:1: error: control reaches end of non-void function [-Werror=return-type]
 1354 | }
      | ^
cc1: some warnings being treated as errors
make[2]: *** [scripts/Makefile.build:287: /var/lib/dkms/amdgpu/5.6.5.24-1109583/build/amd/amdgpu/amdgpu_connectors.o] Error 1
make[1]: *** [scripts/Makefile.build:518: /var/lib/dkms/amdgpu/5.6.5.24-1109583/build/amd/amdgpu] Error 2
make: *** [Makefile:1848: /var/lib/dkms/amdgpu/5.6.5.24-1109583/build] Error 2
make: Leaving directory '/usr/src/linux-headers-5.11.0-27-generic'
